Archive member included because of file (symbol)

f:/quatus/nios2eds/bin/gnu/h-i686-mingw32/bin/../lib/gcc/nios2-elf/4.1.2\libgcc.a(_mul_sf.o)
                              obj/default/timebt.o (__mulsf3)
f:/quatus/nios2eds/bin/gnu/h-i686-mingw32/bin/../lib/gcc/nios2-elf/4.1.2\libgcc.a(_sf_to_si.o)
                              obj/default/timebt.o (__fixsfsi)
f:/quatus/nios2eds/bin/gnu/h-i686-mingw32/bin/../lib/gcc/nios2-elf/4.1.2\libgcc.a(_thenan_sf.o)
                              f:/quatus/nios2eds/bin/gnu/h-i686-mingw32/bin/../lib/gcc/nios2-elf/4.1.2\libgcc.a(_mul_sf.o) (__thenan_sf)
f:/quatus/nios2eds/bin/gnu/h-i686-mingw32/bin/../lib/gcc/nios2-elf/4.1.2\libgcc.a(lib2-divmod.o)
                              obj/default/timebt.o (__divsi3)
f:/quatus/nios2eds/bin/gnu/h-i686-mingw32/bin/../lib/gcc/nios2-elf/4.1.2\libgcc.a(_muldi3.o)
                              f:/quatus/nios2eds/bin/gnu/h-i686-mingw32/bin/../lib/gcc/nios2-elf/4.1.2\libgcc.a(_mul_sf.o) (__muldi3)
f:/quatus/nios2eds/bin/gnu/h-i686-mingw32/bin/../lib/gcc/nios2-elf/4.1.2\libgcc.a(_pack_sf.o)
                              f:/quatus/nios2eds/bin/gnu/h-i686-mingw32/bin/../lib/gcc/nios2-elf/4.1.2\libgcc.a(_mul_sf.o) (__pack_f)
f:/quatus/nios2eds/bin/gnu/h-i686-mingw32/bin/../lib/gcc/nios2-elf/4.1.2\libgcc.a(_unpack_sf.o)
                              f:/quatus/nios2eds/bin/gnu/h-i686-mingw32/bin/../lib/gcc/nios2-elf/4.1.2\libgcc.a(_mul_sf.o) (__unpack_f)
f:/quatus/nios2eds/bin/gnu/h-i686-mingw32/bin/../lib/gcc/nios2-elf/4.1.2/../../../../nios2-elf/lib\libc.a(lib_a-printf.o)
                              obj/default/hello_world.o (printf)
f:/quatus/nios2eds/bin/gnu/h-i686-mingw32/bin/../lib/gcc/nios2-elf/4.1.2/../../../../nios2-elf/lib\libc.a(lib_a-puts.o)
                              obj/default/hello_world.o (puts)
f:/quatus/nios2eds/bin/gnu/h-i686-mingw32/bin/../lib/gcc/nios2-elf/4.1.2/../../../../nios2-elf/lib\libc.a(lib_a-strlen.o)
                              f:/quatus/nios2eds/bin/gnu/h-i686-mingw32/bin/../lib/gcc/nios2-elf/4.1.2/../../../../nios2-elf/lib\libc.a(lib_a-puts.o) (strlen)
f:/quatus/nios2eds/bin/gnu/h-i686-mingw32/bin/../lib/gcc/nios2-elf/4.1.2/../../../../nios2-elf/lib\libc.a(lib_a-vfprintf.o)
                              f:/quatus/nios2eds/bin/gnu/h-i686-mingw32/bin/../lib/gcc/nios2-elf/4.1.2/../../../../nios2-elf/lib\libc.a(lib_a-printf.o) (___vfprintf_internal_r)
f:/quatus/nios2eds/bin/gnu/h-i686-mingw32/bin/../lib/gcc/nios2-elf/4.1.2/../../../../nios2-elf/lib\libc.a(lib_a-wsetup.o)
                              f:/quatus/nios2eds/bin/gnu/h-i686-mingw32/bin/../lib/gcc/nios2-elf/4.1.2/../../../../nios2-elf/lib\libc.a(lib_a-vfprintf.o) (__swsetup_r)
f:/quatus/nios2eds/bin/gnu/h-i686-mingw32/bin/../lib/gcc/nios2-elf/4.1.2/../../../../nios2-elf/lib\libc.a(lib_a-dtoa.o)
                              f:/quatus/nios2eds/bin/gnu/h-i686-mingw32/bin/../lib/gcc/nios2-elf/4.1.2/../../../../nios2-elf/lib\libc.a(lib_a-vfprintf.o) (_dtoa_r)
f:/quatus/nios2eds/bin/gnu/h-i686-mingw32/bin/../lib/gcc/nios2-elf/4.1.2/../../../../nios2-elf/lib\libc.a(lib_a-fflush.o)
                              f:/quatus/nios2eds/bin/gnu/h-i686-mingw32/bin/../lib/gcc/nios2-elf/4.1.2/../../../../nios2-elf/lib\libc.a(lib_a-vfprintf.o) (_fflush_r)
f:/quatus/nios2eds/bin/gnu/h-i686-mingw32/bin/../lib/gcc/nios2-elf/4.1.2/../../../../nios2-elf/lib\libc.a(lib_a-findfp.o)
                              f:/quatus/nios2eds/bin/gnu/h-i686-mingw32/bin/../lib/gcc/nios2-elf/4.1.2/../../../../nios2-elf/lib\libc.a(lib_a-vfprintf.o) (__sinit)
f:/quatus/nios2eds/bin/gnu/h-i686-mingw32/bin/../lib/gcc/nios2-elf/4.1.2/../../../../nios2-elf/lib\libc.a(lib_a-freer.o)
                              f:/quatus/nios2eds/bin/gnu/h-i686-mingw32/bin/../lib/gcc/nios2-elf/4.1.2/../../../../nios2-elf/lib\libc.a(lib_a-wsetup.o) (_free_r)
f:/quatus/nios2eds/bin/gnu/h-i686-mingw32/bin/../lib/gcc/nios2-elf/4.1.2/../../../../nios2-elf/lib\libc.a(lib_a-fvwrite.o)
                              f:/quatus/nios2eds/bin/gnu/h-i686-mingw32/bin/../lib/gcc/nios2-elf/4.1.2/../../../../nios2-elf/lib\libc.a(lib_a-puts.o) (__sfvwrite_r)
f:/quatus/nios2eds/bin/gnu/h-i686-mingw32/bin/../lib/gcc/nios2-elf/4.1.2/../../../../nios2-elf/lib\libc.a(lib_a-fwalk.o)
                              f:/quatus/nios2eds/bin/gnu/h-i686-mingw32/bin/../lib/gcc/nios2-elf/4.1.2/../../../../nios2-elf/lib\libc.a(lib_a-fflush.o) (_fwalk_reent)
f:/quatus/nios2eds/bin/gnu/h-i686-mingw32/bin/../lib/gcc/nios2-elf/4.1.2/../../../../nios2-elf/lib\libc.a(lib_a-impure.o)
                              f:/quatus/nios2eds/bin/gnu/h-i686-mingw32/bin/../lib/gcc/nios2-elf/4.1.2/../../../../nios2-elf/lib\libc.a(lib_a-printf.o) (_impure_ptr)
f:/quatus/nios2eds/bin/gnu/h-i686-mingw32/bin/../lib/gcc/nios2-elf/4.1.2/../../../../nios2-elf/lib\libc.a(lib_a-locale.o)
                              f:/quatus/nios2eds/bin/gnu/h-i686-mingw32/bin/../lib/gcc/nios2-elf/4.1.2/../../../../nios2-elf/lib\libc.a(lib_a-vfprintf.o) (_localeconv_r)
[...]
Memory Configuration

Name             Origin             Length             Attributes
reset            0x02000000         0x00000020
sdram_ctrl       0x02000020         0x01ffffe0
*default*        0x00000000         0xffffffff

Linker script and memory map

LOAD ../homework_bsp//obj/HAL/src/crt0.o
LOAD obj/default/hello_world.o
LOAD obj/default/pio.o
LOAD obj/default/timebt.o
LOAD f:/quatus/nios2eds/bin/gnu/h-i686-mingw32/bin/../lib/gcc/nios2-elf/4.1.2/../../../../nios2-elf/lib\libstdc++.a
LOAD f:/quatus/nios2eds/bin/gnu/h-i686-mingw32/bin/../lib/gcc/nios2-elf/4.1.2/../../../../nios2-elf/lib\libm.a
LOAD f:/quatus/nios2eds/bin/gnu/h-i686-mingw32/bin/../lib/gcc/nios2-elf/4.1.2\libgcc.a
START GROUP
LOAD f:/quatus/nios2eds/bin/gnu/h-i686-mingw32/bin/../lib/gcc/nios2-elf/4.1.2/../../../../nios2-elf/lib\libc.a
LOAD f:/quatus/nios2eds/bin/gnu/h-i686-mingw32/bin/../lib/gcc/nios2-elf/4.1.2\libgcc.a
LOAD ../homework_bsp/\libhal_bsp.a
END GROUP
LOAD f:/quatus/nios2eds/bin/gnu/h-i686-mingw32/bin/../lib/gcc/nios2-elf/4.1.2\libgcc.a
                0x02000000                __alt_mem_sdram_ctrl = 0x2000000

.entry          0x02000000       0x20
 *(.entry)
 .entry         0x02000000       0x20 ../homework_bsp//obj/HAL/src/crt0.o
                0x02000000                __reset

.exceptions     0x02000020      0x194
                0x02000020                PROVIDE (__ram_exceptions_start, ABSOLUTE (.))
                0x02000020                . = ALIGN (0x20)
 *(.irq)
 *(.exceptions.entry.label)
 .exceptions.entry.label
                0x02000020        0x0 ../homework_bsp/\libhal_bsp.a(alt_irq_entry.o)
                0x02000020                alt_irq_entry
 .exceptions.entry.label
                0x02000020        0x0 ../homework_bsp/\libhal_bsp.a(alt_exception_entry.o)
                0x02000020                alt_exception
 *(.exceptions.entry.user)
 *(.exceptions.entry)
 .exceptions.entry
                0x02000020       0x54 ../homework_bsp/\libhal_bsp.a(alt_exception_entry.o)
 *(.exceptions.irqtest.user)
 *(.exceptions.irqtest)
 .exceptions.irqtest
                0x02000074       0x10 ../homework_bsp/\libhal_bsp.a(alt_irq_entry.o)
 *(.exceptions.irqhandler.user)
 *(.exceptions.irqhandler)
 .exceptions.irqhandler
                0x02000084        0x4 ../homework_bsp/\libhal_bsp.a(alt_irq_entry.o)
 *(.exceptions.irqreturn.user)
 *(.exceptions.irqreturn)
 .exceptions.irqreturn
                0x02000088        0x4 ../homework_bsp/\libhal_bsp.a(alt_irq_entry.o)
 *(.exceptions.notirq.label)
 .exceptions.notirq.label
                0x0200008c        0x0 ../homework_bsp/\libhal_bsp.a(alt_irq_entry.o)
 *(.exceptions.notirq.user)
 *(.exceptions.notirq)
 .exceptions.notirq
                0x0200008c        0x8 ../homework_bsp/\libhal_bsp.a(alt_exception_entry.o)
 *(.exceptions.soft.user)
 *(.exceptions.soft)
 *(.exceptions.unknown.user)
 *(.exceptions.unknown)
 .exceptions.unknown
                0x02000094        0x4 ../homework_bsp/\libhal_bsp.a(alt_exception_entry.o)
 *(.exceptions.exit.label)
 .exceptions.exit.label
                0x02000098        0x0 ../homework_bsp/\libhal_bsp.a(alt_irq_entry.o)
 .exceptions.exit.label
                0x02000098        0x0 ../homework_bsp/\libhal_bsp.a(alt_exception_entry.o)
 *(.exceptions.exit.user)
 *(.exceptions.exit)
 .exceptions.exit
                0x02000098       0x54 ../homework_bsp/\libhal_bsp.a(alt_exception_entry.o)
 *(.exceptions)
 .exceptions    0x020000ec       0xc8 ../homework_bsp/\libhal_bsp.a(alt_irq_handler.o)
                0x020000ec                alt_irq_handler
                0x020001b4                PROVIDE (__ram_exceptions_end, ABSOLUTE (.))
                0x02000020                PROVIDE (__flash_exceptions_start, LOADADDR (.exceptions))

.text           0x020001b4     0xe9c8
                0x020001b4                PROVIDE (stext, ABSOLUTE (.))
 *(.interp)
 *(.hash)
 *(.dynsym)
 *(.dynstr)
 *(.gnu.version)
 *(.gnu.version_d)
 *(.gnu.version_r)
 *(.rel.init)
 *(.rela.init)
 *(.rel.text .rel.text.* .rel.gnu.linkonce.t.*)
 *(.rela.text .rela.text.* .rela.gnu.linkonce.t.*)
 *(.rel.fini)
 *(.rela.fini)
 *(.rel.rodata .rel.rodata.* .rel.gnu.linkonce.r.*)
 *(.rela.rodata .rela.rodata.* .rela.gnu.linkonce.r.*)
 *(.rel.data .rel.data.* .rel.gnu.linkonce.d.*)
 *(.rela.data .rela.data.* .rela.gnu.linkonce.d.*)
 *(.rel.tdata .rel.tdata.* .rel.gnu.linkonce.td.*)
 *(.rela.tdata .rela.tdata.* .rela.gnu.linkonce.td.*)
 *(.rel.tbss .rel.tbss.* .rel.gnu.linkonce.tb.*)
 *(.rela.tbss .rela.tbss.* .rela.gnu.linkonce.tb.*)
 *(.rel.ctors)
 *(.rela.ctors)
 *(.rel.dtors)
 *(.rela.dtors)
 *(.rel.got)
 *(.rela.got)
 *(.rel.sdata .rel.sdata.* .rel.gnu.linkonce.s.*)
 *(.rela.sdata .rela.sdata.* .rela.gnu.linkonce.s.*)
 *(.rel.sbss .rel.sbss.* .rel.gnu.linkonce.sb.*)
 *(.rela.sbss .rela.sbss.* .rela.gnu.linkonce.sb.*)
 *(.rel.sdata2 .rel.sdata2.* .rel.gnu.linkonce.s2.*)
 *(.rela.sdata2 .rela.sdata2.* .rela.gnu.linkonce.s2.*)
 *(.rel.sbss2 .rel.sbss2.* .rel.gnu.linkonce.sb2.*)
 *(.rela.sbss2 .rela.sbss2.* .rela.gnu.linkonce.sb2.*)
 *(.rel.bss .rel.bss.* .rel.gnu.linkonce.b.*)
 *(.rela.bss .rela.bss.* .rela.gnu.linkonce.b.*)
 *(.rel.plt)
 *(.rela.plt)
 *(.rel.dyn)
 *(.init)
 *(.plt)
 *(.text .stub .text.* .gnu.linkonce.t.*)
 .text          0x020001b4       0x4c ../homework_bsp//obj/HAL/src/crt0.o
                0x020001b4                _start
 .text          0x02000200      0x2a4 obj/default/hello_world.o
                0x02000200                main
 .text          0x020004a4      0x1c0 obj/default/pio.o
                0x020004a4                DoEnablePIOInterrupt
                0x0200052c                DoDisablePIOInterrupt
                0x02000584                PIOISRInitial
                0x02000618                PIOISR
 .text          0x02000664      0x5c4 obj/default/timebt.o
                0x02000664                SetupTimer
                0x020006e4                timer
                0x02000950                isrbt
                0x02000a7c                hexdecode
 .text          0x02000c28      0x1e0 f:/quatus/nios2eds/bin/gnu/h-i686-mingw32/bin/../lib/gcc/nios2-elf/4.1.2\libgcc.a(_mul_sf.o)
                0x02000c28                __mulsf3
 .text          0x02000e08       0x94 f:/quatus/nios2eds/bin/gnu/h-i686-mingw32/bin/../lib/gcc/nios2-elf/4.1.2\libgcc.a(_sf_to_si.o)
                0x02000e08                __fixsfsi
 .text          0x02000e9c        0x0 f:/quatus/nios2eds/bin/gnu/h-i686-mingw32/bin/../lib/gcc/nios2-elf/4.1.2\libgcc.a(_thenan_sf.o)
 .text          0x02000e9c      0x14c f:/quatus/nios2eds/bin/gnu/h-i686-mingw32/bin/../lib/gcc/nios2-elf/4.1.2\libgcc.a(lib2-divmod.o)
                0x02000f18                __divsi3
                0x02000f78                __modsi3
                0x02000fd8                __udivsi3
                0x02000fe0                __umodsi3
 .text          0x02000fe8       0x98 f:/quatus/nios2eds/bin/gnu/h-i686-mingw32/bin/../lib/gcc/nios2-elf/4.1.2\libgcc.a(_muldi3.o)
                0x02000fe8                __muldi3
 .text          0x02001080      0x160 f:/quatus/nios2eds/bin/gnu/h-i686-mingw32/bin/../lib/gcc/nios2-elf/4.1.2\libgcc.a(_pack_sf.o)
                0x02001080                __pack_f
 .text          0x020011e0       0xc8 f:/quatus/nios2eds/bin/gnu/h-i686-mingw32/bin/../lib/gcc/nios2-elf/4.1.2\libgcc.a(_unpack_sf.o)
                0x020011e0                __unpack_f
 .text          0x020012a8       0x78 f:/quatus/nios2eds/bin/gnu/h-i686-mingw32/bin/../lib/gcc/nios2-elf/4.1.2/../../../../nios2-elf/lib\libc.a(lib_a-printf.o)
                0x020012a8                printf
                0x020012ec                _printf_r
 .text          0x02001320       0xb4 f:/quatus/nios2eds/bin/gnu/h-i686-mingw32/bin/../lib/gcc/nios2-elf/4.1.2/../../../../nios2-elf/lib\libc.a(lib_a-puts.o)
                0x02001320                _puts_r
                0x020013c0                puts
 .text          0x020013d4       0x74 f:/quatus/nios2eds/bin/gnu/h-i686-mingw32/bin/../lib/gcc/nios2-elf/4.1.2/../../../../nios2-elf/lib\libc.a(lib_a-strlen.o)
                0x020013d4                strlen
 .text          0x02001448     0x1f28 f:/quatus/nios2eds/bin/gnu/h-i686-mingw32/bin/../lib/gcc/nios2-elf/4.1.2/../../../../nios2-elf/lib\libc.a(lib_a-vfprintf.o)
                0x020014a0                ___vfprintf_internal_r
                0x0200334c                __vfprintf_internal
 .text          0x02003370      0x13c f:/quatus/nios2eds/bin/gnu/h-i686-mingw32/bin/../lib/gcc/nios2-elf/4.1.2/../../../../nios2-elf/lib\libc.a(lib_a-wsetup.o)
                0x02003370                __swsetup_r
 .text          0x020034ac     0x17cc f:/quatus/nios2eds/bin/gnu/h-i686-mingw32/bin/../lib/gcc/nios2-elf/4.1.2/../../../../nios2-elf/lib\libc.a(lib_a-dtoa.o)
                0x020036c4                _dtoa_r
 .text          0x02004c78      0x230 f:/quatus/nios2eds/bin/gnu/h-i686-mingw32/bin/../lib/gcc/nios2-elf/4.1.2/../../../../nios2-elf/lib\libc.a(lib_a-fflush.o)
                0x02004c78                _fflush_r
                0x02004e74                fflush
 .text          0x02004ea8      0x2c0 f:/quatus/nios2eds/bin/gnu/h-i686-mingw32/bin/../lib/gcc/nios2-elf/4.1.2/../../../../nios2-elf/lib\libc.a(lib_a-findfp.o)
                0x02004f00                __sfp_lock_acquire
                0x02004f04                __sfp_lock_release
                0x02004f08                __sinit_lock_acquire
                0x02004f0c                __sinit_lock_release
                0x02004f10                __sinit
                0x02004fc4                __fp_unlock_all
                0x02004fdc                __fp_lock_all
                0x02004ff4                _cleanup_r
                0x02005000                _cleanup
                0x02005010                __sfmoreglue
                0x02005078                __sfp
 .text          0x02005168      0x440 f:/quatus/nios2eds/bin/gnu/h-i686-mingw32/bin/../lib/gcc/nios2-elf/4.1.2/../../../../nios2-elf/lib\libc.a(lib_a-freer.o)
                0x02005168                _malloc_trim_r
                0x02005294                _free_r
 .text          0x020055a8      0x49c f:/quatus/nios2eds/bin/gnu/h-i686-mingw32/bin/../lib/gcc/nios2-elf/4.1.2/../../../../nios2-elf/lib\libc.a(lib_a-fvwrite.o)
                0x020055a8                __sfvwrite_r
 .text          0x02005a44      0x180 f:/quatus/nios2eds/bin/gnu/h-i686-mingw32/bin/../lib/gcc/nios2-elf/4.1.2/../../../../nios2-elf/lib\libc.a(lib_a-fwalk.o)
                0x02005a44                _fwalk_reent
                0x02005b0c                _fwalk
 .text          0x02005bc4        0x0 f:/quatus/nios2eds/bin/gnu/h-i686-mingw32/bin/../lib/gcc/nios2-elf/4.1.2/../../../../nios2-elf/lib\libc.a(lib_a-impure.o)
 .text          0x02005bc4       0xc4 f:/quatus/nios2eds/bin/gnu/h-i686-mingw32/bin/../lib/gcc/nios2-elf/4.1.2/../../../../nios2-elf/lib\libc.a(lib_a-locale.o)
                0x02005bc4                __locale_charset
                0x02005bcc                _localeconv_r
                0x02005bd8                localeconv
                0x02005be8                _setlocale_r
                0x02005c6c                setlocale
 .text          0x02005c88      0x194 f:/quatus/nios2eds/bin/gnu/h-i686-mingw32/bin/../lib/gcc/nios2-elf/4.1.2/../../../../nios2-elf/lib\libc.a(lib_a-makebuf.o)
                0x02005c88                __smakebuf_r
 .text          0x02005e1c      0x740 f:/quatus/nios2eds/bin/gnu/h-i686-mingw32/bin/../lib/gcc/nios2-elf/4.1.2/../../../../nios2-elf/lib\libc.a(lib_a-mallocr.o)
                0x02005e1c                _malloc_r
 .text          0x0200655c       0xe4 f:/quatus/nios2eds/bin/gnu/h-i686-mingw32/bin/../lib/gcc/nios2-elf/4.1.2/../../../../nios2-elf/lib\libc.a(lib_a-memchr.o)
                0x0200655c                memchr
 .text          0x02006640       0xa0 f:/quatus/nios2eds/bin/gnu/h-i686-mingw32/bin/../lib/gcc/nios2-elf/4.1.2/../../../../nios2-elf/lib\libc.a(lib_a-memcpy.o)
                0x02006640                memcpy
 .text          0x020066e0       0xe0 f:/quatus/nios2eds/bin/gnu/h-i686-mingw32/bin/../lib/gcc/nios2-elf/4.1.2/../../../../nios2-elf/lib\libc.a(lib_a-memmove.o)
                0x020066e0                memmove
 .text          0x020067c0       0x98 f:/quatus/nios2eds/bin/gnu/h-i686-mingw32/bin/../lib/gcc/nios2-elf/4.1.2/../../../../nios2-elf/lib\libc.a(lib_a-memset.o)
                0x020067c0                memset
 .text          0x02006858      0xff4 f:/quatus/nios2eds/bin/gnu/h-i686-mingw32/bin/../lib/gcc/nios2-elf/4.1.2/../../../../nios2-elf/lib\libc.a(lib_a-mprec.o)
                0x02006858                _Bfree
                0x02006880                __hi0bits
                0x020068f0                __lo0bits
                0x020069b4                __mcmp
                0x02006a14                __ulp
                0x02006a94                __b2d
                0x02006bb4                __ratio
                0x02006c64                _mprec_log10
                0x02006cf8                __copybits
                0x02006d50                __any_on
                0x02006dd8                _Balloc
                0x02006e94                __d2b
                0x02007010                __mdiff
                0x0200719c                __lshift
                0x020072e8                __multiply
                0x020074d0                __i2b
                0x0200750c                __multadd
                0x0200760c                __pow5mult
                0x0200772c                __s2b
 .text          0x0200784c      0x5f4 f:/quatus/nios2eds/bin/gnu/h-i686-mingw32/bin/../lib/gcc/nios2-elf/4.1.2/../../../../nios2-elf/lib\libc.a(lib_a-reallocr.o)
                0x0200784c                _realloc_r
 .text          0x02007e40       0x40 f:/quatus/nios2eds/bin/gnu/h-i686-mingw32/bin/../lib/gcc/nios2-elf/4.1.2/../../../../nios2-elf/lib\libc.a(lib_a-s_isinfd.o)
                0x02007e40                __isinfd
 .text          0x02007e80       0x30 f:/quatus/nios2eds/bin/gnu/h-i686-mingw32/bin/../lib/gcc/nios2-elf/4.1.2/../../../../nios2-elf/lib\libc.a(lib_a-s_isnand.o)
                0x02007e80                __isnand
 .text          0x02007eb0       0x70 f:/quatus/nios2eds/bin/gnu/h-i686-mingw32/bin/../lib/gcc/nios2-elf/4.1.2/../../../../nios2-elf/lib\libc.a(lib_a-sbrkr.o)
                0x02007eb0                _sbrk_r
 .text          0x02007f20      0x14c f:/quatus/nios2eds/bin/gnu/h-i686-mingw32/bin/../lib/gcc/nios2-elf/4.1.2/../../../../nios2-elf/lib\libc.a(lib_a-stdio.o)
                0x02007f20                __sclose
                0x02007f28                __sseek
                0x02007f90                __swrite
                0x0200800c                __sread
 .text          0x0200806c       0xbc f:/quatus/nios2eds/bin/gnu/h-i686-mingw32/bin/../lib/gcc/nios2-elf/4.1.2/../../../../nios2-elf/lib\libc.a(lib_a-strcmp.o)
                0x0200806c                strcmp
 .text          0x02008128       0x78 f:/quatus/nios2eds/bin/gnu/h-i686-mingw32/bin/../lib/gcc/nios2-elf/4.1.2/../../../../nios2-elf/lib\libc.a(lib_a-writer.o)
                0x02008128                _write_r
 .text          0x020081a0       0xb4 f:/quatus/nios2eds/bin/gnu/h-i686-mingw32/bin/../lib/gcc/nios2-elf/4.1.2/../../../../nios2-elf/lib\libc.a(lib_a-callocr.o)
                0x020081a0                _calloc_r
 .text          0x02008254       0x70 f:/quatus/nios2eds/bin/gnu/h-i686-mingw32/bin/../lib/gcc/nios2-elf/4.1.2/../../../../nios2-elf/lib\libc.a(lib_a-closer.o)
                0x02008254                _close_r
 .text          0x020082c4      0x124 f:/quatus/nios2eds/bin/gnu/h-i686-mingw32/bin/../lib/gcc/nios2-elf/4.1.2/../../../../nios2-elf/lib\libc.a(lib_a-fclose.o)
                0x020082c4                _fclose_r
                0x020083d4                fclose
 .text          0x020083e8       0x74 f:/quatus/nios2eds/bin/gnu/h-i686-mingw32/bin/../lib/gcc/nios2-elf/4.1.2/../../../../nios2-elf/lib\libc.a(lib_a-fstatr.o)
                0x020083e8                _fstat_r
 .text          0x0200845c        0x0 f:/quatus/nios2eds/bin/gnu/h-i686-mingw32/bin/../lib/gcc/nios2-elf/4.1.2/../../../../nios2-elf/lib\libc.a(lib_a-int_errno.o)
 .text          0x0200845c       0x70 f:/quatus/nios2eds/bin/gnu/h-i686-mingw32/bin/../lib/gcc/nios2-elf/4.1.2/../../../../nios2-elf/lib\libc.a(lib_a-isattyr.o)
                0x0200845c                _isatty_r
 .text          0x020084cc       0x78 f:/quatus/nios2eds/bin/gnu/h-i686-mingw32/bin/../lib/gcc/nios2-elf/4.1.2/../../../../nios2-elf/lib\libc.a(lib_a-lseekr.o)
                0x020084cc                _lseek_r
 .text          0x02008544       0x78 f:/quatus/nios2eds/bin/gnu/h-i686-mingw32/bin/../lib/gcc/nios2-elf/4.1.2/../../../../nios2-elf/lib\libc.a(lib_a-readr.o)
                0x02008544                _read_r
 .text          0x020085bc      0x5dc f:/quatus/nios2eds/bin/gnu/h-i686-mingw32/bin/../lib/gcc/nios2-elf/4.1.2\libgcc.a(_udivdi3.o)
                0x020085bc                __udivdi3
 .text          0x02008b98      0x5b0 f:/quatus/nios2eds/bin/gnu/h-i686-mingw32/bin/../lib/gcc/nios2-elf/4.1.2\libgcc.a(_umoddi3.o)
                0x02008b98                __umoddi3
 .text          0x02009148      0x504 f:/quatus/nios2eds/bin/gnu/h-i686-mingw32/bin/../lib/gcc/nios2-elf/4.1.2\libgcc.a(_addsub_df.o)
                0x02009558                __subdf3
                0x020095d8                __adddf3
 .text          0x0200964c      0x3c4 f:/quatus/nios2eds/bin/gnu/h-i686-mingw32/bin/../lib/gcc/nios2-elf/4.1.2\libgcc.a(_mul_df.o)
                0x0200964c                __muldf3
 .text          0x02009a10      0x258 f:/quatus/nios2eds/bin/gnu/h-i686-mingw32/bin/../lib/gcc/nios2-elf/4.1.2\libgcc.a(_div_df.o)
                0x02009a10                __divdf3
 .text          0x02009c68       0x88 f:/quatus/nios2eds/bin/gnu/h-i686-mingw32/bin/../lib/gcc/nios2-elf/4.1.2\libgcc.a(_eq_df.o)
                0x02009c68                __eqdf2
 .text          0x02009cf0       0x88 f:/quatus/nios2eds/bin/gnu/h-i686-mingw32/bin/../lib/gcc/nios2-elf/4.1.2\libgcc.a(_ne_df.o)
                0x02009cf0                __nedf2
 .text          0x02009d78       0x88 f:/quatus/nios2eds/bin/gnu/h-i686-mingw32/bin/../lib/gcc/nios2-elf/4.1.2\libgcc.a(_gt_df.o)
                0x02009d78                __gtdf2
 .text          0x02009e00       0x88 f:/quatus/nios2eds/bin/gnu/h-i686-mingw32/bin/../lib/gcc/nios2-elf/4.1.2\libgcc.a(_ge_df.o)
                0x02009e00                __gedf2
 .text          0x02009e88       0x88 f:/quatus/nios2eds/bin/gnu/h-i686-mingw32/bin/../lib/gcc/nios2-elf/4.1.2\libgcc.a(_lt_df.o)
                0x02009e88                __ltdf2
 .text          0x02009f10       0xf8 f:/quatus/nios2eds/bin/gnu/h-i686-mingw32/bin/../lib/gcc/nios2-elf/4.1.2\libgcc.a(_si_to_df.o)
                0x02009f10                __floatsidf
 .text          0x0200a008       0xd8 f:/quatus/nios2eds/bin/gnu/h-i686-mingw32/bin/../lib/gcc/nios2-elf/4.1.2\libgcc.a(_df_to_si.o)
                0x0200a008                __fixdfsi
 .text          0x0200a0e0        0x0 f:/quatus/nios2eds/bin/gnu/h-i686-mingw32/bin/../lib/gcc/nios2-elf/4.1.2\libgcc.a(_thenan_df.o)
 .text          0x0200a0e0      0x194 f:/quatus/nios2eds/bin/gnu/h-i686-mingw32/bin/../lib/gcc/nios2-elf/4.1.2\libgcc.a(_usi_to_df.o)
                0x0200a0e0                __floatunsidf
 .text          0x0200a274        0x0 f:/quatus/nios2eds/bin/gnu/h-i686-mingw32/bin/../lib/gcc/nios2-elf/4.1.2\libgcc.a(_clz.o)
 .text          0x0200a274       0x80 f:/quatus/nios2eds/bin/gnu/h-i686-mingw32/bin/../lib/gcc/nios2-elf/4.1.2\libgcc.a(_clzsi2.o)
                0x0200a274                __clzsi2
 .text          0x0200a2f4      0x314 f:/quatus/nios2eds/bin/gnu/h-i686-mingw32/bin/../lib/gcc/nios2-elf/4.1.2\libgcc.a(_pack_df.o)
                0x0200a2f4                __pack_d
 .text          0x0200a608      0x138 f:/quatus/nios2eds/bin/gnu/h-i686-mingw32/bin/../lib/gcc/nios2-elf/4.1.2\libgcc.a(_unpack_df.o)
                0x0200a608                __unpack_d
 .text          0x0200a740       0xc8 f:/quatus/nios2eds/bin/gnu/h-i686-mingw32/bin/../lib/gcc/nios2-elf/4.1.2\libgcc.a(_fpcmp_parts_df.o)
                0x0200a740                __fpcmp_parts_d
 .text          0x0200a808      0x15c ../homework_bsp/\libhal_bsp.a(alt_close.o)
                0x0200a808                close
 .text          0x0200a964       0x2c ../homework_bsp/\libhal_bsp.a(alt_dev.o)
 .text          0x0200a990        0x0 ../homework_bsp/\libhal_bsp.a(alt_errno.o)
 .text          0x0200a990      0x134 ../homework_bsp/\libhal_bsp.a(alt_fstat.o)
                0x0200a990                fstat
 .text          0x0200aac4      0x1c0 ../homework_bsp/\libhal_bsp.a(alt_irq_register.o)
                0x0200aac4                alt_irq_register
 .text          0x0200ac84        0x0 ../homework_bsp/\libhal_bsp.a(alt_irq_vars.o)
 .text          0x0200ac84      0x120 ../homework_bsp/\libhal_bsp.a(alt_isatty.o)
                0x0200ac84                isatty
 .text          0x0200ada4       0xec ../homework_bsp/\libhal_bsp.a(alt_load.o)
                0x0200ada4                alt_load
 .text          0x0200ae90      0x150 ../homework_bsp/\libhal_bsp.a(alt_lseek.o)
                0x0200ae90                lseek
 .text          0x0200afe0       0x6c ../homework_bsp/\libhal_bsp.a(alt_main.o)
                0x0200afe0                alt_main
 .text          0x0200b04c       0x40 ../homework_bsp/\libhal_bsp.a(alt_malloc_lock.o)
                0x0200b04c                __malloc_lock
                0x0200b06c                __malloc_unlock
 .text          0x0200b08c      0x180 ../homework_bsp/\libhal_bsp.a(alt_read.o)
                0x0200b08c                read
 .text          0x0200b20c       0x60 ../homework_bsp/\libhal_bsp.a(alt_release_fd.o)
                0x0200b20c                alt_release_fd
 .text          0x0200b26c       0xbc ../homework_bsp/\libhal_bsp.a(alt_sbrk.o)
                0x0200b26c                sbrk
 .text          0x0200b328      0x180 ../homework_bsp/\libhal_bsp.a(alt_write.o)
                0x0200b328                write
 .text          0x0200b4a8      0x120 ../homework_bsp/\libhal_bsp.a(alt_sys_init.o)
                0x0200b4a8                alt_irq_init
                0x0200b4dc                alt_sys_init
 .text          0x0200b5c8      0xcac ../homework_bsp/\libhal_bsp.a(altera_avalon_dma.o)
                0x0200b5c8                alt_avalon_dma_launch_bidir
                0x0200bbdc                alt_avalon_dma_tx_ioctl
                0x0200bc20                alt_avalon_dma_rx_ioctl
                0x0200bc64                alt_avalon_dma_prepare
                0x0200bdb8                alt_avalon_dma_space
                0x0200be38                alt_avalon_dma_send
                0x0200c154                alt_avalon_dma_init
 .text          0x0200c274      0x148 ../homework_bsp/\libhal_bsp.a(altera_avalon_jtag_uart_fd.o)
                0x0200c274                altera_avalon_jtag_uart_read_fd
                0x0200c2cc                altera_avalon_jtag_uart_write_fd
                0x0200c324                altera_avalon_jtag_uart_close_fd
                0x0200c36c                altera_avalon_jtag_uart_ioctl_fd
 .text          0x0200c3bc      0x40c ../homework_bsp/\libhal_bsp.a(altera_avalon_jtag_uart_init.o)
                0x0200c3bc                altera_avalon_jtag_uart_init
                0x0200c754                altera_avalon_jtag_uart_close
 .text          0x0200c7c8       0xf4 ../homework_bsp/\libhal_bsp.a(altera_avalon_jtag_uart_ioctl.o)
                0x0200c7c8                altera_avalon_jtag_uart_ioctl
 .text          0x0200c8bc      0x224 ../homework_bsp/\libhal_bsp.a(altera_avalon_jtag_uart_read.o)
                0x0200c8bc                altera_avalon_jtag_uart_read
 .text          0x0200cae0      0x240 ../homework_bsp/\libhal_bsp.a(altera_avalon_jtag_uart_write.o)
                0x0200cae0                altera_avalon_jtag_uart_write
 .text          0x0200cd20        0x0 ../homework_bsp/\libhal_bsp.a(altera_avalon_timer_vars.o)
 .text          0x0200cd20       0xf8 ../homework_bsp/\libhal_bsp.a(altera_avalon_uart_fd.o)
                0x0200cd20                altera_avalon_uart_read_fd
                0x0200cd78                altera_avalon_uart_write_fd
                0x0200cdd0                altera_avalon_uart_close_fd
 .text          0x0200ce18      0x400 ../homework_bsp/\libhal_bsp.a(altera_avalon_uart_init.o)
                0x0200ce18                altera_avalon_uart_init
                0x0200d1b8                altera_avalon_uart_close
 .text          0x0200d218      0x290 ../homework_bsp/\libhal_bsp.a(altera_avalon_uart_read.o)
                0x0200d218                altera_avalon_uart_read
 .text          0x0200d4a8      0x228 ../homework_bsp/\libhal_bsp.a(altera_avalon_uart_write.o)
                0x0200d4a8                altera_avalon_uart_write
 .text          0x0200d6d0      0x154 ../homework_bsp/\libhal_bsp.a(alt_alarm_start.o)
                0x0200d6d0                alt_alarm_start
 .text          0x0200d824       0x44 ../homework_bsp/\libhal_bsp.a(alt_dcache_flush_all.o)
                0x0200d824                alt_dcache_flush_all
 .text          0x0200d868      0x114 ../homework_bsp/\libhal_bsp.a(alt_dev_llist_insert.o)
                0x0200d868                alt_dev_llist_insert
 .text          0x0200d97c       0xb8 ../homework_bsp/\libhal_bsp.a(alt_dma_rxchan_open.o)
                0x0200d97c                alt_dma_rxchan_open
 .text          0x0200da34       0xb8 ../homework_bsp/\libhal_bsp.a(alt_dma_txchan_open.o)
                0x0200da34                alt_dma_txchan_open
 .text          0x0200daec       0x64 ../homework_bsp/\libhal_bsp.a(alt_do_ctors.o)
                0x0200daec                _do_ctors
 .text          0x0200db50       0x64 ../homework_bsp/\libhal_bsp.a(alt_do_dtors.o)
                0x0200db50                _do_dtors
 .text          0x0200dbb4       0x94 ../homework_bsp/\libhal_bsp.a(alt_find_dev.o)
                0x0200dbb4                alt_find_dev
 .text          0x0200dc48       0x30 ../homework_bsp/\libhal_bsp.a(alt_icache_flush_all.o)
                0x0200dc48                alt_icache_flush_all
 .text          0x0200dc78      0x1d4 ../homework_bsp/\libhal_bsp.a(alt_iic.o)
                0x0200dc78                alt_ic_isr_register
                0x0200dcc8                alt_ic_irq_enable
                0x0200dd64                alt_ic_irq_disable
                0x0200de04                alt_ic_irq_enabled
 .text          0x0200de4c       0xf8 ../homework_bsp/\libhal_bsp.a(alt_iic_isr_register.o)
                0x0200de4c                alt_iic_isr_register
 .text          0x0200df44      0x13c ../homework_bsp/\libhal_bsp.a(alt_io_redirect.o)
                0x0200e008                alt_io_redirect
 .text          0x0200e080        0x0 ../homework_bsp/\libhal_bsp.a(alt_irq_entry.o)
 .text          0x0200e080        0x0 ../homework_bsp/\libhal_bsp.a(alt_irq_handler.o)
 .text          0x0200e080      0x2c4 ../homework_bsp/\libhal_bsp.a(alt_open.o)
                0x0200e15c                open
 .text          0x0200e344      0x1a4 ../homework_bsp/\libhal_bsp.a(alt_tick.o)
                0x0200e344                alt_alarm_stop
                0x0200e3dc                alt_tick
 .text          0x0200e4e8       0x20 ../homework_bsp/\libhal_bsp.a(altera_nios2_qsys_irq.o)
                0x0200e4e8                altera_nios2_qsys_irq_init
 .text          0x0200e508        0x0 ../homework_bsp/\libhal_bsp.a(alt_exception_entry.o)
 .text          0x0200e508      0x120 ../homework_bsp/\libhal_bsp.a(alt_find_file.o)
                0x0200e508                alt_find_file
 .text          0x0200e628       0xb8 ../homework_bsp/\libhal_bsp.a(alt_get_fd.o)
                0x0200e628                alt_get_fd
 .text          0x0200e6e0       0x90 ../homework_bsp/\libhal_bsp.a(alt_icache_flush.o)
                0x0200e6e0                alt_icache_flush
 .text          0x0200e770       0x14 f:/quatus/nios2eds/bin/gnu/h-i686-mingw32/bin/../lib/gcc/nios2-elf/4.1.2/../../../../nios2-elf/lib\libc.a(lib_a-atexit.o)
                0x0200e770                atexit
 .text          0x0200e784       0x38 f:/quatus/nios2eds/bin/gnu/h-i686-mingw32/bin/../lib/gcc/nios2-elf/4.1.2/../../../../nios2-elf/lib\libc.a(lib_a-exit.o)
                0x0200e784                exit
 .text          0x0200e7bc       0x74 f:/quatus/nios2eds/bin/gnu/h-i686-mingw32/bin/../lib/gcc/nios2-elf/4.1.2/../../../../nios2-elf/lib\libc.a(lib_a-memcmp.o)
                0x0200e7bc                memcmp
 .text          0x0200e830      0x134 f:/quatus/nios2eds/bin/gnu/h-i686-mingw32/bin/../lib/gcc/nios2-elf/4.1.2/../../../../nios2-elf/lib\libc.a(lib_a-__atexit.o)
                0x0200e830                __register_exitproc
 .text          0x0200e964      0x1b4 f:/quatus/nios2eds/bin/gnu/h-i686-mingw32/bin/../lib/gcc/nios2-elf/4.1.2/../../../../nios2-elf/lib\libc.a(lib_a-__call_atexit.o)
                0x0200e968                __call_exitprocs
 .text          0x0200eb18       0x60 ../homework_bsp/\libhal_bsp.a(alt_exit.o)
                0x0200eb58                _exit
 *(.gnu.warning.*)
 *(.fini)
                0x0200eb78                PROVIDE (__etext, ABSOLUTE (.))
                0x0200eb78                PROVIDE (_etext, ABSOLUTE (.))
                0x0200eb78                PROVIDE (etext, ABSOLUTE (.))
 *(.eh_frame_hdr)
                0x0200eb78                . = ALIGN (0x4)
                0x0200eb78                PROVIDE (__preinit_array_start, ABSOLUTE (.))
 *(.preinit_array)
                0x0200eb78                PROVIDE (__preinit_array_end, ABSOLUTE (.))
                0x0200eb78                PROVIDE (__init_array_start, ABSOLUTE (.))
 *(.init_array)
                0x0200eb78                PROVIDE (__init_array_end, ABSOLUTE (.))
                0x0200eb78                PROVIDE (__fini_array_start, ABSOLUTE (.))
 *(.fini_array)
                0x0200eb78                PROVIDE (__fini_array_end, ABSOLUTE (.))
 *(.eh_frame)
 *(.gcc_except_table)
 *(.dynamic)
                0x0200eb78                PROVIDE (__CTOR_LIST__, ABSOLUTE (.))
 *(.ctors)
 *(SORT(.ctors.*))
 .ctors.65535   0x0200eb78        0x4 f:/quatus/nios2eds/bin/gnu/h-i686-mingw32/bin/../lib/gcc/nios2-elf/4.1.2/../../../../nios2-elf/lib\libc.a(lib_a-__call_atexit.o)
                0x0200eb7c                PROVIDE (__CTOR_END__, ABSOLUTE (.))
                0x0200eb7c                PROVIDE (__DTOR_LIST__, ABSOLUTE (.))
 *(.dtors)
 *(SORT(.dtors.*))
                0x0200eb7c                PROVIDE (__DTOR_END__, ABSOLUTE (.))
 *(.jcr)
                0x0200eb7c                . = ALIGN (0x4)

.rodata         0x0200eb7c      0x488
                0x0200eb7c                PROVIDE (__ram_rodata_start, ABSOLUTE (.))
                0x0200eb7c                . = ALIGN (0x4)
 *(.rodata .rodata.* .gnu.linkonce.r.*)
 .rodata        0x0200eb7c       0x2c obj/default/hello_world.o
 .rodata        0x0200eba8       0xbc obj/default/pio.o
 .rodata        0x0200ec64       0x3c obj/default/timebt.o
 .rodata        0x0200eca0       0x10 f:/quatus/nios2eds/bin/gnu/h-i686-mingw32/bin/../lib/gcc/nios2-elf/4.1.2\libgcc.a(_thenan_sf.o)
                0x0200eca0                __thenan_sf
 .rodata.str1.4
                0x0200ecb0        0x2 f:/quatus/nios2eds/bin/gnu/h-i686-mingw32/bin/../lib/gcc/nios2-elf/4.1.2/../../../../nios2-elf/lib\libc.a(lib_a-puts.o)
                                  0x4 (size before relaxing)
 *fill*         0x0200ecb2        0x2 00
 .rodata.str1.4
                0x0200ecb4       0x5e f:/quatus/nios2eds/bin/gnu/h-i686-mingw32/bin/../lib/gcc/nios2-elf/4.1.2/../../../../nios2-elf/lib\libc.a(lib_a-vfprintf.o)
                                 0x60 (size before relaxing)
 .rodata        0x0200ed12       0x20 f:/quatus/nios2eds/bin/gnu/h-i686-mingw32/bin/../lib/gcc/nios2-elf/4.1.2/../../../../nios2-elf/lib\libc.a(lib_a-vfprintf.o)
 *fill*         0x0200ed32        0x2 00
 .rodata.str1.4
                0x0200ed34       0x10 f:/quatus/nios2eds/bin/gnu/h-i686-mingw32/bin/../lib/gcc/nios2-elf/4.1.2/../../../../nios2-elf/lib\libc.a(lib_a-dtoa.o)
                                 0x14 (size before relaxing)
 .rodata.str1.4
                0x0200ed44        0x2 f:/quatus/nios2eds/bin/gnu/h-i686-mingw32/bin/../lib/gcc/nios2-elf/4.1.2/../../../../nios2-elf/lib\libc.a(lib_a-impure.o)
                                  0x4 (size before relaxing)
 *fill*         0x0200ed46        0x2 00
 .rodata.str1.4
                0x0200ed48       0x10 f:/quatus/nios2eds/bin/gnu/h-i686-mingw32/bin/../lib/gcc/nios2-elf/4.1.2/../../../../nios2-elf/lib\libc.a(lib_a-locale.o)
                                 0x18 (size before relaxing)
 .rodata        0x0200ed58       0x30 f:/quatus/nios2eds/bin/gnu/h-i686-mingw32/bin/../lib/gcc/nios2-elf/4.1.2/../../../../nios2-elf/lib\libc.a(lib_a-locale.o)
 .rodata        0x0200ed88      0x124 f:/quatus/nios2eds/bin/gnu/h-i686-mingw32/bin/../lib/gcc/nios2-elf/4.1.2/../../../../nios2-elf/lib\libc.a(lib_a-mprec.o)
                0x0200ed88                __mprec_tens
                0x0200ee50                __mprec_bigtens
                0x0200ee78                __mprec_tinytens
 .rodata        0x0200eeac       0x14 f:/quatus/nios2eds/bin/gnu/h-i686-mingw32/bin/../lib/gcc/nios2-elf/4.1.2\libgcc.a(_thenan_df.o)
                0x0200eeac                __thenan_df
 .rodata        0x0200eec0      0x100 f:/quatus/nios2eds/bin/gnu/h-i686-mingw32/bin/../lib/gcc/nios2-elf/4.1.2\libgcc.a(_clz.o)
                0x0200eec0                __clz_tab
 .rodata        0x0200efc0        0xc ../homework_bsp/\libhal_bsp.a(alt_dev.o)
 .rodata        0x0200efcc       0x10 ../homework_bsp/\libhal_bsp.a(alt_main.o)
 .rodata        0x0200efdc       0x28 ../homework_bsp/\libhal_bsp.a(alt_sys_init.o)
 *(.rodata1)
                0x0200f004                . = ALIGN (0x4)
                0x0200f004                PROVIDE (__ram_rodata_end, ABSOLUTE (.))
                0x0200eb7c                PROVIDE (__flash_rodata_start, LOADADDR (.rodata))

.rwdata         0x0200f004     0x1c0c load address 0x02010c10
                0x0200f004                PROVIDE (__ram_rwdata_start, ABSOLUTE (.))
                0x0200f004                . = ALIGN (0x4)
 *(.got.plt)
 *(.got)
 *(.data1)
 *(.data .data.* .gnu.linkonce.d.*)
 .data          0x0200f004        0x0 ../homework_bsp//obj/HAL/src/crt0.o
 .data          0x0200f004        0x0 obj/default/hello_world.o
 .data          0x0200f004        0x0 obj/default/pio.o
 .data          0x0200f004        0x0 obj/default/timebt.o
 .data          0x0200f004        0x0 f:/quatus/nios2eds/bin/gnu/h-i686-mingw32/bin/../lib/gcc/nios2-elf/4.1.2\libgcc.a(_mul_sf.o)
 .data          0x0200f004        0x0 f:/quatus/nios2eds/bin/gnu/h-i686-mingw32/bin/../lib/gcc/nios2-elf/4.1.2\libgcc.a(_sf_to_si.o)
 .data          0x0200f004        0x0 f:/quatus/nios2eds/bin/gnu/h-i686-mingw32/bin/../lib/gcc/nios2-elf/4.1.2\libgcc.a(_thenan_sf.o)
 .data          0x0200f004        0x0 f:/quatus/nios2eds/bin/gnu/h-i686-mingw32/bin/../lib/gcc/nios2-elf/4.1.2\libgcc.a(lib2-divmod.o)
 .data          0x0200f004        0x0 f:/quatus/nios2eds/bin/gnu/h-i686-mingw32/bin/../lib/gcc/nios2-elf/4.1.2\libgcc.a(_muldi3.o)
 .data          0x0200f004        0x0 f:/quatus/nios2eds/bin/gnu/h-i686-mingw32/bin/../lib/gcc/nios2-elf/4.1.2\libgcc.a(_pack_sf.o)
 .data          0x0200f004        0x0 f:/quatus/nios2eds/bin/gnu/h-i686-mingw32/bin/../lib/gcc/nios2-elf/4.1.2\libgcc.a(_unpack_sf.o)
 .data          0x0200f004        0x0 f:/quatus/nios2eds/bin/gnu/h-i686-mingw32/bin/../lib/gcc/nios2-elf/4.1.2/../../../../nios2-elf/lib\libc.a(lib_a-printf.o)
 .data          0x0200f004        0x0 f:/quatus/nios2eds/bin/gnu/h-i686-mingw32/bin/../lib/gcc/nios2-elf/4.1.2/../../../../nios2-elf/lib\libc.a(lib_a-puts.o)
 .data          0x0200f004        0x0 f:/quatus/nios2eds/bin/gnu/h-i686-mingw32/bin/../lib/gcc/nios2-elf/4.1.2/../../../../nios2-elf/lib\libc.a(lib_a-strlen.o)
 .data          0x0200f004        0x0 f:/quatus/nios2eds/bin/gnu/h-i686-mingw32/bin/../lib/gcc/nios2-elf/4.1.2/../../../../nios2-elf/lib\libc.a(lib_a-vfprintf.o)
 .data          0x0200f004        0x0 f:/quatus/nios2eds/bin/gnu/h-i686-mingw32/bin/../lib/gcc/nios2-elf/4.1.2/../../../../nios2-elf/lib\libc.a(lib_a-wsetup.o)
 .data          0x0200f004        0x0 f:/quatus/nios2eds/bin/gnu/h-i686-mingw32/bin/../lib/gcc/nios2-elf/4.1.2/../../../../nios2-elf/lib\libc.a(lib_a-dtoa.o)
 .data          0x0200f004        0x0 f:/quatus/nios2eds/bin/gnu/h-i686-mingw32/bin/../lib/gcc/nios2-elf/4.1.2/../../../../nios2-elf/lib\libc.a(lib_a-fflush.o)
 .data          0x0200f004        0x0 f:/quatus/nios2eds/bin/gnu/h-i686-mingw32/bin/../lib/gcc/nios2-elf/4.1.2/../../../../nios2-elf/lib\libc.a(lib_a-findfp.o)
 .data          0x0200f004        0x0 f:/quatus/nios2eds/bin/gnu/h-i686-mingw32/bin/../lib/gcc/nios2-elf/4.1.2/../../../../nios2-elf/lib\libc.a(lib_a-freer.o)
 .data          0x0200f004        0x0 f:/quatus/nios2eds/bin/gnu/h-i686-mingw32/bin/../lib/gcc/nios2-elf/4.1.2/../../../../nios2-elf/lib\libc.a(lib_a-fvwrite.o)
 .data          0x0200f004        0x0 f:/quatus/nios2eds/bin/gnu/h-i686-mingw32/bin/../lib/gcc/nios2-elf/4.1.2/../../../../nios2-elf/lib\libc.a(lib_a-fwalk.o)
 .data          0x0200f004      0x400 f:/quatus/nios2eds/bin/gnu/h-i686-mingw32/bin/../lib/gcc/nios2-elf/4.1.2/../../../../nios2-elf/lib\libc.a(lib_a-impure.o)
 .data          0x0200f404        0xc f:/quatus/nios2eds/bin/gnu/h-i686-mingw32/bin/../lib/gcc/nios2-elf/4.1.2/../../../../nios2-elf/lib\libc.a(lib_a-locale.o)
                0x0200f404                __lc_ctype
 .data          0x0200f410        0x0 f:/quatus/nios2eds/bin/gnu/h-i686-mingw32/bin/../lib/gcc/nios2-elf/4.1.2/../../../../nios2-elf/lib\libc.a(lib_a-makebuf.o)
 .data          0x0200f410      0x408 f:/quatus/nios2eds/bin/gnu/h-i686-mingw32/bin/../lib/gcc/nios2-elf/4.1.2/../../../../nios2-elf/lib\libc.a(lib_a-mallocr.o)
                0x0200f410                __malloc_av_
 .data          0x0200f818        0x0 f:/quatus/nios2eds/bin/gnu/h-i686-mingw32/bin/../lib/gcc/nios2-elf/4.1.2/../../../../nios2-elf/lib\libc.a(lib_a-memchr.o)
 .data          0x0200f818        0x0 f:/quatus/nios2eds/bin/gnu/h-i686-mingw32/bin/../lib/gcc/nios2-elf/4.1.2/../../../../nios2-elf/lib\libc.a(lib_a-memcpy.o)
 .data          0x0200f818        0x0 f:/quatus/nios2eds/bin/gnu/h-i686-mingw32/bin/../lib/gcc/nios2-elf/4.1.2/../../../../nios2-elf/lib\libc.a(lib_a-memmove.o)
 .data          0x0200f818        0x0 f:/quatus/nios2eds/bin/gnu/h-i686-mingw32/bin/../lib/gcc/nios2-elf/4.1.2/../../../../nios2-elf/lib\libc.a(lib_a-memset.o)
 .data          0x0200f818        0x0 f:/quatus/nios2eds/bin/gnu/h-i686-mingw32/bin/../lib/gcc/nios2-elf/4.1.2/../../../../nios2-elf/lib\libc.a(lib_a-mprec.o)
 .data          0x0200f818        0x0 f:/quatus/nios2eds/bin/gnu/h-i686-mingw32/bin/../lib/gcc/nios2-elf/4.1.2/../../../../nios2-elf/lib\libc.a(lib_a-reallocr.o)
 .data          0x0200f818        0x0 f:/quatus/nios2eds/bin/gnu/h-i686-mingw32/bin/../lib/gcc/nios2-elf/4.1.2/../../../../nios2-elf/lib\libc.a(lib_a-s_isinfd.o)
 .data          0x0200f818        0x0 f:/quatus/nios2eds/bin/gnu/h-i686-mingw32/bin/../lib/gcc/nios2-elf/4.1.2/../../../../nios2-elf/lib\libc.a(lib_a-s_isnand.o)
 .data          0x0200f818        0x0 f:/quatus/nios2eds/bin/gnu/h-i686-mingw32/bin/../lib/gcc/nios2-elf/4.1.2/../../../../nios2-elf/lib\libc.a(lib_a-sbrkr.o)
 .data          0x0200f818        0x0 f:/quatus/nios2eds/bin/gnu/h-i686-mingw32/bin/../lib/gcc/nios2-elf/4.1.2/../../../../nios2-elf/lib\libc.a(lib_a-stdio.o)
 .data          0x0200f818        0x0 f:/quatus/nios2eds/bin/gnu/h-i686-mingw32/bin/../lib/gcc/nios2-elf/4.1.2/../../../../nios2-elf/lib\libc.a(lib_a-strcmp.o)
 .data          0x0200f818        0x0 f:/quatus/nios2eds/bin/gnu/h-i686-mingw32/bin/../lib/gcc/nios2-elf/4.1.2/../../../../nios2-elf/lib\libc.a(lib_a-writer.o)
 .data          0x0200f818        0x0 f:/quatus/nios2eds/bin/gnu/h-i686-mingw32/bin/../lib/gcc/nios2-elf/4.1.2/../../../../nios2-elf/lib\libc.a(lib_a-callocr.o)
 .data          0x0200f818        0x0 f:/quatus/nios2eds/bin/gnu/h-i686-mingw32/bin/../lib/gcc/nios2-elf/4.1.2/../../../../nios2-elf/lib\libc.a(lib_a-closer.o)
 .data          0x0200f818        0x0 f:/quatus/nios2eds/bin/gnu/h-i686-mingw32/bin/../lib/gcc/nios2-elf/4.1.2/../../../../nios2-elf/lib\libc.a(lib_a-fclose.o)
 .data          0x0200f818        0x0 f:/quatus/nios2eds/bin/gnu/h-i686-mingw32/bin/../lib/gcc/nios2-elf/4.1.2/../../../../nios2-elf/lib\libc.a(lib_a-fstatr.o)
 .data          0x0200f818        0x0 f:/quatus/nios2eds/bin/gnu/h-i686-mingw32/bin/../lib/gcc/nios2-elf/4.1.2/../../../../nios2-elf/lib\libc.a(lib_a-int_errno.o)
 .data          0x0200f818        0x0 f:/quatus/nios2eds/bin/gnu/h-i686-mingw32/bin/../lib/gcc/nios2-elf/4.1.2/../../../../nios2-elf/lib\libc.a(lib_a-isattyr.o)
 .data          0x0200f818        0x0 f:/quatus/nios2eds/bin/gnu/h-i686-mingw32/bin/../lib/gcc/nios2-elf/4.1.2/../../../../nios2-elf/lib\libc.a(lib_a-lseekr.o)
 .data          0x0200f818        0x0 f:/quatus/nios2eds/bin/gnu/h-i686-mingw32/bin/../lib/gcc/nios2-elf/4.1.2/../../../../nios2-elf/lib\libc.a(lib_a-readr.o)
 .data          0x0200f818        0x0 f:/quatus/nios2eds/bin/gnu/h-i686-mingw32/bin/../lib/gcc/nios2-elf/4.1.2\libgcc.a(_udivdi3.o)
 .data          0x0200f818        0x0 f:/quatus/nios2eds/bin/gnu/h-i686-mingw32/bin/../lib/gcc/nios2-elf/4.1.2\libgcc.a(_umoddi3.o)
 .data          0x0200f818        0x0 f:/quatus/nios2eds/bin/gnu/h-i686-mingw32/bin/../lib/gcc/nios2-elf/4.1.2\libgcc.a(_addsub_df.o)
 .data          0x0200f818        0x0 f:/quatus/nios2eds/bin/gnu/h-i686-mingw32/bin/../lib/gcc/nios2-elf/4.1.2\libgcc.a(_mul_df.o)
 .data          0x0200f818        0x0 f:/quatus/nios2eds/bin/gnu/h-i686-mingw32/bin/../lib/gcc/nios2-elf/4.1.2\libgcc.a(_div_df.o)
 .data          0x0200f818        0x0 f:/quatus/nios2eds/bin/gnu/h-i686-mingw32/bin/../lib/gcc/nios2-elf/4.1.2\libgcc.a(_eq_df.o)
 .data          0x0200f818        0x0 f:/quatus/nios2eds/bin/gnu/h-i686-mingw32/bin/../lib/gcc/nios2-elf/4.1.2\libgcc.a(_ne_df.o)
 .data          0x0200f818        0x0 f:/quatus/nios2eds/bin/gnu/h-i686-mingw32/bin/../lib/gcc/nios2-elf/4.1.2\libgcc.a(_gt_df.o)
 .data          0x0200f818        0x0 f:/quatus/nios2eds/bin/gnu/h-i686-mingw32/bin/../lib/gcc/nios2-elf/4.1.2\libgcc.a(_ge_df.o)
 .data          0x0200f818        0x0 f:/quatus/nios2eds/bin/gnu/h-i686-mingw32/bin/../lib/gcc/nios2-elf/4.1.2\libgcc.a(_lt_df.o)
 .data          0x0200f818        0x0 f:/quatus/nios2eds/bin/gnu/h-i686-mingw32/bin/../lib/gcc/nios2-elf/4.1.2\libgcc.a(_si_to_df.o)
 .data          0x0200f818        0x0 f:/quatus/nios2eds/bin/gnu/h-i686-mingw32/bin/../lib/gcc/nios2-elf/4.1.2\libgcc.a(_df_to_si.o)
 .data          0x0200f818        0x0 f:/quatus/nios2eds/bin/gnu/h-i686-mingw32/bin/../lib/gcc/nios2-elf/4.1.2\libgcc.a(_thenan_df.o)
 .data          0x0200f818        0x0 f:/quatus/nios2eds/bin/gnu/h-i686-mingw32/bin/../lib/gcc/nios2-elf/4.1.2\libgcc.a(_usi_to_df.o)
 .data          0x0200f818        0x0 f:/quatus/nios2eds/bin/gnu/h-i686-mingw32/bin/../lib/gcc/nios2-elf/4.1.2\libgcc.a(_clz.o)
 .data          0x0200f818        0x0 f:/quatus/nios2eds/bin/gnu/h-i686-mingw32/bin/../lib/gcc/nios2-elf/4.1.2\libgcc.a(_clzsi2.o)
 .data          0x0200f818        0x0 f:/quatus/nios2eds/bin/gnu/h-i686-mingw32/bin/../lib/gcc/nios2-elf/4.1.2\libgcc.a(_pack_df.o)
 .data          0x0200f818        0x0 f:/quatus/nios2eds/bin/gnu/h-i686-mingw32/bin/../lib/gcc/nios2-elf/4.1.2\libgcc.a(_unpack_df.o)
 .data          0x0200f818        0x0 f:/quatus/nios2eds/bin/gnu/h-i686-mingw32/bin/../lib/gcc/nios2-elf/4.1.2\libgcc.a(_fpcmp_parts_df.o)
 .data          0x0200f818        0x0 ../homework_bsp/\libhal_bsp.a(alt_close.o)
 .data          0x0200f818      0x1a8 ../homework_bsp/\libhal_bsp.a(alt_dev.o)
                0x0200f818                alt_dev_null
                0x0200f840                alt_fd_list
 .data          0x0200f9c0        0x0 ../homework_bsp/\libhal_bsp.a(alt_errno.o)
 .data          0x0200f9c0        0x0 ../homework_bsp/\libhal_bsp.a(alt_fstat.o)
 .data          0x0200f9c0        0x0 ../homework_bsp/\libhal_bsp.a(alt_irq_register.o)
 .data          0x0200f9c0        0x0 ../homework_bsp/\libhal_bsp.a(alt_irq_vars.o)
 .data          0x0200f9c0        0x0 ../homework_bsp/\libhal_bsp.a(alt_isatty.o)
 .data          0x0200f9c0        0x0 ../homework_bsp/\libhal_bsp.a(alt_load.o)
 .data          0x0200f9c0        0x0 ../homework_bsp/\libhal_bsp.a(alt_lseek.o)
 .data          0x0200f9c0        0x0 ../homework_bsp/\libhal_bsp.a(alt_main.o)
 .data          0x0200f9c0        0x0 ../homework_bsp/\libhal_bsp.a(alt_malloc_lock.o)
 .data          0x0200f9c0        0x0 ../homework_bsp/\libhal_bsp.a(alt_read.o)
 .data          0x0200f9c0        0x0 ../homework_bsp/\libhal_bsp.a(alt_release_fd.o)
 .data          0x0200f9c0        0x0 ../homework_bsp/\libhal_bsp.a(alt_sbrk.o)
 .data          0x0200f9c0        0x0 ../homework_bsp/\libhal_bsp.a(alt_write.o)
 .data          0x0200f9c0     0x1200 ../homework_bsp/\libhal_bsp.a(alt_sys_init.o)
 .data          0x02010bc0        0x0 ../homework_bsp/\libhal_bsp.a(altera_avalon_dma.o)
 .data          0x02010bc0        0x0 ../homework_bsp/\libhal_bsp.a(altera_avalon_jtag_uart_fd.o)
 .data          0x02010bc0        0x0 ../homework_bsp/\libhal_bsp.a(altera_avalon_jtag_uart_init.o)
 .data          0x02010bc0        0x0 ../homework_bsp/\libhal_bsp.a(altera_avalon_jtag_uart_ioctl.o)
 .data          0x02010bc0        0x0 ../homework_bsp/\libhal_bsp.a(altera_avalon_jtag_uart_read.o)
 .data          0x02010bc0        0x0 ../homework_bsp/\libhal_bsp.a(altera_avalon_jtag_uart_write.o)
 .data          0x02010bc0        0x0 ../homework_bsp/\libhal_bsp.a(altera_avalon_timer_vars.o)
 .data          0x02010bc0        0x0 ../homework_bsp/\libhal_bsp.a(altera_avalon_uart_fd.o)
 .data          0x02010bc0        0x0 ../homework_bsp/\libhal_bsp.a(altera_avalon_uart_init.o)
 .data          0x02010bc0        0x0 ../homework_bsp/\libhal_bsp.a(altera_avalon_uart_read.o)
 .data          0x02010bc0        0x0 ../homework_bsp/\libhal_bsp.a(altera_avalon_uart_write.o)
 .data          0x02010bc0        0x0 ../homework_bsp/\libhal_bsp.a(alt_alarm_start.o)
 .data          0x02010bc0        0x0 ../homework_bsp/\libhal_bsp.a(alt_dcache_flush_all.o)
 .data          0x02010bc0        0x0 ../homework_bsp/\libhal_bsp.a(alt_dev_llist_insert.o)
 .data          0x02010bc0        0x0 ../homework_bsp/\libhal_bsp.a(alt_dma_rxchan_open.o)
 .data          0x02010bc0        0x0 ../homework_bsp/\libhal_bsp.a(alt_dma_txchan_open.o)
 .data          0x02010bc0        0x0 ../homework_bsp/\libhal_bsp.a(alt_do_ctors.o)
 .data          0x02010bc0        0x0 ../homework_bsp/\libhal_bsp.a(alt_do_dtors.o)
 .data          0x02010bc0        0x0 ../homework_bsp/\libhal_bsp.a(alt_find_dev.o)
 .data          0x02010bc0        0x0 ../homework_bsp/\libhal_bsp.a(alt_icache_flush_all.o)
 .data          0x02010bc0        0x0 ../homework_bsp/\libhal_bsp.a(alt_iic.o)
 .data          0x02010bc0        0x0 ../homework_bsp/\libhal_bsp.a(alt_iic_isr_register.o)
 .data          0x02010bc0        0x0 ../homework_bsp/\libhal_bsp.a(alt_io_redirect.o)
 .data          0x02010bc0        0x0 ../homework_bsp/\libhal_bsp.a(alt_irq_entry.o)
 .data          0x02010bc0        0x0 ../homework_bsp/\libhal_bsp.a(alt_irq_handler.o)
 .data          0x02010bc0        0x0 ../homework_bsp/\libhal_bsp.a(alt_open.o)
 .data          0x02010bc0        0x0 ../homework_bsp/\libhal_bsp.a(alt_tick.o)
 .data          0x02010bc0        0x0 ../homework_bsp/\libhal_bsp.a(altera_nios2_qsys_irq.o)
 .data          0x02010bc0        0x0 ../homework_bsp/\libhal_bsp.a(alt_exception_entry.o)
 .data          0x02010bc0        0x0 ../homework_bsp/\libhal_bsp.a(alt_find_file.o)
 .data          0x02010bc0        0x0 ../homework_bsp/\libhal_bsp.a(alt_get_fd.o)
 .data          0x02010bc0        0x0 ../homework_bsp/\libhal_bsp.a(alt_icache_flush.o)
 .data          0x02010bc0        0x0 f:/quatus/nios2eds/bin/gnu/h-i686-mingw32/bin/../lib/gcc/nios2-elf/4.1.2/../../../../nios2-elf/lib\libc.a(lib_a-atexit.o)
 .data          0x02010bc0        0x0 f:/quatus/nios2eds/bin/gnu/h-i686-mingw32/bin/../lib/gcc/nios2-elf/4.1.2/../../../../nios2-elf/lib\libc.a(lib_a-exit.o)
 .data          0x02010bc0        0x0 f:/quatus/nios2eds/bin/gnu/h-i686-mingw32/bin/../lib/gcc/nios2-elf/4.1.2/../../../../nios2-elf/lib\libc.a(lib_a-memcmp.o)
 .data          0x02010bc0        0x0 f:/quatus/nios2eds/bin/gnu/h-i686-mingw32/bin/../lib/gcc/nios2-elf/4.1.2/../../../../nios2-elf/lib\libc.a(lib_a-__atexit.o)
 .data          0x02010bc0        0x0 f:/quatus/nios2eds/bin/gnu/h-i686-mingw32/bin/../lib/gcc/nios2-elf/4.1.2/../../../../nios2-elf/lib\libc.a(lib_a-__call_atexit.o)
 .data          0x02010bc0        0x0 ../homework_bsp/\libhal_bsp.a(alt_exit.o)
                0x02018bc0                _gp = ABSOLUTE ((. + 0x8000))
                0x02018bc0                PROVIDE (gp, _gp)
 *(.rwdata .rwdata.*)
 *(.sdata .sdata.* .gnu.linkonce.s.*)
 .sdata         0x02010bc0        0x8 f:/quatus/nios2eds/bin/gnu/h-i686-mingw32/bin/../lib/gcc/nios2-elf/4.1.2/../../../../nios2-elf/lib\libc.a(lib_a-impure.o)
                0x02010bc0                _impure_ptr
                0x02010bc4                _global_impure_ptr
 .sdata         0x02010bc8        0x8 f:/quatus/nios2eds/bin/gnu/h-i686-mingw32/bin/../lib/gcc/nios2-elf/4.1.2/../../../../nios2-elf/lib\libc.a(lib_a-locale.o)
                0x02010bc8                __mb_cur_max
 .sdata         0x02010bd0        0x8 f:/quatus/nios2eds/bin/gnu/h-i686-mingw32/bin/../lib/gcc/nios2-elf/4.1.2/../../../../nios2-elf/lib\libc.a(lib_a-mallocr.o)
                0x02010bd0                __malloc_trim_threshold
                0x02010bd4                __malloc_sbrk_base
 .sdata         0x02010bd8       0x14 ../homework_bsp/\libhal_bsp.a(alt_dev.o)
                0x02010bd8                alt_fs_list
                0x02010be0                alt_dev_list
                0x02010be8                alt_max_fd
 .sdata         0x02010bec        0x4 ../homework_bsp/\libhal_bsp.a(alt_errno.o)
                0x02010bec                alt_errno
 .sdata         0x02010bf0        0x4 ../homework_bsp/\libhal_bsp.a(alt_irq_vars.o)
                0x02010bf0                alt_priority_mask
 .sdata         0x02010bf4        0x4 ../homework_bsp/\libhal_bsp.a(alt_sbrk.o)
 .sdata         0x02010bf8        0x8 ../homework_bsp/\libhal_bsp.a(alt_dma_rxchan_open.o)
                0x02010bf8                alt_dma_rxchan_list
 .sdata         0x02010c00        0x8 ../homework_bsp/\libhal_bsp.a(alt_dma_txchan_open.o)
                0x02010c00                alt_dma_txchan_list
 .sdata         0x02010c08        0x8 ../homework_bsp/\libhal_bsp.a(alt_tick.o)
                0x02010c08                alt_alarm_list
 *(.sdata2 .sdata2.* .gnu.linkonce.s2.*)
                0x02010c10                . = ALIGN (0x4)
                0x02010c10                _edata = ABSOLUTE (.)
                0x02010c10                PROVIDE (edata, ABSOLUTE (.))
                0x02010c10                PROVIDE (__ram_rwdata_end, ABSOLUTE (.))
                0x02010c10                PROVIDE (__flash_rwdata_start, LOADADDR (.rwdata))

.bss            0x0201281c      0x2f4
                0x0201281c                __bss_start = ABSOLUTE (.)
                0x0201281c                PROVIDE (__sbss_start, ABSOLUTE (.))
                0x0201281c                PROVIDE (___sbss_start, ABSOLUTE (.))
 *(.dynsbss)
 *(.sbss .sbss.* .gnu.linkonce.sb.*)
 .sbss          0x0201281c        0xc f:/quatus/nios2eds/bin/gnu/h-i686-mingw32/bin/../lib/gcc/nios2-elf/4.1.2/../../../../nios2-elf/lib\libc.a(lib_a-locale.o)
                0x0201281c                __nlocale_changed
                0x02012820                __mlocale_changed
                0x02012824                _PathLocale
 .sbss          0x02012828        0xc f:/quatus/nios2eds/bin/gnu/h-i686-mingw32/bin/../lib/gcc/nios2-elf/4.1.2/../../../../nios2-elf/lib\libc.a(lib_a-mallocr.o)
                0x02012828                __malloc_top_pad
                0x0201282c                __malloc_max_sbrked_mem
                0x02012830                __malloc_max_total_mem
 .sbss          0x02012834        0x4 f:/quatus/nios2eds/bin/gnu/h-i686-mingw32/bin/../lib/gcc/nios2-elf/4.1.2/../../../../nios2-elf/lib\libc.a(lib_a-int_errno.o)
                0x02012834                errno
 .sbss          0x02012838        0x4 ../homework_bsp/\libhal_bsp.a(alt_irq_vars.o)
                0x02012838                alt_irq_active
 .sbss          0x0201283c        0xc ../homework_bsp/\libhal_bsp.a(alt_main.o)
                0x0201283c                alt_argc
                0x02012840                alt_argv
                0x02012844                alt_envp
 .sbss          0x02012848        0x8 ../homework_bsp/\libhal_bsp.a(altera_avalon_timer_vars.o)
                0x02012848                altera_avalon_timer_ts_base
                0x0201284c                altera_avalon_timer_ts_freq
 .sbss          0x02012850        0x8 ../homework_bsp/\libhal_bsp.a(alt_tick.o)
                0x02012850                _alt_tick_rate
                0x02012854                _alt_nticks
 *(.sbss2 .sbss2.* .gnu.linkonce.sb2.*)
 *(.scommon)
                0x02012858                PROVIDE (__sbss_end, ABSOLUTE (.))
                0x02012858                PROVIDE (___sbss_end, ABSOLUTE (.))
 *(.dynbss)
 *(.bss .bss.* .gnu.linkonce.b.*)
 .bss           0x02012858        0x0 ../homework_bsp//obj/HAL/src/crt0.o
 .bss           0x02012858        0x0 obj/default/hello_world.o
 .bss           0x02012858        0x0 obj/default/pio.o
 .bss           0x02012858        0x0 obj/default/timebt.o
 .bss           0x02012858        0x0 f:/quatus/nios2eds/bin/gnu/h-i686-mingw32/bin/../lib/gcc/nios2-elf/4.1.2\libgcc.a(_mul_sf.o)
 .bss           0x02012858        0x0 f:/quatus/nios2eds/bin/gnu/h-i686-mingw32/bin/../lib/gcc/nios2-elf/4.1.2\libgcc.a(_sf_to_si.o)
 .bss           0x02012858        0x0 f:/quatus/nios2eds/bin/gnu/h-i686-mingw32/bin/../lib/gcc/nios2-elf/4.1.2\libgcc.a(_thenan_sf.o)
 .bss           0x02012858        0x0 f:/quatus/nios2eds/bin/gnu/h-i686-mingw32/bin/../lib/gcc/nios2-elf/4.1.2\libgcc.a(lib2-divmod.o)
 .bss           0x02012858        0x0 f:/quatus/nios2eds/bin/gnu/h-i686-mingw32/bin/../lib/gcc/nios2-elf/4.1.2\libgcc.a(_muldi3.o)
 .bss           0x02012858        0x0 f:/quatus/nios2eds/bin/gnu/h-i686-mingw32/bin/../lib/gcc/nios2-elf/4.1.2\libgcc.a(_pack_sf.o)
 .bss           0x02012858        0x0 f:/quatus/nios2eds/bin/gnu/h-i686-mingw32/bin/../lib/gcc/nios2-elf/4.1.2\libgcc.a(_unpack_sf.o)
 .bss           0x02012858        0x0 f:/quatus/nios2eds/bin/gnu/h-i686-mingw32/bin/../lib/gcc/nios2-elf/4.1.2/../../../../nios2-elf/lib\libc.a(lib_a-printf.o)
 .bss           0x02012858        0x0 f:/quatus/nios2eds/bin/gnu/h-i686-mingw32/bin/../lib/gcc/nios2-elf/4.1.2/../../../../nios2-elf/lib\libc.a(lib_a-puts.o)
 .bss           0x02012858        0x0 f:/quatus/nios2eds/bin/gnu/h-i686-mingw32/bin/../lib/gcc/nios2-elf/4.1.2/../../../../nios2-elf/lib\libc.a(lib_a-strlen.o)
 .bss           0x02012858        0x0 f:/quatus/nios2eds/bin/gnu/h-i686-mingw32/bin/../lib/gcc/nios2-elf/4.1.2/../../../../nios2-elf/lib\libc.a(lib_a-vfprintf.o)
 .bss           0x02012858        0x0 f:/quatus/nios2eds/bin/gnu/h-i686-mingw32/bin/../lib/gcc/nios2-elf/4.1.2/../../../../nios2-elf/lib\libc.a(lib_a-wsetup.o)
 .bss           0x02012858        0x0 f:/quatus/nios2eds/bin/gnu/h-i686-mingw32/bin/../lib/gcc/nios2-elf/4.1.2/../../../../nios2-elf/lib\libc.a(lib_a-dtoa.o)
 .bss           0x02012858        0x0 f:/quatus/nios2eds/bin/gnu/h-i686-mingw32/bin/../lib/gcc/nios2-elf/4.1.2/../../../../nios2-elf/lib\libc.a(lib_a-fflush.o)
 .bss           0x02012858        0x0 f:/quatus/nios2eds/bin/gnu/h-i686-mingw32/bin/../lib/gcc/nios2-elf/4.1.2/../../../../nios2-elf/lib\libc.a(lib_a-findfp.o)
 .bss           0x02012858        0x0 f:/quatus/nios2eds/bin/gnu/h-i686-mingw32/bin/../lib/gcc/nios2-elf/4.1.2/../../../../nios2-elf/lib\libc.a(lib_a-freer.o)
 .bss           0x02012858        0x0 f:/quatus/nios2eds/bin/gnu/h-i686-mingw32/bin/../lib/gcc/nios2-elf/4.1.2/../../../../nios2-elf/lib\libc.a(lib_a-fvwrite.o)
 .bss           0x02012858        0x0 f:/quatus/nios2eds/bin/gnu/h-i686-mingw32/bin/../lib/gcc/nios2-elf/4.1.2/../../../../nios2-elf/lib\libc.a(lib_a-fwalk.o)
 .bss           0x02012858        0x0 f:/quatus/nios2eds/bin/gnu/h-i686-mingw32/bin/../lib/gcc/nios2-elf/4.1.2/../../../../nios2-elf/lib\libc.a(lib_a-impure.o)
 .bss           0x02012858        0x0 f:/quatus/nios2eds/bin/gnu/h-i686-mingw32/bin/../lib/gcc/nios2-elf/4.1.2/../../../../nios2-elf/lib\libc.a(lib_a-locale.o)
 .bss           0x02012858        0x0 f:/quatus/nios2eds/bin/gnu/h-i686-mingw32/bin/../lib/gcc/nios2-elf/4.1.2/../../../../nios2-elf/lib\libc.a(lib_a-makebuf.o)
 .bss           0x02012858       0x28 f:/quatus/nios2eds/bin/gnu/h-i686-mingw32/bin/../lib/gcc/nios2-elf/4.1.2/../../../../nios2-elf/lib\libc.a(lib_a-mallocr.o)
                0x02012858                __malloc_current_mallinfo
 .bss           0x02012880        0x0 f:/quatus/nios2eds/bin/gnu/h-i686-mingw32/bin/../lib/gcc/nios2-elf/4.1.2/../../../../nios2-elf/lib\libc.a(lib_a-memchr.o)
 .bss           0x02012880        0x0 f:/quatus/nios2eds/bin/gnu/h-i686-mingw32/bin/../lib/gcc/nios2-elf/4.1.2/../../../../nios2-elf/lib\libc.a(lib_a-memcpy.o)
 .bss           0x02012880        0x0 f:/quatus/nios2eds/bin/gnu/h-i686-mingw32/bin/../lib/gcc/nios2-elf/4.1.2/../../../../nios2-elf/lib\libc.a(lib_a-memmove.o)
 .bss           0x02012880        0x0 f:/quatus/nios2eds/bin/gnu/h-i686-mingw32/bin/../lib/gcc/nios2-elf/4.1.2/../../../../nios2-elf/lib\libc.a(lib_a-memset.o)
 .bss           0x02012880        0x0 f:/quatus/nios2eds/bin/gnu/h-i686-mingw32/bin/../lib/gcc/nios2-elf/4.1.2/../../../../nios2-elf/lib\libc.a(lib_a-mprec.o)
 .bss           0x02012880        0x0 f:/quatus/nios2eds/bin/gnu/h-i686-mingw32/bin/../lib/gcc/nios2-elf/4.1.2/../../../../nios2-elf/lib\libc.a(lib_a-reallocr.o)
 .bss           0x02012880        0x0 f:/quatus/nios2eds/bin/gnu/h-i686-mingw32/bin/../lib/gcc/nios2-elf/4.1.2/../../../../nios2-elf/lib\libc.a(lib_a-s_isinfd.o)
 .bss           0x02012880        0x0 f:/quatus/nios2eds/bin/gnu/h-i686-mingw32/bin/../lib/gcc/nios2-elf/4.1.2/../../../../nios2-elf/lib\libc.a(lib_a-s_isnand.o)
 .bss           0x02012880        0x0 f:/quatus/nios2eds/bin/gnu/h-i686-mingw32/bin/../lib/gcc/nios2-elf/4.1.2/../../../../nios2-elf/lib\libc.a(lib_a-sbrkr.o)
 .bss           0x02012880        0x0 f:/quatus/nios2eds/bin/gnu/h-i686-mingw32/bin/../lib/gcc/nios2-elf/4.1.2/../../../../nios2-elf/lib\libc.a(lib_a-stdio.o)
 .bss           0x02012880        0x0 f:/quatus/nios2eds/bin/gnu/h-i686-mingw32/bin/../lib/gcc/nios2-elf/4.1.2/../../../../nios2-elf/lib\libc.a(lib_a-strcmp.o)
 .bss           0x02012880        0x0 f:/quatus/nios2eds/bin/gnu/h-i686-mingw32/bin/../lib/gcc/nios2-elf/4.1.2/../../../../nios2-elf/lib\libc.a(lib_a-writer.o)
 .bss           0x02012880        0x0 f:/quatus/nios2eds/bin/gnu/h-i686-mingw32/bin/../lib/gcc/nios2-elf/4.1.2/../../../../nios2-elf/lib\libc.a(lib_a-callocr.o)
 .bss           0x02012880        0x0 f:/quatus/nios2eds/bin/gnu/h-i686-mingw32/bin/../lib/gcc/nios2-elf/4.1.2/../../../../nios2-elf/lib\libc.a(lib_a-closer.o)
 .bss           0x02012880        0x0 f:/quatus/nios2eds/bin/gnu/h-i686-mingw32/bin/../lib/gcc/nios2-elf/4.1.2/../../../../nios2-elf/lib\libc.a(lib_a-fclose.o)
 .bss           0x02012880        0x0 f:/quatus/nios2eds/bin/gnu/h-i686-mingw32/bin/../lib/gcc/nios2-elf/4.1.2/../../../../nios2-elf/lib\libc.a(lib_a-fstatr.o)
 .bss           0x02012880        0x0 f:/quatus/nios2eds/bin/gnu/h-i686-mingw32/bin/../lib/gcc/nios2-elf/4.1.2/../../../../nios2-elf/lib\libc.a(lib_a-int_errno.o)
 .bss           0x02012880        0x0 f:/quatus/nios2eds/bin/gnu/h-i686-mingw32/bin/../lib/gcc/nios2-elf/4.1.2/../../../../nios2-elf/lib\libc.a(lib_a-isattyr.o)
 .bss           0x02012880        0x0 f:/quatus/nios2eds/bin/gnu/h-i686-mingw32/bin/../lib/gcc/nios2-elf/4.1.2/../../../../nios2-elf/lib\libc.a(lib_a-lseekr.o)
 .bss           0x02012880        0x0 f:/quatus/nios2eds/bin/gnu/h-i686-mingw32/bin/../lib/gcc/nios2-elf/4.1.2/../../../../nios2-elf/lib\libc.a(lib_a-readr.o)
 .bss           0x02012880        0x0 f:/quatus/nios2eds/bin/gnu/h-i686-mingw32/bin/../lib/gcc/nios2-elf/4.1.2\libgcc.a(_udivdi3.o)
 .bss           0x02012880        0x0 f:/quatus/nios2eds/bin/gnu/h-i686-mingw32/bin/../lib/gcc/nios2-elf/4.1.2\libgcc.a(_umoddi3.o)
 .bss           0x02012880        0x0 f:/quatus/nios2eds/bin/gnu/h-i686-mingw32/bin/../lib/gcc/nios2-elf/4.1.2\libgcc.a(_addsub_df.o)
 .bss           0x02012880        0x0 f:/quatus/nios2eds/bin/gnu/h-i686-mingw32/bin/../lib/gcc/nios2-elf/4.1.2\libgcc.a(_mul_df.o)
 .bss           0x02012880        0x0 f:/quatus/nios2eds/bin/gnu/h-i686-mingw32/bin/../lib/gcc/nios2-elf/4.1.2\libgcc.a(_div_df.o)
 .bss           0x02012880        0x0 f:/quatus/nios2eds/bin/gnu/h-i686-mingw32/bin/../lib/gcc/nios2-elf/4.1.2\libgcc.a(_eq_df.o)
 .bss           0x02012880        0x0 f:/quatus/nios2eds/bin/gnu/h-i686-mingw32/bin/../lib/gcc/nios2-elf/4.1.2\libgcc.a(_ne_df.o)
 .bss           0x02012880        0x0 f:/quatus/nios2eds/bin/gnu/h-i686-mingw32/bin/../lib/gcc/nios2-elf/4.1.2\libgcc.a(_gt_df.o)
 .bss           0x02012880        0x0 f:/quatus/nios2eds/bin/gnu/h-i686-mingw32/bin/../lib/gcc/nios2-elf/4.1.2\libgcc.a(_ge_df.o)
 .bss           0x02012880        0x0 f:/quatus/nios2eds/bin/gnu/h-i686-mingw32/bin/../lib/gcc/nios2-elf/4.1.2\libgcc.a(_lt_df.o)
 .bss           0x02012880        0x0 f:/quatus/nios2eds/bin/gnu/h-i686-mingw32/bin/../lib/gcc/nios2-elf/4.1.2\libgcc.a(_si_to_df.o)
 .bss           0x02012880        0x0 f:/quatus/nios2eds/bin/gnu/h-i686-mingw32/bin/../lib/gcc/nios2-elf/4.1.2\libgcc.a(_df_to_si.o)
 .bss           0x02012880        0x0 f:/quatus/nios2eds/bin/gnu/h-i686-mingw32/bin/../lib/gcc/nios2-elf/4.1.2\libgcc.a(_thenan_df.o)
 .bss           0x02012880        0x0 f:/quatus/nios2eds/bin/gnu/h-i686-mingw32/bin/../lib/gcc/nios2-elf/4.1.2\libgcc.a(_usi_to_df.o)
 .bss           0x02012880        0x0 f:/quatus/nios2eds/bin/gnu/h-i686-mingw32/bin/../lib/gcc/nios2-elf/4.1.2\libgcc.a(_clz.o)
 .bss           0x02012880        0x0 f:/quatus/nios2eds/bin/gnu/h-i686-mingw32/bin/../lib/gcc/nios2-elf/4.1.2\libgcc.a(_clzsi2.o)
 .bss           0x02012880        0x0 f:/quatus/nios2eds/bin/gnu/h-i686-mingw32/bin/../lib/gcc/nios2-elf/4.1.2\libgcc.a(_pack_df.o)
 .bss           0x02012880        0x0 f:/quatus/nios2eds/bin/gnu/h-i686-mingw32/bin/../lib/gcc/nios2-elf/4.1.2\libgcc.a(_unpack_df.o)
 .bss           0x02012880        0x0 f:/quatus/nios2eds/bin/gnu/h-i686-mingw32/bin/../lib/gcc/nios2-elf/4.1.2\libgcc.a(_fpcmp_parts_df.o)
 .bss           0x02012880        0x0 ../homework_bsp/\libhal_bsp.a(alt_close.o)
 .bss           0x02012880        0x0 ../homework_bsp/\libhal_bsp.a(alt_dev.o)
 .bss           0x02012880        0x0 ../homework_bsp/\libhal_bsp.a(alt_errno.o)
 .bss           0x02012880        0x0 ../homework_bsp/\libhal_bsp.a(alt_fstat.o)
 .bss           0x02012880        0x0 ../homework_bsp/\libhal_bsp.a(alt_irq_register.o)
 .bss           0x02012880        0x0 ../homework_bsp/\libhal_bsp.a(alt_irq_vars.o)
 .bss           0x02012880        0x0 ../homework_bsp/\libhal_bsp.a(alt_isatty.o)
 .bss           0x02012880        0x0 ../homework_bsp/\libhal_bsp.a(alt_load.o)
 .bss           0x02012880        0x0 ../homework_bsp/\libhal_bsp.a(alt_lseek.o)
 .bss           0x02012880        0x0 ../homework_bsp/\libhal_bsp.a(alt_main.o)
 .bss           0x02012880        0x0 ../homework_bsp/\libhal_bsp.a(alt_malloc_lock.o)
 .bss           0x02012880        0x0 ../homework_bsp/\libhal_bsp.a(alt_read.o)
 .bss           0x02012880        0x0 ../homework_bsp/\libhal_bsp.a(alt_release_fd.o)
 .bss           0x02012880        0x0 ../homework_bsp/\libhal_bsp.a(alt_sbrk.o)
 .bss           0x02012880        0x0 ../homework_bsp/\libhal_bsp.a(alt_write.o)
 .bss           0x02012880        0x0 ../homework_bsp/\libhal_bsp.a(alt_sys_init.o)
 .bss           0x02012880        0x0 ../homework_bsp/\libhal_bsp.a(altera_avalon_dma.o)
 .bss           0x02012880        0x0 ../homework_bsp/\libhal_bsp.a(altera_avalon_jtag_uart_fd.o)
 .bss           0x02012880        0x0 ../homework_bsp/\libhal_bsp.a(altera_avalon_jtag_uart_init.o)
 .bss           0x02012880        0x0 ../homework_bsp/\libhal_bsp.a(altera_avalon_jtag_uart_ioctl.o)
 .bss           0x02012880        0x0 ../homework_bsp/\libhal_bsp.a(altera_avalon_jtag_uart_read.o)
 .bss           0x02012880        0x0 ../homework_bsp/\libhal_bsp.a(altera_avalon_jtag_uart_write.o)
 .bss           0x02012880        0x0 ../homework_bsp/\libhal_bsp.a(altera_avalon_timer_vars.o)
 .bss           0x02012880        0x0 ../homework_bsp/\libhal_bsp.a(altera_avalon_uart_fd.o)
 .bss           0x02012880        0x0 ../homework_bsp/\libhal_bsp.a(altera_avalon_uart_init.o)
 .bss           0x02012880        0x0 ../homework_bsp/\libhal_bsp.a(altera_avalon_uart_read.o)
 .bss           0x02012880        0x0 ../homework_bsp/\libhal_bsp.a(altera_avalon_uart_write.o)
 .bss           0x02012880        0x0 ../homework_bsp/\libhal_bsp.a(alt_alarm_start.o)
 .bss           0x02012880        0x0 ../homework_bsp/\libhal_bsp.a(alt_dcache_flush_all.o)
 .bss           0x02012880        0x0 ../homework_bsp/\libhal_bsp.a(alt_dev_llist_insert.o)
 .bss           0x02012880        0x0 ../homework_bsp/\libhal_bsp.a(alt_dma_rxchan_open.o)
 .bss           0x02012880        0x0 ../homework_bsp/\libhal_bsp.a(alt_dma_txchan_open.o)
 .bss           0x02012880        0x0 ../homework_bsp/\libhal_bsp.a(alt_do_ctors.o)
 .bss           0x02012880        0x0 ../homework_bsp/\libhal_bsp.a(alt_do_dtors.o)
 .bss           0x02012880        0x0 ../homework_bsp/\libhal_bsp.a(alt_find_dev.o)
 .bss           0x02012880        0x0 ../homework_bsp/\libhal_bsp.a(alt_icache_flush_all.o)
 .bss           0x02012880        0x0 ../homework_bsp/\libhal_bsp.a(alt_iic.o)
 .bss           0x02012880        0x0 ../homework_bsp/\libhal_bsp.a(alt_iic_isr_register.o)
 .bss           0x02012880        0x0 ../homework_bsp/\libhal_bsp.a(alt_io_redirect.o)
 .bss           0x02012880        0x0 ../homework_bsp/\libhal_bsp.a(alt_irq_entry.o)
 .bss           0x02012880        0x0 ../homework_bsp/\libhal_bsp.a(alt_irq_handler.o)
 .bss           0x02012880        0x0 ../homework_bsp/\libhal_bsp.a(alt_open.o)
 .bss           0x02012880        0x0 ../homework_bsp/\libhal_bsp.a(alt_tick.o)
 .bss           0x02012880        0x0 ../homework_bsp/\libhal_bsp.a(altera_nios2_qsys_irq.o)
 .bss           0x02012880        0x0 ../homework_bsp/\libhal_bsp.a(alt_exception_entry.o)
 .bss           0x02012880        0x0 ../homework_bsp/\libhal_bsp.a(alt_find_file.o)
 .bss           0x02012880        0x0 ../homework_bsp/\libhal_bsp.a(alt_get_fd.o)
 .bss           0x02012880        0x0 ../homework_bsp/\libhal_bsp.a(alt_icache_flush.o)
 .bss           0x02012880        0x0 f:/quatus/nios2eds/bin/gnu/h-i686-mingw32/bin/../lib/gcc/nios2-elf/4.1.2/../../../../nios2-elf/lib\libc.a(lib_a-atexit.o)
 .bss           0x02012880        0x0 f:/quatus/nios2eds/bin/gnu/h-i686-mingw32/bin/../lib/gcc/nios2-elf/4.1.2/../../../../nios2-elf/lib\libc.a(lib_a-exit.o)
 .bss           0x02012880        0x0 f:/quatus/nios2eds/bin/gnu/h-i686-mingw32/bin/../lib/gcc/nios2-elf/4.1.2/../../../../nios2-elf/lib\libc.a(lib_a-memcmp.o)
 .bss           0x02012880        0x0 f:/quatus/nios2eds/bin/gnu/h-i686-mingw32/bin/../lib/gcc/nios2-elf/4.1.2/../../../../nios2-elf/lib\libc.a(lib_a-__atexit.o)
 .bss           0x02012880        0x0 f:/quatus/nios2eds/bin/gnu/h-i686-mingw32/bin/../lib/gcc/nios2-elf/4.1.2/../../../../nios2-elf/lib\libc.a(lib_a-__call_atexit.o)
 .bss           0x02012880        0x0 ../homework_bsp/\libhal_bsp.a(alt_exit.o)
 *(COMMON)
 COMMON         0x02012880      0x100 ../homework_bsp/\libhal_bsp.a(alt_irq_handler.o)
                0x02012880                alt_irq
 COMMON         0x02012980      0x190 f:/quatus/nios2eds/bin/gnu/h-i686-mingw32/bin/../lib/gcc/nios2-elf/4.1.2/../../../../nios2-elf/lib\libc.a(lib_a-atexit.o)
                0x02012980                _atexit0
                0x02012b10                . = ALIGN (0x4)
                0x02012b10                __bss_end = ABSOLUTE (.)

.sdram_ctrl     0x02012b10        0x0
                0x02012b10                PROVIDE (_alt_partition_sdram_ctrl_start, ABSOLUTE (.))
 *(.sdram_ctrl. sdram_ctrl.*)
                0x02012b10                . = ALIGN (0x4)
                0x02012b10                PROVIDE (_alt_partition_sdram_ctrl_end, ABSOLUTE (.))
                0x02012b10                _end = ABSOLUTE (.)
                0x02012b10                end = ABSOLUTE (.)
                0x02012b10                __alt_stack_base = ABSOLUTE (.)
                0x02012b10                PROVIDE (_alt_partition_sdram_ctrl_load_addr, LOADADDR (.sdram_ctrl))

.stab
 *(.stab)

.stabstr
 *(.stabstr)

.stab.excl
 *(.stab.excl)

.stab.exclstr
 *(.stab.exclstr)

.stab.index
 *(.stab.index)

.stab.indexstr
 *(.stab.indexstr)

.comment        0x00000000       0x26
 *(.comment)
 .comment       0x00000000       0x26 obj/default/hello_world.o
                                 0x27 (size before relaxing)
 .comment       0x00000000       0x27 obj/default/pio.o
 .comment       0x00000000       0x27 obj/default/timebt.o
 .comment       0x00000000       0x27 f:/quatus/nios2eds/bin/gnu/h-i686-mingw32/bin/../lib/gcc/nios2-elf/4.1.2\libgcc.a(_mul_sf.o)
 .comment       0x00000000       0x27 f:/quatus/nios2eds/bin/gnu/h-i686-mingw32/bin/../lib/gcc/nios2-elf/4.1.2\libgcc.a(_sf_to_si.o)
 .comment       0x00000000       0x27 f:/quatus/nios2eds/bin/gnu/h-i686-mingw32/bin/../lib/gcc/nios2-elf/4.1.2\libgcc.a(_thenan_sf.o)
 .comment       0x00000000       0x27 f:/quatus/nios2eds/bin/gnu/h-i686-mingw32/bin/../lib/gcc/nios2-elf/4.1.2\libgcc.a(lib2-divmod.o)
 .comment       0x00000000       0x27 f:/quatus/nios2eds/bin/gnu/h-i686-mingw32/bin/../lib/gcc/nios2-elf/4.1.2\libgcc.a(_muldi3.o)
 .comment       0x00000000       0x27 f:/quatus/nios2eds/bin/gnu/h-i686-mingw32/bin/../lib/gcc/nios2-elf/4.1.2\libgcc.a(_pack_sf.o)
 .comment       0x00000000       0x27 f:/quatus/nios2eds/bin/gnu/h-i686-mingw32/bin/../lib/gcc/nios2-elf/4.1.2\libgcc.a(_unpack_sf.o)
 .comment       0x00000000       0x27 f:/quatus/nios2eds/bin/gnu/h-i686-mingw32/bin/../lib/gcc/nios2-elf/4.1.2/../../../../nios2-elf/lib\libc.a(lib_a-printf.o)
 .comment       0x00000000       0x27 f:/quatus/nios2eds/bin/gnu/h-i686-mingw32/bin/../lib/gcc/nios2-elf/4.1.2/../../../../nios2-elf/lib\libc.a(lib_a-puts.o)
 .comment       0x00000000       0x27 f:/quatus/nios2eds/bin/gnu/h-i686-mingw32/bin/../lib/gcc/nios2-elf/4.1.2/../../../../nios2-elf/lib\libc.a(lib_a-strlen.o)
 .comment       0x00000000       0x27 f:/quatus/nios2eds/bin/gnu/h-i686-mingw32/bin/../lib/gcc/nios2-elf/4.1.2/../../../../nios2-elf/lib\libc.a(lib_a-vfprintf.o)
 .comment       0x00000000       0x27 f:/quatus/nios2eds/bin/gnu/h-i686-mingw32/bin/../lib/gcc/nios2-elf/4.1.2/../../../../nios2-elf/lib\libc.a(lib_a-wsetup.o)
 .comment       0x00000000       0x27 f:/quatus/nios2eds/bin/gnu/h-i686-mingw32/bin/../lib/gcc/nios2-elf/4.1.2/../../../../nios2-elf/lib\libc.a(lib_a-dtoa.o)
 .comment       0x00000000       0x27 f:/quatus/nios2eds/bin/gnu/h-i686-mingw32/bin/../lib/gcc/nios2-elf/4.1.2/../../../../nios2-elf/lib\libc.a(lib_a-fflush.o)
 .comment       0x00000000       0x27 f:/quatus/nios2eds/bin/gnu/h-i686-mingw32/bin/../lib/gcc/nios2-elf/4.1.2/../../../../nios2-elf/lib\libc.a(lib_a-findfp.o)
 .comment       0x00000000       0x27 f:/quatus/nios2eds/bin/gnu/h-i686-mingw32/bin/../lib/gcc/nios2-elf/4.1.2/../../../../nios2-elf/lib\libc.a(lib_a-freer.o)
 .comment       0x00000000       0x27 f:/quatus/nios2eds/bin/gnu/h-i686-mingw32/bin/../lib/gcc/nios2-elf/4.1.2/../../../../nios2-elf/lib\libc.a(lib_a-fvwrite.o)
 .comment       0x00000000       0x27 f:/quatus/nios2eds/bin/gnu/h-i686-mingw32/bin/../lib/gcc/nios2-elf/4.1.2/../../../../nios2-elf/lib\libc.a(lib_a-fwalk.o)
 .comment       0x00000000       0x27 f:/quatus/nios2eds/bin/gnu/h-i686-mingw32/bin/../lib/gcc/nios2-elf/4.1.2/../../../../nios2-elf/lib\libc.a(lib_a-impure.o)
 .comment       0x00000000       0x27 f:/quatus/nios2eds/bin/gnu/h-i686-mingw32/bin/../lib/gcc/nios2-elf/4.1.2/../../../../nios2-elf/lib\libc.a(lib_a-locale.o)
 .comment       0x00000000       0x27 f:/quatus/nios2eds/bin/gnu/h-i686-mingw32/bin/../lib/gcc/nios2-elf/4.1.2/../../../../nios2-elf/lib\libc.a(lib_a-makebuf.o)
 .comment       0x00000000       0x27 f:/quatus/nios2eds/bin/gnu/h-i686-mingw32/bin/../lib/gcc/nios2-elf/4.1.2/../../../../nios2-elf/lib\libc.a(lib_a-mallocr.o)
 .comment       0x00000000       0x27 f:/quatus/nios2eds/bin/gnu/h-i686-mingw32/bin/../lib/gcc/nios2-elf/4.1.2/../../../../nios2-elf/lib\libc.a(lib_a-memchr.o)
 .comment       0x00000000       0x27 f:/quatus/nios2eds/bin/gnu/h-i686-mingw32/bin/../lib/gcc/nios2-elf/4.1.2/../../../../nios2-elf/lib\libc.a(lib_a-memcpy.o)
 .comment       0x00000000       0x27 f:/quatus/nios2eds/bin/gnu/h-i686-mingw32/bin/../lib/gcc/nios2-elf/4.1.2/../../../../nios2-elf/lib\libc.a(lib_a-memmove.o)
 .comment       0x00000000       0x27 f:/quatus/nios2eds/bin/gnu/h-i686-mingw32/bin/../lib/gcc/nios2-elf/4.1.2/../../../../nios2-elf/lib\libc.a(lib_a-memset.o)
 .comment       0x00000000       0x27 f:/quatus/nios2eds/bin/gnu/h-i686-mingw32/bin/../lib/gcc/nios2-elf/4.1.2/../../../../nios2-elf/lib\libc.a(lib_a-mprec.o)
 .comment       0x00000000       0x27 f:/quatus/nios2eds/bin/gnu/h-i686-mingw32/bin/../lib/gcc/nios2-elf/4.1.2/../../../../nios2-elf/lib\libc.a(lib_a-reallocr.o)
 .comment       0x00000000       0x27 f:/quatus/nios2eds/bin/gnu/h-i686-mingw32/bin/../lib/gcc/nios2-elf/4.1.2/../../../../nios2-elf/lib\libc.a(lib_a-s_isinfd.o)
 .comment       0x00000000       0x27 f:/quatus/nios2eds/bin/gnu/h-i686-mingw32/bin/../lib/gcc/nios2-elf/4.1.2/../../../../nios2-elf/lib\libc.a(lib_a-s_isnand.o)
 .comment       0x00000000       0x27 f:/quatus/nios2eds/bin/gnu/h-i686-mingw32/bin/../lib/gcc/nios2-elf/4.1.2/../../../../nios2-elf/lib\libc.a(lib_a-sbrkr.o)
 .comment       0x00000000       0x27 f:/quatus/nios2eds/bin/gnu/h-i686-mingw32/bin/../lib/gcc/nios2-elf/4.1.2/../../../../nios2-elf/lib\libc.a(lib_a-stdio.o)
 .comment       0x00000000       0x27 f:/quatus/nios2eds/bin/gnu/h-i686-mingw32/bin/../lib/gcc/nios2-elf/4.1.2/../../../../nios2-elf/lib\libc.a(lib_a-strcmp.o)
 .comment       0x00000000       0x27 f:/quatus/nios2eds/bin/gnu/h-i686-mingw32/bin/../lib/gcc/nios2-elf/4.1.2/../../../../nios2-elf/lib\libc.a(lib_a-writer.o)
 .comment       0x00000000       0x27 f:/quatus/nios2eds/bin/gnu/h-i686-mingw32/bin/../lib/gcc/nios2-elf/4.1.2/../../../../nios2-elf/lib\libc.a(lib_a-callocr.o)
 .comment       0x00000000       0x27 f:/quatus/nios2eds/bin/gnu/h-i686-mingw32/bin/../lib/gcc/nios2-elf/4.1.2/../../../../nios2-elf/lib\libc.a(lib_a-closer.o)
 .comment       0x00000000       0x27 f:/quatus/nios2eds/bin/gnu/h-i686-mingw32/bin/../lib/gcc/nios2-elf/4.1.2/../../../../nios2-elf/lib\libc.a(lib_a-fclose.o)
 .comment       0x00000000       0x27 f:/quatus/nios2eds/bin/gnu/h-i686-mingw32/bin/../lib/gcc/nios2-elf/4.1.2/../../../../nios2-elf/lib\libc.a(lib_a-fstatr.o)
 .comment       0x00000000       0x27 f:/quatus/nios2eds/bin/gnu/h-i686-mingw32/bin/../lib/gcc/nios2-elf/4.1.2/../../../../nios2-elf/lib\libc.a(lib_a-int_errno.o)
 .comment       0x00000000       0x27 f:/quatus/nios2eds/bin/gnu/h-i686-mingw32/bin/../lib/gcc/nios2-elf/4.1.2/../../../../nios2-elf/lib\libc.a(lib_a-isattyr.o)
 .comment       0x00000000       0x27 f:/quatus/nios2eds/bin/gnu/h-i686-mingw32/bin/../lib/gcc/nios2-elf/4.1.2/../../../../nios2-elf/lib\libc.a(lib_a-lseekr.o)
 .comment       0x00000000       0x27 f:/quatus/nios2eds/bin/gnu/h-i686-mingw32/bin/../lib/gcc/nios2-elf/4.1.2/../../../../nios2-elf/lib\libc.a(lib_a-readr.o)
 .comment       0x00000000       0x27 f:/quatus/nios2eds/bin/gnu/h-i686-mingw32/bin/../lib/gcc/nios2-elf/4.1.2\libgcc.a(_udivdi3.o)
 .comment       0x00000000       0x27 f:/quatus/nios2eds/bin/gnu/h-i686-mingw32/bin/../lib/gcc/nios2-elf/4.1.2\libgcc.a(_umoddi3.o)
 .comment       0x00000000       0x27 f:/quatus/nios2eds/bin/gnu/h-i686-mingw32/bin/../lib/gcc/nios2-elf/4.1.2\libgcc.a(_addsub_df.o)
 .comment       0x00000000       0x27 f:/quatus/nios2eds/bin/gnu/h-i686-mingw32/bin/../lib/gcc/nios2-elf/4.1.2\libgcc.a(_mul_df.o)
 .comment       0x00000000       0x27 f:/quatus/nios2eds/bin/gnu/h-i686-mingw32/bin/../lib/gcc/nios2-elf/4.1.2\libgcc.a(_div_df.o)
 .comment       0x00000000       0x27 f:/quatus/nios2eds/bin/gnu/h-i686-mingw32/bin/../lib/gcc/nios2-elf/4.1.2\libgcc.a(_eq_df.o)
 .comment       0x00000000       0x27 f:/quatus/nios2eds/bin/gnu/h-i686-mingw32/bin/../lib/gcc/nios2-elf/4.1.2\libgcc.a(_ne_df.o)
 .comment       0x00000000       0x27 f:/quatus/nios2eds/bin/gnu/h-i686-mingw32/bin/../lib/gcc/nios2-elf/4.1.2\libgcc.a(_gt_df.o)
 .comment       0x00000000       0x27 f:/quatus/nios2eds/bin/gnu/h-i686-mingw32/bin/../lib/gcc/nios2-elf/4.1.2\libgcc.a(_ge_df.o)
 .comment       0x00000000       0x27 f:/quatus/nios2eds/bin/gnu/h-i686-mingw32/bin/../lib/gcc/nios2-elf/4.1.2\libgcc.a(_lt_df.o)
 .comment       0x00000000       0x27 f:/quatus/nios2eds/bin/gnu/h-i686-mingw32/bin/../lib/gcc/nios2-elf/4.1.2\libgcc.a(_si_to_df.o)
 .comment       0x00000000       0x27 f:/quatus/nios2eds/bin/gnu/h-i686-mingw32/bin/../lib/gcc/nios2-elf/4.1.2\libgcc.a(_df_to_si.o)
 .comment       0x00000000       0x27 f:/quatus/nios2eds/bin/gnu/h-i686-mingw32/bin/../lib/gcc/nios2-elf/4.1.2\libgcc.a(_thenan_df.o)
 .comment       0x00000000       0x27 f:/quatus/nios2eds/bin/gnu/h-i686-mingw32/bin/../lib/gcc/nios2-elf/4.1.2\libgcc.a(_usi_to_df.o)
 .comment       0x00000000       0x27 f:/quatus/nios2eds/bin/gnu/h-i686-mingw32/bin/../lib/gcc/nios2-elf/4.1.2\libgcc.a(_clz.o)
 .comment       0x00000000       0x27 f:/quatus/nios2eds/bin/gnu/h-i686-mingw32/bin/../lib/gcc/nios2-elf/4.1.2\libgcc.a(_clzsi2.o)
 .comment       0x00000000       0x27 f:/quatus/nios2eds/bin/gnu/h-i686-mingw32/bin/../lib/gcc/nios2-elf/4.1.2\libgcc.a(_pack_df.o)
 .comment       0x00000000       0x27 f:/quatus/nios2eds/bin/gnu/h-i686-mingw32/bin/../lib/gcc/nios2-elf/4.1.2\libgcc.a(_unpack_df.o)
 .comment       0x00000000       0x27 f:/quatus/nios2eds/bin/gnu/h-i686-mingw32/bin/../lib/gcc/nios2-elf/4.1.2\libgcc.a(_fpcmp_parts_df.o)
 .comment       0x00000000       0x27 ../homework_bsp/\libhal_bsp.a(alt_close.o)
 .comment       0x00000000       0x27 ../homework_bsp/\libhal_bsp.a(alt_dev.o)
 .comment       0x00000000       0x27 ../homework_bsp/\libhal_bsp.a(alt_errno.o)
 .comment       0x00000000       0x27 ../homework_bsp/\libhal_bsp.a(alt_fstat.o)
 .comment       0x00000000       0x27 ../homework_bsp/\libhal_bsp.a(alt_irq_register.o)
 .comment       0x00000000       0x27 ../homework_bsp/\libhal_bsp.a(alt_irq_vars.o)
 .comment       0x00000000       0x27 ../homework_bsp/\libhal_bsp.a(alt_isatty.o)
 .comment       0x00000000       0x27 ../homework_bsp/\libhal_bsp.a(alt_load.o)
 .comment       0x00000000       0x27 ../homework_bsp/\libhal_bsp.a(alt_lseek.o)
 .comment       0x00000000       0x27 ../homework_bsp/\libhal_bsp.a(alt_main.o)
 .comment       0x00000000       0x27 ../homework_bsp/\libhal_bsp.a(alt_malloc_lock.o)
 .comment       0x00000000       0x27 ../homework_bsp/\libhal_bsp.a(alt_read.o)
 .comment       0x00000000       0x27 ../homework_bsp/\libhal_bsp.a(alt_release_fd.o)
 .comment       0x00000000       0x27 ../homework_bsp/\libhal_bsp.a(alt_sbrk.o)
 .comment       0x00000000       0x27 ../homework_bsp/\libhal_bsp.a(alt_write.o)
 .comment       0x00000000       0x27 ../homework_bsp/\libhal_bsp.a(alt_sys_init.o)
 .comment       0x00000000       0x27 ../homework_bsp/\libhal_bsp.a(altera_avalon_dma.o)
 .comment       0x00000000       0x27 ../homework_bsp/\libhal_bsp.a(altera_avalon_jtag_uart_fd.o)
 .comment       0x00000000       0x27 ../homework_bsp/\libhal_bsp.a(altera_avalon_jtag_uart_init.o)
 .comment       0x00000000       0x27 ../homework_bsp/\libhal_bsp.a(altera_avalon_jtag_uart_ioctl.o)
 .comment       0x00000000       0x27 ../homework_bsp/\libhal_bsp.a(altera_avalon_jtag_uart_read.o)
 .comment       0x00000000       0x27 ../homework_bsp/\libhal_bsp.a(altera_avalon_jtag_uart_write.o)
 .comment       0x00000000       0x27 ../homework_bsp/\libhal_bsp.a(altera_avalon_timer_vars.o)
 .comment       0x00000000       0x27 ../homework_bsp/\libhal_bsp.a(altera_avalon_uart_fd.o)
 .comment       0x00000000       0x27 ../homework_bsp/\libhal_bsp.a(altera_avalon_uart_init.o)
 .comment       0x00000000       0x27 ../homework_bsp/\libhal_bsp.a(altera_avalon_uart_read.o)
 .comment       0x00000000       0x27 ../homework_bsp/\libhal_bsp.a(altera_avalon_uart_write.o)
 .comment       0x00000000       0x27 ../homework_bsp/\libhal_bsp.a(alt_alarm_start.o)
 .comment       0x00000000       0x27 ../homework_bsp/\libhal_bsp.a(alt_dcache_flush_all.o)
 .comment       0x00000000       0x27 ../homework_bsp/\libhal_bsp.a(alt_dev_llist_insert.o)
 .comment       0x00000000       0x27 ../homework_bsp/\libhal_bsp.a(alt_dma_rxchan_open.o)
 .comment       0x00000000       0x27 ../homework_bsp/\libhal_bsp.a(alt_dma_txchan_open.o)
 .comment       0x00000000       0x27 ../homework_bsp/\libhal_bsp.a(alt_do_ctors.o)
 .comment       0x00000000       0x27 ../homework_bsp/\libhal_bsp.a(alt_do_dtors.o)
 .comment       0x00000000       0x27 ../homework_bsp/\libhal_bsp.a(alt_find_dev.o)
 .comment       0x00000000       0x27 ../homework_bsp/\libhal_bsp.a(alt_icache_flush_all.o)
 .comment       0x00000000       0x27 ../homework_bsp/\libhal_bsp.a(alt_iic.o)
 .comment       0x00000000       0x27 ../homework_bsp/\libhal_bsp.a(alt_iic_isr_register.o)
 .comment       0x00000000       0x27 ../homework_bsp/\libhal_bsp.a(alt_io_redirect.o)
 .comment       0x00000000       0x27 ../homework_bsp/\libhal_bsp.a(alt_irq_handler.o)
 .comment       0x00000000       0x27 ../homework_bsp/\libhal_bsp.a(alt_open.o)
 .comment       0x00000000       0x27 ../homework_bsp/\libhal_bsp.a(alt_tick.o)
 .comment       0x00000000       0x27 ../homework_bsp/\libhal_bsp.a(altera_nios2_qsys_irq.o)
 .comment       0x00000000       0x27 ../homework_bsp/\libhal_bsp.a(alt_find_file.o)
 .comment       0x00000000       0x27 ../homework_bsp/\libhal_bsp.a(alt_get_fd.o)
 .comment       0x00000000       0x27 ../homework_bsp/\libhal_bsp.a(alt_icache_flush.o)
 .comment       0x00000000       0x27 f:/quatus/nios2eds/bin/gnu/h-i686-mingw32/bin/../lib/gcc/nios2-elf/4.1.2/../../../../nios2-elf/lib\libc.a(lib_a-atexit.o)
 .comment       0x00000000       0x27 f:/quatus/nios2eds/bin/gnu/h-i686-mingw32/bin/../lib/gcc/nios2-elf/4.1.2/../../../../nios2-elf/lib\libc.a(lib_a-exit.o)
 .comment       0x00000000       0x27 f:/quatus/nios2eds/bin/gnu/h-i686-mingw32/bin/../lib/gcc/nios2-elf/4.1.2/../../../../nios2-elf/lib\libc.a(lib_a-memcmp.o)
 .comment       0x00000000       0x27 f:/quatus/nios2eds/bin/gnu/h-i686-mingw32/bin/../lib/gcc/nios2-elf/4.1.2/../../../../nios2-elf/lib\libc.a(lib_a-__atexit.o)
 .comment       0x00000000       0x27 f:/quatus/nios2eds/bin/gnu/h-i686-mingw32/bin/../lib/gcc/nios2-elf/4.1.2/../../../../nios2-elf/lib\libc.a(lib_a-__call_atexit.o)
 .comment       0x00000000       0x27 ../homework_bsp/\libhal_bsp.a(alt_exit.o)

.debug
 *(.debug)

.line
 *(.line)

.debug_srcinfo
 *(.debug_srcinfo)

.debug_sfnames
 *(.debug_sfnames)

.debug_aranges  0x00000000      0xe18
 *(.debug_aranges)
 .debug_aranges
                0x00000000       0x28 ../homework_bsp//obj/HAL/src/crt0.o
 .debug_aranges
                0x00000028       0x20 obj/default/hello_world.o
 .debug_aranges
                0x00000048       0x20 obj/default/pio.o
 .debug_aranges
                0x00000068       0x20 obj/default/timebt.o
 .debug_aranges
                0x00000088       0x20 f:/quatus/nios2eds/bin/gnu/h-i686-mingw32/bin/../lib/gcc/nios2-elf/4.1.2\libgcc.a(_mul_sf.o)
 .debug_aranges
                0x000000a8       0x20 f:/quatus/nios2eds/bin/gnu/h-i686-mingw32/bin/../lib/gcc/nios2-elf/4.1.2\libgcc.a(_sf_to_si.o)
 .debug_aranges
                0x000000c8       0x20 f:/quatus/nios2eds/bin/gnu/h-i686-mingw32/bin/../lib/gcc/nios2-elf/4.1.2\libgcc.a(lib2-divmod.o)
 .debug_aranges
                0x000000e8       0x20 f:/quatus/nios2eds/bin/gnu/h-i686-mingw32/bin/../lib/gcc/nios2-elf/4.1.2\libgcc.a(_muldi3.o)
 .debug_aranges
                0x00000108       0x20 f:/quatus/nios2eds/bin/gnu/h-i686-mingw32/bin/../lib/gcc/nios2-elf/4.1.2\libgcc.a(_pack_sf.o)
 .debug_aranges
                0x00000128       0x20 f:/quatus/nios2eds/bin/gnu/h-i686-mingw32/bin/../lib/gcc/nios2-elf/4.1.2\libgcc.a(_unpack_sf.o)
 .debug_aranges
                0x00000148       0x20 f:/quatus/nios2eds/bin/gnu/h-i686-mingw32/bin/../lib/gcc/nios2-elf/4.1.2/../../../../nios2-elf/lib\libc.a(lib_a-printf.o)
 .debug_aranges
                0x00000168       0x20 f:/quatus/nios2eds/bin/gnu/h-i686-mingw32/bin/../lib/gcc/nios2-elf/4.1.2/../../../../nios2-elf/lib\libc.a(lib_a-puts.o)
 .debug_aranges
                0x00000188       0x20 f:/quatus/nios2eds/bin/gnu/h-i686-mingw32/bin/../lib/gcc/nios2-elf/4.1.2/../../../../nios2-elf/lib\libc.a(lib_a-strlen.o)
 .debug_aranges
                0x000001a8       0x20 f:/quatus/nios2eds/bin/gnu/h-i686-mingw32/bin/../lib/gcc/nios2-elf/4.1.2/../../../../nios2-elf/lib\libc.a(lib_a-vfprintf.o)
 .debug_aranges
                0x000001c8       0x20 f:/quatus/nios2eds/bin/gnu/h-i686-mingw32/bin/../lib/gcc/nios2-elf/4.1.2/../../../../nios2-elf/lib\libc.a(lib_a-wsetup.o)
 .debug_aranges
                0x000001e8       0x20 f:/quatus/nios2eds/bin/gnu/h-i686-mingw32/bin/../lib/gcc/nios2-elf/4.1.2/../../../../nios2-elf/lib\libc.a(lib_a-dtoa.o)
 .debug_aranges
                0x00000208       0x20 f:/quatus/nios2eds/bin/gnu/h-i686-mingw32/bin/../lib/gcc/nios2-elf/4.1.2/../../../../nios2-elf/lib\libc.a(lib_a-fflush.o)
 .debug_aranges
                0x00000228       0x20 f:/quatus/nios2eds/bin/gnu/h-i686-mingw32/bin/../lib/gcc/nios2-elf/4.1.2/../../../../nios2-elf/lib\libc.a(lib_a-findfp.o)
 .debug_aranges
                0x00000248       0x20 f:/quatus/nios2eds/bin/gnu/h-i686-mingw32/bin/../lib/gcc/nios2-elf/4.1.2/../../../../nios2-elf/lib\libc.a(lib_a-freer.o)
 .debug_aranges
                0x00000268       0x20 f:/quatus/nios2eds/bin/gnu/h-i686-mingw32/bin/../lib/gcc/nios2-elf/4.1.2/../../../../nios2-elf/lib\libc.a(lib_a-fvwrite.o)
 .debug_aranges
                0x00000288       0x20 f:/quatus/nios2eds/bin/gnu/h-i686-mingw32/bin/../lib/gcc/nios2-elf/4.1.2/../../../../nios2-elf/lib\libc.a(lib_a-fwalk.o)
 .debug_aranges
                0x000002a8       0x20 f:/quatus/nios2eds/bin/gnu/h-i686-mingw32/bin/../lib/gcc/nios2-elf/4.1.2/../../../../nios2-elf/lib\libc.a(lib_a-locale.o)
 .debug_aranges
                0x000002c8       0x20 f:/quatus/nios2eds/bin/gnu/h-i686-mingw32/bin/../lib/gcc/nios2-elf/4.1.2/../../../../nios2-elf/lib\libc.a(lib_a-makebuf.o)
 .debug_aranges
                0x000002e8       0x20 f:/quatus/nios2eds/bin/gnu/h-i686-mingw32/bin/../lib/gcc/nios2-elf/4.1.2/../../../../nios2-elf/lib\libc.a(lib_a-mallocr.o)
 .debug_aranges
                0x00000308       0x20 f:/quatus/nios2eds/bin/gnu/h-i686-mingw32/bin/../lib/gcc/nios2-elf/4.1.2/../../../../nios2-elf/lib\libc.a(lib_a-memchr.o)
 .debug_aranges
                0x00000328       0x20 f:/quatus/nios2eds/bin/gnu/h-i686-mingw32/bin/../lib/gcc/nios2-elf/4.1.2/../../../../nios2-elf/lib\libc.a(lib_a-memcpy.o)
 .debug_aranges
                0x00000348       0x20 f:/quatus/nios2eds/bin/gnu/h-i686-mingw32/bin/../lib/gcc/nios2-elf/4.1.2/../../../../nios2-elf/lib\libc.a(lib_a-memmove.o)
 .debug_aranges
                0x00000368       0x20 f:/quatus/nios2eds/bin/gnu/h-i686-mingw32/bin/../lib/gcc/nios2-elf/4.1.2/../../../../nios2-elf/lib\libc.a(lib_a-memset.o)
 .debug_aranges
                0x00000388       0x20 f:/quatus/nios2eds/bin/gnu/h-i686-mingw32/bin/../lib/gcc/nios2-elf/4.1.2/../../../../nios2-elf/lib\libc.a(lib_a-mprec.o)
 .debug_aranges
                0x000003a8       0x20 f:/quatus/nios2eds/bin/gnu/h-i686-mingw32/bin/../lib/gcc/nios2-elf/4.1.2/../../../../nios2-elf/lib\libc.a(lib_a-reallocr.o)
 .debug_aranges
                0x000003c8       0x20 f:/quatus/nios2eds/bin/gnu/h-i686-mingw32/bin/../lib/gcc/nios2-elf/4.1.2/../../../../nios2-elf/lib\libc.a(lib_a-s_isinfd.o)
 .debug_aranges
                0x000003e8       0x20 f:/quatus/nios2eds/bin/gnu/h-i686-mingw32/bin/../lib/gcc/nios2-elf/4.1.2/../../../../nios2-elf/lib\libc.a(lib_a-s_isnand.o)
 .debug_aranges
                0x00000408       0x20 f:/quatus/nios2eds/bin/gnu/h-i686-mingw32/bin/../lib/gcc/nios2-elf/4.1.2/../../../../nios2-elf/lib\libc.a(lib_a-sbrkr.o)
 .debug_aranges
                0x00000428       0x20 f:/quatus/nios2eds/bin/gnu/h-i686-mingw32/bin/../lib/gcc/nios2-elf/4.1.2/../../../../nios2-elf/lib\libc.a(lib_a-stdio.o)
 .debug_aranges
                0x00000448       0x20 f:/quatus/nios2eds/bin/gnu/h-i686-mingw32/bin/../lib/gcc/nios2-elf/4.1.2/../../../../nios2-elf/lib\libc.a(lib_a-strcmp.o)
 .debug_aranges
                0x00000468       0x20 f:/quatus/nios2eds/bin/gnu/h-i686-mingw32/bin/../lib/gcc/nios2-elf/4.1.2/../../../../nios2-elf/lib\libc.a(lib_a-writer.o)
 .debug_aranges
                0x00000488       0x20 f:/quatus/nios2eds/bin/gnu/h-i686-mingw32/bin/../lib/gcc/nios2-elf/4.1.2/../../../../nios2-elf/lib\libc.a(lib_a-callocr.o)
 .debug_aranges
                0x000004a8       0x20 f:/quatus/nios2eds/bin/gnu/h-i686-mingw32/bin/../lib/gcc/nios2-elf/4.1.2/../../../../nios2-elf/lib\libc.a(lib_a-closer.o)
 .debug_aranges
                0x000004c8       0x20 f:/quatus/nios2eds/bin/gnu/h-i686-mingw32/bin/../lib/gcc/nios2-elf/4.1.2/../../../../nios2-elf/lib\libc.a(lib_a-fclose.o)
 .debug_aranges
                0x000004e8       0x20 f:/quatus/nios2eds/bin/gnu/h-i686-mingw32/bin/../lib/gcc/nios2-elf/4.1.2/../../../../nios2-elf/lib\libc.a(lib_a-fstatr.o)
 .debug_aranges
                0x00000508       0x20 f:/quatus/nios2eds/bin/gnu/h-i686-mingw32/bin/../lib/gcc/nios2-elf/4.1.2/../../../../nios2-elf/lib\libc.a(lib_a-isattyr.o)
 .debug_aranges
                0x00000528       0x20 f:/quatus/nios2eds/bin/gnu/h-i686-mingw32/bin/../lib/gcc/nios2-elf/4.1.2/../../../../nios2-elf/lib\libc.a(lib_a-lseekr.o)
 .debug_aranges
                0x00000548       0x20 f:/quatus/nios2eds/bin/gnu/h-i686-mingw32/bin/../lib/gcc/nios2-elf/4.1.2/../../../../nios2-elf/lib\libc.a(lib_a-readr.o)
 .debug_aranges
                0x00000568       0x20 f:/quatus/nios2eds/bin/gnu/h-i686-mingw32/bin/../lib/gcc/nios2-elf/4.1.2\libgcc.a(_udivdi3.o)
 .debug_aranges
                0x00000588       0x20 f:/quatus/nios2eds/bin/gnu/h-i686-mingw32/bin/../lib/gcc/nios2-elf/4.1.2\libgcc.a(_umoddi3.o)
 .debug_aranges
                0x000005a8       0x20 f:/quatus/nios2eds/bin/gnu/h-i686-mingw32/bin/../lib/gcc/nios2-elf/4.1.2\libgcc.a(_addsub_df.o)
 .debug_aranges
                0x000005c8       0x20 f:/quatus/nios2eds/bin/gnu/h-i686-mingw32/bin/../lib/gcc/nios2-elf/4.1.2\libgcc.a(_mul_df.o)
 .debug_aranges
                0x000005e8       0x20 f:/quatus/nios2eds/bin/gnu/h-i686-mingw32/bin/../lib/gcc/nios2-elf/4.1.2\libgcc.a(_div_df.o)
 .debug_aranges
                0x00000608       0x20 f:/quatus/nios2eds/bin/gnu/h-i686-mingw32/bin/../lib/gcc/nios2-elf/4.1.2\libgcc.a(_eq_df.o)
 .debug_aranges
                0x00000628       0x20 f:/quatus/nios2eds/bin/gnu/h-i686-mingw32/bin/../lib/gcc/nios2-elf/4.1.2\libgcc.a(_ne_df.o)
 .debug_aranges
                0x00000648       0x20 f:/quatus/nios2eds/bin/gnu/h-i686-mingw32/bin/../lib/gcc/nios2-elf/4.1.2\libgcc.a(_gt_df.o)
 .debug_aranges
                0x00000668       0x20 f:/quatus/nios2eds/bin/gnu/h-i686-mingw32/bin/../lib/gcc/nios2-elf/4.1.2\libgcc.a(_ge_df.o)
 .debug_aranges
                0x00000688       0x20 f:/quatus/nios2eds/bin/gnu/h-i686-mingw32/bin/../lib/gcc/nios2-elf/4.1.2\libgcc.a(_lt_df.o)
 .debug_aranges
                0x000006a8       0x20 f:/quatus/nios2eds/bin/gnu/h-i686-mingw32/bin/../lib/gcc/nios2-elf/4.1.2\libgcc.a(_si_to_df.o)
 .debug_aranges
                0x000006c8       0x20 f:/quatus/nios2eds/bin/gnu/h-i686-mingw32/bin/../lib/gcc/nios2-elf/4.1.2\libgcc.a(_df_to_si.o)
 .debug_aranges
                0x000006e8       0x20 f:/quatus/nios2eds/bin/gnu/h-i686-mingw32/bin/../lib/gcc/nios2-elf/4.1.2\libgcc.a(_usi_to_df.o)
 .debug_aranges
                0x00000708       0x20 f:/quatus/nios2eds/bin/gnu/h-i686-mingw32/bin/../lib/gcc/nios2-elf/4.1.2\libgcc.a(_clzsi2.o)
 .debug_aranges
                0x00000728       0x20 f:/quatus/nios2eds/bin/gnu/h-i686-mingw32/bin/../lib/gcc/nios2-elf/4.1.2\libgcc.a(_pack_df.o)
 .debug_aranges
                0x00000748       0x20 f:/quatus/nios2eds/bin/gnu/h-i686-mingw32/bin/../lib/gcc/nios2-elf/4.1.2\libgcc.a(_unpack_df.o)
 .debug_aranges
                0x00000768       0x20 f:/quatus/nios2eds/bin/gnu/h-i686-mingw32/bin/../lib/gcc/nios2-elf/4.1.2\libgcc.a(_fpcmp_parts_df.o)
 .debug_aranges
                0x00000788       0x20 ../homework_bsp/\libhal_bsp.a(alt_close.o)
 .debug_aranges
                0x000007a8       0x20 ../homework_bsp/\libhal_bsp.a(alt_dev.o)
 .debug_aranges
                0x000007c8       0x20 ../homework_bsp/\libhal_bsp.a(alt_fstat.o)
 .debug_aranges
                0x000007e8       0x20 ../homework_bsp/\libhal_bsp.a(alt_irq_register.o)
 .debug_aranges
                0x00000808       0x20 ../homework_bsp/\libhal_bsp.a(alt_isatty.o)
 .debug_aranges
                0x00000828       0x20 ../homework_bsp/\libhal_bsp.a(alt_load.o)
 .debug_aranges
                0x00000848       0x20 ../homework_bsp/\libhal_bsp.a(alt_lseek.o)
 .debug_aranges
                0x00000868       0x20 ../homework_bsp/\libhal_bsp.a(alt_main.o)
 .debug_aranges
                0x00000888       0x20 ../homework_bsp/\libhal_bsp.a(alt_malloc_lock.o)
 .debug_aranges
                0x000008a8       0x20 ../homework_bsp/\libhal_bsp.a(alt_read.o)
 .debug_aranges
                0x000008c8       0x20 ../homework_bsp/\libhal_bsp.a(alt_release_fd.o)
 .debug_aranges
                0x000008e8       0x20 ../homework_bsp/\libhal_bsp.a(alt_sbrk.o)
 .debug_aranges
                0x00000908       0x20 ../homework_bsp/\libhal_bsp.a(alt_write.o)
 .debug_aranges