Archive member included because of file (symbol)

d:/alalala/nios2eds/bin/gnu/h-i686-mingw32/bin/../lib/gcc/nios2-elf/4.1.2\libgcc.a(_fixunssfsi.o)
                              obj/default/timer.o (__fixunssfsi)
d:/alalala/nios2eds/bin/gnu/h-i686-mingw32/bin/../lib/gcc/nios2-elf/4.1.2\libgcc.a(_addsub_sf.o)
                              d:/alalala/nios2eds/bin/gnu/h-i686-mingw32/bin/../lib/gcc/nios2-elf/4.1.2\libgcc.a(_fixunssfsi.o) (__subsf3)
d:/alalala/nios2eds/bin/gnu/h-i686-mingw32/bin/../lib/gcc/nios2-elf/4.1.2\libgcc.a(_mul_sf.o)
                              obj/default/timer.o (__mulsf3)
d:/alalala/nios2eds/bin/gnu/h-i686-mingw32/bin/../lib/gcc/nios2-elf/4.1.2\libgcc.a(_ge_sf.o)
                              d:/alalala/nios2eds/bin/gnu/h-i686-mingw32/bin/../lib/gcc/nios2-elf/4.1.2\libgcc.a(_fixunssfsi.o) (__gesf2)
d:/alalala/nios2eds/bin/gnu/h-i686-mingw32/bin/../lib/gcc/nios2-elf/4.1.2\libgcc.a(_sf_to_si.o)
                              d:/alalala/nios2eds/bin/gnu/h-i686-mingw32/bin/../lib/gcc/nios2-elf/4.1.2\libgcc.a(_fixunssfsi.o) (__fixsfsi)
d:/alalala/nios2eds/bin/gnu/h-i686-mingw32/bin/../lib/gcc/nios2-elf/4.1.2\libgcc.a(_sf_to_df.o)
                              obj/default/timer.o (__extendsfdf2)
d:/alalala/nios2eds/bin/gnu/h-i686-mingw32/bin/../lib/gcc/nios2-elf/4.1.2\libgcc.a(_thenan_sf.o)
                              d:/alalala/nios2eds/bin/gnu/h-i686-mingw32/bin/../lib/gcc/nios2-elf/4.1.2\libgcc.a(_addsub_sf.o) (__thenan_sf)
d:/alalala/nios2eds/bin/gnu/h-i686-mingw32/bin/../lib/gcc/nios2-elf/4.1.2\libgcc.a(_usi_to_sf.o)
                              obj/default/timer.o (__floatunsisf)
d:/alalala/nios2eds/bin/gnu/h-i686-mingw32/bin/../lib/gcc/nios2-elf/4.1.2\libgcc.a(_make_df.o)
                              d:/alalala/nios2eds/bin/gnu/h-i686-mingw32/bin/../lib/gcc/nios2-elf/4.1.2\libgcc.a(_sf_to_df.o) (__make_dp)
d:/alalala/nios2eds/bin/gnu/h-i686-mingw32/bin/../lib/gcc/nios2-elf/4.1.2\libgcc.a(lib2-divmod.o)
                              obj/default/timer.o (__umodsi3)
d:/alalala/nios2eds/bin/gnu/h-i686-mingw32/bin/../lib/gcc/nios2-elf/4.1.2\libgcc.a(_muldi3.o)
                              d:/alalala/nios2eds/bin/gnu/h-i686-mingw32/bin/../lib/gcc/nios2-elf/4.1.2\libgcc.a(_mul_sf.o) (__muldi3)
d:/alalala/nios2eds/bin/gnu/h-i686-mingw32/bin/../lib/gcc/nios2-elf/4.1.2\libgcc.a(_clzsi2.o)
                              d:/alalala/nios2eds/bin/gnu/h-i686-mingw32/bin/../lib/gcc/nios2-elf/4.1.2\libgcc.a(_usi_to_sf.o) (__clzsi2)
d:/alalala/nios2eds/bin/gnu/h-i686-mingw32/bin/../lib/gcc/nios2-elf/4.1.2\libgcc.a(_pack_sf.o)
                              d:/alalala/nios2eds/bin/gnu/h-i686-mingw32/bin/../lib/gcc/nios2-elf/4.1.2\libgcc.a(_addsub_sf.o) (__pack_f)
d:/alalala/nios2eds/bin/gnu/h-i686-mingw32/bin/../lib/gcc/nios2-elf/4.1.2\libgcc.a(_unpack_sf.o)
                              d:/alalala/nios2eds/bin/gnu/h-i686-mingw32/bin/../lib/gcc/nios2-elf/4.1.2\libgcc.a(_addsub_sf.o) (__unpack_f)
d:/alalala/nios2eds/bin/gnu/h-i686-mingw32/bin/../lib/gcc/nios2-elf/4.1.2\libgcc.a(_fpcmp_parts_sf.o)
                              d:/alalala/nios2eds/bin/gnu/h-i686-mingw32/bin/../lib/gcc/nios2-elf/4.1.2\libgcc.a(_ge_sf.o) (__fpcmp_parts_f)
d:/alalala/nios2eds/bin/gnu/h-i686-mingw32/bin/../lib/gcc/nios2-elf/4.1.2\libgcc.a(_pack_df.o)
                              d:/alalala/nios2eds/bin/gnu/h-i686-mingw32/bin/../lib/gcc/nios2-elf/4.1.2\libgcc.a(_make_df.o) (__pack_d)
d:/alalala/nios2eds/bin/gnu/h-i686-mingw32/bin/../lib/gcc/nios2-elf/4.1.2\libgcc.a(_clz.o)
                              d:/alalala/nios2eds/bin/gnu/h-i686-mingw32/bin/../lib/gcc/nios2-elf/4.1.2\libgcc.a(_clzsi2.o) (__clz_tab)
d:/alalala/nios2eds/bin/gnu/h-i686-mingw32/bin/../lib/gcc/nios2-elf/4.1.2/../../../../nios2-elf/lib\libc.a(lib_a-printf.o)
                              obj/default/timer.o (printf)
d:/alalala/nios2eds/bin/gnu/h-i686-mingw32/bin/../lib/gcc/nios2-elf/4.1.2/../../../../nios2-elf/lib\libc.a(lib_a-puts.o)
                              obj/default/hello_world.o (puts)
d:/alalala/nios2eds/bin/gnu/h-i686-mingw32/bin/../lib/gcc/nios2-elf/4.1.2/../../../../nios2-elf/lib\libc.a(lib_a-strlen.o)
                              d:/alalala/nios2eds/bin/gnu/h-i686-mingw32/bin/../lib/gcc/nios2-elf/4.1.2/../../../../nios2-elf/lib\libc.a(lib_a-puts.o) (strlen)
d:/alalala/nios2eds/bin/gnu/h-i686-mingw32/bin/../lib/gcc/nios2-elf/4.1.2/../../../../nios2-elf/lib\libc.a(lib_a-vfprintf.o)
                              d:/alalala/nios2eds/bin/gnu/h-i686-mingw32/bin/../lib/gcc/nios2-elf/4.1.2/../../../../nios2-elf/lib\libc.a(lib_a-printf.o) (___vfprintf_internal_r)
d:/alalala/nios2eds/bin/gnu/h-i686-mingw32/bin/../lib/gcc/nios2-elf/4.1.2/../../../../nios2-elf/lib\libc.a(lib_a-wsetup.o)
                              d:/alalala/nios2eds/bin/gnu/h-i686-mingw32/bin/../lib/gcc/nios2-elf/4.1.2/../../../../nios2-elf/lib\libc.a(lib_a-vfprintf.o) (__swsetup_r)
[...]
Memory Configuration

Name             Origin             Length             Attributes
reset            0x02000000         0x00000020
sdram_ctrl       0x02000020         0x01ffffe0
*default*        0x00000000         0xffffffff

Linker script and memory map

LOAD ../de2_timer_irq_bsp//obj/HAL/src/crt0.o
LOAD obj/default/hello_world.o
LOAD obj/default/timer.o
LOAD d:/alalala/nios2eds/bin/gnu/h-i686-mingw32/bin/../lib/gcc/nios2-elf/4.1.2/../../../../nios2-elf/lib\libstdc++.a
LOAD d:/alalala/nios2eds/bin/gnu/h-i686-mingw32/bin/../lib/gcc/nios2-elf/4.1.2/../../../../nios2-elf/lib\libm.a
LOAD d:/alalala/nios2eds/bin/gnu/h-i686-mingw32/bin/../lib/gcc/nios2-elf/4.1.2\libgcc.a
START GROUP
LOAD d:/alalala/nios2eds/bin/gnu/h-i686-mingw32/bin/../lib/gcc/nios2-elf/4.1.2/../../../../nios2-elf/lib\libc.a
LOAD d:/alalala/nios2eds/bin/gnu/h-i686-mingw32/bin/../lib/gcc/nios2-elf/4.1.2\libgcc.a
LOAD ../de2_timer_irq_bsp/\libhal_bsp.a
END GROUP
LOAD d:/alalala/nios2eds/bin/gnu/h-i686-mingw32/bin/../lib/gcc/nios2-elf/4.1.2\libgcc.a
                0x02000000                __alt_mem_sdram_ctrl = 0x2000000

.entry          0x02000000       0x20
 *(.entry)
 .entry         0x02000000       0x20 ../de2_timer_irq_bsp//obj/HAL/src/crt0.o
                0x02000000                __reset

.exceptions     0x02000020      0x194
                0x02000020                PROVIDE (__ram_exceptions_start, ABSOLUTE (.))
                0x02000020                . = ALIGN (0x20)
 *(.irq)
 *(.exceptions.entry.label)
 .exceptions.entry.label
                0x02000020        0x0 ../de2_timer_irq_bsp/\libhal_bsp.a(alt_irq_entry.o)
                0x02000020                alt_irq_entry
 .exceptions.entry.label
                0x02000020        0x0 ../de2_timer_irq_bsp/\libhal_bsp.a(alt_exception_entry.o)
                0x02000020                alt_exception
 *(.exceptions.entry.user)
 *(.exceptions.entry)
 .exceptions.entry
                0x02000020       0x54 ../de2_timer_irq_bsp/\libhal_bsp.a(alt_exception_entry.o)
 *(.exceptions.irqtest.user)
 *(.exceptions.irqtest)
 .exceptions.irqtest
                0x02000074       0x10 ../de2_timer_irq_bsp/\libhal_bsp.a(alt_irq_entry.o)
 *(.exceptions.irqhandler.user)
 *(.exceptions.irqhandler)
 .exceptions.irqhandler
                0x02000084        0x4 ../de2_timer_irq_bsp/\libhal_bsp.a(alt_irq_entry.o)
 *(.exceptions.irqreturn.user)
 *(.exceptions.irqreturn)
 .exceptions.irqreturn
                0x02000088        0x4 ../de2_timer_irq_bsp/\libhal_bsp.a(alt_irq_entry.o)
 *(.exceptions.notirq.label)
 .exceptions.notirq.label
                0x0200008c        0x0 ../de2_timer_irq_bsp/\libhal_bsp.a(alt_irq_entry.o)
 *(.exceptions.notirq.user)
 *(.exceptions.notirq)
 .exceptions.notirq
                0x0200008c        0x8 ../de2_timer_irq_bsp/\libhal_bsp.a(alt_exception_entry.o)
 *(.exceptions.soft.user)
 *(.exceptions.soft)
 *(.exceptions.unknown.user)
 *(.exceptions.unknown)
 .exceptions.unknown
                0x02000094        0x4 ../de2_timer_irq_bsp/\libhal_bsp.a(alt_exception_entry.o)
 *(.exceptions.exit.label)
 .exceptions.exit.label
                0x02000098        0x0 ../de2_timer_irq_bsp/\libhal_bsp.a(alt_irq_entry.o)
 .exceptions.exit.label
                0x02000098        0x0 ../de2_timer_irq_bsp/\libhal_bsp.a(alt_exception_entry.o)
 *(.exceptions.exit.user)
 *(.exceptions.exit)
 .exceptions.exit
                0x02000098       0x54 ../de2_timer_irq_bsp/\libhal_bsp.a(alt_exception_entry.o)
 *(.exceptions)
 .exceptions    0x020000ec       0xc8 ../de2_timer_irq_bsp/\libhal_bsp.a(alt_irq_handler.o)
                0x020000ec                alt_irq_handler
                0x020001b4                PROVIDE (__ram_exceptions_end, ABSOLUTE (.))
                0x02000020                PROVIDE (__flash_exceptions_start, LOADADDR (.exceptions))

.text           0x020001b4     0xe874
                0x020001b4                PROVIDE (stext, ABSOLUTE (.))
 *(.interp)
 *(.hash)
 *(.dynsym)
 *(.dynstr)
 *(.gnu.version)
 *(.gnu.version_d)
 *(.gnu.version_r)
 *(.rel.init)
 *(.rela.init)
 *(.rel.text .rel.text.* .rel.gnu.linkonce.t.*)
 *(.rela.text .rela.text.* .rela.gnu.linkonce.t.*)
 *(.rel.fini)
 *(.rela.fini)
 *(.rel.rodata .rel.rodata.* .rel.gnu.linkonce.r.*)
 *(.rela.rodata .rela.rodata.* .rela.gnu.linkonce.r.*)
 *(.rel.data .rel.data.* .rel.gnu.linkonce.d.*)
 *(.rela.data .rela.data.* .rela.gnu.linkonce.d.*)
 *(.rel.tdata .rel.tdata.* .rel.gnu.linkonce.td.*)
 *(.rela.tdata .rela.tdata.* .rela.gnu.linkonce.td.*)
 *(.rel.tbss .rel.tbss.* .rel.gnu.linkonce.tb.*)
 *(.rela.tbss .rela.tbss.* .rela.gnu.linkonce.tb.*)
 *(.rel.ctors)
 *(.rela.ctors)
 *(.rel.dtors)
 *(.rela.dtors)
 *(.rel.got)
 *(.rela.got)
 *(.rel.sdata .rel.sdata.* .rel.gnu.linkonce.s.*)
 *(.rela.sdata .rela.sdata.* .rela.gnu.linkonce.s.*)
 *(.rel.sbss .rel.sbss.* .rel.gnu.linkonce.sb.*)
 *(.rela.sbss .rela.sbss.* .rela.gnu.linkonce.sb.*)
 *(.rel.sdata2 .rel.sdata2.* .rel.gnu.linkonce.s2.*)
 *(.rela.sdata2 .rela.sdata2.* .rela.gnu.linkonce.s2.*)
 *(.rel.sbss2 .rel.sbss2.* .rel.gnu.linkonce.sb2.*)
 *(.rela.sbss2 .rela.sbss2.* .rela.gnu.linkonce.sb2.*)
 *(.rel.bss .rel.bss.* .rel.gnu.linkonce.b.*)
 *(.rela.bss .rela.bss.* .rela.gnu.linkonce.b.*)
 *(.rel.plt)
 *(.rela.plt)
 *(.rel.dyn)
 *(.init)
 *(.plt)
 *(.text .stub .text.* .gnu.linkonce.t.*)
 .text          0x020001b4       0x4c ../de2_timer_irq_bsp//obj/HAL/src/crt0.o
                0x020001b4                _start
 .text          0x02000200       0x44 obj/default/hello_world.o
                0x02000200                main
 .text          0x02000244      0x2fc obj/default/timer.o
                0x02000244                DoEnableTimerInterrupt
                0x02000370                DoDisableTimerInterrupt
                0x020003c8                TimerISRInitial
                0x02000464                SetLed
                0x020004e0                TimerISR
 .text          0x02000540       0x70 d:/alalala/nios2eds/bin/gnu/h-i686-mingw32/bin/../lib/gcc/nios2-elf/4.1.2\libgcc.a(_fixunssfsi.o)
                0x02000540                __fixunssfsi
 .text          0x020005b0      0x2b8 d:/alalala/nios2eds/bin/gnu/h-i686-mingw32/bin/../lib/gcc/nios2-elf/4.1.2\libgcc.a(_addsub_sf.o)
                0x02000794                __subsf3
                0x02000804                __addsf3
 .text          0x02000868      0x1e0 d:/alalala/nios2eds/bin/gnu/h-i686-mingw32/bin/../lib/gcc/nios2-elf/4.1.2\libgcc.a(_mul_sf.o)
                0x02000868                __mulsf3
 .text          0x02000a48       0x78 d:/alalala/nios2eds/bin/gnu/h-i686-mingw32/bin/../lib/gcc/nios2-elf/4.1.2\libgcc.a(_ge_sf.o)
                0x02000a48                __gesf2
 .text          0x02000ac0       0x94 d:/alalala/nios2eds/bin/gnu/h-i686-mingw32/bin/../lib/gcc/nios2-elf/4.1.2\libgcc.a(_sf_to_si.o)
                0x02000ac0                __fixsfsi
 .text          0x02000b54       0x54 d:/alalala/nios2eds/bin/gnu/h-i686-mingw32/bin/../lib/gcc/nios2-elf/4.1.2\libgcc.a(_sf_to_df.o)
                0x02000b54                __extendsfdf2
 .text          0x02000ba8        0x0 d:/alalala/nios2eds/bin/gnu/h-i686-mingw32/bin/../lib/gcc/nios2-elf/4.1.2\libgcc.a(_thenan_sf.o)
 .text          0x02000ba8       0xc0 d:/alalala/nios2eds/bin/gnu/h-i686-mingw32/bin/../lib/gcc/nios2-elf/4.1.2\libgcc.a(_usi_to_sf.o)
                0x02000ba8                __floatunsisf
 .text          0x02000c68       0x38 d:/alalala/nios2eds/bin/gnu/h-i686-mingw32/bin/../lib/gcc/nios2-elf/4.1.2\libgcc.a(_make_df.o)
                0x02000c68                __make_dp
 .text          0x02000ca0      0x14c d:/alalala/nios2eds/bin/gnu/h-i686-mingw32/bin/../lib/gcc/nios2-elf/4.1.2\libgcc.a(lib2-divmod.o)
                0x02000d1c                __divsi3
                0x02000d7c                __modsi3
                0x02000ddc                __udivsi3
                0x02000de4                __umodsi3
 .text          0x02000dec       0x98 d:/alalala/nios2eds/bin/gnu/h-i686-mingw32/bin/../lib/gcc/nios2-elf/4.1.2\libgcc.a(_muldi3.o)
                0x02000dec                __muldi3
 .text          0x02000e84       0x80 d:/alalala/nios2eds/bin/gnu/h-i686-mingw32/bin/../lib/gcc/nios2-elf/4.1.2\libgcc.a(_clzsi2.o)
                0x02000e84                __clzsi2
 .text          0x02000f04      0x160 d:/alalala/nios2eds/bin/gnu/h-i686-mingw32/bin/../lib/gcc/nios2-elf/4.1.2\libgcc.a(_pack_sf.o)
                0x02000f04                __pack_f
 .text          0x02001064       0xc8 d:/alalala/nios2eds/bin/gnu/h-i686-mingw32/bin/../lib/gcc/nios2-elf/4.1.2\libgcc.a(_unpack_sf.o)
                0x02001064                __unpack_f
 .text          0x0200112c       0xa8 d:/alalala/nios2eds/bin/gnu/h-i686-mingw32/bin/../lib/gcc/nios2-elf/4.1.2\libgcc.a(_fpcmp_parts_sf.o)
                0x0200112c                __fpcmp_parts_f
 .text          0x020011d4      0x314 d:/alalala/nios2eds/bin/gnu/h-i686-mingw32/bin/../lib/gcc/nios2-elf/4.1.2\libgcc.a(_pack_df.o)
                0x020011d4                __pack_d
 .text          0x020014e8        0x0 d:/alalala/nios2eds/bin/gnu/h-i686-mingw32/bin/../lib/gcc/nios2-elf/4.1.2\libgcc.a(_clz.o)
 .text          0x020014e8       0x78 d:/alalala/nios2eds/bin/gnu/h-i686-mingw32/bin/../lib/gcc/nios2-elf/4.1.2/../../../../nios2-elf/lib\libc.a(lib_a-printf.o)
                0x020014e8                printf
                0x0200152c                _printf_r
 .text          0x02001560       0xb4 d:/alalala/nios2eds/bin/gnu/h-i686-mingw32/bin/../lib/gcc/nios2-elf/4.1.2/../../../../nios2-elf/lib\libc.a(lib_a-puts.o)
                0x02001560                _puts_r
                0x02001600                puts
 .text          0x02001614       0x74 d:/alalala/nios2eds/bin/gnu/h-i686-mingw32/bin/../lib/gcc/nios2-elf/4.1.2/../../../../nios2-elf/lib\libc.a(lib_a-strlen.o)
                0x02001614                strlen
 .text          0x02001688     0x1f28 d:/alalala/nios2eds/bin/gnu/h-i686-mingw32/bin/../lib/gcc/nios2-elf/4.1.2/../../../../nios2-elf/lib\libc.a(lib_a-vfprintf.o)
                0x020016e0                ___vfprintf_internal_r
                0x0200358c                __vfprintf_internal
 .text          0x020035b0      0x13c d:/alalala/nios2eds/bin/gnu/h-i686-mingw32/bin/../lib/gcc/nios2-elf/4.1.2/../../../../nios2-elf/lib\libc.a(lib_a-wsetup.o)
                0x020035b0                __swsetup_r
 .text          0x020036ec     0x17cc d:/alalala/nios2eds/bin/gnu/h-i686-mingw32/bin/../lib/gcc/nios2-elf/4.1.2/../../../../nios2-elf/lib\libc.a(lib_a-dtoa.o)
                0x02003904                _dtoa_r
 .text          0x02004eb8      0x230 d:/alalala/nios2eds/bin/gnu/h-i686-mingw32/bin/../lib/gcc/nios2-elf/4.1.2/../../../../nios2-elf/lib\libc.a(lib_a-fflush.o)
                0x02004eb8                _fflush_r
                0x020050b4                fflush
 .text          0x020050e8      0x2c0 d:/alalala/nios2eds/bin/gnu/h-i686-mingw32/bin/../lib/gcc/nios2-elf/4.1.2/../../../../nios2-elf/lib\libc.a(lib_a-findfp.o)
                0x02005140                __sfp_lock_acquire
                0x02005144                __sfp_lock_release
                0x02005148                __sinit_lock_acquire
                0x0200514c                __sinit_lock_release
                0x02005150                __sinit
                0x02005204                __fp_unlock_all
                0x0200521c                __fp_lock_all
                0x02005234                _cleanup_r
                0x02005240                _cleanup
                0x02005250                __sfmoreglue
                0x020052b8                __sfp
 .text          0x020053a8      0x440 d:/alalala/nios2eds/bin/gnu/h-i686-mingw32/bin/../lib/gcc/nios2-elf/4.1.2/../../../../nios2-elf/lib\libc.a(lib_a-freer.o)
                0x020053a8                _malloc_trim_r
                0x020054d4                _free_r
 .text          0x020057e8      0x49c d:/alalala/nios2eds/bin/gnu/h-i686-mingw32/bin/../lib/gcc/nios2-elf/4.1.2/../../../../nios2-elf/lib\libc.a(lib_a-fvwrite.o)
                0x020057e8                __sfvwrite_r
 .text          0x02005c84      0x180 d:/alalala/nios2eds/bin/gnu/h-i686-mingw32/bin/../lib/gcc/nios2-elf/4.1.2/../../../../nios2-elf/lib\libc.a(lib_a-fwalk.o)
                0x02005c84                _fwalk_reent
                0x02005d4c                _fwalk
 .text          0x02005e04        0x0 d:/alalala/nios2eds/bin/gnu/h-i686-mingw32/bin/../lib/gcc/nios2-elf/4.1.2/../../../../nios2-elf/lib\libc.a(lib_a-impure.o)
 .text          0x02005e04       0xc4 d:/alalala/nios2eds/bin/gnu/h-i686-mingw32/bin/../lib/gcc/nios2-elf/4.1.2/../../../../nios2-elf/lib\libc.a(lib_a-locale.o)
                0x02005e04                __locale_charset
                0x02005e0c                _localeconv_r
                0x02005e18                localeconv
                0x02005e28                _setlocale_r
                0x02005eac                setlocale
 .text          0x02005ec8      0x194 d:/alalala/nios2eds/bin/gnu/h-i686-mingw32/bin/../lib/gcc/nios2-elf/4.1.2/../../../../nios2-elf/lib\libc.a(lib_a-makebuf.o)
                0x02005ec8                __smakebuf_r
 .text          0x0200605c      0x740 d:/alalala/nios2eds/bin/gnu/h-i686-mingw32/bin/../lib/gcc/nios2-elf/4.1.2/../../../../nios2-elf/lib\libc.a(lib_a-mallocr.o)
                0x0200605c                _malloc_r
 .text          0x0200679c       0xe4 d:/alalala/nios2eds/bin/gnu/h-i686-mingw32/bin/../lib/gcc/nios2-elf/4.1.2/../../../../nios2-elf/lib\libc.a(lib_a-memchr.o)
                0x0200679c                memchr
 .text          0x02006880       0xa0 d:/alalala/nios2eds/bin/gnu/h-i686-mingw32/bin/../lib/gcc/nios2-elf/4.1.2/../../../../nios2-elf/lib\libc.a(lib_a-memcpy.o)
                0x02006880                memcpy
 .text          0x02006920       0xe0 d:/alalala/nios2eds/bin/gnu/h-i686-mingw32/bin/../lib/gcc/nios2-elf/4.1.2/../../../../nios2-elf/lib\libc.a(lib_a-memmove.o)
                0x02006920                memmove
 .text          0x02006a00       0x98 d:/alalala/nios2eds/bin/gnu/h-i686-mingw32/bin/../lib/gcc/nios2-elf/4.1.2/../../../../nios2-elf/lib\libc.a(lib_a-memset.o)
                0x02006a00                memset
 .text          0x02006a98      0xff4 d:/alalala/nios2eds/bin/gnu/h-i686-mingw32/bin/../lib/gcc/nios2-elf/4.1.2/../../../../nios2-elf/lib\libc.a(lib_a-mprec.o)
                0x02006a98                _Bfree
                0x02006ac0                __hi0bits
                0x02006b30                __lo0bits
                0x02006bf4                __mcmp
                0x02006c54                __ulp
                0x02006cd4                __b2d
                0x02006df4                __ratio
                0x02006ea4                _mprec_log10
                0x02006f38                __copybits
                0x02006f90                __any_on
                0x02007018                _Balloc
                0x020070d4                __d2b
                0x02007250                __mdiff
                0x020073dc                __lshift
                0x02007528                __multiply
                0x02007710                __i2b
                0x0200774c                __multadd
                0x0200784c                __pow5mult
                0x0200796c                __s2b
 .text          0x02007a8c      0x5f4 d:/alalala/nios2eds/bin/gnu/h-i686-mingw32/bin/../lib/gcc/nios2-elf/4.1.2/../../../../nios2-elf/lib\libc.a(lib_a-reallocr.o)
                0x02007a8c                _realloc_r
 .text          0x02008080       0x40 d:/alalala/nios2eds/bin/gnu/h-i686-mingw32/bin/../lib/gcc/nios2-elf/4.1.2/../../../../nios2-elf/lib\libc.a(lib_a-s_isinfd.o)
                0x02008080                __isinfd
 .text          0x020080c0       0x30 d:/alalala/nios2eds/bin/gnu/h-i686-mingw32/bin/../lib/gcc/nios2-elf/4.1.2/../../../../nios2-elf/lib\libc.a(lib_a-s_isnand.o)
                0x020080c0                __isnand
 .text          0x020080f0       0x70 d:/alalala/nios2eds/bin/gnu/h-i686-mingw32/bin/../lib/gcc/nios2-elf/4.1.2/../../../../nios2-elf/lib\libc.a(lib_a-sbrkr.o)
                0x020080f0                _sbrk_r
 .text          0x02008160      0x14c d:/alalala/nios2eds/bin/gnu/h-i686-mingw32/bin/../lib/gcc/nios2-elf/4.1.2/../../../../nios2-elf/lib\libc.a(lib_a-stdio.o)
                0x02008160                __sclose
                0x02008168                __sseek
                0x020081d0                __swrite
                0x0200824c                __sread
 .text          0x020082ac       0xbc d:/alalala/nios2eds/bin/gnu/h-i686-mingw32/bin/../lib/gcc/nios2-elf/4.1.2/../../../../nios2-elf/lib\libc.a(lib_a-strcmp.o)
                0x020082ac                strcmp
 .text          0x02008368       0x78 d:/alalala/nios2eds/bin/gnu/h-i686-mingw32/bin/../lib/gcc/nios2-elf/4.1.2/../../../../nios2-elf/lib\libc.a(lib_a-writer.o)
                0x02008368                _write_r
 .text          0x020083e0       0xb4 d:/alalala/nios2eds/bin/gnu/h-i686-mingw32/bin/../lib/gcc/nios2-elf/4.1.2/../../../../nios2-elf/lib\libc.a(lib_a-callocr.o)
                0x020083e0                _calloc_r
 .text          0x02008494       0x70 d:/alalala/nios2eds/bin/gnu/h-i686-mingw32/bin/../lib/gcc/nios2-elf/4.1.2/../../../../nios2-elf/lib\libc.a(lib_a-closer.o)
                0x02008494                _close_r
 .text          0x02008504      0x124 d:/alalala/nios2eds/bin/gnu/h-i686-mingw32/bin/../lib/gcc/nios2-elf/4.1.2/../../../../nios2-elf/lib\libc.a(lib_a-fclose.o)
                0x02008504                _fclose_r
                0x02008614                fclose
 .text          0x02008628       0x74 d:/alalala/nios2eds/bin/gnu/h-i686-mingw32/bin/../lib/gcc/nios2-elf/4.1.2/../../../../nios2-elf/lib\libc.a(lib_a-fstatr.o)
                0x02008628                _fstat_r
 .text          0x0200869c        0x0 d:/alalala/nios2eds/bin/gnu/h-i686-mingw32/bin/../lib/gcc/nios2-elf/4.1.2/../../../../nios2-elf/lib\libc.a(lib_a-int_errno.o)
 .text          0x0200869c       0x70 d:/alalala/nios2eds/bin/gnu/h-i686-mingw32/bin/../lib/gcc/nios2-elf/4.1.2/../../../../nios2-elf/lib\libc.a(lib_a-isattyr.o)
                0x0200869c                _isatty_r
 .text          0x0200870c       0x78 d:/alalala/nios2eds/bin/gnu/h-i686-mingw32/bin/../lib/gcc/nios2-elf/4.1.2/../../../../nios2-elf/lib\libc.a(lib_a-lseekr.o)
                0x0200870c                _lseek_r
 .text          0x02008784       0x78 d:/alalala/nios2eds/bin/gnu/h-i686-mingw32/bin/../lib/gcc/nios2-elf/4.1.2/../../../../nios2-elf/lib\libc.a(lib_a-readr.o)
                0x02008784                _read_r
 .text          0x020087fc      0x5dc d:/alalala/nios2eds/bin/gnu/h-i686-mingw32/bin/../lib/gcc/nios2-elf/4.1.2\libgcc.a(_udivdi3.o)
                0x020087fc                __udivdi3
 .text          0x02008dd8      0x5b0 d:/alalala/nios2eds/bin/gnu/h-i686-mingw32/bin/../lib/gcc/nios2-elf/4.1.2\libgcc.a(_umoddi3.o)
                0x02008dd8                __umoddi3
 .text          0x02009388      0x504 d:/alalala/nios2eds/bin/gnu/h-i686-mingw32/bin/../lib/gcc/nios2-elf/4.1.2\libgcc.a(_addsub_df.o)
                0x02009798                __subdf3
                0x02009818                __adddf3
 .text          0x0200988c      0x3c4 d:/alalala/nios2eds/bin/gnu/h-i686-mingw32/bin/../lib/gcc/nios2-elf/4.1.2\libgcc.a(_mul_df.o)
                0x0200988c                __muldf3
 .text          0x02009c50      0x258 d:/alalala/nios2eds/bin/gnu/h-i686-mingw32/bin/../lib/gcc/nios2-elf/4.1.2\libgcc.a(_div_df.o)
                0x02009c50                __divdf3
 .text          0x02009ea8       0x88 d:/alalala/nios2eds/bin/gnu/h-i686-mingw32/bin/../lib/gcc/nios2-elf/4.1.2\libgcc.a(_eq_df.o)
                0x02009ea8                __eqdf2
 .text          0x02009f30       0x88 d:/alalala/nios2eds/bin/gnu/h-i686-mingw32/bin/../lib/gcc/nios2-elf/4.1.2\libgcc.a(_ne_df.o)
                0x02009f30                __nedf2
 .text          0x02009fb8       0x88 d:/alalala/nios2eds/bin/gnu/h-i686-mingw32/bin/../lib/gcc/nios2-elf/4.1.2\libgcc.a(_gt_df.o)
                0x02009fb8                __gtdf2
 .text          0x0200a040       0x88 d:/alalala/nios2eds/bin/gnu/h-i686-mingw32/bin/../lib/gcc/nios2-elf/4.1.2\libgcc.a(_ge_df.o)
                0x0200a040                __gedf2
 .text          0x0200a0c8       0x88 d:/alalala/nios2eds/bin/gnu/h-i686-mingw32/bin/../lib/gcc/nios2-elf/4.1.2\libgcc.a(_lt_df.o)
                0x0200a0c8                __ltdf2
 .text          0x0200a150       0xf8 d:/alalala/nios2eds/bin/gnu/h-i686-mingw32/bin/../lib/gcc/nios2-elf/4.1.2\libgcc.a(_si_to_df.o)
                0x0200a150                __floatsidf
 .text          0x0200a248       0xd8 d:/alalala/nios2eds/bin/gnu/h-i686-mingw32/bin/../lib/gcc/nios2-elf/4.1.2\libgcc.a(_df_to_si.o)
                0x0200a248                __fixdfsi
 .text          0x0200a320        0x0 d:/alalala/nios2eds/bin/gnu/h-i686-mingw32/bin/../lib/gcc/nios2-elf/4.1.2\libgcc.a(_thenan_df.o)
 .text          0x0200a320      0x194 d:/alalala/nios2eds/bin/gnu/h-i686-mingw32/bin/../lib/gcc/nios2-elf/4.1.2\libgcc.a(_usi_to_df.o)
                0x0200a320                __floatunsidf
 .text          0x0200a4b4      0x138 d:/alalala/nios2eds/bin/gnu/h-i686-mingw32/bin/../lib/gcc/nios2-elf/4.1.2\libgcc.a(_unpack_df.o)
                0x0200a4b4                __unpack_d
 .text          0x0200a5ec       0xc8 d:/alalala/nios2eds/bin/gnu/h-i686-mingw32/bin/../lib/gcc/nios2-elf/4.1.2\libgcc.a(_fpcmp_parts_df.o)
                0x0200a5ec                __fpcmp_parts_d
 .text          0x0200a6b4      0x15c ../de2_timer_irq_bsp/\libhal_bsp.a(alt_close.o)
                0x0200a6b4                close
 .text          0x0200a810       0x2c ../de2_timer_irq_bsp/\libhal_bsp.a(alt_dev.o)
 .text          0x0200a83c        0x0 ../de2_timer_irq_bsp/\libhal_bsp.a(alt_errno.o)
 .text          0x0200a83c      0x134 ../de2_timer_irq_bsp/\libhal_bsp.a(alt_fstat.o)
                0x0200a83c                fstat
 .text          0x0200a970      0x1c0 ../de2_timer_irq_bsp/\libhal_bsp.a(alt_irq_register.o)
                0x0200a970                alt_irq_register
 .text          0x0200ab30        0x0 ../de2_timer_irq_bsp/\libhal_bsp.a(alt_irq_vars.o)
 .text          0x0200ab30      0x120 ../de2_timer_irq_bsp/\libhal_bsp.a(alt_isatty.o)
                0x0200ab30                isatty
 .text          0x0200ac50       0xec ../de2_timer_irq_bsp/\libhal_bsp.a(alt_load.o)
                0x0200ac50                alt_load
 .text          0x0200ad3c      0x150 ../de2_timer_irq_bsp/\libhal_bsp.a(alt_lseek.o)
                0x0200ad3c                lseek
 .text          0x0200ae8c       0x6c ../de2_timer_irq_bsp/\libhal_bsp.a(alt_main.o)
                0x0200ae8c                alt_main
 .text          0x0200aef8       0x40 ../de2_timer_irq_bsp/\libhal_bsp.a(alt_malloc_lock.o)
                0x0200aef8                __malloc_lock
                0x0200af18                __malloc_unlock
 .text          0x0200af38      0x180 ../de2_timer_irq_bsp/\libhal_bsp.a(alt_read.o)
                0x0200af38                read
 .text          0x0200b0b8       0x60 ../de2_timer_irq_bsp/\libhal_bsp.a(alt_release_fd.o)
                0x0200b0b8                alt_release_fd
 .text          0x0200b118       0xbc ../de2_timer_irq_bsp/\libhal_bsp.a(alt_sbrk.o)
                0x0200b118                sbrk
 .text          0x0200b1d4      0x180 ../de2_timer_irq_bsp/\libhal_bsp.a(alt_write.o)
                0x0200b1d4                write
 .text          0x0200b354      0x120 ../de2_timer_irq_bsp/\libhal_bsp.a(alt_sys_init.o)
                0x0200b354                alt_irq_init
                0x0200b388                alt_sys_init
 .text          0x0200b474      0xcac ../de2_timer_irq_bsp/\libhal_bsp.a(altera_avalon_dma.o)
                0x0200b474                alt_avalon_dma_launch_bidir
                0x0200ba88                alt_avalon_dma_tx_ioctl
                0x0200bacc                alt_avalon_dma_rx_ioctl
                0x0200bb10                alt_avalon_dma_prepare
                0x0200bc64                alt_avalon_dma_space
                0x0200bce4                alt_avalon_dma_send
                0x0200c000                alt_avalon_dma_init
 .text          0x0200c120      0x148 ../de2_timer_irq_bsp/\libhal_bsp.a(altera_avalon_jtag_uart_fd.o)
                0x0200c120                altera_avalon_jtag_uart_read_fd
                0x0200c178                altera_avalon_jtag_uart_write_fd
                0x0200c1d0                altera_avalon_jtag_uart_close_fd
                0x0200c218                altera_avalon_jtag_uart_ioctl_fd
 .text          0x0200c268      0x40c ../de2_timer_irq_bsp/\libhal_bsp.a(altera_avalon_jtag_uart_init.o)
                0x0200c268                altera_avalon_jtag_uart_init
                0x0200c600                altera_avalon_jtag_uart_close
 .text          0x0200c674       0xf4 ../de2_timer_irq_bsp/\libhal_bsp.a(altera_avalon_jtag_uart_ioctl.o)
                0x0200c674                altera_avalon_jtag_uart_ioctl
 .text          0x0200c768      0x224 ../de2_timer_irq_bsp/\libhal_bsp.a(altera_avalon_jtag_uart_read.o)
                0x0200c768                altera_avalon_jtag_uart_read
 .text          0x0200c98c      0x240 ../de2_timer_irq_bsp/\libhal_bsp.a(altera_avalon_jtag_uart_write.o)
                0x0200c98c                altera_avalon_jtag_uart_write
 .text          0x0200cbcc        0x0 ../de2_timer_irq_bsp/\libhal_bsp.a(altera_avalon_timer_vars.o)
 .text          0x0200cbcc       0xf8 ../de2_timer_irq_bsp/\libhal_bsp.a(altera_avalon_uart_fd.o)
                0x0200cbcc                altera_avalon_uart_read_fd
                0x0200cc24                altera_avalon_uart_write_fd
                0x0200cc7c                altera_avalon_uart_close_fd
 .text          0x0200ccc4      0x400 ../de2_timer_irq_bsp/\libhal_bsp.a(altera_avalon_uart_init.o)
                0x0200ccc4                altera_avalon_uart_init
                0x0200d064                altera_avalon_uart_close
 .text          0x0200d0c4      0x290 ../de2_timer_irq_bsp/\libhal_bsp.a(altera_avalon_uart_read.o)
                0x0200d0c4                altera_avalon_uart_read
 .text          0x0200d354      0x228 ../de2_timer_irq_bsp/\libhal_bsp.a(altera_avalon_uart_write.o)
                0x0200d354                altera_avalon_uart_write
 .text          0x0200d57c      0x154 ../de2_timer_irq_bsp/\libhal_bsp.a(alt_alarm_start.o)
                0x0200d57c                alt_alarm_start
 .text          0x0200d6d0       0x44 ../de2_timer_irq_bsp/\libhal_bsp.a(alt_dcache_flush_all.o)
                0x0200d6d0                alt_dcache_flush_all
 .text          0x0200d714      0x114 ../de2_timer_irq_bsp/\libhal_bsp.a(alt_dev_llist_insert.o)
                0x0200d714                alt_dev_llist_insert
 .text          0x0200d828       0xb8 ../de2_timer_irq_bsp/\libhal_bsp.a(alt_dma_rxchan_open.o)
                0x0200d828                alt_dma_rxchan_open
 .text          0x0200d8e0       0xb8 ../de2_timer_irq_bsp/\libhal_bsp.a(alt_dma_txchan_open.o)
                0x0200d8e0                alt_dma_txchan_open
 .text          0x0200d998       0x64 ../de2_timer_irq_bsp/\libhal_bsp.a(alt_do_ctors.o)
                0x0200d998                _do_ctors
 .text          0x0200d9fc       0x64 ../de2_timer_irq_bsp/\libhal_bsp.a(alt_do_dtors.o)
                0x0200d9fc                _do_dtors
 .text          0x0200da60       0x94 ../de2_timer_irq_bsp/\libhal_bsp.a(alt_find_dev.o)
                0x0200da60                alt_find_dev
 .text          0x0200daf4       0x30 ../de2_timer_irq_bsp/\libhal_bsp.a(alt_icache_flush_all.o)
                0x0200daf4                alt_icache_flush_all
 .text          0x0200db24      0x1d4 ../de2_timer_irq_bsp/\libhal_bsp.a(alt_iic.o)
                0x0200db24                alt_ic_isr_register
                0x0200db74                alt_ic_irq_enable
                0x0200dc10                alt_ic_irq_disable
                0x0200dcb0                alt_ic_irq_enabled
 .text          0x0200dcf8       0xf8 ../de2_timer_irq_bsp/\libhal_bsp.a(alt_iic_isr_register.o)
                0x0200dcf8                alt_iic_isr_register
 .text          0x0200ddf0      0x13c ../de2_timer_irq_bsp/\libhal_bsp.a(alt_io_redirect.o)
                0x0200deb4                alt_io_redirect
 .text          0x0200df2c        0x0 ../de2_timer_irq_bsp/\libhal_bsp.a(alt_irq_entry.o)
 .text          0x0200df2c        0x0 ../de2_timer_irq_bsp/\libhal_bsp.a(alt_irq_handler.o)
 .text          0x0200df2c      0x2c4 ../de2_timer_irq_bsp/\libhal_bsp.a(alt_open.o)
                0x0200e008                open
 .text          0x0200e1f0      0x1a4 ../de2_timer_irq_bsp/\libhal_bsp.a(alt_tick.o)
                0x0200e1f0                alt_alarm_stop
                0x0200e288                alt_tick
 .text          0x0200e394       0x20 ../de2_timer_irq_bsp/\libhal_bsp.a(altera_nios2_qsys_irq.o)
                0x0200e394                altera_nios2_qsys_irq_init
 .text          0x0200e3b4        0x0 ../de2_timer_irq_bsp/\libhal_bsp.a(alt_exception_entry.o)
 .text          0x0200e3b4      0x120 ../de2_timer_irq_bsp/\libhal_bsp.a(alt_find_file.o)
                0x0200e3b4                alt_find_file
 .text          0x0200e4d4       0xb8 ../de2_timer_irq_bsp/\libhal_bsp.a(alt_get_fd.o)
                0x0200e4d4                alt_get_fd
 .text          0x0200e58c       0x90 ../de2_timer_irq_bsp/\libhal_bsp.a(alt_icache_flush.o)
                0x0200e58c                alt_icache_flush
 .text          0x0200e61c       0x14 d:/alalala/nios2eds/bin/gnu/h-i686-mingw32/bin/../lib/gcc/nios2-elf/4.1.2/../../../../nios2-elf/lib\libc.a(lib_a-atexit.o)
                0x0200e61c                atexit
 .text          0x0200e630       0x38 d:/alalala/nios2eds/bin/gnu/h-i686-mingw32/bin/../lib/gcc/nios2-elf/4.1.2/../../../../nios2-elf/lib\libc.a(lib_a-exit.o)
                0x0200e630                exit
 .text          0x0200e668       0x74 d:/alalala/nios2eds/bin/gnu/h-i686-mingw32/bin/../lib/gcc/nios2-elf/4.1.2/../../../../nios2-elf/lib\libc.a(lib_a-memcmp.o)
                0x0200e668                memcmp
 .text          0x0200e6dc      0x134 d:/alalala/nios2eds/bin/gnu/h-i686-mingw32/bin/../lib/gcc/nios2-elf/4.1.2/../../../../nios2-elf/lib\libc.a(lib_a-__atexit.o)
                0x0200e6dc                __register_exitproc
 .text          0x0200e810      0x1b4 d:/alalala/nios2eds/bin/gnu/h-i686-mingw32/bin/../lib/gcc/nios2-elf/4.1.2/../../../../nios2-elf/lib\libc.a(lib_a-__call_atexit.o)
                0x0200e814                __call_exitprocs
 .text          0x0200e9c4       0x60 ../de2_timer_irq_bsp/\libhal_bsp.a(alt_exit.o)
                0x0200ea04                _exit
 *(.gnu.warning.*)
 *(.fini)
                0x0200ea24                PROVIDE (__etext, ABSOLUTE (.))
                0x0200ea24                PROVIDE (_etext, ABSOLUTE (.))
                0x0200ea24                PROVIDE (etext, ABSOLUTE (.))
 *(.eh_frame_hdr)
                0x0200ea24                . = ALIGN (0x4)
                0x0200ea24                PROVIDE (__preinit_array_start, ABSOLUTE (.))
 *(.preinit_array)
                0x0200ea24                PROVIDE (__preinit_array_end, ABSOLUTE (.))
                0x0200ea24                PROVIDE (__init_array_start, ABSOLUTE (.))
 *(.init_array)
                0x0200ea24                PROVIDE (__init_array_end, ABSOLUTE (.))
                0x0200ea24                PROVIDE (__fini_array_start, ABSOLUTE (.))
 *(.fini_array)
                0x0200ea24                PROVIDE (__fini_array_end, ABSOLUTE (.))
 *(.eh_frame)
 *(.gcc_except_table)
 *(.dynamic)
                0x0200ea24                PROVIDE (__CTOR_LIST__, ABSOLUTE (.))
 *(.ctors)
 *(SORT(.ctors.*))
 .ctors.65535   0x0200ea24        0x4 d:/alalala/nios2eds/bin/gnu/h-i686-mingw32/bin/../lib/gcc/nios2-elf/4.1.2/../../../../nios2-elf/lib\libc.a(lib_a-__call_atexit.o)
                0x0200ea28                PROVIDE (__CTOR_END__, ABSOLUTE (.))
                0x0200ea28                PROVIDE (__DTOR_LIST__, ABSOLUTE (.))
 *(.dtors)
 *(SORT(.dtors.*))
                0x0200ea28                PROVIDE (__DTOR_END__, ABSOLUTE (.))
 *(.jcr)
                0x0200ea28                . = ALIGN (0x4)

.rodata         0x0200ea28      0x47c
                0x0200ea28                PROVIDE (__ram_rodata_start, ABSOLUTE (.))
                0x0200ea28                . = ALIGN (0x4)
 *(.rodata .rodata.* .gnu.linkonce.r.*)
 .rodata        0x0200ea28       0x20 obj/default/hello_world.o
 .rodata        0x0200ea48       0xf8 obj/default/timer.o
 .rodata        0x0200eb40       0x10 d:/alalala/nios2eds/bin/gnu/h-i686-mingw32/bin/../lib/gcc/nios2-elf/4.1.2\libgcc.a(_thenan_sf.o)
                0x0200eb40                __thenan_sf
 .rodata        0x0200eb50      0x100 d:/alalala/nios2eds/bin/gnu/h-i686-mingw32/bin/../lib/gcc/nios2-elf/4.1.2\libgcc.a(_clz.o)
                0x0200eb50                __clz_tab
 .rodata.str1.4
                0x0200ec50        0x2 d:/alalala/nios2eds/bin/gnu/h-i686-mingw32/bin/../lib/gcc/nios2-elf/4.1.2/../../../../nios2-elf/lib\libc.a(lib_a-puts.o)
                                  0x4 (size before relaxing)
 *fill*         0x0200ec52        0x2 00
 .rodata.str1.4
                0x0200ec54       0x5e d:/alalala/nios2eds/bin/gnu/h-i686-mingw32/bin/../lib/gcc/nios2-elf/4.1.2/../../../../nios2-elf/lib\libc.a(lib_a-vfprintf.o)
                                 0x60 (size before relaxing)
 .rodata        0x0200ecb2       0x20 d:/alalala/nios2eds/bin/gnu/h-i686-mingw32/bin/../lib/gcc/nios2-elf/4.1.2/../../../../nios2-elf/lib\libc.a(lib_a-vfprintf.o)
 *fill*         0x0200ecd2        0x2 00
 .rodata.str1.4
                0x0200ecd4       0x10 d:/alalala/nios2eds/bin/gnu/h-i686-mingw32/bin/../lib/gcc/nios2-elf/4.1.2/../../../../nios2-elf/lib\libc.a(lib_a-dtoa.o)
                                 0x14 (size before relaxing)
 .rodata.str1.4
                0x0200ece4        0x2 d:/alalala/nios2eds/bin/gnu/h-i686-mingw32/bin/../lib/gcc/nios2-elf/4.1.2/../../../../nios2-elf/lib\libc.a(lib_a-impure.o)
                                  0x4 (size before relaxing)
 *fill*         0x0200ece6        0x2 00
 .rodata.str1.4
                0x0200ece8       0x10 d:/alalala/nios2eds/bin/gnu/h-i686-mingw32/bin/../lib/gcc/nios2-elf/4.1.2/../../../../nios2-elf/lib\libc.a(lib_a-locale.o)
                                 0x18 (size before relaxing)
 .rodata        0x0200ecf8       0x30 d:/alalala/nios2eds/bin/gnu/h-i686-mingw32/bin/../lib/gcc/nios2-elf/4.1.2/../../../../nios2-elf/lib\libc.a(lib_a-locale.o)
 .rodata        0x0200ed28      0x124 d:/alalala/nios2eds/bin/gnu/h-i686-mingw32/bin/../lib/gcc/nios2-elf/4.1.2/../../../../nios2-elf/lib\libc.a(lib_a-mprec.o)
                0x0200ed28                __mprec_tens
                0x0200edf0                __mprec_bigtens
                0x0200ee18                __mprec_tinytens
 .rodata        0x0200ee4c       0x14 d:/alalala/nios2eds/bin/gnu/h-i686-mingw32/bin/../lib/gcc/nios2-elf/4.1.2\libgcc.a(_thenan_df.o)
                0x0200ee4c                __thenan_df
 .rodata        0x0200ee60        0xc ../de2_timer_irq_bsp/\libhal_bsp.a(alt_dev.o)
 .rodata        0x0200ee6c       0x10 ../de2_timer_irq_bsp/\libhal_bsp.a(alt_main.o)
 .rodata        0x0200ee7c       0x28 ../de2_timer_irq_bsp/\libhal_bsp.a(alt_sys_init.o)
 *(.rodata1)
                0x0200eea4                . = ALIGN (0x4)
                0x0200eea4                PROVIDE (__ram_rodata_end, ABSOLUTE (.))
                0x0200ea28                PROVIDE (__flash_rodata_start, LOADADDR (.rodata))

.rwdata         0x0200eea4     0x1c0c load address 0x02010ab0
                0x0200eea4                PROVIDE (__ram_rwdata_start, ABSOLUTE (.))
                0x0200eea4                . = ALIGN (0x4)
 *(.got.plt)
 *(.got)
 *(.data1)
 *(.data .data.* .gnu.linkonce.d.*)
 .data          0x0200eea4        0x0 ../de2_timer_irq_bsp//obj/HAL/src/crt0.o
 .data          0x0200eea4        0x0 obj/default/hello_world.o
 .data          0x0200eea4        0x0 obj/default/timer.o
 .data          0x0200eea4        0x0 d:/alalala/nios2eds/bin/gnu/h-i686-mingw32/bin/../lib/gcc/nios2-elf/4.1.2\libgcc.a(_fixunssfsi.o)
 .data          0x0200eea4        0x0 d:/alalala/nios2eds/bin/gnu/h-i686-mingw32/bin/../lib/gcc/nios2-elf/4.1.2\libgcc.a(_addsub_sf.o)
 .data          0x0200eea4        0x0 d:/alalala/nios2eds/bin/gnu/h-i686-mingw32/bin/../lib/gcc/nios2-elf/4.1.2\libgcc.a(_mul_sf.o)
 .data          0x0200eea4        0x0 d:/alalala/nios2eds/bin/gnu/h-i686-mingw32/bin/../lib/gcc/nios2-elf/4.1.2\libgcc.a(_ge_sf.o)
 .data          0x0200eea4        0x0 d:/alalala/nios2eds/bin/gnu/h-i686-mingw32/bin/../lib/gcc/nios2-elf/4.1.2\libgcc.a(_sf_to_si.o)
 .data          0x0200eea4        0x0 d:/alalala/nios2eds/bin/gnu/h-i686-mingw32/bin/../lib/gcc/nios2-elf/4.1.2\libgcc.a(_sf_to_df.o)
 .data          0x0200eea4        0x0 d:/alalala/nios2eds/bin/gnu/h-i686-mingw32/bin/../lib/gcc/nios2-elf/4.1.2\libgcc.a(_thenan_sf.o)
 .data          0x0200eea4        0x0 d:/alalala/nios2eds/bin/gnu/h-i686-mingw32/bin/../lib/gcc/nios2-elf/4.1.2\libgcc.a(_usi_to_sf.o)
 .data          0x0200eea4        0x0 d:/alalala/nios2eds/bin/gnu/h-i686-mingw32/bin/../lib/gcc/nios2-elf/4.1.2\libgcc.a(_make_df.o)
 .data          0x0200eea4        0x0 d:/alalala/nios2eds/bin/gnu/h-i686-mingw32/bin/../lib/gcc/nios2-elf/4.1.2\libgcc.a(lib2-divmod.o)
 .data          0x0200eea4        0x0 d:/alalala/nios2eds/bin/gnu/h-i686-mingw32/bin/../lib/gcc/nios2-elf/4.1.2\libgcc.a(_muldi3.o)
 .data          0x0200eea4        0x0 d:/alalala/nios2eds/bin/gnu/h-i686-mingw32/bin/../lib/gcc/nios2-elf/4.1.2\libgcc.a(_clzsi2.o)
 .data          0x0200eea4        0x0 d:/alalala/nios2eds/bin/gnu/h-i686-mingw32/bin/../lib/gcc/nios2-elf/4.1.2\libgcc.a(_pack_sf.o)
 .data          0x0200eea4        0x0 d:/alalala/nios2eds/bin/gnu/h-i686-mingw32/bin/../lib/gcc/nios2-elf/4.1.2\libgcc.a(_unpack_sf.o)
 .data          0x0200eea4        0x0 d:/alalala/nios2eds/bin/gnu/h-i686-mingw32/bin/../lib/gcc/nios2-elf/4.1.2\libgcc.a(_fpcmp_parts_sf.o)
 .data          0x0200eea4        0x0 d:/alalala/nios2eds/bin/gnu/h-i686-mingw32/bin/../lib/gcc/nios2-elf/4.1.2\libgcc.a(_pack_df.o)
 .data          0x0200eea4        0x0 d:/alalala/nios2eds/bin/gnu/h-i686-mingw32/bin/../lib/gcc/nios2-elf/4.1.2\libgcc.a(_clz.o)
 .data          0x0200eea4        0x0 d:/alalala/nios2eds/bin/gnu/h-i686-mingw32/bin/../lib/gcc/nios2-elf/4.1.2/../../../../nios2-elf/lib\libc.a(lib_a-printf.o)
 .data          0x0200eea4        0x0 d:/alalala/nios2eds/bin/gnu/h-i686-mingw32/bin/../lib/gcc/nios2-elf/4.1.2/../../../../nios2-elf/lib\libc.a(lib_a-puts.o)
 .data          0x0200eea4        0x0 d:/alalala/nios2eds/bin/gnu/h-i686-mingw32/bin/../lib/gcc/nios2-elf/4.1.2/../../../../nios2-elf/lib\libc.a(lib_a-strlen.o)
 .data          0x0200eea4        0x0 d:/alalala/nios2eds/bin/gnu/h-i686-mingw32/bin/../lib/gcc/nios2-elf/4.1.2/../../../../nios2-elf/lib\libc.a(lib_a-vfprintf.o)
 .data          0x0200eea4        0x0 d:/alalala/nios2eds/bin/gnu/h-i686-mingw32/bin/../lib/gcc/nios2-elf/4.1.2/../../../../nios2-elf/lib\libc.a(lib_a-wsetup.o)
 .data          0x0200eea4        0x0 d:/alalala/nios2eds/bin/gnu/h-i686-mingw32/bin/../lib/gcc/nios2-elf/4.1.2/../../../../nios2-elf/lib\libc.a(lib_a-dtoa.o)
 .data          0x0200eea4        0x0 d:/alalala/nios2eds/bin/gnu/h-i686-mingw32/bin/../lib/gcc/nios2-elf/4.1.2/../../../../nios2-elf/lib\libc.a(lib_a-fflush.o)
 .data          0x0200eea4        0x0 d:/alalala/nios2eds/bin/gnu/h-i686-mingw32/bin/../lib/gcc/nios2-elf/4.1.2/../../../../nios2-elf/lib\libc.a(lib_a-findfp.o)
 .data          0x0200eea4        0x0 d:/alalala/nios2eds/bin/gnu/h-i686-mingw32/bin/../lib/gcc/nios2-elf/4.1.2/../../../../nios2-elf/lib\libc.a(lib_a-freer.o)
 .data          0x0200eea4        0x0 d:/alalala/nios2eds/bin/gnu/h-i686-mingw32/bin/../lib/gcc/nios2-elf/4.1.2/../../../../nios2-elf/lib\libc.a(lib_a-fvwrite.o)
 .data          0x0200eea4        0x0 d:/alalala/nios2eds/bin/gnu/h-i686-mingw32/bin/../lib/gcc/nios2-elf/4.1.2/../../../../nios2-elf/lib\libc.a(lib_a-fwalk.o)
 .data          0x0200eea4      0x400 d:/alalala/nios2eds/bin/gnu/h-i686-mingw32/bin/../lib/gcc/nios2-elf/4.1.2/../../../../nios2-elf/lib\libc.a(lib_a-impure.o)
 .data          0x0200f2a4        0xc d:/alalala/nios2eds/bin/gnu/h-i686-mingw32/bin/../lib/gcc/nios2-elf/4.1.2/../../../../nios2-elf/lib\libc.a(lib_a-locale.o)
                0x0200f2a4                __lc_ctype
 .data          0x0200f2b0        0x0 d:/alalala/nios2eds/bin/gnu/h-i686-mingw32/bin/../lib/gcc/nios2-elf/4.1.2/../../../../nios2-elf/lib\libc.a(lib_a-makebuf.o)
 .data          0x0200f2b0      0x408 d:/alalala/nios2eds/bin/gnu/h-i686-mingw32/bin/../lib/gcc/nios2-elf/4.1.2/../../../../nios2-elf/lib\libc.a(lib_a-mallocr.o)
                0x0200f2b0                __malloc_av_
 .data          0x0200f6b8        0x0 d:/alalala/nios2eds/bin/gnu/h-i686-mingw32/bin/../lib/gcc/nios2-elf/4.1.2/../../../../nios2-elf/lib\libc.a(lib_a-memchr.o)
 .data          0x0200f6b8        0x0 d:/alalala/nios2eds/bin/gnu/h-i686-mingw32/bin/../lib/gcc/nios2-elf/4.1.2/../../../../nios2-elf/lib\libc.a(lib_a-memcpy.o)
 .data          0x0200f6b8        0x0 d:/alalala/nios2eds/bin/gnu/h-i686-mingw32/bin/../lib/gcc/nios2-elf/4.1.2/../../../../nios2-elf/lib\libc.a(lib_a-memmove.o)
 .data          0x0200f6b8        0x0 d:/alalala/nios2eds/bin/gnu/h-i686-mingw32/bin/../lib/gcc/nios2-elf/4.1.2/../../../../nios2-elf/lib\libc.a(lib_a-memset.o)
 .data          0x0200f6b8        0x0 d:/alalala/nios2eds/bin/gnu/h-i686-mingw32/bin/../lib/gcc/nios2-elf/4.1.2/../../../../nios2-elf/lib\libc.a(lib_a-mprec.o)
 .data          0x0200f6b8        0x0 d:/alalala/nios2eds/bin/gnu/h-i686-mingw32/bin/../lib/gcc/nios2-elf/4.1.2/../../../../nios2-elf/lib\libc.a(lib_a-reallocr.o)
 .data          0x0200f6b8        0x0 d:/alalala/nios2eds/bin/gnu/h-i686-mingw32/bin/../lib/gcc/nios2-elf/4.1.2/../../../../nios2-elf/lib\libc.a(lib_a-s_isinfd.o)
 .data          0x0200f6b8        0x0 d:/alalala/nios2eds/bin/gnu/h-i686-mingw32/bin/../lib/gcc/nios2-elf/4.1.2/../../../../nios2-elf/lib\libc.a(lib_a-s_isnand.o)
 .data          0x0200f6b8        0x0 d:/alalala/nios2eds/bin/gnu/h-i686-mingw32/bin/../lib/gcc/nios2-elf/4.1.2/../../../../nios2-elf/lib\libc.a(lib_a-sbrkr.o)
 .data          0x0200f6b8        0x0 d:/alalala/nios2eds/bin/gnu/h-i686-mingw32/bin/../lib/gcc/nios2-elf/4.1.2/../../../../nios2-elf/lib\libc.a(lib_a-stdio.o)
 .data          0x0200f6b8        0x0 d:/alalala/nios2eds/bin/gnu/h-i686-mingw32/bin/../lib/gcc/nios2-elf/4.1.2/../../../../nios2-elf/lib\libc.a(lib_a-strcmp.o)
 .data          0x0200f6b8        0x0 d:/alalala/nios2eds/bin/gnu/h-i686-mingw32/bin/../lib/gcc/nios2-elf/4.1.2/../../../../nios2-elf/lib\libc.a(lib_a-writer.o)
 .data          0x0200f6b8        0x0 d:/alalala/nios2eds/bin/gnu/h-i686-mingw32/bin/../lib/gcc/nios2-elf/4.1.2/../../../../nios2-elf/lib\libc.a(lib_a-callocr.o)
 .data          0x0200f6b8        0x0 d:/alalala/nios2eds/bin/gnu/h-i686-mingw32/bin/../lib/gcc/nios2-elf/4.1.2/../../../../nios2-elf/lib\libc.a(lib_a-closer.o)
 .data          0x0200f6b8        0x0 d:/alalala/nios2eds/bin/gnu/h-i686-mingw32/bin/../lib/gcc/nios2-elf/4.1.2/../../../../nios2-elf/lib\libc.a(lib_a-fclose.o)
 .data          0x0200f6b8        0x0 d:/alalala/nios2eds/bin/gnu/h-i686-mingw32/bin/../lib/gcc/nios2-elf/4.1.2/../../../../nios2-elf/lib\libc.a(lib_a-fstatr.o)
 .data          0x0200f6b8        0x0 d:/alalala/nios2eds/bin/gnu/h-i686-mingw32/bin/../lib/gcc/nios2-elf/4.1.2/../../../../nios2-elf/lib\libc.a(lib_a-int_errno.o)
 .data          0x0200f6b8        0x0 d:/alalala/nios2eds/bin/gnu/h-i686-mingw32/bin/../lib/gcc/nios2-elf/4.1.2/../../../../nios2-elf/lib\libc.a(lib_a-isattyr.o)
 .data          0x0200f6b8        0x0 d:/alalala/nios2eds/bin/gnu/h-i686-mingw32/bin/../lib/gcc/nios2-elf/4.1.2/../../../../nios2-elf/lib\libc.a(lib_a-lseekr.o)
 .data          0x0200f6b8        0x0 d:/alalala/nios2eds/bin/gnu/h-i686-mingw32/bin/../lib/gcc/nios2-elf/4.1.2/../../../../nios2-elf/lib\libc.a(lib_a-readr.o)
 .data          0x0200f6b8        0x0 d:/alalala/nios2eds/bin/gnu/h-i686-mingw32/bin/../lib/gcc/nios2-elf/4.1.2\libgcc.a(_udivdi3.o)
 .data          0x0200f6b8        0x0 d:/alalala/nios2eds/bin/gnu/h-i686-mingw32/bin/../lib/gcc/nios2-elf/4.1.2\libgcc.a(_umoddi3.o)
 .data          0x0200f6b8        0x0 d:/alalala/nios2eds/bin/gnu/h-i686-mingw32/bin/../lib/gcc/nios2-elf/4.1.2\libgcc.a(_addsub_df.o)
 .data          0x0200f6b8        0x0 d:/alalala/nios2eds/bin/gnu/h-i686-mingw32/bin/../lib/gcc/nios2-elf/4.1.2\libgcc.a(_mul_df.o)
 .data          0x0200f6b8        0x0 d:/alalala/nios2eds/bin/gnu/h-i686-mingw32/bin/../lib/gcc/nios2-elf/4.1.2\libgcc.a(_div_df.o)
 .data          0x0200f6b8        0x0 d:/alalala/nios2eds/bin/gnu/h-i686-mingw32/bin/../lib/gcc/nios2-elf/4.1.2\libgcc.a(_eq_df.o)
 .data          0x0200f6b8        0x0 d:/alalala/nios2eds/bin/gnu/h-i686-mingw32/bin/../lib/gcc/nios2-elf/4.1.2\libgcc.a(_ne_df.o)
 .data          0x0200f6b8        0x0 d:/alalala/nios2eds/bin/gnu/h-i686-mingw32/bin/../lib/gcc/nios2-elf/4.1.2\libgcc.a(_gt_df.o)
 .data          0x0200f6b8        0x0 d:/alalala/nios2eds/bin/gnu/h-i686-mingw32/bin/../lib/gcc/nios2-elf/4.1.2\libgcc.a(_ge_df.o)
 .data          0x0200f6b8        0x0 d:/alalala/nios2eds/bin/gnu/h-i686-mingw32/bin/../lib/gcc/nios2-elf/4.1.2\libgcc.a(_lt_df.o)
 .data          0x0200f6b8        0x0 d:/alalala/nios2eds/bin/gnu/h-i686-mingw32/bin/../lib/gcc/nios2-elf/4.1.2\libgcc.a(_si_to_df.o)
 .data          0x0200f6b8        0x0 d:/alalala/nios2eds/bin/gnu/h-i686-mingw32/bin/../lib/gcc/nios2-elf/4.1.2\libgcc.a(_df_to_si.o)
 .data          0x0200f6b8        0x0 d:/alalala/nios2eds/bin/gnu/h-i686-mingw32/bin/../lib/gcc/nios2-elf/4.1.2\libgcc.a(_thenan_df.o)
 .data          0x0200f6b8        0x0 d:/alalala/nios2eds/bin/gnu/h-i686-mingw32/bin/../lib/gcc/nios2-elf/4.1.2\libgcc.a(_usi_to_df.o)
 .data          0x0200f6b8        0x0 d:/alalala/nios2eds/bin/gnu/h-i686-mingw32/bin/../lib/gcc/nios2-elf/4.1.2\libgcc.a(_unpack_df.o)
 .data          0x0200f6b8        0x0 d:/alalala/nios2eds/bin/gnu/h-i686-mingw32/bin/../lib/gcc/nios2-elf/4.1.2\libgcc.a(_fpcmp_parts_df.o)
 .data          0x0200f6b8        0x0 ../de2_timer_irq_bsp/\libhal_bsp.a(alt_close.o)
 .data          0x0200f6b8      0x1a8 ../de2_timer_irq_bsp/\libhal_bsp.a(alt_dev.o)
                0x0200f6b8                alt_dev_null
                0x0200f6e0                alt_fd_list
 .data          0x0200f860        0x0 ../de2_timer_irq_bsp/\libhal_bsp.a(alt_errno.o)
 .data          0x0200f860        0x0 ../de2_timer_irq_bsp/\libhal_bsp.a(alt_fstat.o)
 .data          0x0200f860        0x0 ../de2_timer_irq_bsp/\libhal_bsp.a(alt_irq_register.o)
 .data          0x0200f860        0x0 ../de2_timer_irq_bsp/\libhal_bsp.a(alt_irq_vars.o)
 .data          0x0200f860        0x0 ../de2_timer_irq_bsp/\libhal_bsp.a(alt_isatty.o)
 .data          0x0200f860        0x0 ../de2_timer_irq_bsp/\libhal_bsp.a(alt_load.o)
 .data          0x0200f860        0x0 ../de2_timer_irq_bsp/\libhal_bsp.a(alt_lseek.o)
 .data          0x0200f860        0x0 ../de2_timer_irq_bsp/\libhal_bsp.a(alt_main.o)
 .data          0x0200f860        0x0 ../de2_timer_irq_bsp/\libhal_bsp.a(alt_malloc_lock.o)
 .data          0x0200f860        0x0 ../de2_timer_irq_bsp/\libhal_bsp.a(alt_read.o)
 .data          0x0200f860        0x0 ../de2_timer_irq_bsp/\libhal_bsp.a(alt_release_fd.o)
 .data          0x0200f860        0x0 ../de2_timer_irq_bsp/\libhal_bsp.a(alt_sbrk.o)
 .data          0x0200f860        0x0 ../de2_timer_irq_bsp/\libhal_bsp.a(alt_write.o)
 .data          0x0200f860     0x1200 ../de2_timer_irq_bsp/\libhal_bsp.a(alt_sys_init.o)
 .data          0x02010a60        0x0 ../de2_timer_irq_bsp/\libhal_bsp.a(altera_avalon_dma.o)
 .data          0x02010a60        0x0 ../de2_timer_irq_bsp/\libhal_bsp.a(altera_avalon_jtag_uart_fd.o)
 .data          0x02010a60        0x0 ../de2_timer_irq_bsp/\libhal_bsp.a(altera_avalon_jtag_uart_init.o)
 .data          0x02010a60        0x0 ../de2_timer_irq_bsp/\libhal_bsp.a(altera_avalon_jtag_uart_ioctl.o)
 .data          0x02010a60        0x0 ../de2_timer_irq_bsp/\libhal_bsp.a(altera_avalon_jtag_uart_read.o)
 .data          0x02010a60        0x0 ../de2_timer_irq_bsp/\libhal_bsp.a(altera_avalon_jtag_uart_write.o)
 .data          0x02010a60        0x0 ../de2_timer_irq_bsp/\libhal_bsp.a(altera_avalon_timer_vars.o)
 .data          0x02010a60        0x0 ../de2_timer_irq_bsp/\libhal_bsp.a(altera_avalon_uart_fd.o)
 .data          0x02010a60        0x0 ../de2_timer_irq_bsp/\libhal_bsp.a(altera_avalon_uart_init.o)
 .data          0x02010a60        0x0 ../de2_timer_irq_bsp/\libhal_bsp.a(altera_avalon_uart_read.o)
 .data          0x02010a60        0x0 ../de2_timer_irq_bsp/\libhal_bsp.a(altera_avalon_uart_write.o)
 .data          0x02010a60        0x0 ../de2_timer_irq_bsp/\libhal_bsp.a(alt_alarm_start.o)
 .data          0x02010a60        0x0 ../de2_timer_irq_bsp/\libhal_bsp.a(alt_dcache_flush_all.o)
 .data          0x02010a60        0x0 ../de2_timer_irq_bsp/\libhal_bsp.a(alt_dev_llist_insert.o)
 .data          0x02010a60        0x0 ../de2_timer_irq_bsp/\libhal_bsp.a(alt_dma_rxchan_open.o)
 .data          0x02010a60        0x0 ../de2_timer_irq_bsp/\libhal_bsp.a(alt_dma_txchan_open.o)
 .data          0x02010a60        0x0 ../de2_timer_irq_bsp/\libhal_bsp.a(alt_do_ctors.o)
 .data          0x02010a60        0x0 ../de2_timer_irq_bsp/\libhal_bsp.a(alt_do_dtors.o)
 .data          0x02010a60        0x0 ../de2_timer_irq_bsp/\libhal_bsp.a(alt_find_dev.o)
 .data          0x02010a60        0x0 ../de2_timer_irq_bsp/\libhal_bsp.a(alt_icache_flush_all.o)
 .data          0x02010a60        0x0 ../de2_timer_irq_bsp/\libhal_bsp.a(alt_iic.o)
 .data          0x02010a60        0x0 ../de2_timer_irq_bsp/\libhal_bsp.a(alt_iic_isr_register.o)
 .data          0x02010a60        0x0 ../de2_timer_irq_bsp/\libhal_bsp.a(alt_io_redirect.o)
 .data          0x02010a60        0x0 ../de2_timer_irq_bsp/\libhal_bsp.a(alt_irq_entry.o)
 .data          0x02010a60        0x0 ../de2_timer_irq_bsp/\libhal_bsp.a(alt_irq_handler.o)
 .data          0x02010a60        0x0 ../de2_timer_irq_bsp/\libhal_bsp.a(alt_open.o)
 .data          0x02010a60        0x0 ../de2_timer_irq_bsp/\libhal_bsp.a(alt_tick.o)
 .data          0x02010a60        0x0 ../de2_timer_irq_bsp/\libhal_bsp.a(altera_nios2_qsys_irq.o)
 .data          0x02010a60        0x0 ../de2_timer_irq_bsp/\libhal_bsp.a(alt_exception_entry.o)
 .data          0x02010a60        0x0 ../de2_timer_irq_bsp/\libhal_bsp.a(alt_find_file.o)
 .data          0x02010a60        0x0 ../de2_timer_irq_bsp/\libhal_bsp.a(alt_get_fd.o)
 .data          0x02010a60        0x0 ../de2_timer_irq_bsp/\libhal_bsp.a(alt_icache_flush.o)
 .data          0x02010a60        0x0 d:/alalala/nios2eds/bin/gnu/h-i686-mingw32/bin/../lib/gcc/nios2-elf/4.1.2/../../../../nios2-elf/lib\libc.a(lib_a-atexit.o)
 .data          0x02010a60        0x0 d:/alalala/nios2eds/bin/gnu/h-i686-mingw32/bin/../lib/gcc/nios2-elf/4.1.2/../../../../nios2-elf/lib\libc.a(lib_a-exit.o)
 .data          0x02010a60        0x0 d:/alalala/nios2eds/bin/gnu/h-i686-mingw32/bin/../lib/gcc/nios2-elf/4.1.2/../../../../nios2-elf/lib\libc.a(lib_a-memcmp.o)
 .data          0x02010a60        0x0 d:/alalala/nios2eds/bin/gnu/h-i686-mingw32/bin/../lib/gcc/nios2-elf/4.1.2/../../../../nios2-elf/lib\libc.a(lib_a-__atexit.o)
 .data          0x02010a60        0x0 d:/alalala/nios2eds/bin/gnu/h-i686-mingw32/bin/../lib/gcc/nios2-elf/4.1.2/../../../../nios2-elf/lib\libc.a(lib_a-__call_atexit.o)
 .data          0x02010a60        0x0 ../de2_timer_irq_bsp/\libhal_bsp.a(alt_exit.o)
                0x02018a60                _gp = ABSOLUTE ((. + 0x8000))
                0x02018a60                PROVIDE (gp, _gp)
 *(.rwdata .rwdata.*)
 *(.sdata .sdata.* .gnu.linkonce.s.*)
 .sdata         0x02010a60        0x8 d:/alalala/nios2eds/bin/gnu/h-i686-mingw32/bin/../lib/gcc/nios2-elf/4.1.2/../../../../nios2-elf/lib\libc.a(lib_a-impure.o)
                0x02010a60                _impure_ptr
                0x02010a64                _global_impure_ptr
 .sdata         0x02010a68        0x8 d:/alalala/nios2eds/bin/gnu/h-i686-mingw32/bin/../lib/gcc/nios2-elf/4.1.2/../../../../nios2-elf/lib\libc.a(lib_a-locale.o)
                0x02010a68                __mb_cur_max
 .sdata         0x02010a70        0x8 d:/alalala/nios2eds/bin/gnu/h-i686-mingw32/bin/../lib/gcc/nios2-elf/4.1.2/../../../../nios2-elf/lib\libc.a(lib_a-mallocr.o)
                0x02010a70                __malloc_trim_threshold
                0x02010a74                __malloc_sbrk_base
 .sdata         0x02010a78       0x14 ../de2_timer_irq_bsp/\libhal_bsp.a(alt_dev.o)
                0x02010a78                alt_fs_list
                0x02010a80                alt_dev_list
                0x02010a88                alt_max_fd
 .sdata         0x02010a8c        0x4 ../de2_timer_irq_bsp/\libhal_bsp.a(alt_errno.o)
                0x02010a8c                alt_errno
 .sdata         0x02010a90        0x4 ../de2_timer_irq_bsp/\libhal_bsp.a(alt_irq_vars.o)
                0x02010a90                alt_priority_mask
 .sdata         0x02010a94        0x4 ../de2_timer_irq_bsp/\libhal_bsp.a(alt_sbrk.o)
 .sdata         0x02010a98        0x8 ../de2_timer_irq_bsp/\libhal_bsp.a(alt_dma_rxchan_open.o)
                0x02010a98                alt_dma_rxchan_list
 .sdata         0x02010aa0        0x8 ../de2_timer_irq_bsp/\libhal_bsp.a(alt_dma_txchan_open.o)
                0x02010aa0                alt_dma_txchan_list
 .sdata         0x02010aa8        0x8 ../de2_timer_irq_bsp/\libhal_bsp.a(alt_tick.o)
                0x02010aa8                alt_alarm_list
 *(.sdata2 .sdata2.* .gnu.linkonce.s2.*)
                0x02010ab0                . = ALIGN (0x4)
                0x02010ab0                _edata = ABSOLUTE (.)
                0x02010ab0                PROVIDE (edata, ABSOLUTE (.))
                0x02010ab0                PROVIDE (__ram_rwdata_end, ABSOLUTE (.))
                0x02010ab0                PROVIDE (__flash_rwdata_start, LOADADDR (.rwdata))

.bss            0x020126bc      0x2f4
                0x020126bc                __bss_start = ABSOLUTE (.)
                0x020126bc                PROVIDE (__sbss_start, ABSOLUTE (.))
                0x020126bc                PROVIDE (___sbss_start, ABSOLUTE (.))
 *(.dynsbss)
 *(.sbss .sbss.* .gnu.linkonce.sb.*)
 .sbss          0x020126bc        0xc d:/alalala/nios2eds/bin/gnu/h-i686-mingw32/bin/../lib/gcc/nios2-elf/4.1.2/../../../../nios2-elf/lib\libc.a(lib_a-locale.o)
                0x020126bc                __nlocale_changed
                0x020126c0                __mlocale_changed
                0x020126c4                _PathLocale
 .sbss          0x020126c8        0xc d:/alalala/nios2eds/bin/gnu/h-i686-mingw32/bin/../lib/gcc/nios2-elf/4.1.2/../../../../nios2-elf/lib\libc.a(lib_a-mallocr.o)
                0x020126c8                __malloc_top_pad
                0x020126cc                __malloc_max_sbrked_mem
                0x020126d0                __malloc_max_total_mem
 .sbss          0x020126d4        0x4 d:/alalala/nios2eds/bin/gnu/h-i686-mingw32/bin/../lib/gcc/nios2-elf/4.1.2/../../../../nios2-elf/lib\libc.a(lib_a-int_errno.o)
                0x020126d4                errno
 .sbss          0x020126d8        0x4 ../de2_timer_irq_bsp/\libhal_bsp.a(alt_irq_vars.o)
                0x020126d8                alt_irq_active
 .sbss          0x020126dc        0xc ../de2_timer_irq_bsp/\libhal_bsp.a(alt_main.o)
                0x020126dc                alt_argc
                0x020126e0                alt_argv
                0x020126e4                alt_envp
 .sbss          0x020126e8        0x8 ../de2_timer_irq_bsp/\libhal_bsp.a(altera_avalon_timer_vars.o)
                0x020126e8                altera_avalon_timer_ts_base
                0x020126ec                altera_avalon_timer_ts_freq
 .sbss          0x020126f0        0x8 ../de2_timer_irq_bsp/\libhal_bsp.a(alt_tick.o)
                0x020126f0                _alt_tick_rate
                0x020126f4                _alt_nticks
 *(.sbss2 .sbss2.* .gnu.linkonce.sb2.*)
 *(.scommon)
                0x020126f8                PROVIDE (__sbss_end, ABSOLUTE (.))
                0x020126f8                PROVIDE (___sbss_end, ABSOLUTE (.))
 *(.dynbss)
 *(.bss .bss.* .gnu.linkonce.b.*)
 .bss           0x020126f8        0x0 ../de2_timer_irq_bsp//obj/HAL/src/crt0.o
 .bss           0x020126f8        0x0 obj/default/hello_world.o
 .bss           0x020126f8        0x0 obj/default/timer.o
 .bss           0x020126f8        0x0 d:/alalala/nios2eds/bin/gnu/h-i686-mingw32/bin/../lib/gcc/nios2-elf/4.1.2\libgcc.a(_fixunssfsi.o)
 .bss           0x020126f8        0x0 d:/alalala/nios2eds/bin/gnu/h-i686-mingw32/bin/../lib/gcc/nios2-elf/4.1.2\libgcc.a(_addsub_sf.o)
 .bss           0x020126f8        0x0 d:/alalala/nios2eds/bin/gnu/h-i686-mingw32/bin/../lib/gcc/nios2-elf/4.1.2\libgcc.a(_mul_sf.o)
 .bss           0x020126f8        0x0 d:/alalala/nios2eds/bin/gnu/h-i686-mingw32/bin/../lib/gcc/nios2-elf/4.1.2\libgcc.a(_ge_sf.o)
 .bss           0x020126f8        0x0 d:/alalala/nios2eds/bin/gnu/h-i686-mingw32/bin/../lib/gcc/nios2-elf/4.1.2\libgcc.a(_sf_to_si.o)
 .bss           0x020126f8        0x0 d:/alalala/nios2eds/bin/gnu/h-i686-mingw32/bin/../lib/gcc/nios2-elf/4.1.2\libgcc.a(_sf_to_df.o)
 .bss           0x020126f8        0x0 d:/alalala/nios2eds/bin/gnu/h-i686-mingw32/bin/../lib/gcc/nios2-elf/4.1.2\libgcc.a(_thenan_sf.o)
 .bss           0x020126f8        0x0 d:/alalala/nios2eds/bin/gnu/h-i686-mingw32/bin/../lib/gcc/nios2-elf/4.1.2\libgcc.a(_usi_to_sf.o)
 .bss           0x020126f8        0x0 d:/alalala/nios2eds/bin/gnu/h-i686-mingw32/bin/../lib/gcc/nios2-elf/4.1.2\libgcc.a(_make_df.o)
 .bss           0x020126f8        0x0 d:/alalala/nios2eds/bin/gnu/h-i686-mingw32/bin/../lib/gcc/nios2-elf/4.1.2\libgcc.a(lib2-divmod.o)
 .bss           0x020126f8        0x0 d:/alalala/nios2eds/bin/gnu/h-i686-mingw32/bin/../lib/gcc/nios2-elf/4.1.2\libgcc.a(_muldi3.o)
 .bss           0x020126f8        0x0 d:/alalala/nios2eds/bin/gnu/h-i686-mingw32/bin/../lib/gcc/nios2-elf/4.1.2\libgcc.a(_clzsi2.o)
 .bss           0x020126f8        0x0 d:/alalala/nios2eds/bin/gnu/h-i686-mingw32/bin/../lib/gcc/nios2-elf/4.1.2\libgcc.a(_pack_sf.o)
 .bss           0x020126f8        0x0 d:/alalala/nios2eds/bin/gnu/h-i686-mingw32/bin/../lib/gcc/nios2-elf/4.1.2\libgcc.a(_unpack_sf.o)
 .bss           0x020126f8        0x0 d:/alalala/nios2eds/bin/gnu/h-i686-mingw32/bin/../lib/gcc/nios2-elf/4.1.2\libgcc.a(_fpcmp_parts_sf.o)
 .bss           0x020126f8        0x0 d:/alalala/nios2eds/bin/gnu/h-i686-mingw32/bin/../lib/gcc/nios2-elf/4.1.2\libgcc.a(_pack_df.o)
 .bss           0x020126f8        0x0 d:/alalala/nios2eds/bin/gnu/h-i686-mingw32/bin/../lib/gcc/nios2-elf/4.1.2\libgcc.a(_clz.o)
 .bss           0x020126f8        0x0 d:/alalala/nios2eds/bin/gnu/h-i686-mingw32/bin/../lib/gcc/nios2-elf/4.1.2/../../../../nios2-elf/lib\libc.a(lib_a-printf.o)
 .bss           0x020126f8        0x0 d:/alalala/nios2eds/bin/gnu/h-i686-mingw32/bin/../lib/gcc/nios2-elf/4.1.2/../../../../nios2-elf/lib\libc.a(lib_a-puts.o)
 .bss           0x020126f8        0x0 d:/alalala/nios2eds/bin/gnu/h-i686-mingw32/bin/../lib/gcc/nios2-elf/4.1.2/../../../../nios2-elf/lib\libc.a(lib_a-strlen.o)
 .bss           0x020126f8        0x0 d:/alalala/nios2eds/bin/gnu/h-i686-mingw32/bin/../lib/gcc/nios2-elf/4.1.2/../../../../nios2-elf/lib\libc.a(lib_a-vfprintf.o)
 .bss           0x020126f8        0x0 d:/alalala/nios2eds/bin/gnu/h-i686-mingw32/bin/../lib/gcc/nios2-elf/4.1.2/../../../../nios2-elf/lib\libc.a(lib_a-wsetup.o)
 .bss           0x020126f8        0x0 d:/alalala/nios2eds/bin/gnu/h-i686-mingw32/bin/../lib/gcc/nios2-elf/4.1.2/../../../../nios2-elf/lib\libc.a(lib_a-dtoa.o)
 .bss           0x020126f8        0x0 d:/alalala/nios2eds/bin/gnu/h-i686-mingw32/bin/../lib/gcc/nios2-elf/4.1.2/../../../../nios2-elf/lib\libc.a(lib_a-fflush.o)
 .bss           0x020126f8        0x0 d:/alalala/nios2eds/bin/gnu/h-i686-mingw32/bin/../lib/gcc/nios2-elf/4.1.2/../../../../nios2-elf/lib\libc.a(lib_a-findfp.o)
 .bss           0x020126f8        0x0 d:/alalala/nios2eds/bin/gnu/h-i686-mingw32/bin/../lib/gcc/nios2-elf/4.1.2/../../../../nios2-elf/lib\libc.a(lib_a-freer.o)
 .bss           0x020126f8        0x0 d:/alalala/nios2eds/bin/gnu/h-i686-mingw32/bin/../lib/gcc/nios2-elf/4.1.2/../../../../nios2-elf/lib\libc.a(lib_a-fvwrite.o)
 .bss           0x020126f8        0x0 d:/alalala/nios2eds/bin/gnu/h-i686-mingw32/bin/../lib/gcc/nios2-elf/4.1.2/../../../../nios2-elf/lib\libc.a(lib_a-fwalk.o)
 .bss           0x020126f8        0x0 d:/alalala/nios2eds/bin/gnu/h-i686-mingw32/bin/../lib/gcc/nios2-elf/4.1.2/../../../../nios2-elf/lib\libc.a(lib_a-impure.o)
 .bss           0x020126f8        0x0 d:/alalala/nios2eds/bin/gnu/h-i686-mingw32/bin/../lib/gcc/nios2-elf/4.1.2/../../../../nios2-elf/lib\libc.a(lib_a-locale.o)
 .bss           0x020126f8        0x0 d:/alalala/nios2eds/bin/gnu/h-i686-mingw32/bin/../lib/gcc/nios2-elf/4.1.2/../../../../nios2-elf/lib\libc.a(lib_a-makebuf.o)
 .bss           0x020126f8       0x28 d:/alalala/nios2eds/bin/gnu/h-i686-mingw32/bin/../lib/gcc/nios2-elf/4.1.2/../../../../nios2-elf/lib\libc.a(lib_a-mallocr.o)
                0x020126f8                __malloc_current_mallinfo
 .bss           0x02012720        0x0 d:/alalala/nios2eds/bin/gnu/h-i686-mingw32/bin/../lib/gcc/nios2-elf/4.1.2/../../../../nios2-elf/lib\libc.a(lib_a-memchr.o)
 .bss           0x02012720        0x0 d:/alalala/nios2eds/bin/gnu/h-i686-mingw32/bin/../lib/gcc/nios2-elf/4.1.2/../../../../nios2-elf/lib\libc.a(lib_a-memcpy.o)
 .bss           0x02012720        0x0 d:/alalala/nios2eds/bin/gnu/h-i686-mingw32/bin/../lib/gcc/nios2-elf/4.1.2/../../../../nios2-elf/lib\libc.a(lib_a-memmove.o)
 .bss           0x02012720        0x0 d:/alalala/nios2eds/bin/gnu/h-i686-mingw32/bin/../lib/gcc/nios2-elf/4.1.2/../../../../nios2-elf/lib\libc.a(lib_a-memset.o)
 .bss           0x02012720        0x0 d:/alalala/nios2eds/bin/gnu/h-i686-mingw32/bin/../lib/gcc/nios2-elf/4.1.2/../../../../nios2-elf/lib\libc.a(lib_a-mprec.o)
 .bss           0x02012720        0x0 d:/alalala/nios2eds/bin/gnu/h-i686-mingw32/bin/../lib/gcc/nios2-elf/4.1.2/../../../../nios2-elf/lib\libc.a(lib_a-reallocr.o)
 .bss           0x02012720        0x0 d:/alalala/nios2eds/bin/gnu/h-i686-mingw32/bin/../lib/gcc/nios2-elf/4.1.2/../../../../nios2-elf/lib\libc.a(lib_a-s_isinfd.o)
 .bss           0x02012720        0x0 d:/alalala/nios2eds/bin/gnu/h-i686-mingw32/bin/../lib/gcc/nios2-elf/4.1.2/../../../../nios2-elf/lib\libc.a(lib_a-s_isnand.o)
 .bss           0x02012720        0x0 d:/alalala/nios2eds/bin/gnu/h-i686-mingw32/bin/../lib/gcc/nios2-elf/4.1.2/../../../../nios2-elf/lib\libc.a(lib_a-sbrkr.o)
 .bss           0x02012720        0x0 d:/alalala/nios2eds/bin/gnu/h-i686-mingw32/bin/../lib/gcc/nios2-elf/4.1.2/../../../../nios2-elf/lib\libc.a(lib_a-stdio.o)
 .bss           0x02012720        0x0 d:/alalala/nios2eds/bin/gnu/h-i686-mingw32/bin/../lib/gcc/nios2-elf/4.1.2/../../../../nios2-elf/lib\libc.a(lib_a-strcmp.o)
 .bss           0x02012720        0x0 d:/alalala/nios2eds/bin/gnu/h-i686-mingw32/bin/../lib/gcc/nios2-elf/4.1.2/../../../../nios2-elf/lib\libc.a(lib_a-writer.o)
 .bss           0x02012720        0x0 d:/alalala/nios2eds/bin/gnu/h-i686-mingw32/bin/../lib/gcc/nios2-elf/4.1.2/../../../../nios2-elf/lib\libc.a(lib_a-callocr.o)
 .bss           0x02012720        0x0 d:/alalala/nios2eds/bin/gnu/h-i686-mingw32/bin/../lib/gcc/nios2-elf/4.1.2/../../../../nios2-elf/lib\libc.a(lib_a-closer.o)
 .bss           0x02012720        0x0 d:/alalala/nios2eds/bin/gnu/h-i686-mingw32/bin/../lib/gcc/nios2-elf/4.1.2/../../../../nios2-elf/lib\libc.a(lib_a-fclose.o)
 .bss           0x02012720        0x0 d:/alalala/nios2eds/bin/gnu/h-i686-mingw32/bin/../lib/gcc/nios2-elf/4.1.2/../../../../nios2-elf/lib\libc.a(lib_a-fstatr.o)
 .bss           0x02012720        0x0 d:/alalala/nios2eds/bin/gnu/h-i686-mingw32/bin/../lib/gcc/nios2-elf/4.1.2/../../../../nios2-elf/lib\libc.a(lib_a-int_errno.o)
 .bss           0x02012720        0x0 d:/alalala/nios2eds/bin/gnu/h-i686-mingw32/bin/../lib/gcc/nios2-elf/4.1.2/../../../../nios2-elf/lib\libc.a(lib_a-isattyr.o)
 .bss           0x02012720        0x0 d:/alalala/nios2eds/bin/gnu/h-i686-mingw32/bin/../lib/gcc/nios2-elf/4.1.2/../../../../nios2-elf/lib\libc.a(lib_a-lseekr.o)
 .bss           0x02012720        0x0 d:/alalala/nios2eds/bin/gnu/h-i686-mingw32/bin/../lib/gcc/nios2-elf/4.1.2/../../../../nios2-elf/lib\libc.a(lib_a-readr.o)
 .bss           0x02012720        0x0 d:/alalala/nios2eds/bin/gnu/h-i686-mingw32/bin/../lib/gcc/nios2-elf/4.1.2\libgcc.a(_udivdi3.o)
 .bss           0x02012720        0x0 d:/alalala/nios2eds/bin/gnu/h-i686-mingw32/bin/../lib/gcc/nios2-elf/4.1.2\libgcc.a(_umoddi3.o)
 .bss           0x02012720        0x0 d:/alalala/nios2eds/bin/gnu/h-i686-mingw32/bin/../lib/gcc/nios2-elf/4.1.2\libgcc.a(_addsub_df.o)
 .bss           0x02012720        0x0 d:/alalala/nios2eds/bin/gnu/h-i686-mingw32/bin/../lib/gcc/nios2-elf/4.1.2\libgcc.a(_mul_df.o)
 .bss           0x02012720        0x0 d:/alalala/nios2eds/bin/gnu/h-i686-mingw32/bin/../lib/gcc/nios2-elf/4.1.2\libgcc.a(_div_df.o)
 .bss           0x02012720        0x0 d:/alalala/nios2eds/bin/gnu/h-i686-mingw32/bin/../lib/gcc/nios2-elf/4.1.2\libgcc.a(_eq_df.o)
 .bss           0x02012720        0x0 d:/alalala/nios2eds/bin/gnu/h-i686-mingw32/bin/../lib/gcc/nios2-elf/4.1.2\libgcc.a(_ne_df.o)
 .bss           0x02012720        0x0 d:/alalala/nios2eds/bin/gnu/h-i686-mingw32/bin/../lib/gcc/nios2-elf/4.1.2\libgcc.a(_gt_df.o)
 .bss           0x02012720        0x0 d:/alalala/nios2eds/bin/gnu/h-i686-mingw32/bin/../lib/gcc/nios2-elf/4.1.2\libgcc.a(_ge_df.o)
 .bss           0x02012720        0x0 d:/alalala/nios2eds/bin/gnu/h-i686-mingw32/bin/../lib/gcc/nios2-elf/4.1.2\libgcc.a(_lt_df.o)
 .bss           0x02012720        0x0 d:/alalala/nios2eds/bin/gnu/h-i686-mingw32/bin/../lib/gcc/nios2-elf/4.1.2\libgcc.a(_si_to_df.o)
 .bss           0x02012720        0x0 d:/alalala/nios2eds/bin/gnu/h-i686-mingw32/bin/../lib/gcc/nios2-elf/4.1.2\libgcc.a(_df_to_si.o)
 .bss           0x02012720        0x0 d:/alalala/nios2eds/bin/gnu/h-i686-mingw32/bin/../lib/gcc/nios2-elf/4.1.2\libgcc.a(_thenan_df.o)
 .bss           0x02012720        0x0 d:/alalala/nios2eds/bin/gnu/h-i686-mingw32/bin/../lib/gcc/nios2-elf/4.1.2\libgcc.a(_usi_to_df.o)
 .bss           0x02012720        0x0 d:/alalala/nios2eds/bin/gnu/h-i686-mingw32/bin/../lib/gcc/nios2-elf/4.1.2\libgcc.a(_unpack_df.o)
 .bss           0x02012720        0x0 d:/alalala/nios2eds/bin/gnu/h-i686-mingw32/bin/../lib/gcc/nios2-elf/4.1.2\libgcc.a(_fpcmp_parts_df.o)
 .bss           0x02012720        0x0 ../de2_timer_irq_bsp/\libhal_bsp.a(alt_close.o)
 .bss           0x02012720        0x0 ../de2_timer_irq_bsp/\libhal_bsp.a(alt_dev.o)
 .bss           0x02012720        0x0 ../de2_timer_irq_bsp/\libhal_bsp.a(alt_errno.o)
 .bss           0x02012720        0x0 ../de2_timer_irq_bsp/\libhal_bsp.a(alt_fstat.o)
 .bss           0x02012720        0x0 ../de2_timer_irq_bsp/\libhal_bsp.a(alt_irq_register.o)
 .bss           0x02012720        0x0 ../de2_timer_irq_bsp/\libhal_bsp.a(alt_irq_vars.o)
 .bss           0x02012720        0x0 ../de2_timer_irq_bsp/\libhal_bsp.a(alt_isatty.o)
 .bss           0x02012720        0x0 ../de2_timer_irq_bsp/\libhal_bsp.a(alt_load.o)
 .bss           0x02012720        0x0 ../de2_timer_irq_bsp/\libhal_bsp.a(alt_lseek.o)
 .bss           0x02012720        0x0 ../de2_timer_irq_bsp/\libhal_bsp.a(alt_main.o)
 .bss           0x02012720        0x0 ../de2_timer_irq_bsp/\libhal_bsp.a(alt_malloc_lock.o)
 .bss           0x02012720        0x0 ../de2_timer_irq_bsp/\libhal_bsp.a(alt_read.o)
 .bss           0x02012720        0x0 ../de2_timer_irq_bsp/\libhal_bsp.a(alt_release_fd.o)
 .bss           0x02012720        0x0 ../de2_timer_irq_bsp/\libhal_bsp.a(alt_sbrk.o)
 .bss           0x02012720        0x0 ../de2_timer_irq_bsp/\libhal_bsp.a(alt_write.o)
 .bss           0x02012720        0x0 ../de2_timer_irq_bsp/\libhal_bsp.a(alt_sys_init.o)
 .bss           0x02012720        0x0 ../de2_timer_irq_bsp/\libhal_bsp.a(altera_avalon_dma.o)
 .bss           0x02012720        0x0 ../de2_timer_irq_bsp/\libhal_bsp.a(altera_avalon_jtag_uart_fd.o)
 .bss           0x02012720        0x0 ../de2_timer_irq_bsp/\libhal_bsp.a(altera_avalon_jtag_uart_init.o)
 .bss           0x02012720        0x0 ../de2_timer_irq_bsp/\libhal_bsp.a(altera_avalon_jtag_uart_ioctl.o)
 .bss           0x02012720        0x0 ../de2_timer_irq_bsp/\libhal_bsp.a(altera_avalon_jtag_uart_read.o)
 .bss           0x02012720        0x0 ../de2_timer_irq_bsp/\libhal_bsp.a(altera_avalon_jtag_uart_write.o)
 .bss           0x02012720        0x0 ../de2_timer_irq_bsp/\libhal_bsp.a(altera_avalon_timer_vars.o)
 .bss           0x02012720        0x0 ../de2_timer_irq_bsp/\libhal_bsp.a(altera_avalon_uart_fd.o)
 .bss           0x02012720        0x0 ../de2_timer_irq_bsp/\libhal_bsp.a(altera_avalon_uart_init.o)
 .bss           0x02012720        0x0 ../de2_timer_irq_bsp/\libhal_bsp.a(altera_avalon_uart_read.o)
 .bss           0x02012720        0x0 ../de2_timer_irq_bsp/\libhal_bsp.a(altera_avalon_uart_write.o)
 .bss           0x02012720        0x0 ../de2_timer_irq_bsp/\libhal_bsp.a(alt_alarm_start.o)
 .bss           0x02012720        0x0 ../de2_timer_irq_bsp/\libhal_bsp.a(alt_dcache_flush_all.o)
 .bss           0x02012720        0x0 ../de2_timer_irq_bsp/\libhal_bsp.a(alt_dev_llist_insert.o)
 .bss           0x02012720        0x0 ../de2_timer_irq_bsp/\libhal_bsp.a(alt_dma_rxchan_open.o)
 .bss           0x02012720        0x0 ../de2_timer_irq_bsp/\libhal_bsp.a(alt_dma_txchan_open.o)
 .bss           0x02012720        0x0 ../de2_timer_irq_bsp/\libhal_bsp.a(alt_do_ctors.o)
 .bss           0x02012720        0x0 ../de2_timer_irq_bsp/\libhal_bsp.a(alt_do_dtors.o)
 .bss           0x02012720        0x0 ../de2_timer_irq_bsp/\libhal_bsp.a(alt_find_dev.o)
 .bss           0x02012720        0x0 ../de2_timer_irq_bsp/\libhal_bsp.a(alt_icache_flush_all.o)
 .bss           0x02012720        0x0 ../de2_timer_irq_bsp/\libhal_bsp.a(alt_iic.o)
 .bss           0x02012720        0x0 ../de2_timer_irq_bsp/\libhal_bsp.a(alt_iic_isr_register.o)
 .bss           0x02012720        0x0 ../de2_timer_irq_bsp/\libhal_bsp.a(alt_io_redirect.o)
 .bss           0x02012720        0x0 ../de2_timer_irq_bsp/\libhal_bsp.a(alt_irq_entry.o)
 .bss           0x02012720        0x0 ../de2_timer_irq_bsp/\libhal_bsp.a(alt_irq_handler.o)
 .bss           0x02012720        0x0 ../de2_timer_irq_bsp/\libhal_bsp.a(alt_open.o)
 .bss           0x02012720        0x0 ../de2_timer_irq_bsp/\libhal_bsp.a(alt_tick.o)
 .bss           0x02012720        0x0 ../de2_timer_irq_bsp/\libhal_bsp.a(altera_nios2_qsys_irq.o)
 .bss           0x02012720        0x0 ../de2_timer_irq_bsp/\libhal_bsp.a(alt_exception_entry.o)
 .bss           0x02012720        0x0 ../de2_timer_irq_bsp/\libhal_bsp.a(alt_find_file.o)
 .bss           0x02012720        0x0 ../de2_timer_irq_bsp/\libhal_bsp.a(alt_get_fd.o)
 .bss           0x02012720        0x0 ../de2_timer_irq_bsp/\libhal_bsp.a(alt_icache_flush.o)
 .bss           0x02012720        0x0 d:/alalala/nios2eds/bin/gnu/h-i686-mingw32/bin/../lib/gcc/nios2-elf/4.1.2/../../../../nios2-elf/lib\libc.a(lib_a-atexit.o)
 .bss           0x02012720        0x0 d:/alalala/nios2eds/bin/gnu/h-i686-mingw32/bin/../lib/gcc/nios2-elf/4.1.2/../../../../nios2-elf/lib\libc.a(lib_a-exit.o)
 .bss           0x02012720        0x0 d:/alalala/nios2eds/bin/gnu/h-i686-mingw32/bin/../lib/gcc/nios2-elf/4.1.2/../../../../nios2-elf/lib\libc.a(lib_a-memcmp.o)
 .bss           0x02012720        0x0 d:/alalala/nios2eds/bin/gnu/h-i686-mingw32/bin/../lib/gcc/nios2-elf/4.1.2/../../../../nios2-elf/lib\libc.a(lib_a-__atexit.o)
 .bss           0x02012720        0x0 d:/alalala/nios2eds/bin/gnu/h-i686-mingw32/bin/../lib/gcc/nios2-elf/4.1.2/../../../../nios2-elf/lib\libc.a(lib_a-__call_atexit.o)
 .bss           0x02012720        0x0 ../de2_timer_irq_bsp/\libhal_bsp.a(alt_exit.o)
 *(COMMON)
 COMMON         0x02012720      0x100 ../de2_timer_irq_bsp/\libhal_bsp.a(alt_irq_handler.o)
                0x02012720                alt_irq
 COMMON         0x02012820      0x190 d:/alalala/nios2eds/bin/gnu/h-i686-mingw32/bin/../lib/gcc/nios2-elf/4.1.2/../../../../nios2-elf/lib\libc.a(lib_a-atexit.o)
                0x02012820                _atexit0
                0x020129b0                . = ALIGN (0x4)
                0x020129b0                __bss_end = ABSOLUTE (.)

.sdram_ctrl     0x020129b0        0x0
                0x020129b0                PROVIDE (_alt_partition_sdram_ctrl_start, ABSOLUTE (.))
 *(.sdram_ctrl. sdram_ctrl.*)
                0x020129b0                . = ALIGN (0x4)
                0x020129b0                PROVIDE (_alt_partition_sdram_ctrl_end, ABSOLUTE (.))
                0x020129b0                _end = ABSOLUTE (.)
                0x020129b0                end = ABSOLUTE (.)
                0x020129b0                __alt_stack_base = ABSOLUTE (.)
                0x020129b0                PROVIDE (_alt_partition_sdram_ctrl_load_addr, LOADADDR (.sdram_ctrl))

.stab
 *(.stab)

.stabstr
 *(.stabstr)

.stab.excl
 *(.stab.excl)

.stab.exclstr
 *(.stab.exclstr)

.stab.index
 *(.stab.index)

.stab.indexstr
 *(.stab.indexstr)

.comment        0x00000000       0x26
 *(.comment)
 .comment       0x00000000       0x26 obj/default/hello_world.o
                                 0x27 (size before relaxing)
 .comment       0x00000000       0x27 obj/default/timer.o
 .comment       0x00000000       0x27 d:/alalala/nios2eds/bin/gnu/h-i686-mingw32/bin/../lib/gcc/nios2-elf/4.1.2\libgcc.a(_fixunssfsi.o)
 .comment       0x00000000       0x27 d:/alalala/nios2eds/bin/gnu/h-i686-mingw32/bin/../lib/gcc/nios2-elf/4.1.2\libgcc.a(_addsub_sf.o)
 .comment       0x00000000       0x27 d:/alalala/nios2eds/bin/gnu/h-i686-mingw32/bin/../lib/gcc/nios2-elf/4.1.2\libgcc.a(_mul_sf.o)
 .comment       0x00000000       0x27 d:/alalala/nios2eds/bin/gnu/h-i686-mingw32/bin/../lib/gcc/nios2-elf/4.1.2\libgcc.a(_ge_sf.o)
 .comment       0x00000000       0x27 d:/alalala/nios2eds/bin/gnu/h-i686-mingw32/bin/../lib/gcc/nios2-elf/4.1.2\libgcc.a(_sf_to_si.o)
 .comment       0x00000000       0x27 d:/alalala/nios2eds/bin/gnu/h-i686-mingw32/bin/../lib/gcc/nios2-elf/4.1.2\libgcc.a(_sf_to_df.o)
 .comment       0x00000000       0x27 d:/alalala/nios2eds/bin/gnu/h-i686-mingw32/bin/../lib/gcc/nios2-elf/4.1.2\libgcc.a(_thenan_sf.o)
 .comment       0x00000000       0x27 d:/alalala/nios2eds/bin/gnu/h-i686-mingw32/bin/../lib/gcc/nios2-elf/4.1.2\libgcc.a(_usi_to_sf.o)
 .comment       0x00000000       0x27 d:/alalala/nios2eds/bin/gnu/h-i686-mingw32/bin/../lib/gcc/nios2-elf/4.1.2\libgcc.a(_make_df.o)
 .comment       0x00000000       0x27 d:/alalala/nios2eds/bin/gnu/h-i686-mingw32/bin/../lib/gcc/nios2-elf/4.1.2\libgcc.a(lib2-divmod.o)
 .comment       0x00000000       0x27 d:/alalala/nios2eds/bin/gnu/h-i686-mingw32/bin/../lib/gcc/nios2-elf/4.1.2\libgcc.a(_muldi3.o)
 .comment       0x00000000       0x27 d:/alalala/nios2eds/bin/gnu/h-i686-mingw32/bin/../lib/gcc/nios2-elf/4.1.2\libgcc.a(_clzsi2.o)
 .comment       0x00000000       0x27 d:/alalala/nios2eds/bin/gnu/h-i686-mingw32/bin/../lib/gcc/nios2-elf/4.1.2\libgcc.a(_pack_sf.o)
 .comment       0x00000000       0x27 d:/alalala/nios2eds/bin/gnu/h-i686-mingw32/bin/../lib/gcc/nios2-elf/4.1.2\libgcc.a(_unpack_sf.o)
 .comment       0x00000000       0x27 d:/alalala/nios2eds/bin/gnu/h-i686-mingw32/bin/../lib/gcc/nios2-elf/4.1.2\libgcc.a(_fpcmp_parts_sf.o)
 .comment       0x00000000       0x27 d:/alalala/nios2eds/bin/gnu/h-i686-mingw32/bin/../lib/gcc/nios2-elf/4.1.2\libgcc.a(_pack_df.o)
 .comment       0x00000000       0x27 d:/alalala/nios2eds/bin/gnu/h-i686-mingw32/bin/../lib/gcc/nios2-elf/4.1.2\libgcc.a(_clz.o)
 .comment       0x00000000       0x27 d:/alalala/nios2eds/bin/gnu/h-i686-mingw32/bin/../lib/gcc/nios2-elf/4.1.2/../../../../nios2-elf/lib\libc.a(lib_a-printf.o)
 .comment       0x00000000       0x27 d:/alalala/nios2eds/bin/gnu/h-i686-mingw32/bin/../lib/gcc/nios2-elf/4.1.2/../../../../nios2-elf/lib\libc.a(lib_a-puts.o)
 .comment       0x00000000       0x27 d:/alalala/nios2eds/bin/gnu/h-i686-mingw32/bin/../lib/gcc/nios2-elf/4.1.2/../../../../nios2-elf/lib\libc.a(lib_a-strlen.o)
 .comment       0x00000000       0x27 d:/alalala/nios2eds/bin/gnu/h-i686-mingw32/bin/../lib/gcc/nios2-elf/4.1.2/../../../../nios2-elf/lib\libc.a(lib_a-vfprintf.o)
 .comment       0x00000000       0x27 d:/alalala/nios2eds/bin/gnu/h-i686-mingw32/bin/../lib/gcc/nios2-elf/4.1.2/../../../../nios2-elf/lib\libc.a(lib_a-wsetup.o)
 .comment       0x00000000       0x27 d:/alalala/nios2eds/bin/gnu/h-i686-mingw32/bin/../lib/gcc/nios2-elf/4.1.2/../../../../nios2-elf/lib\libc.a(lib_a-dtoa.o)
 .comment       0x00000000       0x27 d:/alalala/nios2eds/bin/gnu/h-i686-mingw32/bin/../lib/gcc/nios2-elf/4.1.2/../../../../nios2-elf/lib\libc.a(lib_a-fflush.o)
 .comment       0x00000000       0x27 d:/alalala/nios2eds/bin/gnu/h-i686-mingw32/bin/../lib/gcc/nios2-elf/4.1.2/../../../../nios2-elf/lib\libc.a(lib_a-findfp.o)
 .comment       0x00000000       0x27 d:/alalala/nios2eds/bin/gnu/h-i686-mingw32/bin/../lib/gcc/nios2-elf/4.1.2/../../../../nios2-elf/lib\libc.a(lib_a-freer.o)
 .comment       0x00000000       0x27 d:/alalala/nios2eds/bin/gnu/h-i686-mingw32/bin/../lib/gcc/nios2-elf/4.1.2/../../../../nios2-elf/lib\libc.a(lib_a-fvwrite.o)
 .comment       0x00000000       0x27 d:/alalala/nios2eds/bin/gnu/h-i686-mingw32/bin/../lib/gcc/nios2-elf/4.1.2/../../../../nios2-elf/lib\libc.a(lib_a-fwalk.o)
 .comment       0x00000000       0x27 d:/alalala/nios2eds/bin/gnu/h-i686-mingw32/bin/../lib/gcc/nios2-elf/4.1.2/../../../../nios2-elf/lib\libc.a(lib_a-impure.o)
 .comment       0x00000000       0x27 d:/alalala/nios2eds/bin/gnu/h-i686-mingw32/bin/../lib/gcc/nios2-elf/4.1.2/../../../../nios2-elf/lib\libc.a(lib_a-locale.o)
 .comment       0x00000000       0x27 d:/alalala/nios2eds/bin/gnu/h-i686-mingw32/bin/../lib/gcc/nios2-elf/4.1.2/../../../../nios2-elf/lib\libc.a(lib_a-makebuf.o)
 .comment       0x00000000       0x27 d:/alalala/nios2eds/bin/gnu/h-i686-mingw32/bin/../lib/gcc/nios2-elf/4.1.2/../../../../nios2-elf/lib\libc.a(lib_a-mallocr.o)
 .comment       0x00000000       0x27 d:/alalala/nios2eds/bin/gnu/h-i686-mingw32/bin/../lib/gcc/nios2-elf/4.1.2/../../../../nios2-elf/lib\libc.a(lib_a-memchr.o)
 .comment       0x00000000       0x27 d:/alalala/nios2eds/bin/gnu/h-i686-mingw32/bin/../lib/gcc/nios2-elf/4.1.2/../../../../nios2-elf/lib\libc.a(lib_a-memcpy.o)
 .comment       0x00000000       0x27 d:/alalala/nios2eds/bin/gnu/h-i686-mingw32/bin/../lib/gcc/nios2-elf/4.1.2/../../../../nios2-elf/lib\libc.a(lib_a-memmove.o)
 .comment       0x00000000       0x27 d:/alalala/nios2eds/bin/gnu/h-i686-mingw32/bin/../lib/gcc/nios2-elf/4.1.2/../../../../nios2-elf/lib\libc.a(lib_a-memset.o)
 .comment       0x00000000       0x27 d:/alalala/nios2eds/bin/gnu/h-i686-mingw32/bin/../lib/gcc/nios2-elf/4.1.2/../../../../nios2-elf/lib\libc.a(lib_a-mprec.o)
 .comment       0x00000000       0x27 d:/alalala/nios2eds/bin/gnu/h-i686-mingw32/bin/../lib/gcc/nios2-elf/4.1.2/../../../../nios2-elf/lib\libc.a(lib_a-reallocr.o)
 .comment       0x00000000       0x27 d:/alalala/nios2eds/bin/gnu/h-i686-mingw32/bin/../lib/gcc/nios2-elf/4.1.2/../../../../nios2-elf/lib\libc.a(lib_a-s_isinfd.o)
 .comment       0x00000000       0x27 d:/alalala/nios2eds/bin/gnu/h-i686-mingw32/bin/../lib/gcc/nios2-elf/4.1.2/../../../../nios2-elf/lib\libc.a(lib_a-s_isnand.o)
 .comment       0x00000000       0x27 d:/alalala/nios2eds/bin/gnu/h-i686-mingw32/bin/../lib/gcc/nios2-elf/4.1.2/../../../../nios2-elf/lib\libc.a(lib_a-sbrkr.o)
 .comment       0x00000000       0x27 d:/alalala/nios2eds/bin/gnu/h-i686-mingw32/bin/../lib/gcc/nios2-elf/4.1.2/../../../../nios2-elf/lib\libc.a(lib_a-stdio.o)
 .comment       0x00000000       0x27 d:/alalala/nios2eds/bin/gnu/h-i686-mingw32/bin/../lib/gcc/nios2-elf/4.1.2/../../../../nios2-elf/lib\libc.a(lib_a-strcmp.o)
 .comment       0x00000000       0x27 d:/alalala/nios2eds/bin/gnu/h-i686-mingw32/bin/../lib/gcc/nios2-elf/4.1.2/../../../../nios2-elf/lib\libc.a(lib_a-writer.o)
 .comment       0x00000000       0x27 d:/alalala/nios2eds/bin/gnu/h-i686-mingw32/bin/../lib/gcc/nios2-elf/4.1.2/../../../../nios2-elf/lib\libc.a(lib_a-callocr.o)
 .comment       0x00000000       0x27 d:/alalala/nios2eds/bin/gnu/h-i686-mingw32/bin/../lib/gcc/nios2-elf/4.1.2/../../../../nios2-elf/lib\libc.a(lib_a-closer.o)
 .comment       0x00000000       0x27 d:/alalala/nios2eds/bin/gnu/h-i686-mingw32/bin/../lib/gcc/nios2-elf/4.1.2/../../../../nios2-elf/lib\libc.a(lib_a-fclose.o)
 .comment       0x00000000       0x27 d:/alalala/nios2eds/bin/gnu/h-i686-mingw32/bin/../lib/gcc/nios2-elf/4.1.2/../../../../nios2-elf/lib\libc.a(lib_a-fstatr.o)
 .comment       0x00000000       0x27 d:/alalala/nios2eds/bin/gnu/h-i686-mingw32/bin/../lib/gcc/nios2-elf/4.1.2/../../../../nios2-elf/lib\libc.a(lib_a-int_errno.o)
 .comment       0x00000000       0x27 d:/alalala/nios2eds/bin/gnu/h-i686-mingw32/bin/../lib/gcc/nios2-elf/4.1.2/../../../../nios2-elf/lib\libc.a(lib_a-isattyr.o)
 .comment       0x00000000       0x27 d:/alalala/nios2eds/bin/gnu/h-i686-mingw32/bin/../lib/gcc/nios2-elf/4.1.2/../../../../nios2-elf/lib\libc.a(lib_a-lseekr.o)
 .comment       0x00000000       0x27 d:/alalala/nios2eds/bin/gnu/h-i686-mingw32/bin/../lib/gcc/nios2-elf/4.1.2/../../../../nios2-elf/lib\libc.a(lib_a-readr.o)
 .comment       0x00000000       0x27 d:/alalala/nios2eds/bin/gnu/h-i686-mingw32/bin/../lib/gcc/nios2-elf/4.1.2\libgcc.a(_udivdi3.o)
 .comment       0x00000000       0x27 d:/alalala/nios2eds/bin/gnu/h-i686-mingw32/bin/../lib/gcc/nios2-elf/4.1.2\libgcc.a(_umoddi3.o)
 .comment       0x00000000       0x27 d:/alalala/nios2eds/bin/gnu/h-i686-mingw32/bin/../lib/gcc/nios2-elf/4.1.2\libgcc.a(_addsub_df.o)
 .comment       0x00000000       0x27 d:/alalala/nios2eds/bin/gnu/h-i686-mingw32/bin/../lib/gcc/nios2-elf/4.1.2\libgcc.a(_mul_df.o)
 .comment       0x00000000       0x27 d:/alalala/nios2eds/bin/gnu/h-i686-mingw32/bin/../lib/gcc/nios2-elf/4.1.2\libgcc.a(_div_df.o)
 .comment       0x00000000       0x27 d:/alalala/nios2eds/bin/gnu/h-i686-mingw32/bin/../lib/gcc/nios2-elf/4.1.2\libgcc.a(_eq_df.o)
 .comment       0x00000000       0x27 d:/alalala/nios2eds/bin/gnu/h-i686-mingw32/bin/../lib/gcc/nios2-elf/4.1.2\libgcc.a(_ne_df.o)
 .comment       0x00000000       0x27 d:/alalala/nios2eds/bin/gnu/h-i686-mingw32/bin/../lib/gcc/nios2-elf/4.1.2\libgcc.a(_gt_df.o)
 .comment       0x00000000       0x27 d:/alalala/nios2eds/bin/gnu/h-i686-mingw32/bin/../lib/gcc/nios2-elf/4.1.2\libgcc.a(_ge_df.o)
 .comment       0x00000000       0x27 d:/alalala/nios2eds/bin/gnu/h-i686-mingw32/bin/../lib/gcc/nios2-elf/4.1.2\libgcc.a(_lt_df.o)
 .comment       0x00000000       0x27 d:/alalala/nios2eds/bin/gnu/h-i686-mingw32/bin/../lib/gcc/nios2-elf/4.1.2\libgcc.a(_si_to_df.o)
 .comment       0x00000000       0x27 d:/alalala/nios2eds/bin/gnu/h-i686-mingw32/bin/../lib/gcc/nios2-elf/4.1.2\libgcc.a(_df_to_si.o)
 .comment       0x00000000       0x27 d:/alalala/nios2eds/bin/gnu/h-i686-mingw32/bin/../lib/gcc/nios2-elf/4.1.2\libgcc.a(_thenan_df.o)
 .comment       0x00000000       0x27 d:/alalala/nios2eds/bin/gnu/h-i686-mingw32/bin/../lib/gcc/nios2-elf/4.1.2\libgcc.a(_usi_to_df.o)
 .comment       0x00000000       0x27 d:/alalala/nios2eds/bin/gnu/h-i686-mingw32/bin/../lib/gcc/nios2-elf/4.1.2\libgcc.a(_unpack_df.o)
 .comment       0x00000000       0x27 d:/alalala/nios2eds/bin/gnu/h-i686-mingw32/bin/../lib/gcc/nios2-elf/4.1.2\libgcc.a(_fpcmp_parts_df.o)
 .comment       0x00000000       0x27 ../de2_timer_irq_bsp/\libhal_bsp.a(alt_close.o)
 .comment       0x00000000       0x27 ../de2_timer_irq_bsp/\libhal_bsp.a(alt_dev.o)
 .comment       0x00000000       0x27 ../de2_timer_irq_bsp/\libhal_bsp.a(alt_errno.o)
 .comment       0x00000000       0x27 ../de2_timer_irq_bsp/\libhal_bsp.a(alt_fstat.o)
 .comment       0x00000000       0x27 ../de2_timer_irq_bsp/\libhal_bsp.a(alt_irq_register.o)
 .comment       0x00000000       0x27 ../de2_timer_irq_bsp/\libhal_bsp.a(alt_irq_vars.o)
 .comment       0x00000000       0x27 ../de2_timer_irq_bsp/\libhal_bsp.a(alt_isatty.o)
 .comment       0x00000000       0x27 ../de2_timer_irq_bsp/\libhal_bsp.a(alt_load.o)
 .comment       0x00000000       0x27 ../de2_timer_irq_bsp/\libhal_bsp.a(alt_lseek.o)
 .comment       0x00000000       0x27 ../de2_timer_irq_bsp/\libhal_bsp.a(alt_main.o)
 .comment       0x00000000       0x27 ../de2_timer_irq_bsp/\libhal_bsp.a(alt_malloc_lock.o)
 .comment       0x00000000       0x27 ../de2_timer_irq_bsp/\libhal_bsp.a(alt_read.o)
 .comment       0x00000000       0x27 ../de2_timer_irq_bsp/\libhal_bsp.a(alt_release_fd.o)
 .comment       0x00000000       0x27 ../de2_timer_irq_bsp/\libhal_bsp.a(alt_sbrk.o)
 .comment       0x00000000       0x27 ../de2_timer_irq_bsp/\libhal_bsp.a(alt_write.o)
 .comment       0x00000000       0x27 ../de2_timer_irq_bsp/\libhal_bsp.a(alt_sys_init.o)
 .comment       0x00000000       0x27 ../de2_timer_irq_bsp/\libhal_bsp.a(altera_avalon_dma.o)
 .comment       0x00000000       0x27 ../de2_timer_irq_bsp/\libhal_bsp.a(altera_avalon_jtag_uart_fd.o)
 .comment       0x00000000       0x27 ../de2_timer_irq_bsp/\libhal_bsp.a(altera_avalon_jtag_uart_init.o)
 .comment       0x00000000       0x27 ../de2_timer_irq_bsp/\libhal_bsp.a(altera_avalon_jtag_uart_ioctl.o)
 .comment       0x00000000       0x27 ../de2_timer_irq_bsp/\libhal_bsp.a(altera_avalon_jtag_uart_read.o)
 .comment       0x00000000       0x27 ../de2_timer_irq_bsp/\libhal_bsp.a(altera_avalon_jtag_uart_write.o)
 .comment       0x00000000       0x27 ../de2_timer_irq_bsp/\libhal_bsp.a(altera_avalon_timer_vars.o)
 .comment       0x00000000       0x27 ../de2_timer_irq_bsp/\libhal_bsp.a(altera_avalon_uart_fd.o)
 .comment       0x00000000       0x27 ../de2_timer_irq_bsp/\libhal_bsp.a(altera_avalon_uart_init.o)
 .comment       0x00000000       0x27 ../de2_timer_irq_bsp/\libhal_bsp.a(altera_avalon_uart_read.o)
 .comment       0x00000000       0x27 ../de2_timer_irq_bsp/\libhal_bsp.a(altera_avalon_uart_write.o)
 .comment       0x00000000       0x27 ../de2_timer_irq_bsp/\libhal_bsp.a(alt_alarm_start.o)
 .comment       0x00000000       0x27 ../de2_timer_irq_bsp/\libhal_bsp.a(alt_dcache_flush_all.o)
 .comment       0x00000000       0x27 ../de2_timer_irq_bsp/\libhal_bsp.a(alt_dev_llist_insert.o)
 .comment       0x00000000       0x27 ../de2_timer_irq_bsp/\libhal_bsp.a(alt_dma_rxchan_open.o)
 .comment       0x00000000       0x27 ../de2_timer_irq_bsp/\libhal_bsp.a(alt_dma_txchan_open.o)
 .comment       0x00000000       0x27 ../de2_timer_irq_bsp/\libhal_bsp.a(alt_do_ctors.o)
 .comment       0x00000000       0x27 ../de2_timer_irq_bsp/\libhal_bsp.a(alt_do_dtors.o)
 .comment       0x00000000       0x27 ../de2_timer_irq_bsp/\libhal_bsp.a(alt_find_dev.o)
 .comment       0x00000000       0x27 ../de2_timer_irq_bsp/\libhal_bsp.a(alt_icache_flush_all.o)
 .comment       0x00000000       0x27 ../de2_timer_irq_bsp/\libhal_bsp.a(alt_iic.o)
 .comment       0x00000000       0x27 ../de2_timer_irq_bsp/\libhal_bsp.a(alt_iic_isr_register.o)
 .comment       0x00000000       0x27 ../de2_timer_irq_bsp/\libhal_bsp.a(alt_io_redirect.o)
 .comment       0x00000000       0x27 ../de2_timer_irq_bsp/\libhal_bsp.a(alt_irq_handler.o)
 .comment       0x00000000       0x27 ../de2_timer_irq_bsp/\libhal_bsp.a(alt_open.o)
 .comment       0x00000000       0x27 ../de2_timer_irq_bsp/\libhal_bsp.a(alt_tick.o)
 .comment       0x00000000       0x27 ../de2_timer_irq_bsp/\libhal_bsp.a(altera_nios2_qsys_irq.o)
 .comment       0x00000000       0x27 ../de2_timer_irq_bsp/\libhal_bsp.a(alt_find_file.o)
 .comment       0x00000000       0x27 ../de2_timer_irq_bsp/\libhal_bsp.a(alt_get_fd.o)
 .comment       0x00000000       0x27 ../de2_timer_irq_bsp/\libhal_bsp.a(alt_icache_flush.o)
 .comment       0x00000000       0x27 d:/alalala/nios2eds/bin/gnu/h-i686-mingw32/bin/../lib/gcc/nios2-elf/4.1.2/../../../../nios2-elf/lib\libc.a(lib_a-atexit.o)
 .comment       0x00000000       0x27 d:/alalala/nios2eds/bin/gnu/h-i686-mingw32/bin/../lib/gcc/nios2-elf/4.1.2/../../../../nios2-elf/lib\libc.a(lib_a-exit.o)
 .comment       0x00000000       0x27 d:/alalala/nios2eds/bin/gnu/h-i686-mingw32/bin/../lib/gcc/nios2-elf/4.1.2/../../../../nios2-elf/lib\libc.a(lib_a-memcmp.o)
 .comment       0x00000000       0x27 d:/alalala/nios2eds/bin/gnu/h-i686-mingw32/bin/../lib/gcc/nios2-elf/4.1.2/../../../../nios2-elf/lib\libc.a(lib_a-__atexit.o)
 .comment       0x00000000       0x27 d:/alalala/nios2eds/bin/gnu/h-i686-mingw32/bin/../lib/gcc/nios2-elf/4.1.2/../../../../nios2-elf/lib\libc.a(lib_a-__call_atexit.o)
 .comment       0x00000000       0x27 ../de2_timer_irq_bsp/\libhal_bsp.a(alt_exit.o)

.debug
 *(.debug)

.line
 *(.line)

.debug_srcinfo
 *(.debug_srcinfo)

.debug_sfnames
 *(.debug_sfnames)

.debug_aranges  0x00000000      0xed8
 *(.debug_aranges)
 .debug_aranges
                0x00000000       0x28 ../de2_timer_irq_bsp//obj/HAL/src/crt0.o
 .debug_aranges
                0x00000028       0x20 obj/default/hello_world.o
 .debug_aranges
                0x00000048       0x20 obj/default/timer.o
 .debug_aranges
                0x00000068       0x20 d:/alalala/nios2eds/bin/gnu/h-i686-mingw32/bin/../lib/gcc/nios2-elf/4.1.2\libgcc.a(_fixunssfsi.o)
 .debug_aranges
                0x00000088       0x20 d:/alalala/nios2eds/bin/gnu/h-i686-mingw32/bin/../lib/gcc/nios2-elf/4.1.2\libgcc.a(_addsub_sf.o)
 .debug_aranges
                0x000000a8       0x20 d:/alalala/nios2eds/bin/gnu/h-i686-mingw32/bin/../lib/gcc/nios2-elf/4.1.2\libgcc.a(_mul_sf.o)
 .debug_aranges
                0x000000c8       0x20 d:/alalala/nios2eds/bin/gnu/h-i686-mingw32/bin/../lib/gcc/nios2-elf/4.1.2\libgcc.a(_ge_sf.o)
 .debug_aranges
                0x000000e8       0x20 d:/alalala/nios2eds/bin/gnu/h-i686-mingw32/bin/../lib/gcc/nios2-elf/4.1.2\libgcc.a(_sf_to_si.o)
 .debug_aranges
                0x00000108       0x20 d:/alalala/nios2eds/bin/gnu/h-i686-mingw32/bin/../lib/gcc/nios2-elf/4.1.2\libgcc.a(_sf_to_df.o)
 .debug_aranges
                0x00000128       0x20 d:/alalala/nios2eds/bin/gnu/h-i686-mingw32/bin/../lib/gcc/nios2-elf/4.1.2\libgcc.a(_usi_to_sf.o)
 .debug_aranges
                0x00000148       0x20 d:/alalala/nios2eds/bin/gnu/h-i686-mingw32/bin/../lib/gcc/nios2-elf/4.1.2\libgcc.a(_make_df.o)
 .debug_aranges
                0x00000168       0x20 d:/alalala/nios2eds/bin/gnu/h-i686-mingw32/bin/../lib/gcc/nios2-elf/4.1.2\libgcc.a(lib2-divmod.o)
 .debug_aranges
                0x00000188       0x20 d:/alalala/nios2eds/bin/gnu/h-i686-mingw32/bin/../lib/gcc/nios2-elf/4.1.2\libgcc.a(_muldi3.o)
 .debug_aranges
                0x000001a8       0x20 d:/alalala/nios2eds/bin/gnu/h-i686-mingw32/bin/../lib/gcc/nios2-elf/4.1.2\libgcc.a(_clzsi2.o)
 .debug_aranges
                0x000001c8       0x20 d:/alalala/nios2eds/bin/gnu/h-i686-mingw32/bin/../lib/gcc/nios2-elf/4.1.2\libgcc.a(_pack_sf.o)
 .debug_aranges
                0x000001e8       0x20 d:/alalala/nios2eds/bin/gnu/h-i686-mingw32/bin/../lib/gcc/nios2-elf/4.1.2\libgcc.a(_unpack_sf.o)
 .debug_aranges
                0x00000208       0x20 d:/alalala/nios2eds/bin/gnu/h-i686-mingw32/bin/../lib/gcc/nios2-elf/4.1.2\libgcc.a(_fpcmp_parts_sf.o)
 .debug_aranges
                0x00000228       0x20 d:/alalala/nios2eds/bin/gnu/h-i686-mingw32/bin/../lib/gcc/nios2-elf/4.1.2\libgcc.a(_pack_df.o)
 .debug_aranges
                0x00000248       0x20 d:/alalala/nios2eds/bin/gnu/h-i686-mingw32/bin/../lib/gcc/nios2-elf/4.1.2/../../../../nios2-elf/lib\libc.a(lib_a-printf.o)
 .debug_aranges
                0x00000268       0x20 d:/alalala/nios2eds/bin/gnu/h-i686-mingw32/bin/../lib/gcc/nios2-elf/4.1.2/../../../../nios2-elf/lib\libc.a(lib_a-puts.o)
 .debug_aranges
                0x00000288       0x20 d:/alalala/nios2eds/bin/gnu/h-i686-mingw32/bin/../lib/gcc/nios2-elf/4.1.2/../../../../nios2-elf/lib\libc.a(lib_a-strlen.o)
 .debug_aranges
                0x000002a8       0x20 d:/alalala/nios2eds/bin/gnu/h-i686-mingw32/bin/../lib/gcc/nios2-elf/4.1.2/../../../../nios2-elf/lib\libc.a(lib_a-vfprintf.o)
 .debug_aranges
                0x000002c8       0x20 d:/alalala/nios2eds/bin/gnu/h-i686-mingw32/bin/../lib/gcc/nios2-elf/4.1.2/../../../../nios2-elf/lib\libc.a(lib_a-wsetup.o)
 .debug_aranges
                0x000002e8       0x20 d:/alalala/nios2eds/bin/gnu/h-i686-mingw32/bin/../lib/gcc/nios2-elf/4.1.2/../../../../nios2-elf/lib\libc.a(lib_a-dtoa.o)
 .debug_aranges
                0x00000308       0x20 d:/alalala/nios2eds/bin/gnu/h-i686-mingw32/bin/../lib/gcc/nios2-elf/4.1.2/../../../../nios2-elf/lib\libc.a(lib_a-fflush.o)
 .debug_aranges
                0x00000328       0x20 d:/alalala/nios2eds/bin/gnu/h-i686-mingw32/bin/../lib/gcc/nios2-elf/4.1.2/../../../../nios2-elf/lib\libc.a(lib_a-findfp.o)
 .debug_aranges
                0x00000348       0x20 d:/alalala/nios2eds/bin/gnu/h-i686-mingw32/bin/../lib/gcc/nios2-elf/4.1.2/../../../../nios2-elf/lib\libc.a(lib_a-freer.o)
 .debug_aranges
                0x00000368       0x20 d:/alalala/nios2eds/bin/gnu/h-i686-mingw32/bin/../lib/gcc/nios2-elf/4.1.2/../../../../nios2-elf/lib\libc.a(lib_a-fvwrite.o)
 .debug_aranges
                0x00000388       0x20 d:/alalala/nios2eds/bin/gnu/h-i686-mingw32/bin/../lib/gcc/nios2-elf/4.1.2/../../../../nios2-elf/lib\libc.a(lib_a-fwalk.o)
 .debug_aranges
                0x000003a8       0x20 d:/alalala/nios2eds/bin/gnu/h-i686-mingw32/bin/../lib/gcc/nios2-elf/4.1.2/../../../../nios2-elf/lib\libc.a(lib_a-locale.o)
 .debug_aranges
                0x000003c8       0x20 d:/alalala/nios2eds/bin/gnu/h-i686-mingw32/bin/../lib/gcc/nios2-elf/4.1.2/../../../../nios2-elf/lib\libc.a(lib_a-makebuf.o)
 .debug_aranges
                0x000003e8       0x20 d:/alalala/nios2eds/bin/gnu/h-i686-mingw32/bin/../lib/gcc/nios2-elf/4.1.2/../../../../nios2-elf/lib\libc.a(lib_a-mallocr.o)
 .debug_aranges
                0x00000408       0x20 d:/alalala/nios2eds/bin/gnu/h-i686-mingw32/bin/../lib/gcc/nios2-elf/4.1.2/../../../../nios2-elf/lib\libc.a(lib_a-memchr.o)
 .debug_aranges
                0x00000428       0x20 d:/alalala/nios2eds/bin/gnu/h-i686-mingw32/bin/../lib/gcc/nios2-elf/4.1.2/../../../../nios2-elf/lib\libc.a(lib_a-memcpy.o)
 .debug_aranges
                0x00000448       0x20 d:/alalala/nios2eds/bin/gnu/h-i686-mingw32/bin/../lib/gcc/nios2-elf/4.1.2/../../../../nios2-elf/lib\libc.a(lib_a-memmove.o)
 .debug_aranges
                0x00000468       0x20 d:/alalala/nios2eds/bin/gnu/h-i686-mingw32/bin/../lib/gcc/nios2-elf/4.1.2/../../../../nios2-elf/lib\libc.a(lib_a-memset.o)