Archive member included because of file (symbol)

d:/alalala/nios2eds/bin/gnu/h-i686-mingw32/bin/../lib/gcc/nios2-elf/4.1.2/../../../../nios2-elf/lib\libc.a(lib_a-puts.o)
                              obj/default/hello_world.o (puts)
d:/alalala/nios2eds/bin/gnu/h-i686-mingw32/bin/../lib/gcc/nios2-elf/4.1.2/../../../../nios2-elf/lib\libc.a(lib_a-strlen.o)
                              d:/alalala/nios2eds/bin/gnu/h-i686-mingw32/bin/../lib/gcc/nios2-elf/4.1.2/../../../../nios2-elf/lib\libc.a(lib_a-puts.o) (strlen)
d:/alalala/nios2eds/bin/gnu/h-i686-mingw32/bin/../lib/gcc/nios2-elf/4.1.2/../../../../nios2-elf/lib\libc.a(lib_a-fvwrite.o)
                              d:/alalala/nios2eds/bin/gnu/h-i686-mingw32/bin/../lib/gcc/nios2-elf/4.1.2/../../../../nios2-elf/lib\libc.a(lib_a-puts.o) (__sfvwrite_r)
d:/alalala/nios2eds/bin/gnu/h-i686-mingw32/bin/../lib/gcc/nios2-elf/4.1.2/../../../../nios2-elf/lib\libc.a(lib_a-impure.o)
                              d:/alalala/nios2eds/bin/gnu/h-i686-mingw32/bin/../lib/gcc/nios2-elf/4.1.2/../../../../nios2-elf/lib\libc.a(lib_a-puts.o) (_impure_ptr)
d:/alalala/nios2eds/bin/gnu/h-i686-mingw32/bin/../lib/gcc/nios2-elf/4.1.2/../../../../nios2-elf/lib\libc.a(lib_a-mallocr.o)
                              d:/alalala/nios2eds/bin/gnu/h-i686-mingw32/bin/../lib/gcc/nios2-elf/4.1.2/../../../../nios2-elf/lib\libc.a(lib_a-fvwrite.o) (_malloc_r)
d:/alalala/nios2eds/bin/gnu/h-i686-mingw32/bin/../lib/gcc/nios2-elf/4.1.2/../../../../nios2-elf/lib\libc.a(lib_a-memchr.o)
                              d:/alalala/nios2eds/bin/gnu/h-i686-mingw32/bin/../lib/gcc/nios2-elf/4.1.2/../../../../nios2-elf/lib\libc.a(lib_a-fvwrite.o) (memchr)
d:/alalala/nios2eds/bin/gnu/h-i686-mingw32/bin/../lib/gcc/nios2-elf/4.1.2/../../../../nios2-elf/lib\libc.a(lib_a-memcpy.o)
                              d:/alalala/nios2eds/bin/gnu/h-i686-mingw32/bin/../lib/gcc/nios2-elf/4.1.2/../../../../nios2-elf/lib\libc.a(lib_a-fvwrite.o) (memcpy)
d:/alalala/nios2eds/bin/gnu/h-i686-mingw32/bin/../lib/gcc/nios2-elf/4.1.2/../../../../nios2-elf/lib\libc.a(lib_a-memmove.o)
                              d:/alalala/nios2eds/bin/gnu/h-i686-mingw32/bin/../lib/gcc/nios2-elf/4.1.2/../../../../nios2-elf/lib\libc.a(lib_a-fvwrite.o) (memmove)
d:/alalala/nios2eds/bin/gnu/h-i686-mingw32/bin/../lib/gcc/nios2-elf/4.1.2/../../../../nios2-elf/lib\libc.a(lib_a-reallocr.o)
                              d:/alalala/nios2eds/bin/gnu/h-i686-mingw32/bin/../lib/gcc/nios2-elf/4.1.2/../../../../nios2-elf/lib\libc.a(lib_a-fvwrite.o) (_realloc_r)
d:/alalala/nios2eds/bin/gnu/h-i686-mingw32/bin/../lib/gcc/nios2-elf/4.1.2/../../../../nios2-elf/lib\libc.a(lib_a-sbrkr.o)
                              d:/alalala/nios2eds/bin/gnu/h-i686-mingw32/bin/../lib/gcc/nios2-elf/4.1.2/../../../../nios2-elf/lib\libc.a(lib_a-mallocr.o) (_sbrk_r)
d:/alalala/nios2eds/bin/gnu/h-i686-mingw32/bin/../lib/gcc/nios2-elf/4.1.2/../../../../nios2-elf/lib\libc.a(lib_a-wsetup.o)
                              d:/alalala/nios2eds/bin/gnu/h-i686-mingw32/bin/../lib/gcc/nios2-elf/4.1.2/../../../../nios2-elf/lib\libc.a(lib_a-fvwrite.o) (__swsetup_r)
d:/alalala/nios2eds/bin/gnu/h-i686-mingw32/bin/../lib/gcc/nios2-elf/4.1.2/../../../../nios2-elf/lib\libc.a(lib_a-fflush.o)
                              d:/alalala/nios2eds/bin/gnu/h-i686-mingw32/bin/../lib/gcc/nios2-elf/4.1.2/../../../../nios2-elf/lib\libc.a(lib_a-fvwrite.o) (_fflush_r)
d:/alalala/nios2eds/bin/gnu/h-i686-mingw32/bin/../lib/gcc/nios2-elf/4.1.2/../../../../nios2-elf/lib\libc.a(lib_a-findfp.o)
                              d:/alalala/nios2eds/bin/gnu/h-i686-mingw32/bin/../lib/gcc/nios2-elf/4.1.2/../../../../nios2-elf/lib\libc.a(lib_a-wsetup.o) (__sinit)
d:/alalala/nios2eds/bin/gnu/h-i686-mingw32/bin/../lib/gcc/nios2-elf/4.1.2/../../../../nios2-elf/lib\libc.a(lib_a-freer.o)
                              d:/alalala/nios2eds/bin/gnu/h-i686-mingw32/bin/../lib/gcc/nios2-elf/4.1.2/../../../../nios2-elf/lib\libc.a(lib_a-fvwrite.o) (_free_r)
d:/alalala/nios2eds/bin/gnu/h-i686-mingw32/bin/../lib/gcc/nios2-elf/4.1.2/../../../../nios2-elf/lib\libc.a(lib_a-fwalk.o)
                              d:/alalala/nios2eds/bin/gnu/h-i686-mingw32/bin/../lib/gcc/nios2-elf/4.1.2/../../../../nios2-elf/lib\libc.a(lib_a-fflush.o) (_fwalk_reent)
d:/alalala/nios2eds/bin/gnu/h-i686-mingw32/bin/../lib/gcc/nios2-elf/4.1.2/../../../../nios2-elf/lib\libc.a(lib_a-int_errno.o)
                              d:/alalala/nios2eds/bin/gnu/h-i686-mingw32/bin/../lib/gcc/nios2-elf/4.1.2/../../../../nios2-elf/lib\libc.a(lib_a-sbrkr.o) (errno)
d:/alalala/nios2eds/bin/gnu/h-i686-mingw32/bin/../lib/gcc/nios2-elf/4.1.2/../../../../nios2-elf/lib\libc.a(lib_a-makebuf.o)
                              d:/alalala/nios2eds/bin/gnu/h-i686-mingw32/bin/../lib/gcc/nios2-elf/4.1.2/../../../../nios2-elf/lib\libc.a(lib_a-wsetup.o) (__smakebuf_r)
d:/alalala/nios2eds/bin/gnu/h-i686-mingw32/bin/../lib/gcc/nios2-elf/4.1.2/../../../../nios2-elf/lib\libc.a(lib_a-memset.o)
[...]
Memory Configuration

Name             Origin             Length             Attributes
reset            0x02000000         0x00000020
sdram_ctrl       0x02000020         0x01ffffe0
*default*        0x00000000         0xffffffff

Linker script and memory map

LOAD ../de2_1_bsp//obj/HAL/src/crt0.o
LOAD obj/default/hello_world.o
LOAD d:/alalala/nios2eds/bin/gnu/h-i686-mingw32/bin/../lib/gcc/nios2-elf/4.1.2/../../../../nios2-elf/lib\libstdc++.a
LOAD d:/alalala/nios2eds/bin/gnu/h-i686-mingw32/bin/../lib/gcc/nios2-elf/4.1.2/../../../../nios2-elf/lib\libm.a
LOAD d:/alalala/nios2eds/bin/gnu/h-i686-mingw32/bin/../lib/gcc/nios2-elf/4.1.2\libgcc.a
START GROUP
LOAD d:/alalala/nios2eds/bin/gnu/h-i686-mingw32/bin/../lib/gcc/nios2-elf/4.1.2/../../../../nios2-elf/lib\libc.a
LOAD d:/alalala/nios2eds/bin/gnu/h-i686-mingw32/bin/../lib/gcc/nios2-elf/4.1.2\libgcc.a
LOAD ../de2_1_bsp/\libhal_bsp.a
END GROUP
LOAD d:/alalala/nios2eds/bin/gnu/h-i686-mingw32/bin/../lib/gcc/nios2-elf/4.1.2\libgcc.a
                0x02000000                __alt_mem_sdram_ctrl = 0x2000000

.entry          0x02000000       0x20
 *(.entry)
 .entry         0x02000000       0x20 ../de2_1_bsp//obj/HAL/src/crt0.o
                0x02000000                __reset

.exceptions     0x02000020      0x194
                0x02000020                PROVIDE (__ram_exceptions_start, ABSOLUTE (.))
                0x02000020                . = ALIGN (0x20)
 *(.irq)
 *(.exceptions.entry.label)
 .exceptions.entry.label
                0x02000020        0x0 ../de2_1_bsp/\libhal_bsp.a(alt_irq_entry.o)
                0x02000020                alt_irq_entry
 .exceptions.entry.label
                0x02000020        0x0 ../de2_1_bsp/\libhal_bsp.a(alt_exception_entry.o)
                0x02000020                alt_exception
 *(.exceptions.entry.user)
 *(.exceptions.entry)
 .exceptions.entry
                0x02000020       0x54 ../de2_1_bsp/\libhal_bsp.a(alt_exception_entry.o)
 *(.exceptions.irqtest.user)
 *(.exceptions.irqtest)
 .exceptions.irqtest
                0x02000074       0x10 ../de2_1_bsp/\libhal_bsp.a(alt_irq_entry.o)
 *(.exceptions.irqhandler.user)
 *(.exceptions.irqhandler)
 .exceptions.irqhandler
                0x02000084        0x4 ../de2_1_bsp/\libhal_bsp.a(alt_irq_entry.o)
 *(.exceptions.irqreturn.user)
 *(.exceptions.irqreturn)
 .exceptions.irqreturn
                0x02000088        0x4 ../de2_1_bsp/\libhal_bsp.a(alt_irq_entry.o)
 *(.exceptions.notirq.label)
 .exceptions.notirq.label
                0x0200008c        0x0 ../de2_1_bsp/\libhal_bsp.a(alt_irq_entry.o)
 *(.exceptions.notirq.user)
 *(.exceptions.notirq)
 .exceptions.notirq
                0x0200008c        0x8 ../de2_1_bsp/\libhal_bsp.a(alt_exception_entry.o)
 *(.exceptions.soft.user)
 *(.exceptions.soft)
 *(.exceptions.unknown.user)
 *(.exceptions.unknown)
 .exceptions.unknown
                0x02000094        0x4 ../de2_1_bsp/\libhal_bsp.a(alt_exception_entry.o)
 *(.exceptions.exit.label)
 .exceptions.exit.label
                0x02000098        0x0 ../de2_1_bsp/\libhal_bsp.a(alt_irq_entry.o)
 .exceptions.exit.label
                0x02000098        0x0 ../de2_1_bsp/\libhal_bsp.a(alt_exception_entry.o)
 *(.exceptions.exit.user)
 *(.exceptions.exit)
 .exceptions.exit
                0x02000098       0x54 ../de2_1_bsp/\libhal_bsp.a(alt_exception_entry.o)
 *(.exceptions)
 .exceptions    0x020000ec       0xc8 ../de2_1_bsp/\libhal_bsp.a(alt_irq_handler.o)
                0x020000ec                alt_irq_handler
                0x020001b4                PROVIDE (__ram_exceptions_end, ABSOLUTE (.))
                0x02000020                PROVIDE (__flash_exceptions_start, LOADADDR (.exceptions))

.text           0x020001b4     0x6fa0
                0x020001b4                PROVIDE (stext, ABSOLUTE (.))
 *(.interp)
 *(.hash)
 *(.dynsym)
 *(.dynstr)
 *(.gnu.version)
 *(.gnu.version_d)
 *(.gnu.version_r)
 *(.rel.init)
 *(.rela.init)
 *(.rel.text .rel.text.* .rel.gnu.linkonce.t.*)
 *(.rela.text .rela.text.* .rela.gnu.linkonce.t.*)
 *(.rel.fini)
 *(.rela.fini)
 *(.rel.rodata .rel.rodata.* .rel.gnu.linkonce.r.*)
 *(.rela.rodata .rela.rodata.* .rela.gnu.linkonce.r.*)
 *(.rel.data .rel.data.* .rel.gnu.linkonce.d.*)
 *(.rela.data .rela.data.* .rela.gnu.linkonce.d.*)
 *(.rel.tdata .rel.tdata.* .rel.gnu.linkonce.td.*)
 *(.rela.tdata .rela.tdata.* .rela.gnu.linkonce.td.*)
 *(.rel.tbss .rel.tbss.* .rel.gnu.linkonce.tb.*)
 *(.rela.tbss .rela.tbss.* .rela.gnu.linkonce.tb.*)
 *(.rel.ctors)
 *(.rela.ctors)
 *(.rel.dtors)
 *(.rela.dtors)
 *(.rel.got)
 *(.rela.got)
 *(.rel.sdata .rel.sdata.* .rel.gnu.linkonce.s.*)
 *(.rela.sdata .rela.sdata.* .rela.gnu.linkonce.s.*)
 *(.rel.sbss .rel.sbss.* .rel.gnu.linkonce.sb.*)
 *(.rela.sbss .rela.sbss.* .rela.gnu.linkonce.sb.*)
 *(.rel.sdata2 .rel.sdata2.* .rel.gnu.linkonce.s2.*)
 *(.rela.sdata2 .rela.sdata2.* .rela.gnu.linkonce.s2.*)
 *(.rel.sbss2 .rel.sbss2.* .rel.gnu.linkonce.sb2.*)
 *(.rela.sbss2 .rela.sbss2.* .rela.gnu.linkonce.sb2.*)
 *(.rel.bss .rel.bss.* .rel.gnu.linkonce.b.*)
 *(.rela.bss .rela.bss.* .rela.gnu.linkonce.b.*)
 *(.rel.plt)
 *(.rela.plt)
 *(.rel.dyn)
 *(.init)
 *(.plt)
 *(.text .stub .text.* .gnu.linkonce.t.*)
 .text          0x020001b4       0x4c ../de2_1_bsp//obj/HAL/src/crt0.o
                0x020001b4                _start
 .text          0x02000200      0x1c8 obj/default/hello_world.o
                0x02000200                main
 .text          0x020003c8       0xb4 d:/alalala/nios2eds/bin/gnu/h-i686-mingw32/bin/../lib/gcc/nios2-elf/4.1.2/../../../../nios2-elf/lib\libc.a(lib_a-puts.o)
                0x020003c8                _puts_r
                0x02000468                puts
 .text          0x0200047c       0x74 d:/alalala/nios2eds/bin/gnu/h-i686-mingw32/bin/../lib/gcc/nios2-elf/4.1.2/../../../../nios2-elf/lib\libc.a(lib_a-strlen.o)
                0x0200047c                strlen
 .text          0x020004f0      0x49c d:/alalala/nios2eds/bin/gnu/h-i686-mingw32/bin/../lib/gcc/nios2-elf/4.1.2/../../../../nios2-elf/lib\libc.a(lib_a-fvwrite.o)
                0x020004f0                __sfvwrite_r
 .text          0x0200098c        0x0 d:/alalala/nios2eds/bin/gnu/h-i686-mingw32/bin/../lib/gcc/nios2-elf/4.1.2/../../../../nios2-elf/lib\libc.a(lib_a-impure.o)
 .text          0x0200098c      0x740 d:/alalala/nios2eds/bin/gnu/h-i686-mingw32/bin/../lib/gcc/nios2-elf/4.1.2/../../../../nios2-elf/lib\libc.a(lib_a-mallocr.o)
                0x0200098c                _malloc_r
 .text          0x020010cc       0xe4 d:/alalala/nios2eds/bin/gnu/h-i686-mingw32/bin/../lib/gcc/nios2-elf/4.1.2/../../../../nios2-elf/lib\libc.a(lib_a-memchr.o)
                0x020010cc                memchr
 .text          0x020011b0       0xa0 d:/alalala/nios2eds/bin/gnu/h-i686-mingw32/bin/../lib/gcc/nios2-elf/4.1.2/../../../../nios2-elf/lib\libc.a(lib_a-memcpy.o)
                0x020011b0                memcpy
 .text          0x02001250       0xe0 d:/alalala/nios2eds/bin/gnu/h-i686-mingw32/bin/../lib/gcc/nios2-elf/4.1.2/../../../../nios2-elf/lib\libc.a(lib_a-memmove.o)
                0x02001250                memmove
 .text          0x02001330      0x5f4 d:/alalala/nios2eds/bin/gnu/h-i686-mingw32/bin/../lib/gcc/nios2-elf/4.1.2/../../../../nios2-elf/lib\libc.a(lib_a-reallocr.o)
                0x02001330                _realloc_r
 .text          0x02001924       0x70 d:/alalala/nios2eds/bin/gnu/h-i686-mingw32/bin/../lib/gcc/nios2-elf/4.1.2/../../../../nios2-elf/lib\libc.a(lib_a-sbrkr.o)
                0x02001924                _sbrk_r
 .text          0x02001994      0x13c d:/alalala/nios2eds/bin/gnu/h-i686-mingw32/bin/../lib/gcc/nios2-elf/4.1.2/../../../../nios2-elf/lib\libc.a(lib_a-wsetup.o)
                0x02001994                __swsetup_r
 .text          0x02001ad0      0x230 d:/alalala/nios2eds/bin/gnu/h-i686-mingw32/bin/../lib/gcc/nios2-elf/4.1.2/../../../../nios2-elf/lib\libc.a(lib_a-fflush.o)
                0x02001ad0                _fflush_r
                0x02001ccc                fflush
 .text          0x02001d00      0x2c0 d:/alalala/nios2eds/bin/gnu/h-i686-mingw32/bin/../lib/gcc/nios2-elf/4.1.2/../../../../nios2-elf/lib\libc.a(lib_a-findfp.o)
                0x02001d58                __sfp_lock_acquire
                0x02001d5c                __sfp_lock_release
                0x02001d60                __sinit_lock_acquire
                0x02001d64                __sinit_lock_release
                0x02001d68                __sinit
                0x02001e1c                __fp_unlock_all
                0x02001e34                __fp_lock_all
                0x02001e4c                _cleanup_r
                0x02001e58                _cleanup
                0x02001e68                __sfmoreglue
                0x02001ed0                __sfp
 .text          0x02001fc0      0x440 d:/alalala/nios2eds/bin/gnu/h-i686-mingw32/bin/../lib/gcc/nios2-elf/4.1.2/../../../../nios2-elf/lib\libc.a(lib_a-freer.o)
                0x02001fc0                _malloc_trim_r
                0x020020ec                _free_r
 .text          0x02002400      0x180 d:/alalala/nios2eds/bin/gnu/h-i686-mingw32/bin/../lib/gcc/nios2-elf/4.1.2/../../../../nios2-elf/lib\libc.a(lib_a-fwalk.o)
                0x02002400                _fwalk_reent
                0x020024c8                _fwalk
 .text          0x02002580        0x0 d:/alalala/nios2eds/bin/gnu/h-i686-mingw32/bin/../lib/gcc/nios2-elf/4.1.2/../../../../nios2-elf/lib\libc.a(lib_a-int_errno.o)
 .text          0x02002580      0x194 d:/alalala/nios2eds/bin/gnu/h-i686-mingw32/bin/../lib/gcc/nios2-elf/4.1.2/../../../../nios2-elf/lib\libc.a(lib_a-makebuf.o)
                0x02002580                __smakebuf_r
 .text          0x02002714       0x98 d:/alalala/nios2eds/bin/gnu/h-i686-mingw32/bin/../lib/gcc/nios2-elf/4.1.2/../../../../nios2-elf/lib\libc.a(lib_a-memset.o)
                0x02002714                memset
 .text          0x020027ac      0x14c d:/alalala/nios2eds/bin/gnu/h-i686-mingw32/bin/../lib/gcc/nios2-elf/4.1.2/../../../../nios2-elf/lib\libc.a(lib_a-stdio.o)
                0x020027ac                __sclose
                0x020027b4                __sseek
                0x0200281c                __swrite
                0x02002898                __sread
 .text          0x020028f8       0x78 d:/alalala/nios2eds/bin/gnu/h-i686-mingw32/bin/../lib/gcc/nios2-elf/4.1.2/../../../../nios2-elf/lib\libc.a(lib_a-writer.o)
                0x020028f8                _write_r
 .text          0x02002970       0x70 d:/alalala/nios2eds/bin/gnu/h-i686-mingw32/bin/../lib/gcc/nios2-elf/4.1.2/../../../../nios2-elf/lib\libc.a(lib_a-closer.o)
                0x02002970                _close_r
 .text          0x020029e0      0x124 d:/alalala/nios2eds/bin/gnu/h-i686-mingw32/bin/../lib/gcc/nios2-elf/4.1.2/../../../../nios2-elf/lib\libc.a(lib_a-fclose.o)
                0x020029e0                _fclose_r
                0x02002af0                fclose
 .text          0x02002b04       0x74 d:/alalala/nios2eds/bin/gnu/h-i686-mingw32/bin/../lib/gcc/nios2-elf/4.1.2/../../../../nios2-elf/lib\libc.a(lib_a-fstatr.o)
                0x02002b04                _fstat_r
 .text          0x02002b78       0x70 d:/alalala/nios2eds/bin/gnu/h-i686-mingw32/bin/../lib/gcc/nios2-elf/4.1.2/../../../../nios2-elf/lib\libc.a(lib_a-isattyr.o)
                0x02002b78                _isatty_r
 .text          0x02002be8       0x78 d:/alalala/nios2eds/bin/gnu/h-i686-mingw32/bin/../lib/gcc/nios2-elf/4.1.2/../../../../nios2-elf/lib\libc.a(lib_a-lseekr.o)
                0x02002be8                _lseek_r
 .text          0x02002c60       0x78 d:/alalala/nios2eds/bin/gnu/h-i686-mingw32/bin/../lib/gcc/nios2-elf/4.1.2/../../../../nios2-elf/lib\libc.a(lib_a-readr.o)
                0x02002c60                _read_r
 .text          0x02002cd8      0x15c ../de2_1_bsp/\libhal_bsp.a(alt_close.o)
                0x02002cd8                close
 .text          0x02002e34       0x2c ../de2_1_bsp/\libhal_bsp.a(alt_dev.o)
 .text          0x02002e60        0x0 ../de2_1_bsp/\libhal_bsp.a(alt_errno.o)
 .text          0x02002e60      0x134 ../de2_1_bsp/\libhal_bsp.a(alt_fstat.o)
                0x02002e60                fstat
 .text          0x02002f94      0x120 ../de2_1_bsp/\libhal_bsp.a(alt_isatty.o)
                0x02002f94                isatty
 .text          0x020030b4       0xec ../de2_1_bsp/\libhal_bsp.a(alt_load.o)
                0x020030b4                alt_load
 .text          0x020031a0      0x150 ../de2_1_bsp/\libhal_bsp.a(alt_lseek.o)
                0x020031a0                lseek
 .text          0x020032f0       0x6c ../de2_1_bsp/\libhal_bsp.a(alt_main.o)
                0x020032f0                alt_main
 .text          0x0200335c       0x40 ../de2_1_bsp/\libhal_bsp.a(alt_malloc_lock.o)
                0x0200335c                __malloc_lock
                0x0200337c                __malloc_unlock
 .text          0x0200339c      0x180 ../de2_1_bsp/\libhal_bsp.a(alt_read.o)
                0x0200339c                read
 .text          0x0200351c       0x60 ../de2_1_bsp/\libhal_bsp.a(alt_release_fd.o)
                0x0200351c                alt_release_fd
 .text          0x0200357c       0xbc ../de2_1_bsp/\libhal_bsp.a(alt_sbrk.o)
                0x0200357c                sbrk
 .text          0x02003638       0x30 ../de2_1_bsp/\libhal_bsp.a(alt_usleep.o)
                0x02003638                usleep
 .text          0x02003668      0x180 ../de2_1_bsp/\libhal_bsp.a(alt_write.o)
                0x02003668                write
 .text          0x020037e8      0x120 ../de2_1_bsp/\libhal_bsp.a(alt_sys_init.o)
                0x020037e8                alt_irq_init
                0x0200381c                alt_sys_init
 .text          0x02003908      0xcac ../de2_1_bsp/\libhal_bsp.a(altera_avalon_dma.o)
                0x02003908                alt_avalon_dma_launch_bidir
                0x02003f1c                alt_avalon_dma_tx_ioctl
                0x02003f60                alt_avalon_dma_rx_ioctl
                0x02003fa4                alt_avalon_dma_prepare
                0x020040f8                alt_avalon_dma_space
                0x02004178                alt_avalon_dma_send
                0x02004494                alt_avalon_dma_init
 .text          0x020045b4      0x148 ../de2_1_bsp/\libhal_bsp.a(altera_avalon_jtag_uart_fd.o)
                0x020045b4                altera_avalon_jtag_uart_read_fd
                0x0200460c                altera_avalon_jtag_uart_write_fd
                0x02004664                altera_avalon_jtag_uart_close_fd
                0x020046ac                altera_avalon_jtag_uart_ioctl_fd
 .text          0x020046fc      0x40c ../de2_1_bsp/\libhal_bsp.a(altera_avalon_jtag_uart_init.o)
                0x020046fc                altera_avalon_jtag_uart_init
                0x02004a94                altera_avalon_jtag_uart_close
 .text          0x02004b08       0xf4 ../de2_1_bsp/\libhal_bsp.a(altera_avalon_jtag_uart_ioctl.o)
                0x02004b08                altera_avalon_jtag_uart_ioctl
 .text          0x02004bfc      0x224 ../de2_1_bsp/\libhal_bsp.a(altera_avalon_jtag_uart_read.o)
                0x02004bfc                altera_avalon_jtag_uart_read
 .text          0x02004e20      0x240 ../de2_1_bsp/\libhal_bsp.a(altera_avalon_jtag_uart_write.o)
                0x02004e20                altera_avalon_jtag_uart_write
 .text          0x02005060        0x0 ../de2_1_bsp/\libhal_bsp.a(altera_avalon_timer_vars.o)
 .text          0x02005060       0xf8 ../de2_1_bsp/\libhal_bsp.a(altera_avalon_uart_fd.o)
                0x02005060                altera_avalon_uart_read_fd
                0x020050b8                altera_avalon_uart_write_fd
                0x02005110                altera_avalon_uart_close_fd
 .text          0x02005158      0x400 ../de2_1_bsp/\libhal_bsp.a(altera_avalon_uart_init.o)
                0x02005158                altera_avalon_uart_init
                0x020054f8                altera_avalon_uart_close
 .text          0x02005558      0x290 ../de2_1_bsp/\libhal_bsp.a(altera_avalon_uart_read.o)
                0x02005558                altera_avalon_uart_read
 .text          0x020057e8      0x228 ../de2_1_bsp/\libhal_bsp.a(altera_avalon_uart_write.o)
                0x020057e8                altera_avalon_uart_write
 .text          0x02005a10      0x154 ../de2_1_bsp/\libhal_bsp.a(alt_alarm_start.o)
                0x02005a10                alt_alarm_start
 .text          0x02005b64      0x14c ../de2_1_bsp/\libhal_bsp.a(alt_busy_sleep.o)
                0x02005b64                alt_busy_sleep
 .text          0x02005cb0       0x44 ../de2_1_bsp/\libhal_bsp.a(alt_dcache_flush_all.o)
                0x02005cb0                alt_dcache_flush_all
 .text          0x02005cf4      0x114 ../de2_1_bsp/\libhal_bsp.a(alt_dev_llist_insert.o)
                0x02005cf4                alt_dev_llist_insert
 .text          0x02005e08       0xb8 ../de2_1_bsp/\libhal_bsp.a(alt_dma_rxchan_open.o)
                0x02005e08                alt_dma_rxchan_open
 .text          0x02005ec0       0xb8 ../de2_1_bsp/\libhal_bsp.a(alt_dma_txchan_open.o)
                0x02005ec0                alt_dma_txchan_open
 .text          0x02005f78       0x64 ../de2_1_bsp/\libhal_bsp.a(alt_do_ctors.o)
                0x02005f78                _do_ctors
 .text          0x02005fdc       0x64 ../de2_1_bsp/\libhal_bsp.a(alt_do_dtors.o)
                0x02005fdc                _do_dtors
 .text          0x02006040       0x94 ../de2_1_bsp/\libhal_bsp.a(alt_find_dev.o)
                0x02006040                alt_find_dev
 .text          0x020060d4       0x30 ../de2_1_bsp/\libhal_bsp.a(alt_icache_flush_all.o)
                0x020060d4                alt_icache_flush_all
 .text          0x02006104      0x1d4 ../de2_1_bsp/\libhal_bsp.a(alt_iic.o)
                0x02006104                alt_ic_isr_register
                0x02006154                alt_ic_irq_enable
                0x020061f0                alt_ic_irq_disable
                0x02006290                alt_ic_irq_enabled
 .text          0x020062d8       0xf8 ../de2_1_bsp/\libhal_bsp.a(alt_iic_isr_register.o)
                0x020062d8                alt_iic_isr_register
 .text          0x020063d0      0x13c ../de2_1_bsp/\libhal_bsp.a(alt_io_redirect.o)
                0x02006494                alt_io_redirect
 .text          0x0200650c        0x0 ../de2_1_bsp/\libhal_bsp.a(alt_irq_entry.o)
 .text          0x0200650c        0x0 ../de2_1_bsp/\libhal_bsp.a(alt_irq_handler.o)
 .text          0x0200650c        0x0 ../de2_1_bsp/\libhal_bsp.a(alt_irq_vars.o)
 .text          0x0200650c      0x2c4 ../de2_1_bsp/\libhal_bsp.a(alt_open.o)
                0x020065e8                open
 .text          0x020067d0      0x1a4 ../de2_1_bsp/\libhal_bsp.a(alt_tick.o)
                0x020067d0                alt_alarm_stop
                0x02006868                alt_tick
 .text          0x02006974       0x20 ../de2_1_bsp/\libhal_bsp.a(altera_nios2_qsys_irq.o)
                0x02006974                altera_nios2_qsys_irq_init
 .text          0x02006994        0x0 ../de2_1_bsp/\libhal_bsp.a(alt_exception_entry.o)
 .text          0x02006994      0x120 ../de2_1_bsp/\libhal_bsp.a(alt_find_file.o)
                0x02006994                alt_find_file
 .text          0x02006ab4       0xb8 ../de2_1_bsp/\libhal_bsp.a(alt_get_fd.o)
                0x02006ab4                alt_get_fd
 .text          0x02006b6c       0x90 ../de2_1_bsp/\libhal_bsp.a(alt_icache_flush.o)
                0x02006b6c                alt_icache_flush
 .text          0x02006bfc       0x14 d:/alalala/nios2eds/bin/gnu/h-i686-mingw32/bin/../lib/gcc/nios2-elf/4.1.2/../../../../nios2-elf/lib\libc.a(lib_a-atexit.o)
                0x02006bfc                atexit
 .text          0x02006c10       0x38 d:/alalala/nios2eds/bin/gnu/h-i686-mingw32/bin/../lib/gcc/nios2-elf/4.1.2/../../../../nios2-elf/lib\libc.a(lib_a-exit.o)
                0x02006c10                exit
 .text          0x02006c48       0x74 d:/alalala/nios2eds/bin/gnu/h-i686-mingw32/bin/../lib/gcc/nios2-elf/4.1.2/../../../../nios2-elf/lib\libc.a(lib_a-memcmp.o)
                0x02006c48                memcmp
 .text          0x02006cbc      0x134 d:/alalala/nios2eds/bin/gnu/h-i686-mingw32/bin/../lib/gcc/nios2-elf/4.1.2/../../../../nios2-elf/lib\libc.a(lib_a-__atexit.o)
                0x02006cbc                __register_exitproc
 .text          0x02006df0      0x1b4 d:/alalala/nios2eds/bin/gnu/h-i686-mingw32/bin/../lib/gcc/nios2-elf/4.1.2/../../../../nios2-elf/lib\libc.a(lib_a-__call_atexit.o)
                0x02006df4                __call_exitprocs
 .text          0x02006fa4      0x14c d:/alalala/nios2eds/bin/gnu/h-i686-mingw32/bin/../lib/gcc/nios2-elf/4.1.2\libgcc.a(lib2-divmod.o)
                0x02007020                __divsi3
                0x02007080                __modsi3
                0x020070e0                __udivsi3
                0x020070e8                __umodsi3
 .text          0x020070f0       0x60 ../de2_1_bsp/\libhal_bsp.a(alt_exit.o)
                0x02007130                _exit
 *(.gnu.warning.*)
 *(.fini)
                0x02007150                PROVIDE (__etext, ABSOLUTE (.))
                0x02007150                PROVIDE (_etext, ABSOLUTE (.))
                0x02007150                PROVIDE (etext, ABSOLUTE (.))
 *(.eh_frame_hdr)
                0x02007150                . = ALIGN (0x4)
                0x02007150                PROVIDE (__preinit_array_start, ABSOLUTE (.))
 *(.preinit_array)
                0x02007150                PROVIDE (__preinit_array_end, ABSOLUTE (.))
                0x02007150                PROVIDE (__init_array_start, ABSOLUTE (.))
 *(.init_array)
                0x02007150                PROVIDE (__init_array_end, ABSOLUTE (.))
                0x02007150                PROVIDE (__fini_array_start, ABSOLUTE (.))
 *(.fini_array)
                0x02007150                PROVIDE (__fini_array_end, ABSOLUTE (.))
 *(.eh_frame)
 *(.gcc_except_table)
 *(.dynamic)
                0x02007150                PROVIDE (__CTOR_LIST__, ABSOLUTE (.))
 *(.ctors)
 *(SORT(.ctors.*))
 .ctors.65535   0x02007150        0x4 d:/alalala/nios2eds/bin/gnu/h-i686-mingw32/bin/../lib/gcc/nios2-elf/4.1.2/../../../../nios2-elf/lib\libc.a(lib_a-__call_atexit.o)
                0x02007154                PROVIDE (__CTOR_END__, ABSOLUTE (.))
                0x02007154                PROVIDE (__DTOR_LIST__, ABSOLUTE (.))
 *(.dtors)
 *(SORT(.dtors.*))
                0x02007154                PROVIDE (__DTOR_END__, ABSOLUTE (.))
 *(.jcr)
                0x02007154                . = ALIGN (0x4)

.rodata         0x02007154       0x5c
                0x02007154                PROVIDE (__ram_rodata_start, ABSOLUTE (.))
                0x02007154                . = ALIGN (0x4)
 *(.rodata .rodata.* .gnu.linkonce.r.*)
 .rodata        0x02007154       0x10 obj/default/hello_world.o
 .rodata.str1.4
                0x02007164        0x2 d:/alalala/nios2eds/bin/gnu/h-i686-mingw32/bin/../lib/gcc/nios2-elf/4.1.2/../../../../nios2-elf/lib\libc.a(lib_a-puts.o)
                                  0x4 (size before relaxing)
 *fill*         0x02007166        0x2 00
 .rodata.str1.4
                0x02007168        0x4 d:/alalala/nios2eds/bin/gnu/h-i686-mingw32/bin/../lib/gcc/nios2-elf/4.1.2/../../../../nios2-elf/lib\libc.a(lib_a-impure.o)
 .rodata        0x0200716c        0xc ../de2_1_bsp/\libhal_bsp.a(alt_dev.o)
 .rodata        0x02007178       0x10 ../de2_1_bsp/\libhal_bsp.a(alt_main.o)
 .rodata        0x02007188       0x28 ../de2_1_bsp/\libhal_bsp.a(alt_sys_init.o)
 *(.rodata1)
                0x020071b0                . = ALIGN (0x4)
                0x020071b0                PROVIDE (__ram_rodata_end, ABSOLUTE (.))
                0x02007154                PROVIDE (__flash_rodata_start, LOADADDR (.rodata))

.rwdata         0x020071b0     0x1c04 load address 0x02008db4
                0x020071b0                PROVIDE (__ram_rwdata_start, ABSOLUTE (.))
                0x020071b0                . = ALIGN (0x4)
 *(.got.plt)
 *(.got)
 *(.data1)
 *(.data .data.* .gnu.linkonce.d.*)
 .data          0x020071b0        0x0 ../de2_1_bsp//obj/HAL/src/crt0.o
 .data          0x020071b0        0x0 obj/default/hello_world.o
 .data          0x020071b0        0x0 d:/alalala/nios2eds/bin/gnu/h-i686-mingw32/bin/../lib/gcc/nios2-elf/4.1.2/../../../../nios2-elf/lib\libc.a(lib_a-puts.o)
 .data          0x020071b0        0x0 d:/alalala/nios2eds/bin/gnu/h-i686-mingw32/bin/../lib/gcc/nios2-elf/4.1.2/../../../../nios2-elf/lib\libc.a(lib_a-strlen.o)
 .data          0x020071b0        0x0 d:/alalala/nios2eds/bin/gnu/h-i686-mingw32/bin/../lib/gcc/nios2-elf/4.1.2/../../../../nios2-elf/lib\libc.a(lib_a-fvwrite.o)
 .data          0x020071b0      0x400 d:/alalala/nios2eds/bin/gnu/h-i686-mingw32/bin/../lib/gcc/nios2-elf/4.1.2/../../../../nios2-elf/lib\libc.a(lib_a-impure.o)
 .data          0x020075b0      0x408 d:/alalala/nios2eds/bin/gnu/h-i686-mingw32/bin/../lib/gcc/nios2-elf/4.1.2/../../../../nios2-elf/lib\libc.a(lib_a-mallocr.o)
                0x020075b0                __malloc_av_
 .data          0x020079b8        0x0 d:/alalala/nios2eds/bin/gnu/h-i686-mingw32/bin/../lib/gcc/nios2-elf/4.1.2/../../../../nios2-elf/lib\libc.a(lib_a-memchr.o)
 .data          0x020079b8        0x0 d:/alalala/nios2eds/bin/gnu/h-i686-mingw32/bin/../lib/gcc/nios2-elf/4.1.2/../../../../nios2-elf/lib\libc.a(lib_a-memcpy.o)
 .data          0x020079b8        0x0 d:/alalala/nios2eds/bin/gnu/h-i686-mingw32/bin/../lib/gcc/nios2-elf/4.1.2/../../../../nios2-elf/lib\libc.a(lib_a-memmove.o)
 .data          0x020079b8        0x0 d:/alalala/nios2eds/bin/gnu/h-i686-mingw32/bin/../lib/gcc/nios2-elf/4.1.2/../../../../nios2-elf/lib\libc.a(lib_a-reallocr.o)
 .data          0x020079b8        0x0 d:/alalala/nios2eds/bin/gnu/h-i686-mingw32/bin/../lib/gcc/nios2-elf/4.1.2/../../../../nios2-elf/lib\libc.a(lib_a-sbrkr.o)
 .data          0x020079b8        0x0 d:/alalala/nios2eds/bin/gnu/h-i686-mingw32/bin/../lib/gcc/nios2-elf/4.1.2/../../../../nios2-elf/lib\libc.a(lib_a-wsetup.o)
 .data          0x020079b8        0x0 d:/alalala/nios2eds/bin/gnu/h-i686-mingw32/bin/../lib/gcc/nios2-elf/4.1.2/../../../../nios2-elf/lib\libc.a(lib_a-fflush.o)
 .data          0x020079b8        0x0 d:/alalala/nios2eds/bin/gnu/h-i686-mingw32/bin/../lib/gcc/nios2-elf/4.1.2/../../../../nios2-elf/lib\libc.a(lib_a-findfp.o)
 .data          0x020079b8        0x0 d:/alalala/nios2eds/bin/gnu/h-i686-mingw32/bin/../lib/gcc/nios2-elf/4.1.2/../../../../nios2-elf/lib\libc.a(lib_a-freer.o)
 .data          0x020079b8        0x0 d:/alalala/nios2eds/bin/gnu/h-i686-mingw32/bin/../lib/gcc/nios2-elf/4.1.2/../../../../nios2-elf/lib\libc.a(lib_a-fwalk.o)
 .data          0x020079b8        0x0 d:/alalala/nios2eds/bin/gnu/h-i686-mingw32/bin/../lib/gcc/nios2-elf/4.1.2/../../../../nios2-elf/lib\libc.a(lib_a-int_errno.o)
 .data          0x020079b8        0x0 d:/alalala/nios2eds/bin/gnu/h-i686-mingw32/bin/../lib/gcc/nios2-elf/4.1.2/../../../../nios2-elf/lib\libc.a(lib_a-makebuf.o)
 .data          0x020079b8        0x0 d:/alalala/nios2eds/bin/gnu/h-i686-mingw32/bin/../lib/gcc/nios2-elf/4.1.2/../../../../nios2-elf/lib\libc.a(lib_a-memset.o)
 .data          0x020079b8        0x0 d:/alalala/nios2eds/bin/gnu/h-i686-mingw32/bin/../lib/gcc/nios2-elf/4.1.2/../../../../nios2-elf/lib\libc.a(lib_a-stdio.o)
 .data          0x020079b8        0x0 d:/alalala/nios2eds/bin/gnu/h-i686-mingw32/bin/../lib/gcc/nios2-elf/4.1.2/../../../../nios2-elf/lib\libc.a(lib_a-writer.o)
 .data          0x020079b8        0x0 d:/alalala/nios2eds/bin/gnu/h-i686-mingw32/bin/../lib/gcc/nios2-elf/4.1.2/../../../../nios2-elf/lib\libc.a(lib_a-closer.o)
 .data          0x020079b8        0x0 d:/alalala/nios2eds/bin/gnu/h-i686-mingw32/bin/../lib/gcc/nios2-elf/4.1.2/../../../../nios2-elf/lib\libc.a(lib_a-fclose.o)
 .data          0x020079b8        0x0 d:/alalala/nios2eds/bin/gnu/h-i686-mingw32/bin/../lib/gcc/nios2-elf/4.1.2/../../../../nios2-elf/lib\libc.a(lib_a-fstatr.o)
 .data          0x020079b8        0x0 d:/alalala/nios2eds/bin/gnu/h-i686-mingw32/bin/../lib/gcc/nios2-elf/4.1.2/../../../../nios2-elf/lib\libc.a(lib_a-isattyr.o)
 .data          0x020079b8        0x0 d:/alalala/nios2eds/bin/gnu/h-i686-mingw32/bin/../lib/gcc/nios2-elf/4.1.2/../../../../nios2-elf/lib\libc.a(lib_a-lseekr.o)
 .data          0x020079b8        0x0 d:/alalala/nios2eds/bin/gnu/h-i686-mingw32/bin/../lib/gcc/nios2-elf/4.1.2/../../../../nios2-elf/lib\libc.a(lib_a-readr.o)
 .data          0x020079b8        0x0 ../de2_1_bsp/\libhal_bsp.a(alt_close.o)
 .data          0x020079b8      0x1a8 ../de2_1_bsp/\libhal_bsp.a(alt_dev.o)
                0x020079b8                alt_dev_null
                0x020079e0                alt_fd_list
 .data          0x02007b60        0x0 ../de2_1_bsp/\libhal_bsp.a(alt_errno.o)
 .data          0x02007b60        0x0 ../de2_1_bsp/\libhal_bsp.a(alt_fstat.o)
 .data          0x02007b60        0x0 ../de2_1_bsp/\libhal_bsp.a(alt_isatty.o)
 .data          0x02007b60        0x0 ../de2_1_bsp/\libhal_bsp.a(alt_load.o)
 .data          0x02007b60        0x0 ../de2_1_bsp/\libhal_bsp.a(alt_lseek.o)
 .data          0x02007b60        0x0 ../de2_1_bsp/\libhal_bsp.a(alt_main.o)
 .data          0x02007b60        0x0 ../de2_1_bsp/\libhal_bsp.a(alt_malloc_lock.o)
 .data          0x02007b60        0x0 ../de2_1_bsp/\libhal_bsp.a(alt_read.o)
 .data          0x02007b60        0x0 ../de2_1_bsp/\libhal_bsp.a(alt_release_fd.o)
 .data          0x02007b60        0x0 ../de2_1_bsp/\libhal_bsp.a(alt_sbrk.o)
 .data          0x02007b60        0x0 ../de2_1_bsp/\libhal_bsp.a(alt_usleep.o)
 .data          0x02007b60        0x0 ../de2_1_bsp/\libhal_bsp.a(alt_write.o)
 .data          0x02007b60     0x1200 ../de2_1_bsp/\libhal_bsp.a(alt_sys_init.o)
 .data          0x02008d60        0x0 ../de2_1_bsp/\libhal_bsp.a(altera_avalon_dma.o)
 .data          0x02008d60        0x0 ../de2_1_bsp/\libhal_bsp.a(altera_avalon_jtag_uart_fd.o)
 .data          0x02008d60        0x0 ../de2_1_bsp/\libhal_bsp.a(altera_avalon_jtag_uart_init.o)
 .data          0x02008d60        0x0 ../de2_1_bsp/\libhal_bsp.a(altera_avalon_jtag_uart_ioctl.o)
 .data          0x02008d60        0x0 ../de2_1_bsp/\libhal_bsp.a(altera_avalon_jtag_uart_read.o)
 .data          0x02008d60        0x0 ../de2_1_bsp/\libhal_bsp.a(altera_avalon_jtag_uart_write.o)
 .data          0x02008d60        0x0 ../de2_1_bsp/\libhal_bsp.a(altera_avalon_timer_vars.o)
 .data          0x02008d60        0x0 ../de2_1_bsp/\libhal_bsp.a(altera_avalon_uart_fd.o)
 .data          0x02008d60        0x0 ../de2_1_bsp/\libhal_bsp.a(altera_avalon_uart_init.o)
 .data          0x02008d60        0x0 ../de2_1_bsp/\libhal_bsp.a(altera_avalon_uart_read.o)
 .data          0x02008d60        0x0 ../de2_1_bsp/\libhal_bsp.a(altera_avalon_uart_write.o)
 .data          0x02008d60        0x0 ../de2_1_bsp/\libhal_bsp.a(alt_alarm_start.o)
 .data          0x02008d60        0x0 ../de2_1_bsp/\libhal_bsp.a(alt_busy_sleep.o)
 .data          0x02008d60        0x0 ../de2_1_bsp/\libhal_bsp.a(alt_dcache_flush_all.o)
 .data          0x02008d60        0x0 ../de2_1_bsp/\libhal_bsp.a(alt_dev_llist_insert.o)
 .data          0x02008d60        0x0 ../de2_1_bsp/\libhal_bsp.a(alt_dma_rxchan_open.o)
 .data          0x02008d60        0x0 ../de2_1_bsp/\libhal_bsp.a(alt_dma_txchan_open.o)
 .data          0x02008d60        0x0 ../de2_1_bsp/\libhal_bsp.a(alt_do_ctors.o)
 .data          0x02008d60        0x0 ../de2_1_bsp/\libhal_bsp.a(alt_do_dtors.o)
 .data          0x02008d60        0x0 ../de2_1_bsp/\libhal_bsp.a(alt_find_dev.o)
 .data          0x02008d60        0x0 ../de2_1_bsp/\libhal_bsp.a(alt_icache_flush_all.o)
 .data          0x02008d60        0x0 ../de2_1_bsp/\libhal_bsp.a(alt_iic.o)
 .data          0x02008d60        0x0 ../de2_1_bsp/\libhal_bsp.a(alt_iic_isr_register.o)
 .data          0x02008d60        0x0 ../de2_1_bsp/\libhal_bsp.a(alt_io_redirect.o)
 .data          0x02008d60        0x0 ../de2_1_bsp/\libhal_bsp.a(alt_irq_entry.o)
 .data          0x02008d60        0x0 ../de2_1_bsp/\libhal_bsp.a(alt_irq_handler.o)
 .data          0x02008d60        0x0 ../de2_1_bsp/\libhal_bsp.a(alt_irq_vars.o)
 .data          0x02008d60        0x0 ../de2_1_bsp/\libhal_bsp.a(alt_open.o)
 .data          0x02008d60        0x0 ../de2_1_bsp/\libhal_bsp.a(alt_tick.o)
 .data          0x02008d60        0x0 ../de2_1_bsp/\libhal_bsp.a(altera_nios2_qsys_irq.o)
 .data          0x02008d60        0x0 ../de2_1_bsp/\libhal_bsp.a(alt_exception_entry.o)
 .data          0x02008d60        0x0 ../de2_1_bsp/\libhal_bsp.a(alt_find_file.o)
 .data          0x02008d60        0x0 ../de2_1_bsp/\libhal_bsp.a(alt_get_fd.o)
 .data          0x02008d60        0x0 ../de2_1_bsp/\libhal_bsp.a(alt_icache_flush.o)
 .data          0x02008d60        0x0 d:/alalala/nios2eds/bin/gnu/h-i686-mingw32/bin/../lib/gcc/nios2-elf/4.1.2/../../../../nios2-elf/lib\libc.a(lib_a-atexit.o)
 .data          0x02008d60        0x0 d:/alalala/nios2eds/bin/gnu/h-i686-mingw32/bin/../lib/gcc/nios2-elf/4.1.2/../../../../nios2-elf/lib\libc.a(lib_a-exit.o)
 .data          0x02008d60        0x0 d:/alalala/nios2eds/bin/gnu/h-i686-mingw32/bin/../lib/gcc/nios2-elf/4.1.2/../../../../nios2-elf/lib\libc.a(lib_a-memcmp.o)
 .data          0x02008d60        0x0 d:/alalala/nios2eds/bin/gnu/h-i686-mingw32/bin/../lib/gcc/nios2-elf/4.1.2/../../../../nios2-elf/lib\libc.a(lib_a-__atexit.o)
 .data          0x02008d60        0x0 d:/alalala/nios2eds/bin/gnu/h-i686-mingw32/bin/../lib/gcc/nios2-elf/4.1.2/../../../../nios2-elf/lib\libc.a(lib_a-__call_atexit.o)
 .data          0x02008d60        0x0 d:/alalala/nios2eds/bin/gnu/h-i686-mingw32/bin/../lib/gcc/nios2-elf/4.1.2\libgcc.a(lib2-divmod.o)
 .data          0x02008d60        0x0 ../de2_1_bsp/\libhal_bsp.a(alt_exit.o)
                0x02010d60                _gp = ABSOLUTE ((. + 0x8000))
                0x02010d60                PROVIDE (gp, _gp)
 *(.rwdata .rwdata.*)
 *(.sdata .sdata.* .gnu.linkonce.s.*)
 .sdata         0x02008d60        0xc obj/default/hello_world.o
                0x02008d60                i
                0x02008d64                led
 .sdata         0x02008d6c        0x8 d:/alalala/nios2eds/bin/gnu/h-i686-mingw32/bin/../lib/gcc/nios2-elf/4.1.2/../../../../nios2-elf/lib\libc.a(lib_a-impure.o)
                0x02008d6c                _impure_ptr
                0x02008d70                _global_impure_ptr
 .sdata         0x02008d74        0x8 d:/alalala/nios2eds/bin/gnu/h-i686-mingw32/bin/../lib/gcc/nios2-elf/4.1.2/../../../../nios2-elf/lib\libc.a(lib_a-mallocr.o)
                0x02008d74                __malloc_trim_threshold
                0x02008d78                __malloc_sbrk_base
 .sdata         0x02008d7c       0x14 ../de2_1_bsp/\libhal_bsp.a(alt_dev.o)
                0x02008d7c                alt_fs_list
                0x02008d84                alt_dev_list
                0x02008d8c                alt_max_fd
 .sdata         0x02008d90        0x4 ../de2_1_bsp/\libhal_bsp.a(alt_errno.o)
                0x02008d90                alt_errno
 .sdata         0x02008d94        0x4 ../de2_1_bsp/\libhal_bsp.a(alt_sbrk.o)
 .sdata         0x02008d98        0x8 ../de2_1_bsp/\libhal_bsp.a(alt_dma_rxchan_open.o)
                0x02008d98                alt_dma_rxchan_list
 .sdata         0x02008da0        0x8 ../de2_1_bsp/\libhal_bsp.a(alt_dma_txchan_open.o)
                0x02008da0                alt_dma_txchan_list
 .sdata         0x02008da8        0x4 ../de2_1_bsp/\libhal_bsp.a(alt_irq_vars.o)
                0x02008da8                alt_priority_mask
 .sdata         0x02008dac        0x8 ../de2_1_bsp/\libhal_bsp.a(alt_tick.o)
                0x02008dac                alt_alarm_list
 *(.sdata2 .sdata2.* .gnu.linkonce.s2.*)
                0x02008db4                . = ALIGN (0x4)
                0x02008db4                _edata = ABSOLUTE (.)
                0x02008db4                PROVIDE (edata, ABSOLUTE (.))
                0x02008db4                PROVIDE (__ram_rwdata_end, ABSOLUTE (.))
                0x02008db4                PROVIDE (__flash_rwdata_start, LOADADDR (.rwdata))

.bss            0x0200a9b8      0x2ec
                0x0200a9b8                __bss_start = ABSOLUTE (.)
                0x0200a9b8                PROVIDE (__sbss_start, ABSOLUTE (.))
                0x0200a9b8                PROVIDE (___sbss_start, ABSOLUTE (.))
 *(.dynsbss)
 *(.sbss .sbss.* .gnu.linkonce.sb.*)
 .sbss          0x0200a9b8        0x4 obj/default/hello_world.o
                0x0200a9b8                bt
 .sbss          0x0200a9bc        0xc d:/alalala/nios2eds/bin/gnu/h-i686-mingw32/bin/../lib/gcc/nios2-elf/4.1.2/../../../../nios2-elf/lib\libc.a(lib_a-mallocr.o)
                0x0200a9bc                __malloc_top_pad
                0x0200a9c0                __malloc_max_sbrked_mem
                0x0200a9c4                __malloc_max_total_mem
 .sbss          0x0200a9c8        0x4 d:/alalala/nios2eds/bin/gnu/h-i686-mingw32/bin/../lib/gcc/nios2-elf/4.1.2/../../../../nios2-elf/lib\libc.a(lib_a-int_errno.o)
                0x0200a9c8                errno
 .sbss          0x0200a9cc        0xc ../de2_1_bsp/\libhal_bsp.a(alt_main.o)
                0x0200a9cc                alt_argc
                0x0200a9d0                alt_argv
                0x0200a9d4                alt_envp
 .sbss          0x0200a9d8        0x8 ../de2_1_bsp/\libhal_bsp.a(altera_avalon_timer_vars.o)
                0x0200a9d8                altera_avalon_timer_ts_base
                0x0200a9dc                altera_avalon_timer_ts_freq
 .sbss          0x0200a9e0        0x4 ../de2_1_bsp/\libhal_bsp.a(alt_irq_vars.o)
                0x0200a9e0                alt_irq_active
 .sbss          0x0200a9e4        0x8 ../de2_1_bsp/\libhal_bsp.a(alt_tick.o)
                0x0200a9e4                _alt_tick_rate
                0x0200a9e8                _alt_nticks
 *(.sbss2 .sbss2.* .gnu.linkonce.sb2.*)
 *(.scommon)
                0x0200a9ec                PROVIDE (__sbss_end, ABSOLUTE (.))
                0x0200a9ec                PROVIDE (___sbss_end, ABSOLUTE (.))
 *(.dynbss)
 *(.bss .bss.* .gnu.linkonce.b.*)
 .bss           0x0200a9ec        0x0 ../de2_1_bsp//obj/HAL/src/crt0.o
 .bss           0x0200a9ec        0x0 obj/default/hello_world.o
 .bss           0x0200a9ec        0x0 d:/alalala/nios2eds/bin/gnu/h-i686-mingw32/bin/../lib/gcc/nios2-elf/4.1.2/../../../../nios2-elf/lib\libc.a(lib_a-puts.o)
 .bss           0x0200a9ec        0x0 d:/alalala/nios2eds/bin/gnu/h-i686-mingw32/bin/../lib/gcc/nios2-elf/4.1.2/../../../../nios2-elf/lib\libc.a(lib_a-strlen.o)
 .bss           0x0200a9ec        0x0 d:/alalala/nios2eds/bin/gnu/h-i686-mingw32/bin/../lib/gcc/nios2-elf/4.1.2/../../../../nios2-elf/lib\libc.a(lib_a-fvwrite.o)
 .bss           0x0200a9ec        0x0 d:/alalala/nios2eds/bin/gnu/h-i686-mingw32/bin/../lib/gcc/nios2-elf/4.1.2/../../../../nios2-elf/lib\libc.a(lib_a-impure.o)
 .bss           0x0200a9ec       0x28 d:/alalala/nios2eds/bin/gnu/h-i686-mingw32/bin/../lib/gcc/nios2-elf/4.1.2/../../../../nios2-elf/lib\libc.a(lib_a-mallocr.o)
                0x0200a9ec                __malloc_current_mallinfo
 .bss           0x0200aa14        0x0 d:/alalala/nios2eds/bin/gnu/h-i686-mingw32/bin/../lib/gcc/nios2-elf/4.1.2/../../../../nios2-elf/lib\libc.a(lib_a-memchr.o)
 .bss           0x0200aa14        0x0 d:/alalala/nios2eds/bin/gnu/h-i686-mingw32/bin/../lib/gcc/nios2-elf/4.1.2/../../../../nios2-elf/lib\libc.a(lib_a-memcpy.o)
 .bss           0x0200aa14        0x0 d:/alalala/nios2eds/bin/gnu/h-i686-mingw32/bin/../lib/gcc/nios2-elf/4.1.2/../../../../nios2-elf/lib\libc.a(lib_a-memmove.o)
 .bss           0x0200aa14        0x0 d:/alalala/nios2eds/bin/gnu/h-i686-mingw32/bin/../lib/gcc/nios2-elf/4.1.2/../../../../nios2-elf/lib\libc.a(lib_a-reallocr.o)
 .bss           0x0200aa14        0x0 d:/alalala/nios2eds/bin/gnu/h-i686-mingw32/bin/../lib/gcc/nios2-elf/4.1.2/../../../../nios2-elf/lib\libc.a(lib_a-sbrkr.o)
 .bss           0x0200aa14        0x0 d:/alalala/nios2eds/bin/gnu/h-i686-mingw32/bin/../lib/gcc/nios2-elf/4.1.2/../../../../nios2-elf/lib\libc.a(lib_a-wsetup.o)
 .bss           0x0200aa14        0x0 d:/alalala/nios2eds/bin/gnu/h-i686-mingw32/bin/../lib/gcc/nios2-elf/4.1.2/../../../../nios2-elf/lib\libc.a(lib_a-fflush.o)
 .bss           0x0200aa14        0x0 d:/alalala/nios2eds/bin/gnu/h-i686-mingw32/bin/../lib/gcc/nios2-elf/4.1.2/../../../../nios2-elf/lib\libc.a(lib_a-findfp.o)
 .bss           0x0200aa14        0x0 d:/alalala/nios2eds/bin/gnu/h-i686-mingw32/bin/../lib/gcc/nios2-elf/4.1.2/../../../../nios2-elf/lib\libc.a(lib_a-freer.o)
 .bss           0x0200aa14        0x0 d:/alalala/nios2eds/bin/gnu/h-i686-mingw32/bin/../lib/gcc/nios2-elf/4.1.2/../../../../nios2-elf/lib\libc.a(lib_a-fwalk.o)
 .bss           0x0200aa14        0x0 d:/alalala/nios2eds/bin/gnu/h-i686-mingw32/bin/../lib/gcc/nios2-elf/4.1.2/../../../../nios2-elf/lib\libc.a(lib_a-int_errno.o)
 .bss           0x0200aa14        0x0 d:/alalala/nios2eds/bin/gnu/h-i686-mingw32/bin/../lib/gcc/nios2-elf/4.1.2/../../../../nios2-elf/lib\libc.a(lib_a-makebuf.o)
 .bss           0x0200aa14        0x0 d:/alalala/nios2eds/bin/gnu/h-i686-mingw32/bin/../lib/gcc/nios2-elf/4.1.2/../../../../nios2-elf/lib\libc.a(lib_a-memset.o)
 .bss           0x0200aa14        0x0 d:/alalala/nios2eds/bin/gnu/h-i686-mingw32/bin/../lib/gcc/nios2-elf/4.1.2/../../../../nios2-elf/lib\libc.a(lib_a-stdio.o)
 .bss           0x0200aa14        0x0 d:/alalala/nios2eds/bin/gnu/h-i686-mingw32/bin/../lib/gcc/nios2-elf/4.1.2/../../../../nios2-elf/lib\libc.a(lib_a-writer.o)
 .bss           0x0200aa14        0x0 d:/alalala/nios2eds/bin/gnu/h-i686-mingw32/bin/../lib/gcc/nios2-elf/4.1.2/../../../../nios2-elf/lib\libc.a(lib_a-closer.o)
 .bss           0x0200aa14        0x0 d:/alalala/nios2eds/bin/gnu/h-i686-mingw32/bin/../lib/gcc/nios2-elf/4.1.2/../../../../nios2-elf/lib\libc.a(lib_a-fclose.o)
 .bss           0x0200aa14        0x0 d:/alalala/nios2eds/bin/gnu/h-i686-mingw32/bin/../lib/gcc/nios2-elf/4.1.2/../../../../nios2-elf/lib\libc.a(lib_a-fstatr.o)
 .bss           0x0200aa14        0x0 d:/alalala/nios2eds/bin/gnu/h-i686-mingw32/bin/../lib/gcc/nios2-elf/4.1.2/../../../../nios2-elf/lib\libc.a(lib_a-isattyr.o)
 .bss           0x0200aa14        0x0 d:/alalala/nios2eds/bin/gnu/h-i686-mingw32/bin/../lib/gcc/nios2-elf/4.1.2/../../../../nios2-elf/lib\libc.a(lib_a-lseekr.o)
 .bss           0x0200aa14        0x0 d:/alalala/nios2eds/bin/gnu/h-i686-mingw32/bin/../lib/gcc/nios2-elf/4.1.2/../../../../nios2-elf/lib\libc.a(lib_a-readr.o)
 .bss           0x0200aa14        0x0 ../de2_1_bsp/\libhal_bsp.a(alt_close.o)
 .bss           0x0200aa14        0x0 ../de2_1_bsp/\libhal_bsp.a(alt_dev.o)
 .bss           0x0200aa14        0x0 ../de2_1_bsp/\libhal_bsp.a(alt_errno.o)
 .bss           0x0200aa14        0x0 ../de2_1_bsp/\libhal_bsp.a(alt_fstat.o)
 .bss           0x0200aa14        0x0 ../de2_1_bsp/\libhal_bsp.a(alt_isatty.o)
 .bss           0x0200aa14        0x0 ../de2_1_bsp/\libhal_bsp.a(alt_load.o)
 .bss           0x0200aa14        0x0 ../de2_1_bsp/\libhal_bsp.a(alt_lseek.o)
 .bss           0x0200aa14        0x0 ../de2_1_bsp/\libhal_bsp.a(alt_main.o)
 .bss           0x0200aa14        0x0 ../de2_1_bsp/\libhal_bsp.a(alt_malloc_lock.o)
 .bss           0x0200aa14        0x0 ../de2_1_bsp/\libhal_bsp.a(alt_read.o)
 .bss           0x0200aa14        0x0 ../de2_1_bsp/\libhal_bsp.a(alt_release_fd.o)
 .bss           0x0200aa14        0x0 ../de2_1_bsp/\libhal_bsp.a(alt_sbrk.o)
 .bss           0x0200aa14        0x0 ../de2_1_bsp/\libhal_bsp.a(alt_usleep.o)
 .bss           0x0200aa14        0x0 ../de2_1_bsp/\libhal_bsp.a(alt_write.o)
 .bss           0x0200aa14        0x0 ../de2_1_bsp/\libhal_bsp.a(alt_sys_init.o)
 .bss           0x0200aa14        0x0 ../de2_1_bsp/\libhal_bsp.a(altera_avalon_dma.o)
 .bss           0x0200aa14        0x0 ../de2_1_bsp/\libhal_bsp.a(altera_avalon_jtag_uart_fd.o)
 .bss           0x0200aa14        0x0 ../de2_1_bsp/\libhal_bsp.a(altera_avalon_jtag_uart_init.o)
 .bss           0x0200aa14        0x0 ../de2_1_bsp/\libhal_bsp.a(altera_avalon_jtag_uart_ioctl.o)
 .bss           0x0200aa14        0x0 ../de2_1_bsp/\libhal_bsp.a(altera_avalon_jtag_uart_read.o)
 .bss           0x0200aa14        0x0 ../de2_1_bsp/\libhal_bsp.a(altera_avalon_jtag_uart_write.o)
 .bss           0x0200aa14        0x0 ../de2_1_bsp/\libhal_bsp.a(altera_avalon_timer_vars.o)
 .bss           0x0200aa14        0x0 ../de2_1_bsp/\libhal_bsp.a(altera_avalon_uart_fd.o)
 .bss           0x0200aa14        0x0 ../de2_1_bsp/\libhal_bsp.a(altera_avalon_uart_init.o)
 .bss           0x0200aa14        0x0 ../de2_1_bsp/\libhal_bsp.a(altera_avalon_uart_read.o)
 .bss           0x0200aa14        0x0 ../de2_1_bsp/\libhal_bsp.a(altera_avalon_uart_write.o)
 .bss           0x0200aa14        0x0 ../de2_1_bsp/\libhal_bsp.a(alt_alarm_start.o)
 .bss           0x0200aa14        0x0 ../de2_1_bsp/\libhal_bsp.a(alt_busy_sleep.o)
 .bss           0x0200aa14        0x0 ../de2_1_bsp/\libhal_bsp.a(alt_dcache_flush_all.o)
 .bss           0x0200aa14        0x0 ../de2_1_bsp/\libhal_bsp.a(alt_dev_llist_insert.o)
 .bss           0x0200aa14        0x0 ../de2_1_bsp/\libhal_bsp.a(alt_dma_rxchan_open.o)
 .bss           0x0200aa14        0x0 ../de2_1_bsp/\libhal_bsp.a(alt_dma_txchan_open.o)
 .bss           0x0200aa14        0x0 ../de2_1_bsp/\libhal_bsp.a(alt_do_ctors.o)
 .bss           0x0200aa14        0x0 ../de2_1_bsp/\libhal_bsp.a(alt_do_dtors.o)
 .bss           0x0200aa14        0x0 ../de2_1_bsp/\libhal_bsp.a(alt_find_dev.o)
 .bss           0x0200aa14        0x0 ../de2_1_bsp/\libhal_bsp.a(alt_icache_flush_all.o)
 .bss           0x0200aa14        0x0 ../de2_1_bsp/\libhal_bsp.a(alt_iic.o)
 .bss           0x0200aa14        0x0 ../de2_1_bsp/\libhal_bsp.a(alt_iic_isr_register.o)
 .bss           0x0200aa14        0x0 ../de2_1_bsp/\libhal_bsp.a(alt_io_redirect.o)
 .bss           0x0200aa14        0x0 ../de2_1_bsp/\libhal_bsp.a(alt_irq_entry.o)
 .bss           0x0200aa14        0x0 ../de2_1_bsp/\libhal_bsp.a(alt_irq_handler.o)
 .bss           0x0200aa14        0x0 ../de2_1_bsp/\libhal_bsp.a(alt_irq_vars.o)
 .bss           0x0200aa14        0x0 ../de2_1_bsp/\libhal_bsp.a(alt_open.o)
 .bss           0x0200aa14        0x0 ../de2_1_bsp/\libhal_bsp.a(alt_tick.o)
 .bss           0x0200aa14        0x0 ../de2_1_bsp/\libhal_bsp.a(altera_nios2_qsys_irq.o)
 .bss           0x0200aa14        0x0 ../de2_1_bsp/\libhal_bsp.a(alt_exception_entry.o)
 .bss           0x0200aa14        0x0 ../de2_1_bsp/\libhal_bsp.a(alt_find_file.o)
 .bss           0x0200aa14        0x0 ../de2_1_bsp/\libhal_bsp.a(alt_get_fd.o)
 .bss           0x0200aa14        0x0 ../de2_1_bsp/\libhal_bsp.a(alt_icache_flush.o)
 .bss           0x0200aa14        0x0 d:/alalala/nios2eds/bin/gnu/h-i686-mingw32/bin/../lib/gcc/nios2-elf/4.1.2/../../../../nios2-elf/lib\libc.a(lib_a-atexit.o)
 .bss           0x0200aa14        0x0 d:/alalala/nios2eds/bin/gnu/h-i686-mingw32/bin/../lib/gcc/nios2-elf/4.1.2/../../../../nios2-elf/lib\libc.a(lib_a-exit.o)
 .bss           0x0200aa14        0x0 d:/alalala/nios2eds/bin/gnu/h-i686-mingw32/bin/../lib/gcc/nios2-elf/4.1.2/../../../../nios2-elf/lib\libc.a(lib_a-memcmp.o)
 .bss           0x0200aa14        0x0 d:/alalala/nios2eds/bin/gnu/h-i686-mingw32/bin/../lib/gcc/nios2-elf/4.1.2/../../../../nios2-elf/lib\libc.a(lib_a-__atexit.o)
 .bss           0x0200aa14        0x0 d:/alalala/nios2eds/bin/gnu/h-i686-mingw32/bin/../lib/gcc/nios2-elf/4.1.2/../../../../nios2-elf/lib\libc.a(lib_a-__call_atexit.o)
 .bss           0x0200aa14        0x0 d:/alalala/nios2eds/bin/gnu/h-i686-mingw32/bin/../lib/gcc/nios2-elf/4.1.2\libgcc.a(lib2-divmod.o)
 .bss           0x0200aa14        0x0 ../de2_1_bsp/\libhal_bsp.a(alt_exit.o)
 *(COMMON)
 COMMON         0x0200aa14      0x100 ../de2_1_bsp/\libhal_bsp.a(alt_irq_handler.o)
                0x0200aa14                alt_irq
 COMMON         0x0200ab14      0x190 d:/alalala/nios2eds/bin/gnu/h-i686-mingw32/bin/../lib/gcc/nios2-elf/4.1.2/../../../../nios2-elf/lib\libc.a(lib_a-atexit.o)
                0x0200ab14                _atexit0
                0x0200aca4                . = ALIGN (0x4)
                0x0200aca4                __bss_end = ABSOLUTE (.)

.sdram_ctrl     0x0200aca4        0x0
                0x0200aca4                PROVIDE (_alt_partition_sdram_ctrl_start, ABSOLUTE (.))
 *(.sdram_ctrl. sdram_ctrl.*)
                0x0200aca4                . = ALIGN (0x4)
                0x0200aca4                PROVIDE (_alt_partition_sdram_ctrl_end, ABSOLUTE (.))
                0x0200aca4                _end = ABSOLUTE (.)
                0x0200aca4                end = ABSOLUTE (.)
                0x0200aca4                __alt_stack_base = ABSOLUTE (.)
                0x0200aca4                PROVIDE (_alt_partition_sdram_ctrl_load_addr, LOADADDR (.sdram_ctrl))

.stab
 *(.stab)

.stabstr
 *(.stabstr)

.stab.excl
 *(.stab.excl)

.stab.exclstr
 *(.stab.exclstr)

.stab.index
 *(.stab.index)

.stab.indexstr
 *(.stab.indexstr)

.comment        0x00000000       0x26
 *(.comment)
 .comment       0x00000000       0x26 obj/default/hello_world.o
                                 0x27 (size before relaxing)
 .comment       0x00000000       0x27 d:/alalala/nios2eds/bin/gnu/h-i686-mingw32/bin/../lib/gcc/nios2-elf/4.1.2/../../../../nios2-elf/lib\libc.a(lib_a-puts.o)
 .comment       0x00000000       0x27 d:/alalala/nios2eds/bin/gnu/h-i686-mingw32/bin/../lib/gcc/nios2-elf/4.1.2/../../../../nios2-elf/lib\libc.a(lib_a-strlen.o)
 .comment       0x00000000       0x27 d:/alalala/nios2eds/bin/gnu/h-i686-mingw32/bin/../lib/gcc/nios2-elf/4.1.2/../../../../nios2-elf/lib\libc.a(lib_a-fvwrite.o)
 .comment       0x00000000       0x27 d:/alalala/nios2eds/bin/gnu/h-i686-mingw32/bin/../lib/gcc/nios2-elf/4.1.2/../../../../nios2-elf/lib\libc.a(lib_a-impure.o)
 .comment       0x00000000       0x27 d:/alalala/nios2eds/bin/gnu/h-i686-mingw32/bin/../lib/gcc/nios2-elf/4.1.2/../../../../nios2-elf/lib\libc.a(lib_a-mallocr.o)
 .comment       0x00000000       0x27 d:/alalala/nios2eds/bin/gnu/h-i686-mingw32/bin/../lib/gcc/nios2-elf/4.1.2/../../../../nios2-elf/lib\libc.a(lib_a-memchr.o)
 .comment       0x00000000       0x27 d:/alalala/nios2eds/bin/gnu/h-i686-mingw32/bin/../lib/gcc/nios2-elf/4.1.2/../../../../nios2-elf/lib\libc.a(lib_a-memcpy.o)
 .comment       0x00000000       0x27 d:/alalala/nios2eds/bin/gnu/h-i686-mingw32/bin/../lib/gcc/nios2-elf/4.1.2/../../../../nios2-elf/lib\libc.a(lib_a-memmove.o)
 .comment       0x00000000       0x27 d:/alalala/nios2eds/bin/gnu/h-i686-mingw32/bin/../lib/gcc/nios2-elf/4.1.2/../../../../nios2-elf/lib\libc.a(lib_a-reallocr.o)
 .comment       0x00000000       0x27 d:/alalala/nios2eds/bin/gnu/h-i686-mingw32/bin/../lib/gcc/nios2-elf/4.1.2/../../../../nios2-elf/lib\libc.a(lib_a-sbrkr.o)
 .comment       0x00000000       0x27 d:/alalala/nios2eds/bin/gnu/h-i686-mingw32/bin/../lib/gcc/nios2-elf/4.1.2/../../../../nios2-elf/lib\libc.a(lib_a-wsetup.o)
 .comment       0x00000000       0x27 d:/alalala/nios2eds/bin/gnu/h-i686-mingw32/bin/../lib/gcc/nios2-elf/4.1.2/../../../../nios2-elf/lib\libc.a(lib_a-fflush.o)
 .comment       0x00000000       0x27 d:/alalala/nios2eds/bin/gnu/h-i686-mingw32/bin/../lib/gcc/nios2-elf/4.1.2/../../../../nios2-elf/lib\libc.a(lib_a-findfp.o)
 .comment       0x00000000       0x27 d:/alalala/nios2eds/bin/gnu/h-i686-mingw32/bin/../lib/gcc/nios2-elf/4.1.2/../../../../nios2-elf/lib\libc.a(lib_a-freer.o)
 .comment       0x00000000       0x27 d:/alalala/nios2eds/bin/gnu/h-i686-mingw32/bin/../lib/gcc/nios2-elf/4.1.2/../../../../nios2-elf/lib\libc.a(lib_a-fwalk.o)
 .comment       0x00000000       0x27 d:/alalala/nios2eds/bin/gnu/h-i686-mingw32/bin/../lib/gcc/nios2-elf/4.1.2/../../../../nios2-elf/lib\libc.a(lib_a-int_errno.o)
 .comment       0x00000000       0x27 d:/alalala/nios2eds/bin/gnu/h-i686-mingw32/bin/../lib/gcc/nios2-elf/4.1.2/../../../../nios2-elf/lib\libc.a(lib_a-makebuf.o)
 .comment       0x00000000       0x27 d:/alalala/nios2eds/bin/gnu/h-i686-mingw32/bin/../lib/gcc/nios2-elf/4.1.2/../../../../nios2-elf/lib\libc.a(lib_a-memset.o)
 .comment       0x00000000       0x27 d:/alalala/nios2eds/bin/gnu/h-i686-mingw32/bin/../lib/gcc/nios2-elf/4.1.2/../../../../nios2-elf/lib\libc.a(lib_a-stdio.o)
 .comment       0x00000000       0x27 d:/alalala/nios2eds/bin/gnu/h-i686-mingw32/bin/../lib/gcc/nios2-elf/4.1.2/../../../../nios2-elf/lib\libc.a(lib_a-writer.o)
 .comment       0x00000000       0x27 d:/alalala/nios2eds/bin/gnu/h-i686-mingw32/bin/../lib/gcc/nios2-elf/4.1.2/../../../../nios2-elf/lib\libc.a(lib_a-closer.o)
 .comment       0x00000000       0x27 d:/alalala/nios2eds/bin/gnu/h-i686-mingw32/bin/../lib/gcc/nios2-elf/4.1.2/../../../../nios2-elf/lib\libc.a(lib_a-fclose.o)
 .comment       0x00000000       0x27 d:/alalala/nios2eds/bin/gnu/h-i686-mingw32/bin/../lib/gcc/nios2-elf/4.1.2/../../../../nios2-elf/lib\libc.a(lib_a-fstatr.o)
 .comment       0x00000000       0x27 d:/alalala/nios2eds/bin/gnu/h-i686-mingw32/bin/../lib/gcc/nios2-elf/4.1.2/../../../../nios2-elf/lib\libc.a(lib_a-isattyr.o)
 .comment       0x00000000       0x27 d:/alalala/nios2eds/bin/gnu/h-i686-mingw32/bin/../lib/gcc/nios2-elf/4.1.2/../../../../nios2-elf/lib\libc.a(lib_a-lseekr.o)
 .comment       0x00000000       0x27 d:/alalala/nios2eds/bin/gnu/h-i686-mingw32/bin/../lib/gcc/nios2-elf/4.1.2/../../../../nios2-elf/lib\libc.a(lib_a-readr.o)
 .comment       0x00000000       0x27 ../de2_1_bsp/\libhal_bsp.a(alt_close.o)
 .comment       0x00000000       0x27 ../de2_1_bsp/\libhal_bsp.a(alt_dev.o)
 .comment       0x00000000       0x27 ../de2_1_bsp/\libhal_bsp.a(alt_errno.o)
 .comment       0x00000000       0x27 ../de2_1_bsp/\libhal_bsp.a(alt_fstat.o)
 .comment       0x00000000       0x27 ../de2_1_bsp/\libhal_bsp.a(alt_isatty.o)
 .comment       0x00000000       0x27 ../de2_1_bsp/\libhal_bsp.a(alt_load.o)
 .comment       0x00000000       0x27 ../de2_1_bsp/\libhal_bsp.a(alt_lseek.o)
 .comment       0x00000000       0x27 ../de2_1_bsp/\libhal_bsp.a(alt_main.o)
 .comment       0x00000000       0x27 ../de2_1_bsp/\libhal_bsp.a(alt_malloc_lock.o)
 .comment       0x00000000       0x27 ../de2_1_bsp/\libhal_bsp.a(alt_read.o)
 .comment       0x00000000       0x27 ../de2_1_bsp/\libhal_bsp.a(alt_release_fd.o)
 .comment       0x00000000       0x27 ../de2_1_bsp/\libhal_bsp.a(alt_sbrk.o)
 .comment       0x00000000       0x27 ../de2_1_bsp/\libhal_bsp.a(alt_usleep.o)
 .comment       0x00000000       0x27 ../de2_1_bsp/\libhal_bsp.a(alt_write.o)
 .comment       0x00000000       0x27 ../de2_1_bsp/\libhal_bsp.a(alt_sys_init.o)
 .comment       0x00000000       0x27 ../de2_1_bsp/\libhal_bsp.a(altera_avalon_dma.o)
 .comment       0x00000000       0x27 ../de2_1_bsp/\libhal_bsp.a(altera_avalon_jtag_uart_fd.o)
 .comment       0x00000000       0x27 ../de2_1_bsp/\libhal_bsp.a(altera_avalon_jtag_uart_init.o)
 .comment       0x00000000       0x27 ../de2_1_bsp/\libhal_bsp.a(altera_avalon_jtag_uart_ioctl.o)
 .comment       0x00000000       0x27 ../de2_1_bsp/\libhal_bsp.a(altera_avalon_jtag_uart_read.o)
 .comment       0x00000000       0x27 ../de2_1_bsp/\libhal_bsp.a(altera_avalon_jtag_uart_write.o)
 .comment       0x00000000       0x27 ../de2_1_bsp/\libhal_bsp.a(altera_avalon_timer_vars.o)
 .comment       0x00000000       0x27 ../de2_1_bsp/\libhal_bsp.a(altera_avalon_uart_fd.o)
 .comment       0x00000000       0x27 ../de2_1_bsp/\libhal_bsp.a(altera_avalon_uart_init.o)
 .comment       0x00000000       0x27 ../de2_1_bsp/\libhal_bsp.a(altera_avalon_uart_read.o)
 .comment       0x00000000       0x27 ../de2_1_bsp/\libhal_bsp.a(altera_avalon_uart_write.o)
 .comment       0x00000000       0x27 ../de2_1_bsp/\libhal_bsp.a(alt_alarm_start.o)
 .comment       0x00000000       0x27 ../de2_1_bsp/\libhal_bsp.a(alt_busy_sleep.o)
 .comment       0x00000000       0x27 ../de2_1_bsp/\libhal_bsp.a(alt_dcache_flush_all.o)
 .comment       0x00000000       0x27 ../de2_1_bsp/\libhal_bsp.a(alt_dev_llist_insert.o)
 .comment       0x00000000       0x27 ../de2_1_bsp/\libhal_bsp.a(alt_dma_rxchan_open.o)
 .comment       0x00000000       0x27 ../de2_1_bsp/\libhal_bsp.a(alt_dma_txchan_open.o)
 .comment       0x00000000       0x27 ../de2_1_bsp/\libhal_bsp.a(alt_do_ctors.o)
 .comment       0x00000000       0x27 ../de2_1_bsp/\libhal_bsp.a(alt_do_dtors.o)
 .comment       0x00000000       0x27 ../de2_1_bsp/\libhal_bsp.a(alt_find_dev.o)
 .comment       0x00000000       0x27 ../de2_1_bsp/\libhal_bsp.a(alt_icache_flush_all.o)
 .comment       0x00000000       0x27 ../de2_1_bsp/\libhal_bsp.a(alt_iic.o)
 .comment       0x00000000       0x27 ../de2_1_bsp/\libhal_bsp.a(alt_iic_isr_register.o)
 .comment       0x00000000       0x27 ../de2_1_bsp/\libhal_bsp.a(alt_io_redirect.o)
 .comment       0x00000000       0x27 ../de2_1_bsp/\libhal_bsp.a(alt_irq_handler.o)
 .comment       0x00000000       0x27 ../de2_1_bsp/\libhal_bsp.a(alt_irq_vars.o)
 .comment       0x00000000       0x27 ../de2_1_bsp/\libhal_bsp.a(alt_open.o)
 .comment       0x00000000       0x27 ../de2_1_bsp/\libhal_bsp.a(alt_tick.o)
 .comment       0x00000000       0x27 ../de2_1_bsp/\libhal_bsp.a(altera_nios2_qsys_irq.o)
 .comment       0x00000000       0x27 ../de2_1_bsp/\libhal_bsp.a(alt_find_file.o)
 .comment       0x00000000       0x27 ../de2_1_bsp/\libhal_bsp.a(alt_get_fd.o)
 .comment       0x00000000       0x27 ../de2_1_bsp/\libhal_bsp.a(alt_icache_flush.o)
 .comment       0x00000000       0x27 d:/alalala/nios2eds/bin/gnu/h-i686-mingw32/bin/../lib/gcc/nios2-elf/4.1.2/../../../../nios2-elf/lib\libc.a(lib_a-atexit.o)
 .comment       0x00000000       0x27 d:/alalala/nios2eds/bin/gnu/h-i686-mingw32/bin/../lib/gcc/nios2-elf/4.1.2/../../../../nios2-elf/lib\libc.a(lib_a-exit.o)
 .comment       0x00000000       0x27 d:/alalala/nios2eds/bin/gnu/h-i686-mingw32/bin/../lib/gcc/nios2-elf/4.1.2/../../../../nios2-elf/lib\libc.a(lib_a-memcmp.o)
 .comment       0x00000000       0x27 d:/alalala/nios2eds/bin/gnu/h-i686-mingw32/bin/../lib/gcc/nios2-elf/4.1.2/../../../../nios2-elf/lib\libc.a(lib_a-__atexit.o)
 .comment       0x00000000       0x27 d:/alalala/nios2eds/bin/gnu/h-i686-mingw32/bin/../lib/gcc/nios2-elf/4.1.2/../../../../nios2-elf/lib\libc.a(lib_a-__call_atexit.o)
 .comment       0x00000000       0x27 d:/alalala/nios2eds/bin/gnu/h-i686-mingw32/bin/../lib/gcc/nios2-elf/4.1.2\libgcc.a(lib2-divmod.o)
 .comment       0x00000000       0x27 ../de2_1_bsp/\libhal_bsp.a(alt_exit.o)

.debug
 *(.debug)

.line
 *(.line)

.debug_srcinfo
 *(.debug_srcinfo)

.debug_sfnames
 *(.debug_sfnames)

.debug_aranges  0x00000000      0xa18
 *(.debug_aranges)
 .debug_aranges
                0x00000000       0x28 ../de2_1_bsp//obj/HAL/src/crt0.o
 .debug_aranges
                0x00000028       0x20 obj/default/hello_world.o
 .debug_aranges
                0x00000048       0x20 d:/alalala/nios2eds/bin/gnu/h-i686-mingw32/bin/../lib/gcc/nios2-elf/4.1.2/../../../../nios2-elf/lib\libc.a(lib_a-puts.o)
 .debug_aranges
                0x00000068       0x20 d:/alalala/nios2eds/bin/gnu/h-i686-mingw32/bin/../lib/gcc/nios2-elf/4.1.2/../../../../nios2-elf/lib\libc.a(lib_a-strlen.o)
 .debug_aranges
                0x00000088       0x20 d:/alalala/nios2eds/bin/gnu/h-i686-mingw32/bin/../lib/gcc/nios2-elf/4.1.2/../../../../nios2-elf/lib\libc.a(lib_a-fvwrite.o)
 .debug_aranges
                0x000000a8       0x20 d:/alalala/nios2eds/bin/gnu/h-i686-mingw32/bin/../lib/gcc/nios2-elf/4.1.2/../../../../nios2-elf/lib\libc.a(lib_a-mallocr.o)
 .debug_aranges
                0x000000c8       0x20 d:/alalala/nios2eds/bin/gnu/h-i686-mingw32/bin/../lib/gcc/nios2-elf/4.1.2/../../../../nios2-elf/lib\libc.a(lib_a-memchr.o)
 .debug_aranges
                0x000000e8       0x20 d:/alalala/nios2eds/bin/gnu/h-i686-mingw32/bin/../lib/gcc/nios2-elf/4.1.2/../../../../nios2-elf/lib\libc.a(lib_a-memcpy.o)
 .debug_aranges
                0x00000108       0x20 d:/alalala/nios2eds/bin/gnu/h-i686-mingw32/bin/../lib/gcc/nios2-elf/4.1.2/../../../../nios2-elf/lib\libc.a(lib_a-memmove.o)
 .debug_aranges
                0x00000128       0x20 d:/alalala/nios2eds/bin/gnu/h-i686-mingw32/bin/../lib/gcc/nios2-elf/4.1.2/../../../../nios2-elf/lib\libc.a(lib_a-reallocr.o)
 .debug_aranges
                0x00000148       0x20 d:/alalala/nios2eds/bin/gnu/h-i686-mingw32/bin/../lib/gcc/nios2-elf/4.1.2/../../../../nios2-elf/lib\libc.a(lib_a-sbrkr.o)
 .debug_aranges
                0x00000168       0x20 d:/alalala/nios2eds/bin/gnu/h-i686-mingw32/bin/../lib/gcc/nios2-elf/4.1.2/../../../../nios2-elf/lib\libc.a(lib_a-wsetup.o)
 .debug_aranges
                0x00000188       0x20 d:/alalala/nios2eds/bin/gnu/h-i686-mingw32/bin/../lib/gcc/nios2-elf/4.1.2/../../../../nios2-elf/lib\libc.a(lib_a-fflush.o)
 .debug_aranges
                0x000001a8       0x20 d:/alalala/nios2eds/bin/gnu/h-i686-mingw32/bin/../lib/gcc/nios2-elf/4.1.2/../../../../nios2-elf/lib\libc.a(lib_a-findfp.o)
 .debug_aranges
                0x000001c8       0x20 d:/alalala/nios2eds/bin/gnu/h-i686-mingw32/bin/../lib/gcc/nios2-elf/4.1.2/../../../../nios2-elf/lib\libc.a(lib_a-freer.o)
 .debug_aranges
                0x000001e8       0x20 d:/alalala/nios2eds/bin/gnu/h-i686-mingw32/bin/../lib/gcc/nios2-elf/4.1.2/../../../../nios2-elf/lib\libc.a(lib_a-fwalk.o)
 .debug_aranges
                0x00000208       0x20 d:/alalala/nios2eds/bin/gnu/h-i686-mingw32/bin/../lib/gcc/nios2-elf/4.1.2/../../../../nios2-elf/lib\libc.a(lib_a-makebuf.o)
 .debug_aranges
                0x00000228       0x20 d:/alalala/nios2eds/bin/gnu/h-i686-mingw32/bin/../lib/gcc/nios2-elf/4.1.2/../../../../nios2-elf/lib\libc.a(lib_a-memset.o)
 .debug_aranges
                0x00000248       0x20 d:/alalala/nios2eds/bin/gnu/h-i686-mingw32/bin/../lib/gcc/nios2-elf/4.1.2/../../../../nios2-elf/lib\libc.a(lib_a-stdio.o)
 .debug_aranges
                0x00000268       0x20 d:/alalala/nios2eds/bin/gnu/h-i686-mingw32/bin/../lib/gcc/nios2-elf/4.1.2/../../../../nios2-elf/lib\libc.a(lib_a-writer.o)
 .debug_aranges
                0x00000288       0x20 d:/alalala/nios2eds/bin/gnu/h-i686-mingw32/bin/../lib/gcc/nios2-elf/4.1.2/../../../../nios2-elf/lib\libc.a(lib_a-closer.o)
 .debug_aranges
                0x000002a8       0x20 d:/alalala/nios2eds/bin/gnu/h-i686-mingw32/bin/../lib/gcc/nios2-elf/4.1.2/../../../../nios2-elf/lib\libc.a(lib_a-fclose.o)
 .debug_aranges
                0x000002c8       0x20 d:/alalala/nios2eds/bin/gnu/h-i686-mingw32/bin/../lib/gcc/nios2-elf/4.1.2/../../../../nios2-elf/lib\libc.a(lib_a-fstatr.o)
 .debug_aranges
                0x000002e8       0x20 d:/alalala/nios2eds/bin/gnu/h-i686-mingw32/bin/../lib/gcc/nios2-elf/4.1.2/../../../../nios2-elf/lib\libc.a(lib_a-isattyr.o)
 .debug_aranges
                0x00000308       0x20 d:/alalala/nios2eds/bin/gnu/h-i686-mingw32/bin/../lib/gcc/nios2-elf/4.1.2/../../../../nios2-elf/lib\libc.a(lib_a-lseekr.o)
 .debug_aranges
                0x00000328       0x20 d:/alalala/nios2eds/bin/gnu/h-i686-mingw32/bin/../lib/gcc/nios2-elf/4.1.2/../../../../nios2-elf/lib\libc.a(lib_a-readr.o)
 .debug_aranges
                0x00000348       0x20 ../de2_1_bsp/\libhal_bsp.a(alt_close.o)
 .debug_aranges
                0x00000368       0x20 ../de2_1_bsp/\libhal_bsp.a(alt_dev.o)
 .debug_aranges
                0x00000388       0x20 ../de2_1_bsp/\libhal_bsp.a(alt_fstat.o)
 .debug_aranges
                0x000003a8       0x20 ../de2_1_bsp/\libhal_bsp.a(alt_isatty.o)
 .debug_aranges
                0x000003c8       0x20 ../de2_1_bsp/\libhal_bsp.a(alt_load.o)
 .debug_aranges
                0x000003e8       0x20 ../de2_1_bsp/\libhal_bsp.a(alt_lseek.o)
 .debug_aranges
                0x00000408       0x20 ../de2_1_bsp/\libhal_bsp.a(alt_main.o)
 .debug_aranges
                0x00000428       0x20 ../de2_1_bsp/\libhal_bsp.a(alt_malloc_lock.o)
 .debug_aranges
                0x00000448       0x20 ../de2_1_bsp/\libhal_bsp.a(alt_read.o)
 .debug_aranges
                0x00000468       0x20 ../de2_1_bsp/\libhal_bsp.a(alt_release_fd.o)
 .debug_aranges
                0x00000488       0x20 ../de2_1_bsp/\libhal_bsp.a(alt_sbrk.o)
 .debug_aranges
                0x000004a8       0x20 ../de2_1_bsp/\libhal_bsp.a(alt_usleep.o)
 .debug_aranges
                0x000004c8       0x20 ../de2_1_bsp/\libhal_bsp.a(alt_write.o)
 .debug_aranges
                0x000004e8       0x20 ../de2_1_bsp/\libhal_bsp.a(alt_sys_init.o)
 .debug_aranges
                0x00000508       0x20 ../de2_1_bsp/\libhal_bsp.a(altera_avalon_dma.o)
 .debug_aranges
                0x00000528       0x20 ../de2_1_bsp/\libhal_bsp.a(altera_avalon_jtag_uart_fd.o)
 .debug_aranges
                0x00000548       0x20 ../de2_1_bsp/\libhal_bsp.a(altera_avalon_jtag_uart_init.o)
 .debug_aranges
                0x00000568       0x20 ../de2_1_bsp/\libhal_bsp.a(altera_avalon_jtag_uart_ioctl.o)
 .debug_aranges
                0x00000588       0x20 ../de2_1_bsp/\libhal_bsp.a(altera_avalon_jtag_uart_read.o)
 .debug_aranges
                0x000005a8       0x20 ../de2_1_bsp/\libhal_bsp.a(altera_avalon_jtag_uart_write.o)
 .debug_aranges
                0x000005c8       0x20 ../de2_1_bsp/\libhal_bsp.a(altera_avalon_uart_fd.o)
 .debug_aranges
                0x000005e8       0x20 ../de2_1_bsp/\libhal_bsp.a(altera_avalon_uart_init.o)
 .debug_aranges
                0x00000608       0x20 ../de2_1_bsp/\libhal_bsp.a(altera_avalon_uart_read.o)
 .debug_aranges
                0x00000628       0x20 ../de2_1_bsp/\libhal_bsp.a(altera_avalon_uart_write.o)
 .debug_aranges
                0x00000648       0x20 ../de2_1_bsp/\libhal_bsp.a(alt_alarm_start.o)
 .debug_aranges
                0x00000668       0x20 ../de2_1_bsp/\libhal_bsp.a(alt_busy_sleep.o)
 .debug_aranges
                0x00000688       0x20 ../de2_1_bsp/\libhal_bsp.a(alt_dcache_flush_all.o)
 .debug_aranges
                0x000006a8       0x20 ../de2_1_bsp/\libhal_bsp.a(alt_dev_llist_insert.o)
 .debug_aranges
                0x000006c8       0x20 ../de2_1_bsp/\libhal_bsp.a(alt_dma_rxchan_open.o)
 .debug_aranges
                0x000006e8       0x20 ../de2_1_bsp/\libhal_bsp.a(alt_dma_txchan_open.o)
 .debug_aranges
                0x00000708       0x20 ../de2_1_bsp/\libhal_bsp.a(alt_do_ctors.o)
 .debug_aranges
                0x00000728       0x20 ../de2_1_bsp/\libhal_bsp.a(alt_do_dtors.o)
 .debug_aranges
                0x00000748       0x20 ../de2_1_bsp/\libhal_bsp.a(alt_find_dev.o)
 .debug_aranges
                0x00000768       0x20 ../de2_1_bsp/\libhal_bsp.a(alt_icache_flush_all.o)
 .debug_aranges
                0x00000788       0x20 ../de2_1_bsp/\libhal_bsp.a(alt_iic.o)
 .debug_aranges
                0x000007a8       0x20 ../de2_1_bsp/\libhal_bsp.a(alt_iic_isr_register.o)
 .debug_aranges
                0x000007c8       0x20 ../de2_1_bsp/\libhal_bsp.a(alt_io_redirect.o)
 .debug_aranges
                0x000007e8       0x30 ../de2_1_bsp/\libhal_bsp.a(alt_irq_entry.o)
 .debug_aranges
                0x00000818       0x28 ../de2_1_bsp/\libhal_bsp.a(alt_irq_handler.o)
 .debug_aranges
                0x00000840       0x20 ../de2_1_bsp/\libhal_bsp.a(alt_open.o)
 .debug_aranges
                0x00000860       0x20 ../de2_1_bsp/\libhal_bsp.a(alt_tick.o)
 .debug_aranges
                0x00000880       0x20 ../de2_1_bsp/\libhal_bsp.a(altera_nios2_qsys_irq.o)
 .debug_aranges
                0x000008a0       0x38 ../de2_1_bsp/\libhal_bsp.a(alt_exception_entry.o)
 .debug_aranges
                0x000008d8       0x20 ../de2_1_bsp/\libhal_bsp.a(alt_find_file.o)
 .debug_aranges
                0x000008f8       0x20 ../de2_1_bsp/\libhal_bsp.a(alt_get_fd.o)
 .debug_aranges
                0x00000918       0x20 ../de2_1_bsp/\libhal_bsp.a(alt_icache_flush.o)
 .debug_aranges
                0x00000938       0x20 d:/alalala/nios2eds/bin/gnu/h-i686-mingw32/bin/../lib/gcc/nios2-elf/4.1.2/../../../../nios2-elf/lib\libc.a(lib_a-atexit.o)
 .debug_aranges
                0x00000958       0x20 d:/alalala/nios2eds/bin/gnu/h-i686-mingw32/bin/../lib/gcc/nios2-elf/4.1.2/../../../../nios2-elf/lib\libc.a(lib_a-exit.o)
 .debug_aranges
                0x00000978       0x20 d:/alalala/nios2eds/bin/gnu/h-i686-mingw32/bin/../lib/gcc/nios2-elf/4.1.2/../../../../nios2-elf/lib\libc.a(lib_a-memcmp.o)
 .debug_aranges
                0x00000998       0x20 d:/alalala/nios2eds/bin/gnu/h-i686-mingw32/bin/../lib/gcc/nios2-elf/4.1.2/../../../../nios2-elf/lib\libc.a(lib_a-__atexit.o)
 .debug_aranges
                0x000009b8       0x20 d:/alalala/nios2eds/bin/gnu/h-i686-mingw32/bin/../lib/gcc/nios2-elf/4.1.2/../../../../nios2-elf/lib\libc.a(lib_a-__call_atexit.o)
 .debug_aranges
                0x000009d8       0x20 d:/alalala/nios2eds/bin/gnu/h-i686-mingw32/bin/../lib/gcc/nios2-elf/4.1.2\libgcc.a(lib2-divmod.o)
 .debug_aranges
                0x000009f8       0x20 ../de2_1_bsp/\libhal_bsp.a(alt_exit.o)

.debug_pubnames
                0x00000000     0x107e
 *(.debug_pubnames)
 .debug_pubnames
                0x00000000       0x30 obj/default/hello_world.o
 .debug_pubnames
                0x00000030       0x27 d:/alalala/nios2eds/bin/gnu/h-i686-mingw32/bin/../lib/gcc/nios2-elf/4.1.2/../../../../nios2-elf/lib\libc.a(lib_a-puts.o)
 .debug_pubnames
                0x00000057       0x1d d:/alalala/nios2eds/bin/gnu/h-i686-mingw32/bin/../lib/gcc/nios2-elf/4.1.2/../../../../nios2-elf/lib\libc.a(lib_a-strlen.o)
 .debug_pubnames
                0x00000074       0x23 d:/alalala/nios2eds/bin/gnu/h-i686-mingw32/bin/../lib/gcc/nios2-elf/4.1.2/../../../../nios2-elf/lib\libc.a(lib_a-fvwrite.o)
 .debug_pubnames
                0x00000097       0x39 d:/alalala/nios2eds/bin/gnu/h-i686-mingw32/bin/../lib/gcc/nios2-elf/4.1.2/../../../../nios2-elf/lib\libc.a(lib_a-impure.o)
 .debug_pubnames
                0x000000d0       0xce d:/alalala/nios2eds/bin/gnu/h-i686-mingw32/bin/../lib/gcc/nios2-elf/4.1.2/../../../../nios2-elf/lib\libc.a(lib_a-mallocr.o)
 .debug_pubnames
                0x0000019e       0x1d d:/alalala/nios2eds/bin/gnu/h-i686-mingw32/bin/../lib/gcc/nios2-elf/4.1.2/../../../../nios2-elf/lib\libc.a(lib_a-memchr.o)
 .debug_pubnames
                0x000001bb       0x1d d:/alalala/nios2eds/bin/gnu/h-i686-mingw32/bin/../lib/gcc/nios2-elf/4.1.2/../../../../nios2-elf/lib\libc.a(lib_a-memcpy.o)
 .debug_pubnames
                0x000001d8       0x1e d:/alalala/nios2eds/bin/gnu/h-i686-mingw32/bin/../lib/gcc/nios2-elf/4.1.2/../../../../nios2-elf/lib\libc.a(lib_a-memmove.o)
 .debug_pubnames
                0x000001f6       0x21 d:/alalala/nios2eds/bin/gnu/h-i686-mingw32/bin/../lib/gcc/nios2-elf/4.1.2/../../../../nios2-elf/lib\libc.a(lib_a-reallocr.o)
 .debug_pubnames
                0x00000217       0x1e d:/alalala/nios2eds/bin/gnu/h-i686-mingw32/bin/../lib/gcc/nios2-elf/4.1.2/../../../../nios2-elf/lib\libc.a(lib_a-sbrkr.o)
 .debug_pubnames
                0x00000235       0x22 d:/alalala/nios2eds/bin/gnu/h-i686-mingw32/bin/../lib/gcc/nios2-elf/4.1.2/../../../../nios2-elf/lib\libc.a(lib_a-wsetup.o)
 .debug_pubnames
                0x00000257       0x2b d:/alalala/nios2eds/bin/gnu/h-i686-mingw32/bin/../lib/gcc/nios2-elf/4.1.2/../../../../nios2-elf/lib\libc.a(lib_a-fflush.o)
 .debug_pubnames
                0x00000282       0xdb d:/alalala/nios2eds/bin/gnu/h-i686-mingw32/bin/../lib/gcc/nios2-elf/4.1.2/../../../../nios2-elf/lib\libc.a(lib_a-findfp.o)
 .debug_pubnames
                0x0000035d       0x31 d:/alalala/nios2eds/bin/gnu/h-i686-mingw32/bin/../lib/gcc/nios2-elf/4.1.2/../../../../nios2-elf/lib\libc.a(lib_a-freer.o)
 .debug_pubnames
                0x0000038e       0x2e d:/alalala/nios2eds/bin/gnu/h-i686-mingw32/bin/../lib/gcc/nios2-elf/4.1.2/../../../../nios2-elf/lib\libc.a(lib_a-fwalk.o)
 .debug_pubnames
                0x000003bc       0x1c d:/alalala/nios2eds/bin/gnu/h-i686-mingw32/bin/../lib/gcc/nios2-elf/4.1.2/../../../../nios2-elf/lib\libc.a(lib_a-int_errno.o)
 .debug_pubnames
                0x000003d8       0x23 d:/alalala/nios2eds/bin/gnu/h-i686-mingw32/bin/../lib/gcc/nios2-elf/4.1.2/../../../../nios2-elf/lib\libc.a(lib_a-makebuf.o)
 .debug_pubnames
                0x000003fb       0x1d d:/alalala/nios2eds/bin/gnu/h-i686-mingw32/bin/../lib/gcc/nios2-elf/4.1.2/../../../../nios2-elf/lib\libc.a(lib_a-memset.o)
 .debug_pubnames
                0x00000418       0x44 d:/alalala/nios2eds/bin/gnu/h-i686-mingw32/bin/../lib/gcc/nios2-elf/4.1.2/../../../../nios2-elf/lib\libc.a(lib_a-stdio.o)
 .debug_pubnames
                0x0000045c       0x1f d:/alalala/nios2eds/bin/gnu/h-i686-mingw32/bin/../lib/gcc/nios2-elf/4.1.2/../../../../nios2-elf/lib\libc.a(lib_a-writer.o)
 .debug_pubnames
                0x0000047b       0x1f d:/alalala/nios2eds/bin/gnu/h-i686-mingw32/bin/../lib/gcc/nios2-elf/4.1.2/../../../../nios2-elf/lib\libc.a(lib_a-closer.o)
 .debug_pubnames
                0x0000049a       0x2b d:/alalala/nios2eds/bin/gnu/h-i686-mingw32/bin/../lib/gcc/nios2-elf/4.1.2/../../../../nios2-elf/lib\libc.a(lib_a-fclose.o)
 .debug_pubnames
                0x000004c5       0x1f d:/alalala/nios2eds/bin/gnu/h-i686-mingw32/bin/../lib/gcc/nios2-elf/4.1.2/../../../../nios2-elf/lib\libc.a(lib_a-fstatr.o)
 .debug_pubnames
                0x000004e4       0x20 d:/alalala/nios2eds/bin/gnu/h-i686-mingw32/bin/../lib/gcc/nios2-elf/4.1.2/../../../../nios2-elf/lib\libc.a(lib_a-isattyr.o)
 .debug_pubnames
                0x00000504       0x1f d:/alalala/nios2eds/bin/gnu/h-i686-mingw32/bin/../lib/gcc/nios2-elf/4.1.2/../../../../nios2-elf/lib\libc.a(lib_a-lseekr.o)
 .debug_pubnames
                0x00000523       0x1e d:/alalala/nios2eds/bin/gnu/h-i686-mingw32/bin/../lib/gcc/nios2-elf/4.1.2/../../../../nios2-elf/lib\libc.a(lib_a-readr.o)
 .debug_pubnames
                0x00000541       0x1c ../de2_1_bsp/\libhal_bsp.a(alt_close.o)
 .debug_pubnames
                0x0000055d       0x63 ../de2_1_bsp/\libhal_bsp.a(alt_dev.o)
 .debug_pubnames
                0x000005c0       0x20 ../de2_1_bsp/\libhal_bsp.a(alt_errno.o)
 .debug_pubnames
                0x000005e0       0x1c ../de2_1_bsp/\libhal_bsp.a(alt_fstat.o)
 .debug_pubnames
                0x000005fc       0x1d ../de2_1_bsp/\libhal_bsp.a(alt_isatty.o)
 .debug_pubnames
                0x00000619       0x1f ../de2_1_bsp/\libhal_bsp.a(alt_load.o)
 .debug_pubnames
                0x00000638       0x1c ../de2_1_bsp/\libhal_bsp.a(alt_lseek.o)
 .debug_pubnames
                0x00000654       0x46 ../de2_1_bsp/\libhal_bsp.a(alt_main.o)
 .debug_pubnames
                0x0000069a       0x38 ../de2_1_bsp/\libhal_bsp.a(alt_malloc_lock.o)
 .debug_pubnames
                0x000006d2       0x1b ../de2_1_bsp/\libhal_bsp.a(alt_read.o)
 .debug_pubnames
                0x000006ed       0x25 ../de2_1_bsp/\libhal_bsp.a(alt_release_fd.o)
 .debug_pubnames
                0x00000712       0x1b ../de2_1_bsp/\libhal_bsp.a(alt_sbrk.o)
 .debug_pubnames
                0x0000072d       0x1d ../de2_1_bsp/\libhal_bsp.a(alt_usleep.o)
 .debug_pubnames
                0x0000074a       0x1c ../de2_1_bsp/\libhal_bsp.a(alt_write.o)
 .debug_pubnames
                0x00000766       0x34 ../de2_1_bsp/\libhal_bsp.a(alt_sys_init.o)
 .debug_pubnames
                0x0000079a       0xce ../de2_1_bsp/\libhal_bsp.a(altera_avalon_dma.o)
 .debug_pubnames
                0x00000868       0xa5 ../de2_1_bsp/\libhal_bsp.a(altera_avalon_jtag_uart_fd.o)
 .debug_pubnames
                0x0000090d       0x55 ../de2_1_bsp/\libhal_bsp.a(altera_avalon_jtag_uart_init.o)
 .debug_pubnames
                0x00000962       0x34 ../de2_1_bsp/\libhal_bsp.a(altera_avalon_jtag_uart_ioctl.o)
 .debug_pubnames
                0x00000996       0x33 ../de2_1_bsp/\libhal_bsp.a(altera_avalon_jtag_uart_read.o)
 .debug_pubnames
                0x000009c9       0x34 ../de2_1_bsp/\libhal_bsp.a(altera_avalon_jtag_uart_write.o)
 .debug_pubnames
                0x000009fd       0x52 ../de2_1_bsp/\libhal_bsp.a(altera_avalon_timer_vars.o)
 .debug_pubnames
                0x00000a4f       0x71 ../de2_1_bsp/\libhal_bsp.a(altera_avalon_uart_fd.o)
 .debug_pubnames
                0x00000ac0       0x4b ../de2_1_bsp/\libhal_bsp.a(altera_avalon_uart_init.o)
 .debug_pubnames
                0x00000b0b       0x2e ../de2_1_bsp/\libhal_bsp.a(altera_avalon_uart_read.o)
 .debug_pubnames
                0x00000b39       0x2f ../de2_1_bsp/\libhal_bsp.a(altera_avalon_uart_write.o)
 .debug_pubnames
                0x00000b68       0x26 ../de2_1_bsp/\libhal_bsp.a(alt_alarm_start.o)
 .debug_pubnames
                0x00000b8e       0x25 ../de2_1_bsp/\libhal_bsp.a(alt_busy_sleep.o)
 .debug_pubnames
                0x00000bb3       0x2b ../de2_1_bsp/\libhal_bsp.a(alt_dcache_flush_all.o)
 .debug_pubnames
                0x00000bde       0x2b ../de2_1_bsp/\libhal_bsp.a(alt_dev_llist_insert.o)
 .debug_pubnames
                0x00000c09       0x42 ../de2_1_bsp/\libhal_bsp.a(alt_dma_rxchan_open.o)
 .debug_pubnames
                0x00000c4b       0x42 ../de2_1_bsp/\libhal_bsp.a(alt_dma_txchan_open.o)
 .debug_pubnames
                0x00000c8d       0x20 ../de2_1_bsp/\libhal_bsp.a(alt_do_ctors.o)
 .debug_pubnames
                0x00000cad       0x20 ../de2_1_bsp/\libhal_bsp.a(alt_do_dtors.o)
 .debug_pubnames
                0x00000ccd       0x23 ../de2_1_bsp/\libhal_bsp.a(alt_find_dev.o)
 .debug_pubnames
                0x00000cf0       0x2b ../de2_1_bsp/\libhal_bsp.a(alt_icache_flush_all.o)
 .debug_pubnames
                0x00000d1b       0x6e ../de2_1_bsp/\libhal_bsp.a(alt_iic.o)
 .debug_pubnames
                0x00000d89       0x2b ../de2_1_bsp/\libhal_bsp.a(alt_iic_isr_register.o)
 .debug_pubnames
                0x00000db4       0x26 ../de2_1_bsp/\libhal_bsp.a(alt_io_redirect.o)
 .debug_pubnames
                0x00000dda       0x32 ../de2_1_bsp/\libhal_bsp.a(alt_irq_handler.o)
 .debug_pubnames
                0x00000e0c       0x3b ../de2_1_bsp/\libhal_bsp.a(alt_irq_vars.o)
 .debug_pubnames
                0x00000e47       0x1b ../de2_1_bsp/\libhal_bsp.a(alt_open.o)
 .debug_pubnames
                0x00000e62       0x68 ../de2_1_bsp/\libhal_bsp.a(alt_tick.o)
 .debug_pubnames
                0x00000eca       0x31 ../de2_1_bsp/\libhal_bsp.a(altera_nios2_qsys_irq.o)
 .debug_pubnames
                0x00000efb       0x24 ../de2_1_bsp/\libhal_bsp.a(alt_find_file.o)
 .debug_pubnames
                0x00000f1f       0x21 ../de2_1_bsp/\libhal_bsp.a(alt_get_fd.o)
 .debug_pubnames
                0x00000f40       0x27 ../de2_1_bsp/\libhal_bsp.a(alt_icache_flush.o)
 .debug_pubnames
                0x00000f67       0x2a d:/alalala/nios2eds/bin/gnu/h-i686-mingw32/bin/../lib/gcc/nios2-elf/4.1.2/../../../../nios2-elf/lib\libc.a(lib_a-atexit.o)
 .debug_pubnames
                0x00000f91       0x1b d:/alalala/nios2eds/bin/gnu/h-i686-mingw32/bin/../lib/gcc/nios2-elf/4.1.2/../../../../nios2-elf/lib\libc.a(lib_a-exit.o)
 .debug_pubnames
                0x00000fac       0x1d d:/alalala/nios2eds/bin/gnu/h-i686-mingw32/bin/../lib/gcc/nios2-elf/4.1.2/../../../../nios2-elf/lib\libc.a(lib_a-memcmp.o)
 .debug_pubnames
                0x00000fc9       0x2a d:/alalala/nios2eds/bin/gnu/h-i686-mingw32/bin/../lib/gcc/nios2-elf/4.1.2/../../../../nios2-elf/lib\libc.a(lib_a-__atexit.o)
 .debug_pubnames
                0x00000ff3       0x27 d:/alalala/nios2eds/bin/gnu/h-i686-mingw32/bin/../lib/gcc/nios2-elf/4.1.2/../../../../nios2-elf/lib\libc.a(lib_a-__call_atexit.o)
 .debug_pubnames
                0x0000101a       0x48 d:/alalala/nios2eds/bin/gnu/h-i686-mingw32/bin/../lib/gcc/nios2-elf/4.1.2\libgcc.a(lib2-divmod.o)
 .debug_pubnames
                0x00001062       0x1c ../de2_1_bsp/\libhal_bsp.a(alt_exit.o)

.debug_info     0x00000000    0x1c78e
 *(.debug_info .gnu.linkonce.wi.*)
 .debug_info    0x00000000       0x5f ../de2_1_bsp//obj/HAL/src/crt0.o
 .debug_info    0x0000005f      0x151 obj/default/hello_world.o
 .debug_info    0x000001b0      0xa25 d:/alalala/nios2eds/bin/gnu/h-i686-mingw32/bin/../lib/gcc/nios2-elf/4.1.2/../../../../nios2-elf/lib\libc.a(lib_a-puts.o)
 .debug_info    0x00000bd5       0xdb d:/alalala/nios2eds/bin/gnu/h-i686-mingw32/bin/../lib/gcc/nios2-elf/4.1.2/../../../../nios2-elf/lib\libc.a(lib_a-strlen.o)
 .debug_info    0x00000cb0      0xa88 d:/alalala/nios2eds/bin/gnu/h-i686-mingw32/bin/../lib/gcc/nios2-elf/4.1.2/../../../../nios2-elf/lib\libc.a(lib_a-fvwrite.o)
 .debug_info    0x00001738      0x93d d:/alalala/nios2eds/bin/gnu/h-i686-mingw32/bin/../lib/gcc/nios2-elf/4.1.2/../../../../nios2-elf/lib\libc.a(lib_a-impure.o)
 .debug_info    0x00002075      0xcd0 d:/alalala/nios2eds/bin/gnu/h-i686-mingw32/bin/../lib/gcc/nios2-elf/4.1.2/../../../../nios2-elf/lib\libc.a(lib_a-mallocr.o)
 .debug_info    0x00002d45      0x138 d:/alalala/nios2eds/bin/gnu/h-i686-mingw32/bin/../lib/gcc/nios2-elf/4.1.2/../../../../nios2-elf/lib\libc.a(lib_a-memchr.o)
 .debug_info    0x00002e7d      0x106 d:/alalala/nios2eds/bin/gnu/h-i686-mingw32/bin/../lib/gcc/nios2-elf/4.1.2/../../../../nios2-elf/lib\libc.a(lib_a-memcpy.o)
 .debug_info    0x00002f83      0x13e d:/alalala/nios2eds/bin/gnu/h-i686-mingw32/bin/../lib/gcc/nios2-elf/4.1.2/../../../../nios2-elf/lib\libc.a(lib_a-memmove.o)
 .debug_info    0x000030c1      0xbd7 d:/alalala/nios2eds/bin/gnu/h-i686-mingw32/bin/../lib/gcc/nios2-elf/4.1.2/../../../../nios2-elf/lib\libc.a(lib_a-reallocr.o)
 .debug_info    0x00003c98      0x962 d:/alalala/nios2eds/bin/gnu/h-i686-mingw32/bin/../lib/gcc/nios2-elf/4.1.2/../../../../nios2-elf/lib\libc.a(lib_a-sbrkr.o)
 .debug_info    0x000045fa      0x95d d:/alalala/nios2eds/bin/gnu/h-i686-mingw32/bin/../lib/gcc/nios2-elf/4.1.2/../../../../nios2-elf/lib\libc.a(lib_a-wsetup.o)
 .debug_info    0x00004f57      0x9fe d:/alalala/nios2eds/bin/gnu/h-i686-mingw32/bin/../lib/gcc/nios2-elf/4.1.2/../../../../nios2-elf/lib\libc.a(lib_a-fflush.o)
 .debug_info    0x00005955      0xb72 d:/alalala/nios2eds/bin/gnu/h-i686-mingw32/bin/../lib/gcc/nios2-elf/4.1.2/../../../../nios2-elf/lib\libc.a(lib_a-findfp.o)
 .debug_info    0x000064c7      0xbc9 d:/alalala/nios2eds/bin/gnu/h-i686-mingw32/bin/../lib/gcc/nios2-elf/4.1.2/../../../../nios2-elf/lib\libc.a(lib_a-freer.o)
 .debug_info    0x00007090      0xaed d:/alalala/nios2eds/bin/gnu/h-i686-mingw32/bin/../lib/gcc/nios2-elf/4.1.2/../../../../nios2-elf/lib\libc.a(lib_a-fwalk.o)
 .debug_info    0x00007b7d       0x8c d:/alalala/nios2eds/bin/gnu/h-i686-mingw32/bin/../lib/gcc/nios2-elf/4.1.2/../../../../nios2-elf/lib\libc.a(lib_a-int_errno.o)
 .debug_info    0x00007c09      0xb1a d:/alalala/nios2eds/bin/gnu/h-i686-mingw32/bin/../lib/gcc/nios2-elf/4.1.2/../../../../nios2-elf/lib\libc.a(lib_a-makebuf.o)
 .debug_info    0x00008723      0x113 d:/alalala/nios2eds/bin/gnu/h-i686-mingw32/bin/../lib/gcc/nios2-elf/4.1.2/../../../../nios2-elf/lib\libc.a(lib_a-memset.o)
 .debug_info    0x00008836      0xaac d:/alalala/nios2eds/bin/gnu/h-i686-mingw32/bin/../lib/gcc/nios2-elf/4.1.2/../../../../nios2-elf/lib\libc.a(lib_a-stdio.o)
 .debug_info    0x000092e2      0x993 d:/alalala/nios2eds/bin/gnu/h-i686-mingw32/bin/../lib/gcc/nios2-elf/4.1.2/../../../../nios2-elf/lib\libc.a(lib_a-writer.o)
 .debug_info    0x00009c75      0x958 d:/alalala/nios2eds/bin/gnu/h-i686-mingw32/bin/../lib/gcc/nios2-elf/4.1.2/../../../../nios2-elf/lib\libc.a(lib_a-closer.o)
 .debug_info    0x0000a5cd      0x994 d:/alalala/nios2eds/bin/gnu/h-i686-mingw32/bin/../lib/gcc/nios2-elf/4.1.2/../../../../nios2-elf/lib\libc.a(lib_a-fclose.o)
 .debug_info    0x0000af61      0xafc d:/alalala/nios2eds/bin/gnu/h-i686-mingw32/bin/../lib/gcc/nios2-elf/4.1.2/../../../../nios2-elf/lib\libc.a(lib_a-fstatr.o)
 .debug_info    0x0000ba5d      0x958 d:/alalala/nios2eds/bin/gnu/h-i686-mingw32/bin/../lib/gcc/nios2-elf/4.1.2/../../../../nios2-elf/lib\libc.a(lib_a-isattyr.o)
 .debug_info    0x0000c3b5      0x981 d:/alalala/nios2eds/bin/gnu/h-i686-mingw32/bin/../lib/gcc/nios2-elf/4.1.2/../../../../nios2-elf/lib\libc.a(lib_a-lseekr.o)
 .debug_info    0x0000cd36      0x98c d:/alalala/nios2eds/bin/gnu/h-i686-mingw32/bin/../lib/gcc/nios2-elf/4.1.2/../../../../nios2-elf/lib\libc.a(lib_a-readr.o)
 .debug_info    0x0000d6c2      0x44b ../de2_1_bsp/\libhal_bsp.a(alt_close.o)
 .debug_info    0x0000db0d      0x663 ../de2_1_bsp/\libhal_bsp.a(alt_dev.o)
 .debug_info    0x0000e170      0x148 ../de2_1_bsp/\libhal_bsp.a(alt_errno.o)
 .debug_info    0x0000e2b8      0x644 ../de2_1_bsp/\libhal_bsp.a(alt_fstat.o)
 .debug_info    0x0000e8fc      0x64a ../de2_1_bsp/\libhal_bsp.a(alt_isatty.o)
 .debug_info    0x0000ef46      0x271 ../de2_1_bsp/\libhal_bsp.a(alt_load.o)
 .debug_info    0x0000f1b7      0x47e ../de2_1_bsp/\libhal_bsp.a(alt_lseek.o)
 .debug_info    0x0000f635      0x209 ../de2_1_bsp/\libhal_bsp.a(alt_main.o)
 .debug_info    0x0000f83e      0xbfc ../de2_1_bsp/\libhal_bsp.a(alt_malloc_lock.o)
 .debug_info    0x0001043a      0x66e ../de2_1_bsp/\libhal_bsp.a(alt_read.o)
 .debug_info    0x00010aa8      0x3d6 ../de2_1_bsp/\libhal_bsp.a(alt_release_fd.o)
 .debug_info    0x00010e7e      0x29b ../de2_1_bsp/\libhal_bsp.a(alt_sbrk.o)
 .debug_info    0x00011119      0x14c ../de2_1_bsp/\libhal_bsp.a(alt_usleep.o)
 .debug_info    0x00011265      0x677 ../de2_1_bsp/\libhal_bsp.a(alt_write.o)
 .debug_info    0x000118dc      0xd82 ../de2_1_bsp/\libhal_bsp.a(alt_sys_init.o)
 .debug_info    0x0001265e      0xd89 ../de2_1_bsp/\libhal_bsp.a(altera_avalon_dma.o)
 .debug_info    0x000133e7      0x7bd ../de2_1_bsp/\libhal_bsp.a(altera_avalon_jtag_uart_fd.o)
 .debug_info    0x00013ba4      0x5e5 ../de2_1_bsp/\libhal_bsp.a(altera_avalon_jtag_uart_init.o)
 .debug_info    0x00014189      0x427 ../de2_1_bsp/\libhal_bsp.a(altera_avalon_jtag_uart_ioctl.o)
 .debug_info    0x000145b0      0x52a ../de2_1_bsp/\libhal_bsp.a(altera_avalon_jtag_uart_read.o)
 .debug_info    0x00014ada      0x522 ../de2_1_bsp/\libhal_bsp.a(altera_avalon_jtag_uart_write.o)
 .debug_info    0x00014ffc      0x1eb ../de2_1_bsp/\libhal_bsp.a(altera_avalon_timer_vars.o)
 .debug_info    0x000151e7      0x620 ../de2_1_bsp/\libhal_bsp.a(altera_avalon_uart_fd.o)
 .debug_info    0x00015807      0x4f2 ../de2_1_bsp/\libhal_bsp.a(altera_avalon_uart_init.o)
 .debug_info    0x00015cf9      0x4a6 ../de2_1_bsp/\libhal_bsp.a(altera_avalon_uart_read.o)
 .debug_info    0x0001619f      0x4a4 ../de2_1_bsp/\libhal_bsp.a(altera_avalon_uart_write.o)
 .debug_info    0x00016643      0x426 ../de2_1_bsp/\libhal_bsp.a(alt_alarm_start.o)
 .debug_info    0x00016a69      0x18f ../de2_1_bsp/\libhal_bsp.a(alt_busy_sleep.o)
 .debug_info    0x00016bf8      0x153 ../de2_1_bsp/\libhal_bsp.a(alt_dcache_flush_all.o)
 .debug_info    0x00016d4b      0x29b ../de2_1_bsp/\libhal_bsp.a(alt_dev_llist_insert.o)
 .debug_info    0x00016fe6      0x395 ../de2_1_bsp/\libhal_bsp.a(alt_dma_rxchan_open.o)
 .debug_info    0x0001737b      0x3af ../de2_1_bsp/\libhal_bsp.a(alt_dma_txchan_open.o)
 .debug_info    0x0001772a       0xf3 ../de2_1_bsp/\libhal_bsp.a(alt_do_ctors.o)
 .debug_info    0x0001781d       0xf2 ../de2_1_bsp/\libhal_bsp.a(alt_do_dtors.o)
 .debug_info    0x0001790f      0x3fc ../de2_1_bsp/\libhal_bsp.a(alt_find_dev.o)
 .debug_info    0x00017d0b      0x140 ../de2_1_bsp/\libhal_bsp.a(alt_icache_flush_all.o)
 .debug_info    0x00017e4b      0x477 ../de2_1_bsp/\libhal_bsp.a(alt_iic.o)
 .debug_info    0x000182c2      0x2f8 ../de2_1_bsp/\libhal_bsp.a(alt_iic_isr_register.o)
 .debug_info    0x000185ba      0x679 ../de2_1_bsp/\libhal_bsp.a(alt_io_redirect.o)
 .debug_info    0x00018c33       0x68 ../de2_1_bsp/\libhal_bsp.a(alt_irq_entry.o)
 .debug_info    0x00018c9b      0x259 ../de2_1_bsp/\libhal_bsp.a(alt_irq_handler.o)
 .debug_info    0x00018ef4      0x14b ../de2_1_bsp/\libhal_bsp.a(alt_irq_vars.o)
 .debug_info    0x0001903f      0x509 ../de2_1_bsp/\libhal_bsp.a(alt_open.o)
 .debug_info    0x00019548      0x3e2 ../de2_1_bsp/\libhal_bsp.a(alt_tick.o)
 .debug_info    0x0001992a      0x147 ../de2_1_bsp/\libhal_bsp.a(altera_nios2_qsys_irq.o)
 .debug_info    0x00019a71       0x6e ../de2_1_bsp/\libhal_bsp.a(alt_exception_entry.o)
 .debug_info    0x00019adf      0x403 ../de2_1_bsp/\libhal_bsp.a(alt_find_file.o)
 .debug_info    0x00019ee2      0x444 ../de2_1_bsp/\libhal_bsp.a(alt_get_fd.o)
 .debug_info    0x0001a326      0x188 ../de2_1_bsp/\libhal_bsp.a(alt_icache_flush.o)
 .debug_info    0x0001a4ae      0x181 d:/alalala/nios2eds/bin/gnu/h-i686-mingw32/bin/../lib/gcc/nios2-elf/4.1.2/../../../../nios2-elf/lib\libc.a(lib_a-atexit.o)
 .debug_info    0x0001a62f      0x93f d:/alalala/nios2eds/bin/gnu/h-i686-mingw32/bin/../lib/gcc/nios2-elf/4.1.2/../../../../nios2-elf/lib\libc.a(lib_a-exit.o)
 .debug_info    0x0001af6e      0x115 d:/alalala/nios2eds/bin/gnu/h-i686-mingw32/bin/../lib/gcc/nios2-elf/4.1.2/../../../../nios2-elf/lib\libc.a(lib_a-memcmp.o)
 .debug_info    0x0001b083      0x99c d:/alalala/nios2eds/bin/gnu/h-i686-mingw32/bin/../lib/gcc/nios2-elf/4.1.2/../../../../nios2-elf/lib\libc.a(lib_a-__atexit.o)
 .debug_info    0x0001ba1f      0x9e2 d:/alalala/nios2eds/bin/gnu/h-i686-mingw32/bin/../lib/gcc/nios2-elf/4.1.2/../../../../nios2-elf/lib\libc.a(lib_a-__call_atexit.o)
 .debug_info    0x0001c401      0x21c d:/alalala/nios2eds/bin/gnu/h-i686-mingw32/bin/../lib/gcc/nios2-elf/4.1.2\libgcc.a(lib2-divmod.o)
 .debug_info    0x0001c61d      0x171 ../de2_1_bsp/\libhal_bsp.a(alt_exit.o)

.debug_abbrev   0x00000000     0x59b4
 *(.debug_abbrev)
 .debug_abbrev  0x00000000       0x12 ../de2_1_bsp//obj/HAL/src/crt0.o
 .debug_abbrev  0x00000012       0x50 obj/default/hello_world.o
 .debug_abbrev  0x00000062      0x1ac d:/alalala/nios2eds/bin/gnu/h-i686-mingw32/bin/../lib/gcc/nios2-elf/4.1.2/../../../../nios2-elf/lib\libc.a(lib_a-puts.o)
 .debug_abbrev  0x0000020e       0x8b d:/alalala/nios2eds/bin/gnu/h-i686-mingw32/bin/../lib/gcc/nios2-elf/4.1.2/../../../../nios2-elf/lib\libc.a(lib_a-strlen.o)
 .debug_abbrev  0x00000299      0x1a3 d:/alalala/nios2eds/bin/gnu/h-i686-mingw32/bin/../lib/gcc/nios2-elf/4.1.2/../../../../nios2-elf/lib\libc.a(lib_a-fvwrite.o)
 .debug_abbrev  0x0000043c      0x157 d:/alalala/nios2eds/bin/gnu/h-i686-mingw32/bin/../lib/gcc/nios2-elf/4.1.2/../../../../nios2-elf/lib\libc.a(lib_a-impure.o)
 .debug_abbrev  0x00000593      0x216 d:/alalala/nios2eds/bin/gnu/h-i686-mingw32/bin/../lib/gcc/nios2-elf/4.1.2/../../../../nios2-elf/lib\libc.a(lib_a-mallocr.o)
 .debug_abbrev  0x000007a9       0xb5 d:/alalala/nios2eds/bin/gnu/h-i686-mingw32/bin/../lib/gcc/nios2-elf/4.1.2/../../../../nios2-elf/lib\libc.a(lib_a-memchr.o)
 .debug_abbrev  0x0000085e       0xb5 d:/alalala/nios2eds/bin/gnu/h-i686-mingw32/bin/../lib/gcc/nios2-elf/4.1.2/../../../../nios2-elf/lib\libc.a(lib_a-memcpy.o)
 .debug_abbrev  0x00000913       0xb5 d:/alalala/nios2eds/bin/gnu/h-i686-mingw32/bin/../lib/gcc/nios2-elf/4.1.2/../../../../nios2-elf/lib\libc.a(lib_a-memmove.o)
 .debug_abbrev  0x000009c8      0x1c3 d:/alalala/nios2eds/bin/gnu/h-i686-mingw32/bin/../lib/gcc/nios2-elf/4.1.2/../../../../nios2-elf/lib\libc.a(lib_a-reallocr.o)
 .debug_abbrev  0x00000b8b      0x18c d:/alalala/nios2eds/bin/gnu/h-i686-mingw32/bin/../lib/gcc/nios2-elf/4.1.2/../../../../nios2-elf/lib\libc.a(lib_a-sbrkr.o)
 .debug_abbrev  0x00000d17      0x170 d:/alalala/nios2eds/bin/gnu/h-i686-mingw32/bin/../lib/gcc/nios2-elf/4.1.2/../../../../nios2-elf/lib\libc.a(lib_a-wsetup.o)
 .debug_abbrev  0x00000e87      0x1c6 d:/alalala/nios2eds/bin/gnu/h-i686-mingw32/bin/../lib/gcc/nios2-elf/4.1.2/../../../../nios2-elf/lib\libc.a(lib_a-fflush.o)
 .debug_abbrev  0x0000104d      0x24c d:/alalala/nios2eds/bin/gnu/h-i686-mingw32/bin/../lib/gcc/nios2-elf/4.1.2/../../../../nios2-elf/lib\libc.a(lib_a-findfp.o)
 .debug_abbrev  0x00001299      0x1d9 d:/alalala/nios2eds/bin/gnu/h-i686-mingw32/bin/../lib/gcc/nios2-elf/4.1.2/../../../../nios2-elf/lib\libc.a(lib_a-freer.o)
 .debug_abbrev  0x00001472      0x1e3 d:/alalala/nios2eds/bin/gnu/h-i686-mingw32/bin/../lib/gcc/nios2-elf/4.1.2/../../../../nios2-elf/lib\libc.a(lib_a-fwalk.o)
 .debug_abbrev  0x00001655       0x3b d:/alalala/nios2eds/bin/gnu/h-i686-mingw32/bin/../lib/gcc/nios2-elf/4.1.2/../../../../nios2-elf/lib\libc.a(lib_a-int_errno.o)
 .debug_abbrev  0x00001690      0x197 d:/alalala/nios2eds/bin/gnu/h-i686-mingw32/bin/../lib/gcc/nios2-elf/4.1.2/../../../../nios2-elf/lib\libc.a(lib_a-makebuf.o)
 .debug_abbrev  0x00001827       0xb8 d:/alalala/nios2eds/bin/gnu/h-i686-mingw32/bin/../lib/gcc/nios2-elf/4.1.2/../../../../nios2-elf/lib\libc.a(lib_a-memset.o)
 .debug_abbrev  0x000018df      0x1c9 d:/alalala/nios2eds/bin/gnu/h-i686-mingw32/bin/../lib/gcc/nios2-elf/4.1.2/../../../../nios2-elf/lib\libc.a(lib_a-stdio.o)
 .debug_abbrev  0x00001aa8      0x184 d:/alalala/nios2eds/bin/gnu/h-i686-mingw32/bin/../lib/gcc/nios2-elf/4.1.2/../../../../nios2-elf/lib\libc.a(lib_a-writer.o)
 .debug_abbrev  0x00001c2c      0x17f d:/alalala/nios2eds/bin/gnu/h-i686-mingw32/bin/../lib/gcc/nios2-elf/4.1.2/../../../../nios2-elf/lib\libc.a(lib_a-closer.o)
 .debug_abbrev  0x00001dab      0x1a7 d:/alalala/nios2eds/bin/gnu/h-i686-mingw32/bin/../lib/gcc/nios2-elf/4.1.2/../../../../nios2-elf/lib\libc.a(lib_a-fclose.o)
 .debug_abbrev  0x00001f52      0x18e d:/alalala/nios2eds/bin/gnu/h-i686-mingw32/bin/../lib/gcc/nios2-elf/4.1.2/../../../../nios2-elf/lib\libc.a(lib_a-fstatr.o)
 .debug_abbrev  0x000020e0      0x17f d:/alalala/nios2eds/bin/gnu/h-i686-mingw32/bin/../lib/gcc/nios2-elf/4.1.2/../../../../nios2-elf/lib\libc.a(lib_a-isattyr.o)
 .debug_abbrev  0x0000225f      0x18e d:/alalala/nios2eds/bin/gnu/h-i686-mingw32/bin/../lib/gcc/nios2-elf/4.1.2/../../../../nios2-elf/lib\libc.a(lib_a-lseekr.o)
 .debug_abbrev  0x000023ed      0x17f d:/alalala/nios2eds/bin/gnu/h-i686-mingw32/bin/../lib/gcc/nios2-elf/4.1.2/../../../../nios2-elf/lib\libc.a(lib_a-readr.o)
 .debug_abbrev  0x0000256c       0xfb ../de2_1_bsp/\libhal_bsp.a(alt_close.o)
 .debug_abbrev  0x00002667       0xc7 ../de2_1_bsp/\libhal_bsp.a(alt_dev.o)
 .debug_abbrev  0x0000272e       0x5e ../de2_1_bsp/\libhal_bsp.a(alt_errno.o)
 .debug_abbrev  0x0000278c       0xfb ../de2_1_bsp/\libhal_bsp.a(alt_fstat.o)
 .debug_abbrev  0x00002887       0xfb ../de2_1_bsp/\libhal_bsp.a(alt_isatty.o)
 .debug_abbrev  0x00002982       0x88 ../de2_1_bsp/\libhal_bsp.a(alt_load.o)
 .debug_abbrev  0x00002a0a       0xfb ../de2_1_bsp/\libhal_bsp.a(alt_lseek.o)
 .debug_abbrev  0x00002b05       0xb7 ../de2_1_bsp/\libhal_bsp.a(alt_main.o)
 .debug_abbrev  0x00002bbc      0x181 ../de2_1_bsp/\libhal_bsp.a(alt_malloc_lock.o)
 .debug_abbrev  0x00002d3d       0xfb ../de2_1_bsp/\libhal_bsp.a(alt_read.o)
 .debug_abbrev  0x00002e38       0xc1 ../de2_1_bsp/\libhal_bsp.a(alt_release_fd.o)
 .debug_abbrev  0x00002ef9      0x115 ../de2_1_bsp/\libhal_bsp.a(alt_sbrk.o)
 .debug_abbrev  0x0000300e       0x5d ../de2_1_bsp/\libhal_bsp.a(alt_usleep.o)
 .debug_abbrev  0x0000306b      0x100 ../de2_1_bsp/\libhal_bsp.a(alt_write.o)
 .debug_abbrev  0x0000316b      0x170 ../de2_1_bsp/\libhal_bsp.a(alt_sys_init.o)
 .debug_abbrev  0x000032db      0x242 ../de2_1_bsp/\libhal_bsp.a(altera_avalon_dma.o)
 .debug_abbrev  0x0000351d       0xf7 ../de2_1_bsp/\libhal_bsp.a(altera_avalon_jtag_uart_fd.o)
 .debug_abbrev  0x00003614      0x17c ../de2_1_bsp/\libhal_bsp.a(altera_avalon_jtag_uart_init.o)
 .debug_abbrev  0x00003790       0xf0 ../de2_1_bsp/\libhal_bsp.a(altera_avalon_jtag_uart_ioctl.o)