Archive member included because of file (symbol)

d:/alalala/nios2eds/bin/gnu/h-i686-mingw32/bin/../lib/gcc/nios2-elf/4.1.2/../../../../nios2-elf/lib\libc.a(lib_a-puts.o)
                              obj/default/hello_world.o (puts)
d:/alalala/nios2eds/bin/gnu/h-i686-mingw32/bin/../lib/gcc/nios2-elf/4.1.2/../../../../nios2-elf/lib\libc.a(lib_a-strlen.o)
                              d:/alalala/nios2eds/bin/gnu/h-i686-mingw32/bin/../lib/gcc/nios2-elf/4.1.2/../../../../nios2-elf/lib\libc.a(lib_a-puts.o) (strlen)
d:/alalala/nios2eds/bin/gnu/h-i686-mingw32/bin/../lib/gcc/nios2-elf/4.1.2/../../../../nios2-elf/lib\libc.a(lib_a-fvwrite.o)
                              d:/alalala/nios2eds/bin/gnu/h-i686-mingw32/bin/../lib/gcc/nios2-elf/4.1.2/../../../../nios2-elf/lib\libc.a(lib_a-puts.o) (__sfvwrite_r)
d:/alalala/nios2eds/bin/gnu/h-i686-mingw32/bin/../lib/gcc/nios2-elf/4.1.2/../../../../nios2-elf/lib\libc.a(lib_a-impure.o)
                              d:/alalala/nios2eds/bin/gnu/h-i686-mingw32/bin/../lib/gcc/nios2-elf/4.1.2/../../../../nios2-elf/lib\libc.a(lib_a-puts.o) (_impure_ptr)
d:/alalala/nios2eds/bin/gnu/h-i686-mingw32/bin/../lib/gcc/nios2-elf/4.1.2/../../../../nios2-elf/lib\libc.a(lib_a-mallocr.o)
                              d:/alalala/nios2eds/bin/gnu/h-i686-mingw32/bin/../lib/gcc/nios2-elf/4.1.2/../../../../nios2-elf/lib\libc.a(lib_a-fvwrite.o) (_malloc_r)
d:/alalala/nios2eds/bin/gnu/h-i686-mingw32/bin/../lib/gcc/nios2-elf/4.1.2/../../../../nios2-elf/lib\libc.a(lib_a-memchr.o)
                              d:/alalala/nios2eds/bin/gnu/h-i686-mingw32/bin/../lib/gcc/nios2-elf/4.1.2/../../../../nios2-elf/lib\libc.a(lib_a-fvwrite.o) (memchr)
d:/alalala/nios2eds/bin/gnu/h-i686-mingw32/bin/../lib/gcc/nios2-elf/4.1.2/../../../../nios2-elf/lib\libc.a(lib_a-memcpy.o)
                              d:/alalala/nios2eds/bin/gnu/h-i686-mingw32/bin/../lib/gcc/nios2-elf/4.1.2/../../../../nios2-elf/lib\libc.a(lib_a-fvwrite.o) (memcpy)
d:/alalala/nios2eds/bin/gnu/h-i686-mingw32/bin/../lib/gcc/nios2-elf/4.1.2/../../../../nios2-elf/lib\libc.a(lib_a-memmove.o)
                              d:/alalala/nios2eds/bin/gnu/h-i686-mingw32/bin/../lib/gcc/nios2-elf/4.1.2/../../../../nios2-elf/lib\libc.a(lib_a-fvwrite.o) (memmove)
d:/alalala/nios2eds/bin/gnu/h-i686-mingw32/bin/../lib/gcc/nios2-elf/4.1.2/../../../../nios2-elf/lib\libc.a(lib_a-reallocr.o)
                              d:/alalala/nios2eds/bin/gnu/h-i686-mingw32/bin/../lib/gcc/nios2-elf/4.1.2/../../../../nios2-elf/lib\libc.a(lib_a-fvwrite.o) (_realloc_r)
d:/alalala/nios2eds/bin/gnu/h-i686-mingw32/bin/../lib/gcc/nios2-elf/4.1.2/../../../../nios2-elf/lib\libc.a(lib_a-sbrkr.o)
                              d:/alalala/nios2eds/bin/gnu/h-i686-mingw32/bin/../lib/gcc/nios2-elf/4.1.2/../../../../nios2-elf/lib\libc.a(lib_a-mallocr.o) (_sbrk_r)
d:/alalala/nios2eds/bin/gnu/h-i686-mingw32/bin/../lib/gcc/nios2-elf/4.1.2/../../../../nios2-elf/lib\libc.a(lib_a-wsetup.o)
                              d:/alalala/nios2eds/bin/gnu/h-i686-mingw32/bin/../lib/gcc/nios2-elf/4.1.2/../../../../nios2-elf/lib\libc.a(lib_a-fvwrite.o) (__swsetup_r)
d:/alalala/nios2eds/bin/gnu/h-i686-mingw32/bin/../lib/gcc/nios2-elf/4.1.2/../../../../nios2-elf/lib\libc.a(lib_a-fflush.o)
                              d:/alalala/nios2eds/bin/gnu/h-i686-mingw32/bin/../lib/gcc/nios2-elf/4.1.2/../../../../nios2-elf/lib\libc.a(lib_a-fvwrite.o) (_fflush_r)
d:/alalala/nios2eds/bin/gnu/h-i686-mingw32/bin/../lib/gcc/nios2-elf/4.1.2/../../../../nios2-elf/lib\libc.a(lib_a-findfp.o)
                              d:/alalala/nios2eds/bin/gnu/h-i686-mingw32/bin/../lib/gcc/nios2-elf/4.1.2/../../../../nios2-elf/lib\libc.a(lib_a-wsetup.o) (__sinit)
d:/alalala/nios2eds/bin/gnu/h-i686-mingw32/bin/../lib/gcc/nios2-elf/4.1.2/../../../../nios2-elf/lib\libc.a(lib_a-freer.o)
                              d:/alalala/nios2eds/bin/gnu/h-i686-mingw32/bin/../lib/gcc/nios2-elf/4.1.2/../../../../nios2-elf/lib\libc.a(lib_a-fvwrite.o) (_free_r)
d:/alalala/nios2eds/bin/gnu/h-i686-mingw32/bin/../lib/gcc/nios2-elf/4.1.2/../../../../nios2-elf/lib\libc.a(lib_a-fwalk.o)
                              d:/alalala/nios2eds/bin/gnu/h-i686-mingw32/bin/../lib/gcc/nios2-elf/4.1.2/../../../../nios2-elf/lib\libc.a(lib_a-fflush.o) (_fwalk_reent)
d:/alalala/nios2eds/bin/gnu/h-i686-mingw32/bin/../lib/gcc/nios2-elf/4.1.2/../../../../nios2-elf/lib\libc.a(lib_a-int_errno.o)
                              d:/alalala/nios2eds/bin/gnu/h-i686-mingw32/bin/../lib/gcc/nios2-elf/4.1.2/../../../../nios2-elf/lib\libc.a(lib_a-sbrkr.o) (errno)
d:/alalala/nios2eds/bin/gnu/h-i686-mingw32/bin/../lib/gcc/nios2-elf/4.1.2/../../../../nios2-elf/lib\libc.a(lib_a-makebuf.o)
                              d:/alalala/nios2eds/bin/gnu/h-i686-mingw32/bin/../lib/gcc/nios2-elf/4.1.2/../../../../nios2-elf/lib\libc.a(lib_a-wsetup.o) (__smakebuf_r)
d:/alalala/nios2eds/bin/gnu/h-i686-mingw32/bin/../lib/gcc/nios2-elf/4.1.2/../../../../nios2-elf/lib\libc.a(lib_a-memset.o)
[...]
Memory Configuration

Name             Origin             Length             Attributes
reset            0x02000000         0x00000020
sdram_ctrl       0x02000020         0x01ffffe0
*default*        0x00000000         0xffffffff

Linker script and memory map

LOAD ../de2_1_bsp//obj/HAL/src/crt0.o
LOAD obj/default/hello_world.o
LOAD d:/alalala/nios2eds/bin/gnu/h-i686-mingw32/bin/../lib/gcc/nios2-elf/4.1.2/../../../../nios2-elf/lib\libstdc++.a
LOAD d:/alalala/nios2eds/bin/gnu/h-i686-mingw32/bin/../lib/gcc/nios2-elf/4.1.2/../../../../nios2-elf/lib\libm.a
LOAD d:/alalala/nios2eds/bin/gnu/h-i686-mingw32/bin/../lib/gcc/nios2-elf/4.1.2\libgcc.a
START GROUP
LOAD d:/alalala/nios2eds/bin/gnu/h-i686-mingw32/bin/../lib/gcc/nios2-elf/4.1.2/../../../../nios2-elf/lib\libc.a
LOAD d:/alalala/nios2eds/bin/gnu/h-i686-mingw32/bin/../lib/gcc/nios2-elf/4.1.2\libgcc.a
LOAD ../de2_1_bsp/\libhal_bsp.a
END GROUP
LOAD d:/alalala/nios2eds/bin/gnu/h-i686-mingw32/bin/../lib/gcc/nios2-elf/4.1.2\libgcc.a
                0x02000000                __alt_mem_sdram_ctrl = 0x2000000

.entry          0x02000000       0x20
 *(.entry)
 .entry         0x02000000       0x20 ../de2_1_bsp//obj/HAL/src/crt0.o
                0x02000000                __reset

.exceptions     0x02000020      0x194
                0x02000020                PROVIDE (__ram_exceptions_start, ABSOLUTE (.))
                0x02000020                . = ALIGN (0x20)
 *(.irq)
 *(.exceptions.entry.label)
 .exceptions.entry.label
                0x02000020        0x0 ../de2_1_bsp/\libhal_bsp.a(alt_irq_entry.o)
                0x02000020                alt_irq_entry
 .exceptions.entry.label
                0x02000020        0x0 ../de2_1_bsp/\libhal_bsp.a(alt_exception_entry.o)
                0x02000020                alt_exception
 *(.exceptions.entry.user)
 *(.exceptions.entry)
 .exceptions.entry
                0x02000020       0x54 ../de2_1_bsp/\libhal_bsp.a(alt_exception_entry.o)
 *(.exceptions.irqtest.user)
 *(.exceptions.irqtest)
 .exceptions.irqtest
                0x02000074       0x10 ../de2_1_bsp/\libhal_bsp.a(alt_irq_entry.o)
 *(.exceptions.irqhandler.user)
 *(.exceptions.irqhandler)
 .exceptions.irqhandler
                0x02000084        0x4 ../de2_1_bsp/\libhal_bsp.a(alt_irq_entry.o)
 *(.exceptions.irqreturn.user)
 *(.exceptions.irqreturn)
 .exceptions.irqreturn
                0x02000088        0x4 ../de2_1_bsp/\libhal_bsp.a(alt_irq_entry.o)
 *(.exceptions.notirq.label)
 .exceptions.notirq.label
                0x0200008c        0x0 ../de2_1_bsp/\libhal_bsp.a(alt_irq_entry.o)
 *(.exceptions.notirq.user)
 *(.exceptions.notirq)
 .exceptions.notirq
                0x0200008c        0x8 ../de2_1_bsp/\libhal_bsp.a(alt_exception_entry.o)
 *(.exceptions.soft.user)
 *(.exceptions.soft)
 *(.exceptions.unknown.user)
 *(.exceptions.unknown)
 .exceptions.unknown
                0x02000094        0x4 ../de2_1_bsp/\libhal_bsp.a(alt_exception_entry.o)
 *(.exceptions.exit.label)
 .exceptions.exit.label
                0x02000098        0x0 ../de2_1_bsp/\libhal_bsp.a(alt_irq_entry.o)
 .exceptions.exit.label
                0x02000098        0x0 ../de2_1_bsp/\libhal_bsp.a(alt_exception_entry.o)
 *(.exceptions.exit.user)
 *(.exceptions.exit)
 .exceptions.exit
                0x02000098       0x54 ../de2_1_bsp/\libhal_bsp.a(alt_exception_entry.o)
 *(.exceptions)
 .exceptions    0x020000ec       0xc8 ../de2_1_bsp/\libhal_bsp.a(alt_irq_handler.o)
                0x020000ec                alt_irq_handler
                0x020001b4                PROVIDE (__ram_exceptions_end, ABSOLUTE (.))
                0x02000020                PROVIDE (__flash_exceptions_start, LOADADDR (.exceptions))

.text           0x020001b4     0x6b44
                0x020001b4                PROVIDE (stext, ABSOLUTE (.))
 *(.interp)
 *(.hash)
 *(.dynsym)
 *(.dynstr)
 *(.gnu.version)
 *(.gnu.version_d)
 *(.gnu.version_r)
 *(.rel.init)
 *(.rela.init)
 *(.rel.text .rel.text.* .rel.gnu.linkonce.t.*)
 *(.rela.text .rela.text.* .rela.gnu.linkonce.t.*)
 *(.rel.fini)
 *(.rela.fini)
 *(.rel.rodata .rel.rodata.* .rel.gnu.linkonce.r.*)
 *(.rela.rodata .rela.rodata.* .rela.gnu.linkonce.r.*)
 *(.rel.data .rel.data.* .rel.gnu.linkonce.d.*)
 *(.rela.data .rela.data.* .rela.gnu.linkonce.d.*)
 *(.rel.tdata .rel.tdata.* .rel.gnu.linkonce.td.*)
 *(.rela.tdata .rela.tdata.* .rela.gnu.linkonce.td.*)
 *(.rel.tbss .rel.tbss.* .rel.gnu.linkonce.tb.*)
 *(.rela.tbss .rela.tbss.* .rela.gnu.linkonce.tb.*)
 *(.rel.ctors)
 *(.rela.ctors)
 *(.rel.dtors)
 *(.rela.dtors)
 *(.rel.got)
 *(.rela.got)
 *(.rel.sdata .rel.sdata.* .rel.gnu.linkonce.s.*)
 *(.rela.sdata .rela.sdata.* .rela.gnu.linkonce.s.*)
 *(.rel.sbss .rel.sbss.* .rel.gnu.linkonce.sb.*)
 *(.rela.sbss .rela.sbss.* .rela.gnu.linkonce.sb.*)
 *(.rel.sdata2 .rel.sdata2.* .rel.gnu.linkonce.s2.*)
 *(.rela.sdata2 .rela.sdata2.* .rela.gnu.linkonce.s2.*)
 *(.rel.sbss2 .rel.sbss2.* .rel.gnu.linkonce.sb2.*)
 *(.rela.sbss2 .rela.sbss2.* .rela.gnu.linkonce.sb2.*)
 *(.rel.bss .rel.bss.* .rel.gnu.linkonce.b.*)
 *(.rela.bss .rela.bss.* .rela.gnu.linkonce.b.*)
 *(.rel.plt)
 *(.rela.plt)
 *(.rel.dyn)
 *(.init)
 *(.plt)
 *(.text .stub .text.* .gnu.linkonce.t.*)
 .text          0x020001b4       0x4c ../de2_1_bsp//obj/HAL/src/crt0.o
                0x020001b4                _start
 .text          0x02000200       0x34 obj/default/hello_world.o
                0x02000200                main
 .text          0x02000234       0xb4 d:/alalala/nios2eds/bin/gnu/h-i686-mingw32/bin/../lib/gcc/nios2-elf/4.1.2/../../../../nios2-elf/lib\libc.a(lib_a-puts.o)
                0x02000234                _puts_r
                0x020002d4                puts
 .text          0x020002e8       0x74 d:/alalala/nios2eds/bin/gnu/h-i686-mingw32/bin/../lib/gcc/nios2-elf/4.1.2/../../../../nios2-elf/lib\libc.a(lib_a-strlen.o)
                0x020002e8                strlen
 .text          0x0200035c      0x49c d:/alalala/nios2eds/bin/gnu/h-i686-mingw32/bin/../lib/gcc/nios2-elf/4.1.2/../../../../nios2-elf/lib\libc.a(lib_a-fvwrite.o)
                0x0200035c                __sfvwrite_r
 .text          0x020007f8        0x0 d:/alalala/nios2eds/bin/gnu/h-i686-mingw32/bin/../lib/gcc/nios2-elf/4.1.2/../../../../nios2-elf/lib\libc.a(lib_a-impure.o)
 .text          0x020007f8      0x740 d:/alalala/nios2eds/bin/gnu/h-i686-mingw32/bin/../lib/gcc/nios2-elf/4.1.2/../../../../nios2-elf/lib\libc.a(lib_a-mallocr.o)
                0x020007f8                _malloc_r
 .text          0x02000f38       0xe4 d:/alalala/nios2eds/bin/gnu/h-i686-mingw32/bin/../lib/gcc/nios2-elf/4.1.2/../../../../nios2-elf/lib\libc.a(lib_a-memchr.o)
                0x02000f38                memchr
 .text          0x0200101c       0xa0 d:/alalala/nios2eds/bin/gnu/h-i686-mingw32/bin/../lib/gcc/nios2-elf/4.1.2/../../../../nios2-elf/lib\libc.a(lib_a-memcpy.o)
                0x0200101c                memcpy
 .text          0x020010bc       0xe0 d:/alalala/nios2eds/bin/gnu/h-i686-mingw32/bin/../lib/gcc/nios2-elf/4.1.2/../../../../nios2-elf/lib\libc.a(lib_a-memmove.o)
                0x020010bc                memmove
 .text          0x0200119c      0x5f4 d:/alalala/nios2eds/bin/gnu/h-i686-mingw32/bin/../lib/gcc/nios2-elf/4.1.2/../../../../nios2-elf/lib\libc.a(lib_a-reallocr.o)
                0x0200119c                _realloc_r
 .text          0x02001790       0x70 d:/alalala/nios2eds/bin/gnu/h-i686-mingw32/bin/../lib/gcc/nios2-elf/4.1.2/../../../../nios2-elf/lib\libc.a(lib_a-sbrkr.o)
                0x02001790                _sbrk_r
 .text          0x02001800      0x13c d:/alalala/nios2eds/bin/gnu/h-i686-mingw32/bin/../lib/gcc/nios2-elf/4.1.2/../../../../nios2-elf/lib\libc.a(lib_a-wsetup.o)
                0x02001800                __swsetup_r
 .text          0x0200193c      0x230 d:/alalala/nios2eds/bin/gnu/h-i686-mingw32/bin/../lib/gcc/nios2-elf/4.1.2/../../../../nios2-elf/lib\libc.a(lib_a-fflush.o)
                0x0200193c                _fflush_r
                0x02001b38                fflush
 .text          0x02001b6c      0x2c0 d:/alalala/nios2eds/bin/gnu/h-i686-mingw32/bin/../lib/gcc/nios2-elf/4.1.2/../../../../nios2-elf/lib\libc.a(lib_a-findfp.o)
                0x02001bc4                __sfp_lock_acquire
                0x02001bc8                __sfp_lock_release
                0x02001bcc                __sinit_lock_acquire
                0x02001bd0                __sinit_lock_release
                0x02001bd4                __sinit
                0x02001c88                __fp_unlock_all
                0x02001ca0                __fp_lock_all
                0x02001cb8                _cleanup_r
                0x02001cc4                _cleanup
                0x02001cd4                __sfmoreglue
                0x02001d3c                __sfp
 .text          0x02001e2c      0x440 d:/alalala/nios2eds/bin/gnu/h-i686-mingw32/bin/../lib/gcc/nios2-elf/4.1.2/../../../../nios2-elf/lib\libc.a(lib_a-freer.o)
                0x02001e2c                _malloc_trim_r
                0x02001f58                _free_r
 .text          0x0200226c      0x180 d:/alalala/nios2eds/bin/gnu/h-i686-mingw32/bin/../lib/gcc/nios2-elf/4.1.2/../../../../nios2-elf/lib\libc.a(lib_a-fwalk.o)
                0x0200226c                _fwalk_reent
                0x02002334                _fwalk
 .text          0x020023ec        0x0 d:/alalala/nios2eds/bin/gnu/h-i686-mingw32/bin/../lib/gcc/nios2-elf/4.1.2/../../../../nios2-elf/lib\libc.a(lib_a-int_errno.o)
 .text          0x020023ec      0x194 d:/alalala/nios2eds/bin/gnu/h-i686-mingw32/bin/../lib/gcc/nios2-elf/4.1.2/../../../../nios2-elf/lib\libc.a(lib_a-makebuf.o)
                0x020023ec                __smakebuf_r
 .text          0x02002580       0x98 d:/alalala/nios2eds/bin/gnu/h-i686-mingw32/bin/../lib/gcc/nios2-elf/4.1.2/../../../../nios2-elf/lib\libc.a(lib_a-memset.o)
                0x02002580                memset
 .text          0x02002618      0x14c d:/alalala/nios2eds/bin/gnu/h-i686-mingw32/bin/../lib/gcc/nios2-elf/4.1.2/../../../../nios2-elf/lib\libc.a(lib_a-stdio.o)
                0x02002618                __sclose
                0x02002620                __sseek
                0x02002688                __swrite
                0x02002704                __sread
 .text          0x02002764       0x78 d:/alalala/nios2eds/bin/gnu/h-i686-mingw32/bin/../lib/gcc/nios2-elf/4.1.2/../../../../nios2-elf/lib\libc.a(lib_a-writer.o)
                0x02002764                _write_r
 .text          0x020027dc       0x70 d:/alalala/nios2eds/bin/gnu/h-i686-mingw32/bin/../lib/gcc/nios2-elf/4.1.2/../../../../nios2-elf/lib\libc.a(lib_a-closer.o)
                0x020027dc                _close_r
 .text          0x0200284c      0x124 d:/alalala/nios2eds/bin/gnu/h-i686-mingw32/bin/../lib/gcc/nios2-elf/4.1.2/../../../../nios2-elf/lib\libc.a(lib_a-fclose.o)
                0x0200284c                _fclose_r
                0x0200295c                fclose
 .text          0x02002970       0x74 d:/alalala/nios2eds/bin/gnu/h-i686-mingw32/bin/../lib/gcc/nios2-elf/4.1.2/../../../../nios2-elf/lib\libc.a(lib_a-fstatr.o)
                0x02002970                _fstat_r
 .text          0x020029e4       0x70 d:/alalala/nios2eds/bin/gnu/h-i686-mingw32/bin/../lib/gcc/nios2-elf/4.1.2/../../../../nios2-elf/lib\libc.a(lib_a-isattyr.o)
                0x020029e4                _isatty_r
 .text          0x02002a54       0x78 d:/alalala/nios2eds/bin/gnu/h-i686-mingw32/bin/../lib/gcc/nios2-elf/4.1.2/../../../../nios2-elf/lib\libc.a(lib_a-lseekr.o)
                0x02002a54                _lseek_r
 .text          0x02002acc       0x78 d:/alalala/nios2eds/bin/gnu/h-i686-mingw32/bin/../lib/gcc/nios2-elf/4.1.2/../../../../nios2-elf/lib\libc.a(lib_a-readr.o)
                0x02002acc                _read_r
 .text          0x02002b44      0x15c ../de2_1_bsp/\libhal_bsp.a(alt_close.o)
                0x02002b44                close
 .text          0x02002ca0       0x2c ../de2_1_bsp/\libhal_bsp.a(alt_dev.o)
 .text          0x02002ccc        0x0 ../de2_1_bsp/\libhal_bsp.a(alt_errno.o)
 .text          0x02002ccc      0x134 ../de2_1_bsp/\libhal_bsp.a(alt_fstat.o)
                0x02002ccc                fstat
 .text          0x02002e00      0x120 ../de2_1_bsp/\libhal_bsp.a(alt_isatty.o)
                0x02002e00                isatty
 .text          0x02002f20       0xec ../de2_1_bsp/\libhal_bsp.a(alt_load.o)
                0x02002f20                alt_load
 .text          0x0200300c      0x150 ../de2_1_bsp/\libhal_bsp.a(alt_lseek.o)
                0x0200300c                lseek
 .text          0x0200315c       0x6c ../de2_1_bsp/\libhal_bsp.a(alt_main.o)
                0x0200315c                alt_main
 .text          0x020031c8       0x40 ../de2_1_bsp/\libhal_bsp.a(alt_malloc_lock.o)
                0x020031c8                __malloc_lock
                0x020031e8                __malloc_unlock
 .text          0x02003208      0x180 ../de2_1_bsp/\libhal_bsp.a(alt_read.o)
                0x02003208                read
 .text          0x02003388       0x60 ../de2_1_bsp/\libhal_bsp.a(alt_release_fd.o)
                0x02003388                alt_release_fd
 .text          0x020033e8       0xbc ../de2_1_bsp/\libhal_bsp.a(alt_sbrk.o)
                0x020033e8                sbrk
 .text          0x020034a4      0x180 ../de2_1_bsp/\libhal_bsp.a(alt_write.o)
                0x020034a4                write
 .text          0x02003624      0x120 ../de2_1_bsp/\libhal_bsp.a(alt_sys_init.o)
                0x02003624                alt_irq_init
                0x02003658                alt_sys_init
 .text          0x02003744      0xcac ../de2_1_bsp/\libhal_bsp.a(altera_avalon_dma.o)
                0x02003744                alt_avalon_dma_launch_bidir
                0x02003d58                alt_avalon_dma_tx_ioctl
                0x02003d9c                alt_avalon_dma_rx_ioctl
                0x02003de0                alt_avalon_dma_prepare
                0x02003f34                alt_avalon_dma_space
                0x02003fb4                alt_avalon_dma_send
                0x020042d0                alt_avalon_dma_init
 .text          0x020043f0      0x148 ../de2_1_bsp/\libhal_bsp.a(altera_avalon_jtag_uart_fd.o)
                0x020043f0                altera_avalon_jtag_uart_read_fd
                0x02004448                altera_avalon_jtag_uart_write_fd
                0x020044a0                altera_avalon_jtag_uart_close_fd
                0x020044e8                altera_avalon_jtag_uart_ioctl_fd
 .text          0x02004538      0x40c ../de2_1_bsp/\libhal_bsp.a(altera_avalon_jtag_uart_init.o)
                0x02004538                altera_avalon_jtag_uart_init
                0x020048d0                altera_avalon_jtag_uart_close
 .text          0x02004944       0xf4 ../de2_1_bsp/\libhal_bsp.a(altera_avalon_jtag_uart_ioctl.o)
                0x02004944                altera_avalon_jtag_uart_ioctl
 .text          0x02004a38      0x224 ../de2_1_bsp/\libhal_bsp.a(altera_avalon_jtag_uart_read.o)
                0x02004a38                altera_avalon_jtag_uart_read
 .text          0x02004c5c      0x240 ../de2_1_bsp/\libhal_bsp.a(altera_avalon_jtag_uart_write.o)
                0x02004c5c                altera_avalon_jtag_uart_write
 .text          0x02004e9c        0x0 ../de2_1_bsp/\libhal_bsp.a(altera_avalon_timer_vars.o)
 .text          0x02004e9c       0xf8 ../de2_1_bsp/\libhal_bsp.a(altera_avalon_uart_fd.o)
                0x02004e9c                altera_avalon_uart_read_fd
                0x02004ef4                altera_avalon_uart_write_fd
                0x02004f4c                altera_avalon_uart_close_fd
 .text          0x02004f94      0x400 ../de2_1_bsp/\libhal_bsp.a(altera_avalon_uart_init.o)
                0x02004f94                altera_avalon_uart_init
                0x02005334                altera_avalon_uart_close
 .text          0x02005394      0x290 ../de2_1_bsp/\libhal_bsp.a(altera_avalon_uart_read.o)
                0x02005394                altera_avalon_uart_read
 .text          0x02005624      0x228 ../de2_1_bsp/\libhal_bsp.a(altera_avalon_uart_write.o)
                0x02005624                altera_avalon_uart_write
 .text          0x0200584c      0x154 ../de2_1_bsp/\libhal_bsp.a(alt_alarm_start.o)
                0x0200584c                alt_alarm_start
 .text          0x020059a0       0x44 ../de2_1_bsp/\libhal_bsp.a(alt_dcache_flush_all.o)
                0x020059a0                alt_dcache_flush_all
 .text          0x020059e4      0x114 ../de2_1_bsp/\libhal_bsp.a(alt_dev_llist_insert.o)
                0x020059e4                alt_dev_llist_insert
 .text          0x02005af8       0xb8 ../de2_1_bsp/\libhal_bsp.a(alt_dma_rxchan_open.o)
                0x02005af8                alt_dma_rxchan_open
 .text          0x02005bb0       0xb8 ../de2_1_bsp/\libhal_bsp.a(alt_dma_txchan_open.o)
                0x02005bb0                alt_dma_txchan_open
 .text          0x02005c68       0x64 ../de2_1_bsp/\libhal_bsp.a(alt_do_ctors.o)
                0x02005c68                _do_ctors
 .text          0x02005ccc       0x64 ../de2_1_bsp/\libhal_bsp.a(alt_do_dtors.o)
                0x02005ccc                _do_dtors
 .text          0x02005d30       0x94 ../de2_1_bsp/\libhal_bsp.a(alt_find_dev.o)
                0x02005d30                alt_find_dev
 .text          0x02005dc4       0x30 ../de2_1_bsp/\libhal_bsp.a(alt_icache_flush_all.o)
                0x02005dc4                alt_icache_flush_all
 .text          0x02005df4      0x1d4 ../de2_1_bsp/\libhal_bsp.a(alt_iic.o)
                0x02005df4                alt_ic_isr_register
                0x02005e44                alt_ic_irq_enable
                0x02005ee0                alt_ic_irq_disable
                0x02005f80                alt_ic_irq_enabled
 .text          0x02005fc8       0xf8 ../de2_1_bsp/\libhal_bsp.a(alt_iic_isr_register.o)
                0x02005fc8                alt_iic_isr_register
 .text          0x020060c0      0x13c ../de2_1_bsp/\libhal_bsp.a(alt_io_redirect.o)
                0x02006184                alt_io_redirect
 .text          0x020061fc        0x0 ../de2_1_bsp/\libhal_bsp.a(alt_irq_entry.o)
 .text          0x020061fc        0x0 ../de2_1_bsp/\libhal_bsp.a(alt_irq_handler.o)
 .text          0x020061fc        0x0 ../de2_1_bsp/\libhal_bsp.a(alt_irq_vars.o)
 .text          0x020061fc      0x2c4 ../de2_1_bsp/\libhal_bsp.a(alt_open.o)
                0x020062d8                open
 .text          0x020064c0      0x1a4 ../de2_1_bsp/\libhal_bsp.a(alt_tick.o)
                0x020064c0                alt_alarm_stop
                0x02006558                alt_tick
 .text          0x02006664       0x20 ../de2_1_bsp/\libhal_bsp.a(altera_nios2_qsys_irq.o)
                0x02006664                altera_nios2_qsys_irq_init
 .text          0x02006684        0x0 ../de2_1_bsp/\libhal_bsp.a(alt_exception_entry.o)
 .text          0x02006684      0x120 ../de2_1_bsp/\libhal_bsp.a(alt_find_file.o)
                0x02006684                alt_find_file
 .text          0x020067a4       0xb8 ../de2_1_bsp/\libhal_bsp.a(alt_get_fd.o)
                0x020067a4                alt_get_fd
 .text          0x0200685c       0x90 ../de2_1_bsp/\libhal_bsp.a(alt_icache_flush.o)
                0x0200685c                alt_icache_flush
 .text          0x020068ec       0x14 d:/alalala/nios2eds/bin/gnu/h-i686-mingw32/bin/../lib/gcc/nios2-elf/4.1.2/../../../../nios2-elf/lib\libc.a(lib_a-atexit.o)
                0x020068ec                atexit
 .text          0x02006900       0x38 d:/alalala/nios2eds/bin/gnu/h-i686-mingw32/bin/../lib/gcc/nios2-elf/4.1.2/../../../../nios2-elf/lib\libc.a(lib_a-exit.o)
                0x02006900                exit
 .text          0x02006938       0x74 d:/alalala/nios2eds/bin/gnu/h-i686-mingw32/bin/../lib/gcc/nios2-elf/4.1.2/../../../../nios2-elf/lib\libc.a(lib_a-memcmp.o)
                0x02006938                memcmp
 .text          0x020069ac      0x134 d:/alalala/nios2eds/bin/gnu/h-i686-mingw32/bin/../lib/gcc/nios2-elf/4.1.2/../../../../nios2-elf/lib\libc.a(lib_a-__atexit.o)
                0x020069ac                __register_exitproc
 .text          0x02006ae0      0x1b4 d:/alalala/nios2eds/bin/gnu/h-i686-mingw32/bin/../lib/gcc/nios2-elf/4.1.2/../../../../nios2-elf/lib\libc.a(lib_a-__call_atexit.o)
                0x02006ae4                __call_exitprocs
 .text          0x02006c94       0x60 ../de2_1_bsp/\libhal_bsp.a(alt_exit.o)
                0x02006cd4                _exit
 *(.gnu.warning.*)
 *(.fini)
                0x02006cf4                PROVIDE (__etext, ABSOLUTE (.))
                0x02006cf4                PROVIDE (_etext, ABSOLUTE (.))
                0x02006cf4                PROVIDE (etext, ABSOLUTE (.))
 *(.eh_frame_hdr)
                0x02006cf4                . = ALIGN (0x4)
                0x02006cf4                PROVIDE (__preinit_array_start, ABSOLUTE (.))
 *(.preinit_array)
                0x02006cf4                PROVIDE (__preinit_array_end, ABSOLUTE (.))
                0x02006cf4                PROVIDE (__init_array_start, ABSOLUTE (.))
 *(.init_array)
                0x02006cf4                PROVIDE (__init_array_end, ABSOLUTE (.))
                0x02006cf4                PROVIDE (__fini_array_start, ABSOLUTE (.))
 *(.fini_array)
                0x02006cf4                PROVIDE (__fini_array_end, ABSOLUTE (.))
 *(.eh_frame)
 *(.gcc_except_table)
 *(.dynamic)
                0x02006cf4                PROVIDE (__CTOR_LIST__, ABSOLUTE (.))
 *(.ctors)
 *(SORT(.ctors.*))
 .ctors.65535   0x02006cf4        0x4 d:/alalala/nios2eds/bin/gnu/h-i686-mingw32/bin/../lib/gcc/nios2-elf/4.1.2/../../../../nios2-elf/lib\libc.a(lib_a-__call_atexit.o)
                0x02006cf8                PROVIDE (__CTOR_END__, ABSOLUTE (.))
                0x02006cf8                PROVIDE (__DTOR_LIST__, ABSOLUTE (.))
 *(.dtors)
 *(SORT(.dtors.*))
                0x02006cf8                PROVIDE (__DTOR_END__, ABSOLUTE (.))
 *(.jcr)
                0x02006cf8                . = ALIGN (0x4)

.rodata         0x02006cf8       0x60
                0x02006cf8                PROVIDE (__ram_rodata_start, ABSOLUTE (.))
                0x02006cf8                . = ALIGN (0x4)
 *(.rodata .rodata.* .gnu.linkonce.r.*)
 .rodata        0x02006cf8       0x14 obj/default/hello_world.o
 .rodata.str1.4
                0x02006d0c        0x2 d:/alalala/nios2eds/bin/gnu/h-i686-mingw32/bin/../lib/gcc/nios2-elf/4.1.2/../../../../nios2-elf/lib\libc.a(lib_a-puts.o)
                                  0x4 (size before relaxing)
 *fill*         0x02006d0e        0x2 00
 .rodata.str1.4
                0x02006d10        0x4 d:/alalala/nios2eds/bin/gnu/h-i686-mingw32/bin/../lib/gcc/nios2-elf/4.1.2/../../../../nios2-elf/lib\libc.a(lib_a-impure.o)
 .rodata        0x02006d14        0xc ../de2_1_bsp/\libhal_bsp.a(alt_dev.o)
 .rodata        0x02006d20       0x10 ../de2_1_bsp/\libhal_bsp.a(alt_main.o)
 .rodata        0x02006d30       0x28 ../de2_1_bsp/\libhal_bsp.a(alt_sys_init.o)
 *(.rodata1)
                0x02006d58                . = ALIGN (0x4)
                0x02006d58                PROVIDE (__ram_rodata_end, ABSOLUTE (.))
                0x02006cf8                PROVIDE (__flash_rodata_start, LOADADDR (.rodata))

.rwdata         0x02006d58     0x1bf8 load address 0x02008950
                0x02006d58                PROVIDE (__ram_rwdata_start, ABSOLUTE (.))
                0x02006d58                . = ALIGN (0x4)
 *(.got.plt)
 *(.got)
 *(.data1)
 *(.data .data.* .gnu.linkonce.d.*)
 .data          0x02006d58        0x0 ../de2_1_bsp//obj/HAL/src/crt0.o
 .data          0x02006d58        0x0 obj/default/hello_world.o
 .data          0x02006d58        0x0 d:/alalala/nios2eds/bin/gnu/h-i686-mingw32/bin/../lib/gcc/nios2-elf/4.1.2/../../../../nios2-elf/lib\libc.a(lib_a-puts.o)
 .data          0x02006d58        0x0 d:/alalala/nios2eds/bin/gnu/h-i686-mingw32/bin/../lib/gcc/nios2-elf/4.1.2/../../../../nios2-elf/lib\libc.a(lib_a-strlen.o)
 .data          0x02006d58        0x0 d:/alalala/nios2eds/bin/gnu/h-i686-mingw32/bin/../lib/gcc/nios2-elf/4.1.2/../../../../nios2-elf/lib\libc.a(lib_a-fvwrite.o)
 .data          0x02006d58      0x400 d:/alalala/nios2eds/bin/gnu/h-i686-mingw32/bin/../lib/gcc/nios2-elf/4.1.2/../../../../nios2-elf/lib\libc.a(lib_a-impure.o)
 .data          0x02007158      0x408 d:/alalala/nios2eds/bin/gnu/h-i686-mingw32/bin/../lib/gcc/nios2-elf/4.1.2/../../../../nios2-elf/lib\libc.a(lib_a-mallocr.o)
                0x02007158                __malloc_av_
 .data          0x02007560        0x0 d:/alalala/nios2eds/bin/gnu/h-i686-mingw32/bin/../lib/gcc/nios2-elf/4.1.2/../../../../nios2-elf/lib\libc.a(lib_a-memchr.o)
 .data          0x02007560        0x0 d:/alalala/nios2eds/bin/gnu/h-i686-mingw32/bin/../lib/gcc/nios2-elf/4.1.2/../../../../nios2-elf/lib\libc.a(lib_a-memcpy.o)
 .data          0x02007560        0x0 d:/alalala/nios2eds/bin/gnu/h-i686-mingw32/bin/../lib/gcc/nios2-elf/4.1.2/../../../../nios2-elf/lib\libc.a(lib_a-memmove.o)
 .data          0x02007560        0x0 d:/alalala/nios2eds/bin/gnu/h-i686-mingw32/bin/../lib/gcc/nios2-elf/4.1.2/../../../../nios2-elf/lib\libc.a(lib_a-reallocr.o)
 .data          0x02007560        0x0 d:/alalala/nios2eds/bin/gnu/h-i686-mingw32/bin/../lib/gcc/nios2-elf/4.1.2/../../../../nios2-elf/lib\libc.a(lib_a-sbrkr.o)
 .data          0x02007560        0x0 d:/alalala/nios2eds/bin/gnu/h-i686-mingw32/bin/../lib/gcc/nios2-elf/4.1.2/../../../../nios2-elf/lib\libc.a(lib_a-wsetup.o)
 .data          0x02007560        0x0 d:/alalala/nios2eds/bin/gnu/h-i686-mingw32/bin/../lib/gcc/nios2-elf/4.1.2/../../../../nios2-elf/lib\libc.a(lib_a-fflush.o)
 .data          0x02007560        0x0 d:/alalala/nios2eds/bin/gnu/h-i686-mingw32/bin/../lib/gcc/nios2-elf/4.1.2/../../../../nios2-elf/lib\libc.a(lib_a-findfp.o)
 .data          0x02007560        0x0 d:/alalala/nios2eds/bin/gnu/h-i686-mingw32/bin/../lib/gcc/nios2-elf/4.1.2/../../../../nios2-elf/lib\libc.a(lib_a-freer.o)
 .data          0x02007560        0x0 d:/alalala/nios2eds/bin/gnu/h-i686-mingw32/bin/../lib/gcc/nios2-elf/4.1.2/../../../../nios2-elf/lib\libc.a(lib_a-fwalk.o)
 .data          0x02007560        0x0 d:/alalala/nios2eds/bin/gnu/h-i686-mingw32/bin/../lib/gcc/nios2-elf/4.1.2/../../../../nios2-elf/lib\libc.a(lib_a-int_errno.o)
 .data          0x02007560        0x0 d:/alalala/nios2eds/bin/gnu/h-i686-mingw32/bin/../lib/gcc/nios2-elf/4.1.2/../../../../nios2-elf/lib\libc.a(lib_a-makebuf.o)
 .data          0x02007560        0x0 d:/alalala/nios2eds/bin/gnu/h-i686-mingw32/bin/../lib/gcc/nios2-elf/4.1.2/../../../../nios2-elf/lib\libc.a(lib_a-memset.o)
 .data          0x02007560        0x0 d:/alalala/nios2eds/bin/gnu/h-i686-mingw32/bin/../lib/gcc/nios2-elf/4.1.2/../../../../nios2-elf/lib\libc.a(lib_a-stdio.o)
 .data          0x02007560        0x0 d:/alalala/nios2eds/bin/gnu/h-i686-mingw32/bin/../lib/gcc/nios2-elf/4.1.2/../../../../nios2-elf/lib\libc.a(lib_a-writer.o)
 .data          0x02007560        0x0 d:/alalala/nios2eds/bin/gnu/h-i686-mingw32/bin/../lib/gcc/nios2-elf/4.1.2/../../../../nios2-elf/lib\libc.a(lib_a-closer.o)
 .data          0x02007560        0x0 d:/alalala/nios2eds/bin/gnu/h-i686-mingw32/bin/../lib/gcc/nios2-elf/4.1.2/../../../../nios2-elf/lib\libc.a(lib_a-fclose.o)
 .data          0x02007560        0x0 d:/alalala/nios2eds/bin/gnu/h-i686-mingw32/bin/../lib/gcc/nios2-elf/4.1.2/../../../../nios2-elf/lib\libc.a(lib_a-fstatr.o)
 .data          0x02007560        0x0 d:/alalala/nios2eds/bin/gnu/h-i686-mingw32/bin/../lib/gcc/nios2-elf/4.1.2/../../../../nios2-elf/lib\libc.a(lib_a-isattyr.o)
 .data          0x02007560        0x0 d:/alalala/nios2eds/bin/gnu/h-i686-mingw32/bin/../lib/gcc/nios2-elf/4.1.2/../../../../nios2-elf/lib\libc.a(lib_a-lseekr.o)
 .data          0x02007560        0x0 d:/alalala/nios2eds/bin/gnu/h-i686-mingw32/bin/../lib/gcc/nios2-elf/4.1.2/../../../../nios2-elf/lib\libc.a(lib_a-readr.o)
 .data          0x02007560        0x0 ../de2_1_bsp/\libhal_bsp.a(alt_close.o)
 .data          0x02007560      0x1a8 ../de2_1_bsp/\libhal_bsp.a(alt_dev.o)
                0x02007560                alt_dev_null
                0x02007588                alt_fd_list
 .data          0x02007708        0x0 ../de2_1_bsp/\libhal_bsp.a(alt_errno.o)
 .data          0x02007708        0x0 ../de2_1_bsp/\libhal_bsp.a(alt_fstat.o)
 .data          0x02007708        0x0 ../de2_1_bsp/\libhal_bsp.a(alt_isatty.o)
 .data          0x02007708        0x0 ../de2_1_bsp/\libhal_bsp.a(alt_load.o)
 .data          0x02007708        0x0 ../de2_1_bsp/\libhal_bsp.a(alt_lseek.o)
 .data          0x02007708        0x0 ../de2_1_bsp/\libhal_bsp.a(alt_main.o)
 .data          0x02007708        0x0 ../de2_1_bsp/\libhal_bsp.a(alt_malloc_lock.o)
 .data          0x02007708        0x0 ../de2_1_bsp/\libhal_bsp.a(alt_read.o)
 .data          0x02007708        0x0 ../de2_1_bsp/\libhal_bsp.a(alt_release_fd.o)
 .data          0x02007708        0x0 ../de2_1_bsp/\libhal_bsp.a(alt_sbrk.o)
 .data          0x02007708        0x0 ../de2_1_bsp/\libhal_bsp.a(alt_write.o)
 .data          0x02007708     0x1200 ../de2_1_bsp/\libhal_bsp.a(alt_sys_init.o)
 .data          0x02008908        0x0 ../de2_1_bsp/\libhal_bsp.a(altera_avalon_dma.o)
 .data          0x02008908        0x0 ../de2_1_bsp/\libhal_bsp.a(altera_avalon_jtag_uart_fd.o)
 .data          0x02008908        0x0 ../de2_1_bsp/\libhal_bsp.a(altera_avalon_jtag_uart_init.o)
 .data          0x02008908        0x0 ../de2_1_bsp/\libhal_bsp.a(altera_avalon_jtag_uart_ioctl.o)
 .data          0x02008908        0x0 ../de2_1_bsp/\libhal_bsp.a(altera_avalon_jtag_uart_read.o)
 .data          0x02008908        0x0 ../de2_1_bsp/\libhal_bsp.a(altera_avalon_jtag_uart_write.o)
 .data          0x02008908        0x0 ../de2_1_bsp/\libhal_bsp.a(altera_avalon_timer_vars.o)
 .data          0x02008908        0x0 ../de2_1_bsp/\libhal_bsp.a(altera_avalon_uart_fd.o)
 .data          0x02008908        0x0 ../de2_1_bsp/\libhal_bsp.a(altera_avalon_uart_init.o)
 .data          0x02008908        0x0 ../de2_1_bsp/\libhal_bsp.a(altera_avalon_uart_read.o)
 .data          0x02008908        0x0 ../de2_1_bsp/\libhal_bsp.a(altera_avalon_uart_write.o)
 .data          0x02008908        0x0 ../de2_1_bsp/\libhal_bsp.a(alt_alarm_start.o)
 .data          0x02008908        0x0 ../de2_1_bsp/\libhal_bsp.a(alt_dcache_flush_all.o)
 .data          0x02008908        0x0 ../de2_1_bsp/\libhal_bsp.a(alt_dev_llist_insert.o)
 .data          0x02008908        0x0 ../de2_1_bsp/\libhal_bsp.a(alt_dma_rxchan_open.o)
 .data          0x02008908        0x0 ../de2_1_bsp/\libhal_bsp.a(alt_dma_txchan_open.o)
 .data          0x02008908        0x0 ../de2_1_bsp/\libhal_bsp.a(alt_do_ctors.o)
 .data          0x02008908        0x0 ../de2_1_bsp/\libhal_bsp.a(alt_do_dtors.o)
 .data          0x02008908        0x0 ../de2_1_bsp/\libhal_bsp.a(alt_find_dev.o)
 .data          0x02008908        0x0 ../de2_1_bsp/\libhal_bsp.a(alt_icache_flush_all.o)
 .data          0x02008908        0x0 ../de2_1_bsp/\libhal_bsp.a(alt_iic.o)
 .data          0x02008908        0x0 ../de2_1_bsp/\libhal_bsp.a(alt_iic_isr_register.o)
 .data          0x02008908        0x0 ../de2_1_bsp/\libhal_bsp.a(alt_io_redirect.o)
 .data          0x02008908        0x0 ../de2_1_bsp/\libhal_bsp.a(alt_irq_entry.o)
 .data          0x02008908        0x0 ../de2_1_bsp/\libhal_bsp.a(alt_irq_handler.o)
 .data          0x02008908        0x0 ../de2_1_bsp/\libhal_bsp.a(alt_irq_vars.o)
 .data          0x02008908        0x0 ../de2_1_bsp/\libhal_bsp.a(alt_open.o)
 .data          0x02008908        0x0 ../de2_1_bsp/\libhal_bsp.a(alt_tick.o)
 .data          0x02008908        0x0 ../de2_1_bsp/\libhal_bsp.a(altera_nios2_qsys_irq.o)
 .data          0x02008908        0x0 ../de2_1_bsp/\libhal_bsp.a(alt_exception_entry.o)
 .data          0x02008908        0x0 ../de2_1_bsp/\libhal_bsp.a(alt_find_file.o)
 .data          0x02008908        0x0 ../de2_1_bsp/\libhal_bsp.a(alt_get_fd.o)
 .data          0x02008908        0x0 ../de2_1_bsp/\libhal_bsp.a(alt_icache_flush.o)
 .data          0x02008908        0x0 d:/alalala/nios2eds/bin/gnu/h-i686-mingw32/bin/../lib/gcc/nios2-elf/4.1.2/../../../../nios2-elf/lib\libc.a(lib_a-atexit.o)
 .data          0x02008908        0x0 d:/alalala/nios2eds/bin/gnu/h-i686-mingw32/bin/../lib/gcc/nios2-elf/4.1.2/../../../../nios2-elf/lib\libc.a(lib_a-exit.o)
 .data          0x02008908        0x0 d:/alalala/nios2eds/bin/gnu/h-i686-mingw32/bin/../lib/gcc/nios2-elf/4.1.2/../../../../nios2-elf/lib\libc.a(lib_a-memcmp.o)
 .data          0x02008908        0x0 d:/alalala/nios2eds/bin/gnu/h-i686-mingw32/bin/../lib/gcc/nios2-elf/4.1.2/../../../../nios2-elf/lib\libc.a(lib_a-__atexit.o)
 .data          0x02008908        0x0 d:/alalala/nios2eds/bin/gnu/h-i686-mingw32/bin/../lib/gcc/nios2-elf/4.1.2/../../../../nios2-elf/lib\libc.a(lib_a-__call_atexit.o)
 .data          0x02008908        0x0 ../de2_1_bsp/\libhal_bsp.a(alt_exit.o)
                0x02010908                _gp = ABSOLUTE ((. + 0x8000))
                0x02010908                PROVIDE (gp, _gp)
 *(.rwdata .rwdata.*)
 *(.sdata .sdata.* .gnu.linkonce.s.*)
 .sdata         0x02008908        0x8 d:/alalala/nios2eds/bin/gnu/h-i686-mingw32/bin/../lib/gcc/nios2-elf/4.1.2/../../../../nios2-elf/lib\libc.a(lib_a-impure.o)
                0x02008908                _impure_ptr
                0x0200890c                _global_impure_ptr
 .sdata         0x02008910        0x8 d:/alalala/nios2eds/bin/gnu/h-i686-mingw32/bin/../lib/gcc/nios2-elf/4.1.2/../../../../nios2-elf/lib\libc.a(lib_a-mallocr.o)
                0x02008910                __malloc_trim_threshold
                0x02008914                __malloc_sbrk_base
 .sdata         0x02008918       0x14 ../de2_1_bsp/\libhal_bsp.a(alt_dev.o)
                0x02008918                alt_fs_list
                0x02008920                alt_dev_list
                0x02008928                alt_max_fd
 .sdata         0x0200892c        0x4 ../de2_1_bsp/\libhal_bsp.a(alt_errno.o)
                0x0200892c                alt_errno
 .sdata         0x02008930        0x4 ../de2_1_bsp/\libhal_bsp.a(alt_sbrk.o)
 .sdata         0x02008934        0x8 ../de2_1_bsp/\libhal_bsp.a(alt_dma_rxchan_open.o)
                0x02008934                alt_dma_rxchan_list
 .sdata         0x0200893c        0x8 ../de2_1_bsp/\libhal_bsp.a(alt_dma_txchan_open.o)
                0x0200893c                alt_dma_txchan_list
 .sdata         0x02008944        0x4 ../de2_1_bsp/\libhal_bsp.a(alt_irq_vars.o)
                0x02008944                alt_priority_mask
 .sdata         0x02008948        0x8 ../de2_1_bsp/\libhal_bsp.a(alt_tick.o)
                0x02008948                alt_alarm_list
 *(.sdata2 .sdata2.* .gnu.linkonce.s2.*)
                0x02008950                . = ALIGN (0x4)
                0x02008950                _edata = ABSOLUTE (.)
                0x02008950                PROVIDE (edata, ABSOLUTE (.))
                0x02008950                PROVIDE (__ram_rwdata_end, ABSOLUTE (.))
                0x02008950                PROVIDE (__flash_rwdata_start, LOADADDR (.rwdata))

.bss            0x0200a548      0x2e8
                0x0200a548                __bss_start = ABSOLUTE (.)
                0x0200a548                PROVIDE (__sbss_start, ABSOLUTE (.))
                0x0200a548                PROVIDE (___sbss_start, ABSOLUTE (.))
 *(.dynsbss)
 *(.sbss .sbss.* .gnu.linkonce.sb.*)
 .sbss          0x0200a548        0xc d:/alalala/nios2eds/bin/gnu/h-i686-mingw32/bin/../lib/gcc/nios2-elf/4.1.2/../../../../nios2-elf/lib\libc.a(lib_a-mallocr.o)
                0x0200a548                __malloc_top_pad
                0x0200a54c                __malloc_max_sbrked_mem
                0x0200a550                __malloc_max_total_mem
 .sbss          0x0200a554        0x4 d:/alalala/nios2eds/bin/gnu/h-i686-mingw32/bin/../lib/gcc/nios2-elf/4.1.2/../../../../nios2-elf/lib\libc.a(lib_a-int_errno.o)
                0x0200a554                errno
 .sbss          0x0200a558        0xc ../de2_1_bsp/\libhal_bsp.a(alt_main.o)
                0x0200a558                alt_argc
                0x0200a55c                alt_argv
                0x0200a560                alt_envp
 .sbss          0x0200a564        0x8 ../de2_1_bsp/\libhal_bsp.a(altera_avalon_timer_vars.o)
                0x0200a564                altera_avalon_timer_ts_base
                0x0200a568                altera_avalon_timer_ts_freq
 .sbss          0x0200a56c        0x4 ../de2_1_bsp/\libhal_bsp.a(alt_irq_vars.o)
                0x0200a56c                alt_irq_active
 .sbss          0x0200a570        0x8 ../de2_1_bsp/\libhal_bsp.a(alt_tick.o)
                0x0200a570                _alt_tick_rate
                0x0200a574                _alt_nticks
 *(.sbss2 .sbss2.* .gnu.linkonce.sb2.*)
 *(.scommon)
                0x0200a578                PROVIDE (__sbss_end, ABSOLUTE (.))
                0x0200a578                PROVIDE (___sbss_end, ABSOLUTE (.))
 *(.dynbss)
 *(.bss .bss.* .gnu.linkonce.b.*)
 .bss           0x0200a578        0x0 ../de2_1_bsp//obj/HAL/src/crt0.o
 .bss           0x0200a578        0x0 obj/default/hello_world.o
 .bss           0x0200a578        0x0 d:/alalala/nios2eds/bin/gnu/h-i686-mingw32/bin/../lib/gcc/nios2-elf/4.1.2/../../../../nios2-elf/lib\libc.a(lib_a-puts.o)
 .bss           0x0200a578        0x0 d:/alalala/nios2eds/bin/gnu/h-i686-mingw32/bin/../lib/gcc/nios2-elf/4.1.2/../../../../nios2-elf/lib\libc.a(lib_a-strlen.o)
 .bss           0x0200a578        0x0 d:/alalala/nios2eds/bin/gnu/h-i686-mingw32/bin/../lib/gcc/nios2-elf/4.1.2/../../../../nios2-elf/lib\libc.a(lib_a-fvwrite.o)
 .bss           0x0200a578        0x0 d:/alalala/nios2eds/bin/gnu/h-i686-mingw32/bin/../lib/gcc/nios2-elf/4.1.2/../../../../nios2-elf/lib\libc.a(lib_a-impure.o)
 .bss           0x0200a578       0x28 d:/alalala/nios2eds/bin/gnu/h-i686-mingw32/bin/../lib/gcc/nios2-elf/4.1.2/../../../../nios2-elf/lib\libc.a(lib_a-mallocr.o)
                0x0200a578                __malloc_current_mallinfo
 .bss           0x0200a5a0        0x0 d:/alalala/nios2eds/bin/gnu/h-i686-mingw32/bin/../lib/gcc/nios2-elf/4.1.2/../../../../nios2-elf/lib\libc.a(lib_a-memchr.o)
 .bss           0x0200a5a0        0x0 d:/alalala/nios2eds/bin/gnu/h-i686-mingw32/bin/../lib/gcc/nios2-elf/4.1.2/../../../../nios2-elf/lib\libc.a(lib_a-memcpy.o)
 .bss           0x0200a5a0        0x0 d:/alalala/nios2eds/bin/gnu/h-i686-mingw32/bin/../lib/gcc/nios2-elf/4.1.2/../../../../nios2-elf/lib\libc.a(lib_a-memmove.o)
 .bss           0x0200a5a0        0x0 d:/alalala/nios2eds/bin/gnu/h-i686-mingw32/bin/../lib/gcc/nios2-elf/4.1.2/../../../../nios2-elf/lib\libc.a(lib_a-reallocr.o)
 .bss           0x0200a5a0        0x0 d:/alalala/nios2eds/bin/gnu/h-i686-mingw32/bin/../lib/gcc/nios2-elf/4.1.2/../../../../nios2-elf/lib\libc.a(lib_a-sbrkr.o)
 .bss           0x0200a5a0        0x0 d:/alalala/nios2eds/bin/gnu/h-i686-mingw32/bin/../lib/gcc/nios2-elf/4.1.2/../../../../nios2-elf/lib\libc.a(lib_a-wsetup.o)
 .bss           0x0200a5a0        0x0 d:/alalala/nios2eds/bin/gnu/h-i686-mingw32/bin/../lib/gcc/nios2-elf/4.1.2/../../../../nios2-elf/lib\libc.a(lib_a-fflush.o)
 .bss           0x0200a5a0        0x0 d:/alalala/nios2eds/bin/gnu/h-i686-mingw32/bin/../lib/gcc/nios2-elf/4.1.2/../../../../nios2-elf/lib\libc.a(lib_a-findfp.o)
 .bss           0x0200a5a0        0x0 d:/alalala/nios2eds/bin/gnu/h-i686-mingw32/bin/../lib/gcc/nios2-elf/4.1.2/../../../../nios2-elf/lib\libc.a(lib_a-freer.o)
 .bss           0x0200a5a0        0x0 d:/alalala/nios2eds/bin/gnu/h-i686-mingw32/bin/../lib/gcc/nios2-elf/4.1.2/../../../../nios2-elf/lib\libc.a(lib_a-fwalk.o)
 .bss           0x0200a5a0        0x0 d:/alalala/nios2eds/bin/gnu/h-i686-mingw32/bin/../lib/gcc/nios2-elf/4.1.2/../../../../nios2-elf/lib\libc.a(lib_a-int_errno.o)
 .bss           0x0200a5a0        0x0 d:/alalala/nios2eds/bin/gnu/h-i686-mingw32/bin/../lib/gcc/nios2-elf/4.1.2/../../../../nios2-elf/lib\libc.a(lib_a-makebuf.o)
 .bss           0x0200a5a0        0x0 d:/alalala/nios2eds/bin/gnu/h-i686-mingw32/bin/../lib/gcc/nios2-elf/4.1.2/../../../../nios2-elf/lib\libc.a(lib_a-memset.o)
 .bss           0x0200a5a0        0x0 d:/alalala/nios2eds/bin/gnu/h-i686-mingw32/bin/../lib/gcc/nios2-elf/4.1.2/../../../../nios2-elf/lib\libc.a(lib_a-stdio.o)
 .bss           0x0200a5a0        0x0 d:/alalala/nios2eds/bin/gnu/h-i686-mingw32/bin/../lib/gcc/nios2-elf/4.1.2/../../../../nios2-elf/lib\libc.a(lib_a-writer.o)
 .bss           0x0200a5a0        0x0 d:/alalala/nios2eds/bin/gnu/h-i686-mingw32/bin/../lib/gcc/nios2-elf/4.1.2/../../../../nios2-elf/lib\libc.a(lib_a-closer.o)
 .bss           0x0200a5a0        0x0 d:/alalala/nios2eds/bin/gnu/h-i686-mingw32/bin/../lib/gcc/nios2-elf/4.1.2/../../../../nios2-elf/lib\libc.a(lib_a-fclose.o)
 .bss           0x0200a5a0        0x0 d:/alalala/nios2eds/bin/gnu/h-i686-mingw32/bin/../lib/gcc/nios2-elf/4.1.2/../../../../nios2-elf/lib\libc.a(lib_a-fstatr.o)
 .bss           0x0200a5a0        0x0 d:/alalala/nios2eds/bin/gnu/h-i686-mingw32/bin/../lib/gcc/nios2-elf/4.1.2/../../../../nios2-elf/lib\libc.a(lib_a-isattyr.o)
 .bss           0x0200a5a0        0x0 d:/alalala/nios2eds/bin/gnu/h-i686-mingw32/bin/../lib/gcc/nios2-elf/4.1.2/../../../../nios2-elf/lib\libc.a(lib_a-lseekr.o)
 .bss           0x0200a5a0        0x0 d:/alalala/nios2eds/bin/gnu/h-i686-mingw32/bin/../lib/gcc/nios2-elf/4.1.2/../../../../nios2-elf/lib\libc.a(lib_a-readr.o)
 .bss           0x0200a5a0        0x0 ../de2_1_bsp/\libhal_bsp.a(alt_close.o)
 .bss           0x0200a5a0        0x0 ../de2_1_bsp/\libhal_bsp.a(alt_dev.o)
 .bss           0x0200a5a0        0x0 ../de2_1_bsp/\libhal_bsp.a(alt_errno.o)
 .bss           0x0200a5a0        0x0 ../de2_1_bsp/\libhal_bsp.a(alt_fstat.o)
 .bss           0x0200a5a0        0x0 ../de2_1_bsp/\libhal_bsp.a(alt_isatty.o)
 .bss           0x0200a5a0        0x0 ../de2_1_bsp/\libhal_bsp.a(alt_load.o)
 .bss           0x0200a5a0        0x0 ../de2_1_bsp/\libhal_bsp.a(alt_lseek.o)
 .bss           0x0200a5a0        0x0 ../de2_1_bsp/\libhal_bsp.a(alt_main.o)
 .bss           0x0200a5a0        0x0 ../de2_1_bsp/\libhal_bsp.a(alt_malloc_lock.o)
 .bss           0x0200a5a0        0x0 ../de2_1_bsp/\libhal_bsp.a(alt_read.o)
 .bss           0x0200a5a0        0x0 ../de2_1_bsp/\libhal_bsp.a(alt_release_fd.o)
 .bss           0x0200a5a0        0x0 ../de2_1_bsp/\libhal_bsp.a(alt_sbrk.o)
 .bss           0x0200a5a0        0x0 ../de2_1_bsp/\libhal_bsp.a(alt_write.o)
 .bss           0x0200a5a0        0x0 ../de2_1_bsp/\libhal_bsp.a(alt_sys_init.o)
 .bss           0x0200a5a0        0x0 ../de2_1_bsp/\libhal_bsp.a(altera_avalon_dma.o)
 .bss           0x0200a5a0        0x0 ../de2_1_bsp/\libhal_bsp.a(altera_avalon_jtag_uart_fd.o)
 .bss           0x0200a5a0        0x0 ../de2_1_bsp/\libhal_bsp.a(altera_avalon_jtag_uart_init.o)
 .bss           0x0200a5a0        0x0 ../de2_1_bsp/\libhal_bsp.a(altera_avalon_jtag_uart_ioctl.o)
 .bss           0x0200a5a0        0x0 ../de2_1_bsp/\libhal_bsp.a(altera_avalon_jtag_uart_read.o)
 .bss           0x0200a5a0        0x0 ../de2_1_bsp/\libhal_bsp.a(altera_avalon_jtag_uart_write.o)
 .bss           0x0200a5a0        0x0 ../de2_1_bsp/\libhal_bsp.a(altera_avalon_timer_vars.o)
 .bss           0x0200a5a0        0x0 ../de2_1_bsp/\libhal_bsp.a(altera_avalon_uart_fd.o)
 .bss           0x0200a5a0        0x0 ../de2_1_bsp/\libhal_bsp.a(altera_avalon_uart_init.o)
 .bss           0x0200a5a0        0x0 ../de2_1_bsp/\libhal_bsp.a(altera_avalon_uart_read.o)
 .bss           0x0200a5a0        0x0 ../de2_1_bsp/\libhal_bsp.a(altera_avalon_uart_write.o)
 .bss           0x0200a5a0        0x0 ../de2_1_bsp/\libhal_bsp.a(alt_alarm_start.o)
 .bss           0x0200a5a0        0x0 ../de2_1_bsp/\libhal_bsp.a(alt_dcache_flush_all.o)
 .bss           0x0200a5a0        0x0 ../de2_1_bsp/\libhal_bsp.a(alt_dev_llist_insert.o)
 .bss           0x0200a5a0        0x0 ../de2_1_bsp/\libhal_bsp.a(alt_dma_rxchan_open.o)
 .bss           0x0200a5a0        0x0 ../de2_1_bsp/\libhal_bsp.a(alt_dma_txchan_open.o)
 .bss           0x0200a5a0        0x0 ../de2_1_bsp/\libhal_bsp.a(alt_do_ctors.o)
 .bss           0x0200a5a0        0x0 ../de2_1_bsp/\libhal_bsp.a(alt_do_dtors.o)
 .bss           0x0200a5a0        0x0 ../de2_1_bsp/\libhal_bsp.a(alt_find_dev.o)
 .bss           0x0200a5a0        0x0 ../de2_1_bsp/\libhal_bsp.a(alt_icache_flush_all.o)
 .bss           0x0200a5a0        0x0 ../de2_1_bsp/\libhal_bsp.a(alt_iic.o)
 .bss           0x0200a5a0        0x0 ../de2_1_bsp/\libhal_bsp.a(alt_iic_isr_register.o)
 .bss           0x0200a5a0        0x0 ../de2_1_bsp/\libhal_bsp.a(alt_io_redirect.o)
 .bss           0x0200a5a0        0x0 ../de2_1_bsp/\libhal_bsp.a(alt_irq_entry.o)
 .bss           0x0200a5a0        0x0 ../de2_1_bsp/\libhal_bsp.a(alt_irq_handler.o)
 .bss           0x0200a5a0        0x0 ../de2_1_bsp/\libhal_bsp.a(alt_irq_vars.o)
 .bss           0x0200a5a0        0x0 ../de2_1_bsp/\libhal_bsp.a(alt_open.o)
 .bss           0x0200a5a0        0x0 ../de2_1_bsp/\libhal_bsp.a(alt_tick.o)
 .bss           0x0200a5a0        0x0 ../de2_1_bsp/\libhal_bsp.a(altera_nios2_qsys_irq.o)
 .bss           0x0200a5a0        0x0 ../de2_1_bsp/\libhal_bsp.a(alt_exception_entry.o)
 .bss           0x0200a5a0        0x0 ../de2_1_bsp/\libhal_bsp.a(alt_find_file.o)
 .bss           0x0200a5a0        0x0 ../de2_1_bsp/\libhal_bsp.a(alt_get_fd.o)
 .bss           0x0200a5a0        0x0 ../de2_1_bsp/\libhal_bsp.a(alt_icache_flush.o)
 .bss           0x0200a5a0        0x0 d:/alalala/nios2eds/bin/gnu/h-i686-mingw32/bin/../lib/gcc/nios2-elf/4.1.2/../../../../nios2-elf/lib\libc.a(lib_a-atexit.o)
 .bss           0x0200a5a0        0x0 d:/alalala/nios2eds/bin/gnu/h-i686-mingw32/bin/../lib/gcc/nios2-elf/4.1.2/../../../../nios2-elf/lib\libc.a(lib_a-exit.o)
 .bss           0x0200a5a0        0x0 d:/alalala/nios2eds/bin/gnu/h-i686-mingw32/bin/../lib/gcc/nios2-elf/4.1.2/../../../../nios2-elf/lib\libc.a(lib_a-memcmp.o)
 .bss           0x0200a5a0        0x0 d:/alalala/nios2eds/bin/gnu/h-i686-mingw32/bin/../lib/gcc/nios2-elf/4.1.2/../../../../nios2-elf/lib\libc.a(lib_a-__atexit.o)
 .bss           0x0200a5a0        0x0 d:/alalala/nios2eds/bin/gnu/h-i686-mingw32/bin/../lib/gcc/nios2-elf/4.1.2/../../../../nios2-elf/lib\libc.a(lib_a-__call_atexit.o)
 .bss           0x0200a5a0        0x0 ../de2_1_bsp/\libhal_bsp.a(alt_exit.o)
 *(COMMON)
 COMMON         0x0200a5a0      0x100 ../de2_1_bsp/\libhal_bsp.a(alt_irq_handler.o)
                0x0200a5a0                alt_irq
 COMMON         0x0200a6a0      0x190 d:/alalala/nios2eds/bin/gnu/h-i686-mingw32/bin/../lib/gcc/nios2-elf/4.1.2/../../../../nios2-elf/lib\libc.a(lib_a-atexit.o)
                0x0200a6a0                _atexit0
                0x0200a830                . = ALIGN (0x4)
                0x0200a830                __bss_end = ABSOLUTE (.)

.sdram_ctrl     0x0200a830        0x0
                0x0200a830                PROVIDE (_alt_partition_sdram_ctrl_start, ABSOLUTE (.))
 *(.sdram_ctrl. sdram_ctrl.*)
                0x0200a830                . = ALIGN (0x4)
                0x0200a830                PROVIDE (_alt_partition_sdram_ctrl_end, ABSOLUTE (.))
                0x0200a830                _end = ABSOLUTE (.)
                0x0200a830                end = ABSOLUTE (.)
                0x0200a830                __alt_stack_base = ABSOLUTE (.)
                0x0200a830                PROVIDE (_alt_partition_sdram_ctrl_load_addr, LOADADDR (.sdram_ctrl))

.stab
 *(.stab)

.stabstr
 *(.stabstr)

.stab.excl
 *(.stab.excl)

.stab.exclstr
 *(.stab.exclstr)

.stab.index
 *(.stab.index)

.stab.indexstr
 *(.stab.indexstr)

.comment        0x00000000       0x26
 *(.comment)
 .comment       0x00000000       0x26 obj/default/hello_world.o
                                 0x27 (size before relaxing)
 .comment       0x00000000       0x27 d:/alalala/nios2eds/bin/gnu/h-i686-mingw32/bin/../lib/gcc/nios2-elf/4.1.2/../../../../nios2-elf/lib\libc.a(lib_a-puts.o)
 .comment       0x00000000       0x27 d:/alalala/nios2eds/bin/gnu/h-i686-mingw32/bin/../lib/gcc/nios2-elf/4.1.2/../../../../nios2-elf/lib\libc.a(lib_a-strlen.o)
 .comment       0x00000000       0x27 d:/alalala/nios2eds/bin/gnu/h-i686-mingw32/bin/../lib/gcc/nios2-elf/4.1.2/../../../../nios2-elf/lib\libc.a(lib_a-fvwrite.o)
 .comment       0x00000000       0x27 d:/alalala/nios2eds/bin/gnu/h-i686-mingw32/bin/../lib/gcc/nios2-elf/4.1.2/../../../../nios2-elf/lib\libc.a(lib_a-impure.o)
 .comment       0x00000000       0x27 d:/alalala/nios2eds/bin/gnu/h-i686-mingw32/bin/../lib/gcc/nios2-elf/4.1.2/../../../../nios2-elf/lib\libc.a(lib_a-mallocr.o)
 .comment       0x00000000       0x27 d:/alalala/nios2eds/bin/gnu/h-i686-mingw32/bin/../lib/gcc/nios2-elf/4.1.2/../../../../nios2-elf/lib\libc.a(lib_a-memchr.o)
 .comment       0x00000000       0x27 d:/alalala/nios2eds/bin/gnu/h-i686-mingw32/bin/../lib/gcc/nios2-elf/4.1.2/../../../../nios2-elf/lib\libc.a(lib_a-memcpy.o)
 .comment       0x00000000       0x27 d:/alalala/nios2eds/bin/gnu/h-i686-mingw32/bin/../lib/gcc/nios2-elf/4.1.2/../../../../nios2-elf/lib\libc.a(lib_a-memmove.o)
 .comment       0x00000000       0x27 d:/alalala/nios2eds/bin/gnu/h-i686-mingw32/bin/../lib/gcc/nios2-elf/4.1.2/../../../../nios2-elf/lib\libc.a(lib_a-reallocr.o)
 .comment       0x00000000       0x27 d:/alalala/nios2eds/bin/gnu/h-i686-mingw32/bin/../lib/gcc/nios2-elf/4.1.2/../../../../nios2-elf/lib\libc.a(lib_a-sbrkr.o)
 .comment       0x00000000       0x27 d:/alalala/nios2eds/bin/gnu/h-i686-mingw32/bin/../lib/gcc/nios2-elf/4.1.2/../../../../nios2-elf/lib\libc.a(lib_a-wsetup.o)
 .comment       0x00000000       0x27 d:/alalala/nios2eds/bin/gnu/h-i686-mingw32/bin/../lib/gcc/nios2-elf/4.1.2/../../../../nios2-elf/lib\libc.a(lib_a-fflush.o)
 .comment       0x00000000       0x27 d:/alalala/nios2eds/bin/gnu/h-i686-mingw32/bin/../lib/gcc/nios2-elf/4.1.2/../../../../nios2-elf/lib\libc.a(lib_a-findfp.o)
 .comment       0x00000000       0x27 d:/alalala/nios2eds/bin/gnu/h-i686-mingw32/bin/../lib/gcc/nios2-elf/4.1.2/../../../../nios2-elf/lib\libc.a(lib_a-freer.o)
 .comment       0x00000000       0x27 d:/alalala/nios2eds/bin/gnu/h-i686-mingw32/bin/../lib/gcc/nios2-elf/4.1.2/../../../../nios2-elf/lib\libc.a(lib_a-fwalk.o)
 .comment       0x00000000       0x27 d:/alalala/nios2eds/bin/gnu/h-i686-mingw32/bin/../lib/gcc/nios2-elf/4.1.2/../../../../nios2-elf/lib\libc.a(lib_a-int_errno.o)
 .comment       0x00000000       0x27 d:/alalala/nios2eds/bin/gnu/h-i686-mingw32/bin/../lib/gcc/nios2-elf/4.1.2/../../../../nios2-elf/lib\libc.a(lib_a-makebuf.o)
 .comment       0x00000000       0x27 d:/alalala/nios2eds/bin/gnu/h-i686-mingw32/bin/../lib/gcc/nios2-elf/4.1.2/../../../../nios2-elf/lib\libc.a(lib_a-memset.o)
 .comment       0x00000000       0x27 d:/alalala/nios2eds/bin/gnu/h-i686-mingw32/bin/../lib/gcc/nios2-elf/4.1.2/../../../../nios2-elf/lib\libc.a(lib_a-stdio.o)
 .comment       0x00000000       0x27 d:/alalala/nios2eds/bin/gnu/h-i686-mingw32/bin/../lib/gcc/nios2-elf/4.1.2/../../../../nios2-elf/lib\libc.a(lib_a-writer.o)
 .comment       0x00000000       0x27 d:/alalala/nios2eds/bin/gnu/h-i686-mingw32/bin/../lib/gcc/nios2-elf/4.1.2/../../../../nios2-elf/lib\libc.a(lib_a-closer.o)
 .comment       0x00000000       0x27 d:/alalala/nios2eds/bin/gnu/h-i686-mingw32/bin/../lib/gcc/nios2-elf/4.1.2/../../../../nios2-elf/lib\libc.a(lib_a-fclose.o)
 .comment       0x00000000       0x27 d:/alalala/nios2eds/bin/gnu/h-i686-mingw32/bin/../lib/gcc/nios2-elf/4.1.2/../../../../nios2-elf/lib\libc.a(lib_a-fstatr.o)
 .comment       0x00000000       0x27 d:/alalala/nios2eds/bin/gnu/h-i686-mingw32/bin/../lib/gcc/nios2-elf/4.1.2/../../../../nios2-elf/lib\libc.a(lib_a-isattyr.o)
 .comment       0x00000000       0x27 d:/alalala/nios2eds/bin/gnu/h-i686-mingw32/bin/../lib/gcc/nios2-elf/4.1.2/../../../../nios2-elf/lib\libc.a(lib_a-lseekr.o)
 .comment       0x00000000       0x27 d:/alalala/nios2eds/bin/gnu/h-i686-mingw32/bin/../lib/gcc/nios2-elf/4.1.2/../../../../nios2-elf/lib\libc.a(lib_a-readr.o)
 .comment       0x00000000       0x27 ../de2_1_bsp/\libhal_bsp.a(alt_close.o)
 .comment       0x00000000       0x27 ../de2_1_bsp/\libhal_bsp.a(alt_dev.o)
 .comment       0x00000000       0x27 ../de2_1_bsp/\libhal_bsp.a(alt_errno.o)
 .comment       0x00000000       0x27 ../de2_1_bsp/\libhal_bsp.a(alt_fstat.o)
 .comment       0x00000000       0x27 ../de2_1_bsp/\libhal_bsp.a(alt_isatty.o)
 .comment       0x00000000       0x27 ../de2_1_bsp/\libhal_bsp.a(alt_load.o)
 .comment       0x00000000       0x27 ../de2_1_bsp/\libhal_bsp.a(alt_lseek.o)
 .comment       0x00000000       0x27 ../de2_1_bsp/\libhal_bsp.a(alt_main.o)
 .comment       0x00000000       0x27 ../de2_1_bsp/\libhal_bsp.a(alt_malloc_lock.o)
 .comment       0x00000000       0x27 ../de2_1_bsp/\libhal_bsp.a(alt_read.o)
 .comment       0x00000000       0x27 ../de2_1_bsp/\libhal_bsp.a(alt_release_fd.o)
 .comment       0x00000000       0x27 ../de2_1_bsp/\libhal_bsp.a(alt_sbrk.o)
 .comment       0x00000000       0x27 ../de2_1_bsp/\libhal_bsp.a(alt_write.o)
 .comment       0x00000000       0x27 ../de2_1_bsp/\libhal_bsp.a(alt_sys_init.o)
 .comment       0x00000000       0x27 ../de2_1_bsp/\libhal_bsp.a(altera_avalon_dma.o)
 .comment       0x00000000       0x27 ../de2_1_bsp/\libhal_bsp.a(altera_avalon_jtag_uart_fd.o)
 .comment       0x00000000       0x27 ../de2_1_bsp/\libhal_bsp.a(altera_avalon_jtag_uart_init.o)
 .comment       0x00000000       0x27 ../de2_1_bsp/\libhal_bsp.a(altera_avalon_jtag_uart_ioctl.o)
 .comment       0x00000000       0x27 ../de2_1_bsp/\libhal_bsp.a(altera_avalon_jtag_uart_read.o)
 .comment       0x00000000       0x27 ../de2_1_bsp/\libhal_bsp.a(altera_avalon_jtag_uart_write.o)
 .comment       0x00000000       0x27 ../de2_1_bsp/\libhal_bsp.a(altera_avalon_timer_vars.o)
 .comment       0x00000000       0x27 ../de2_1_bsp/\libhal_bsp.a(altera_avalon_uart_fd.o)
 .comment       0x00000000       0x27 ../de2_1_bsp/\libhal_bsp.a(altera_avalon_uart_init.o)
 .comment       0x00000000       0x27 ../de2_1_bsp/\libhal_bsp.a(altera_avalon_uart_read.o)
 .comment       0x00000000       0x27 ../de2_1_bsp/\libhal_bsp.a(altera_avalon_uart_write.o)
 .comment       0x00000000       0x27 ../de2_1_bsp/\libhal_bsp.a(alt_alarm_start.o)
 .comment       0x00000000       0x27 ../de2_1_bsp/\libhal_bsp.a(alt_dcache_flush_all.o)
 .comment       0x00000000       0x27 ../de2_1_bsp/\libhal_bsp.a(alt_dev_llist_insert.o)
 .comment       0x00000000       0x27 ../de2_1_bsp/\libhal_bsp.a(alt_dma_rxchan_open.o)
 .comment       0x00000000       0x27 ../de2_1_bsp/\libhal_bsp.a(alt_dma_txchan_open.o)
 .comment       0x00000000       0x27 ../de2_1_bsp/\libhal_bsp.a(alt_do_ctors.o)
 .comment       0x00000000       0x27 ../de2_1_bsp/\libhal_bsp.a(alt_do_dtors.o)
 .comment       0x00000000       0x27 ../de2_1_bsp/\libhal_bsp.a(alt_find_dev.o)
 .comment       0x00000000       0x27 ../de2_1_bsp/\libhal_bsp.a(alt_icache_flush_all.o)
 .comment       0x00000000       0x27 ../de2_1_bsp/\libhal_bsp.a(alt_iic.o)
 .comment       0x00000000       0x27 ../de2_1_bsp/\libhal_bsp.a(alt_iic_isr_register.o)
 .comment       0x00000000       0x27 ../de2_1_bsp/\libhal_bsp.a(alt_io_redirect.o)
 .comment       0x00000000       0x27 ../de2_1_bsp/\libhal_bsp.a(alt_irq_handler.o)
 .comment       0x00000000       0x27 ../de2_1_bsp/\libhal_bsp.a(alt_irq_vars.o)
 .comment       0x00000000       0x27 ../de2_1_bsp/\libhal_bsp.a(alt_open.o)
 .comment       0x00000000       0x27 ../de2_1_bsp/\libhal_bsp.a(alt_tick.o)
 .comment       0x00000000       0x27 ../de2_1_bsp/\libhal_bsp.a(altera_nios2_qsys_irq.o)
 .comment       0x00000000       0x27 ../de2_1_bsp/\libhal_bsp.a(alt_find_file.o)
 .comment       0x00000000       0x27 ../de2_1_bsp/\libhal_bsp.a(alt_get_fd.o)
 .comment       0x00000000       0x27 ../de2_1_bsp/\libhal_bsp.a(alt_icache_flush.o)
 .comment       0x00000000       0x27 d:/alalala/nios2eds/bin/gnu/h-i686-mingw32/bin/../lib/gcc/nios2-elf/4.1.2/../../../../nios2-elf/lib\libc.a(lib_a-atexit.o)
 .comment       0x00000000       0x27 d:/alalala/nios2eds/bin/gnu/h-i686-mingw32/bin/../lib/gcc/nios2-elf/4.1.2/../../../../nios2-elf/lib\libc.a(lib_a-exit.o)
 .comment       0x00000000       0x27 d:/alalala/nios2eds/bin/gnu/h-i686-mingw32/bin/../lib/gcc/nios2-elf/4.1.2/../../../../nios2-elf/lib\libc.a(lib_a-memcmp.o)
 .comment       0x00000000       0x27 d:/alalala/nios2eds/bin/gnu/h-i686-mingw32/bin/../lib/gcc/nios2-elf/4.1.2/../../../../nios2-elf/lib\libc.a(lib_a-__atexit.o)
 .comment       0x00000000       0x27 d:/alalala/nios2eds/bin/gnu/h-i686-mingw32/bin/../lib/gcc/nios2-elf/4.1.2/../../../../nios2-elf/lib\libc.a(lib_a-__call_atexit.o)
 .comment       0x00000000       0x27 ../de2_1_bsp/\libhal_bsp.a(alt_exit.o)

.debug
 *(.debug)

.line
 *(.line)

.debug_srcinfo
 *(.debug_srcinfo)

.debug_sfnames
 *(.debug_sfnames)

.debug_aranges  0x00000000      0x9b8
 *(.debug_aranges)
 .debug_aranges
                0x00000000       0x28 ../de2_1_bsp//obj/HAL/src/crt0.o
 .debug_aranges
                0x00000028       0x20 obj/default/hello_world.o
 .debug_aranges
                0x00000048       0x20 d:/alalala/nios2eds/bin/gnu/h-i686-mingw32/bin/../lib/gcc/nios2-elf/4.1.2/../../../../nios2-elf/lib\libc.a(lib_a-puts.o)
 .debug_aranges
                0x00000068       0x20 d:/alalala/nios2eds/bin/gnu/h-i686-mingw32/bin/../lib/gcc/nios2-elf/4.1.2/../../../../nios2-elf/lib\libc.a(lib_a-strlen.o)
 .debug_aranges
                0x00000088       0x20 d:/alalala/nios2eds/bin/gnu/h-i686-mingw32/bin/../lib/gcc/nios2-elf/4.1.2/../../../../nios2-elf/lib\libc.a(lib_a-fvwrite.o)
 .debug_aranges
                0x000000a8       0x20 d:/alalala/nios2eds/bin/gnu/h-i686-mingw32/bin/../lib/gcc/nios2-elf/4.1.2/../../../../nios2-elf/lib\libc.a(lib_a-mallocr.o)
 .debug_aranges
                0x000000c8       0x20 d:/alalala/nios2eds/bin/gnu/h-i686-mingw32/bin/../lib/gcc/nios2-elf/4.1.2/../../../../nios2-elf/lib\libc.a(lib_a-memchr.o)
 .debug_aranges
                0x000000e8       0x20 d:/alalala/nios2eds/bin/gnu/h-i686-mingw32/bin/../lib/gcc/nios2-elf/4.1.2/../../../../nios2-elf/lib\libc.a(lib_a-memcpy.o)
 .debug_aranges
                0x00000108       0x20 d:/alalala/nios2eds/bin/gnu/h-i686-mingw32/bin/../lib/gcc/nios2-elf/4.1.2/../../../../nios2-elf/lib\libc.a(lib_a-memmove.o)
 .debug_aranges
                0x00000128       0x20 d:/alalala/nios2eds/bin/gnu/h-i686-mingw32/bin/../lib/gcc/nios2-elf/4.1.2/../../../../nios2-elf/lib\libc.a(lib_a-reallocr.o)
 .debug_aranges
                0x00000148       0x20 d:/alalala/nios2eds/bin/gnu/h-i686-mingw32/bin/../lib/gcc/nios2-elf/4.1.2/../../../../nios2-elf/lib\libc.a(lib_a-sbrkr.o)
 .debug_aranges
                0x00000168       0x20 d:/alalala/nios2eds/bin/gnu/h-i686-mingw32/bin/../lib/gcc/nios2-elf/4.1.2/../../../../nios2-elf/lib\libc.a(lib_a-wsetup.o)
 .debug_aranges
                0x00000188       0x20 d:/alalala/nios2eds/bin/gnu/h-i686-mingw32/bin/../lib/gcc/nios2-elf/4.1.2/../../../../nios2-elf/lib\libc.a(lib_a-fflush.o)
 .debug_aranges
                0x000001a8       0x20 d:/alalala/nios2eds/bin/gnu/h-i686-mingw32/bin/../lib/gcc/nios2-elf/4.1.2/../../../../nios2-elf/lib\libc.a(lib_a-findfp.o)
 .debug_aranges
                0x000001c8       0x20 d:/alalala/nios2eds/bin/gnu/h-i686-mingw32/bin/../lib/gcc/nios2-elf/4.1.2/../../../../nios2-elf/lib\libc.a(lib_a-freer.o)
 .debug_aranges
                0x000001e8       0x20 d:/alalala/nios2eds/bin/gnu/h-i686-mingw32/bin/../lib/gcc/nios2-elf/4.1.2/../../../../nios2-elf/lib\libc.a(lib_a-fwalk.o)
 .debug_aranges
                0x00000208       0x20 d:/alalala/nios2eds/bin/gnu/h-i686-mingw32/bin/../lib/gcc/nios2-elf/4.1.2/../../../../nios2-elf/lib\libc.a(lib_a-makebuf.o)
 .debug_aranges
                0x00000228       0x20 d:/alalala/nios2eds/bin/gnu/h-i686-mingw32/bin/../lib/gcc/nios2-elf/4.1.2/../../../../nios2-elf/lib\libc.a(lib_a-memset.o)
 .debug_aranges
                0x00000248       0x20 d:/alalala/nios2eds/bin/gnu/h-i686-mingw32/bin/../lib/gcc/nios2-elf/4.1.2/../../../../nios2-elf/lib\libc.a(lib_a-stdio.o)
 .debug_aranges
                0x00000268       0x20 d:/alalala/nios2eds/bin/gnu/h-i686-mingw32/bin/../lib/gcc/nios2-elf/4.1.2/../../../../nios2-elf/lib\libc.a(lib_a-writer.o)
 .debug_aranges
                0x00000288       0x20 d:/alalala/nios2eds/bin/gnu/h-i686-mingw32/bin/../lib/gcc/nios2-elf/4.1.2/../../../../nios2-elf/lib\libc.a(lib_a-closer.o)
 .debug_aranges
                0x000002a8       0x20 d:/alalala/nios2eds/bin/gnu/h-i686-mingw32/bin/../lib/gcc/nios2-elf/4.1.2/../../../../nios2-elf/lib\libc.a(lib_a-fclose.o)
 .debug_aranges
                0x000002c8       0x20 d:/alalala/nios2eds/bin/gnu/h-i686-mingw32/bin/../lib/gcc/nios2-elf/4.1.2/../../../../nios2-elf/lib\libc.a(lib_a-fstatr.o)
 .debug_aranges
                0x000002e8       0x20 d:/alalala/nios2eds/bin/gnu/h-i686-mingw32/bin/../lib/gcc/nios2-elf/4.1.2/../../../../nios2-elf/lib\libc.a(lib_a-isattyr.o)
 .debug_aranges
                0x00000308       0x20 d:/alalala/nios2eds/bin/gnu/h-i686-mingw32/bin/../lib/gcc/nios2-elf/4.1.2/../../../../nios2-elf/lib\libc.a(lib_a-lseekr.o)
 .debug_aranges
                0x00000328       0x20 d:/alalala/nios2eds/bin/gnu/h-i686-mingw32/bin/../lib/gcc/nios2-elf/4.1.2/../../../../nios2-elf/lib\libc.a(lib_a-readr.o)
 .debug_aranges
                0x00000348       0x20 ../de2_1_bsp/\libhal_bsp.a(alt_close.o)
 .debug_aranges
                0x00000368       0x20 ../de2_1_bsp/\libhal_bsp.a(alt_dev.o)
 .debug_aranges
                0x00000388       0x20 ../de2_1_bsp/\libhal_bsp.a(alt_fstat.o)
 .debug_aranges
                0x000003a8       0x20 ../de2_1_bsp/\libhal_bsp.a(alt_isatty.o)
 .debug_aranges
                0x000003c8       0x20 ../de2_1_bsp/\libhal_bsp.a(alt_load.o)
 .debug_aranges
                0x000003e8       0x20 ../de2_1_bsp/\libhal_bsp.a(alt_lseek.o)
 .debug_aranges
                0x00000408       0x20 ../de2_1_bsp/\libhal_bsp.a(alt_main.o)
 .debug_aranges
                0x00000428       0x20 ../de2_1_bsp/\libhal_bsp.a(alt_malloc_lock.o)
 .debug_aranges
                0x00000448       0x20 ../de2_1_bsp/\libhal_bsp.a(alt_read.o)
 .debug_aranges
                0x00000468       0x20 ../de2_1_bsp/\libhal_bsp.a(alt_release_fd.o)
 .debug_aranges
                0x00000488       0x20 ../de2_1_bsp/\libhal_bsp.a(alt_sbrk.o)
 .debug_aranges
                0x000004a8       0x20 ../de2_1_bsp/\libhal_bsp.a(alt_write.o)
 .debug_aranges
                0x000004c8       0x20 ../de2_1_bsp/\libhal_bsp.a(alt_sys_init.o)
 .debug_aranges
                0x000004e8       0x20 ../de2_1_bsp/\libhal_bsp.a(altera_avalon_dma.o)
 .debug_aranges
                0x00000508       0x20 ../de2_1_bsp/\libhal_bsp.a(altera_avalon_jtag_uart_fd.o)
 .debug_aranges
                0x00000528       0x20 ../de2_1_bsp/\libhal_bsp.a(altera_avalon_jtag_uart_init.o)
 .debug_aranges
                0x00000548       0x20 ../de2_1_bsp/\libhal_bsp.a(altera_avalon_jtag_uart_ioctl.o)
 .debug_aranges
                0x00000568       0x20 ../de2_1_bsp/\libhal_bsp.a(altera_avalon_jtag_uart_read.o)
 .debug_aranges
                0x00000588       0x20 ../de2_1_bsp/\libhal_bsp.a(altera_avalon_jtag_uart_write.o)
 .debug_aranges
                0x000005a8       0x20 ../de2_1_bsp/\libhal_bsp.a(altera_avalon_uart_fd.o)
 .debug_aranges
                0x000005c8       0x20 ../de2_1_bsp/\libhal_bsp.a(altera_avalon_uart_init.o)
 .debug_aranges
                0x000005e8       0x20 ../de2_1_bsp/\libhal_bsp.a(altera_avalon_uart_read.o)
 .debug_aranges
                0x00000608       0x20 ../de2_1_bsp/\libhal_bsp.a(altera_avalon_uart_write.o)
 .debug_aranges
                0x00000628       0x20 ../de2_1_bsp/\libhal_bsp.a(alt_alarm_start.o)
 .debug_aranges
                0x00000648       0x20 ../de2_1_bsp/\libhal_bsp.a(alt_dcache_flush_all.o)
 .debug_aranges
                0x00000668       0x20 ../de2_1_bsp/\libhal_bsp.a(alt_dev_llist_insert.o)
 .debug_aranges
                0x00000688       0x20 ../de2_1_bsp/\libhal_bsp.a(alt_dma_rxchan_open.o)
 .debug_aranges
                0x000006a8       0x20 ../de2_1_bsp/\libhal_bsp.a(alt_dma_txchan_open.o)
 .debug_aranges
                0x000006c8       0x20 ../de2_1_bsp/\libhal_bsp.a(alt_do_ctors.o)
 .debug_aranges
                0x000006e8       0x20 ../de2_1_bsp/\libhal_bsp.a(alt_do_dtors.o)
 .debug_aranges
                0x00000708       0x20 ../de2_1_bsp/\libhal_bsp.a(alt_find_dev.o)
 .debug_aranges
                0x00000728       0x20 ../de2_1_bsp/\libhal_bsp.a(alt_icache_flush_all.o)
 .debug_aranges
                0x00000748       0x20 ../de2_1_bsp/\libhal_bsp.a(alt_iic.o)
 .debug_aranges
                0x00000768       0x20 ../de2_1_bsp/\libhal_bsp.a(alt_iic_isr_register.o)
 .debug_aranges
                0x00000788       0x20 ../de2_1_bsp/\libhal_bsp.a(alt_io_redirect.o)
 .debug_aranges
                0x000007a8       0x30 ../de2_1_bsp/\libhal_bsp.a(alt_irq_entry.o)
 .debug_aranges
                0x000007d8       0x28 ../de2_1_bsp/\libhal_bsp.a(alt_irq_handler.o)
 .debug_aranges
                0x00000800       0x20 ../de2_1_bsp/\libhal_bsp.a(alt_open.o)
 .debug_aranges
                0x00000820       0x20 ../de2_1_bsp/\libhal_bsp.a(alt_tick.o)
 .debug_aranges
                0x00000840       0x20 ../de2_1_bsp/\libhal_bsp.a(altera_nios2_qsys_irq.o)
 .debug_aranges
                0x00000860       0x38 ../de2_1_bsp/\libhal_bsp.a(alt_exception_entry.o)
 .debug_aranges
                0x00000898       0x20 ../de2_1_bsp/\libhal_bsp.a(alt_find_file.o)
 .debug_aranges
                0x000008b8       0x20 ../de2_1_bsp/\libhal_bsp.a(alt_get_fd.o)
 .debug_aranges
                0x000008d8       0x20 ../de2_1_bsp/\libhal_bsp.a(alt_icache_flush.o)
 .debug_aranges
                0x000008f8       0x20 d:/alalala/nios2eds/bin/gnu/h-i686-mingw32/bin/../lib/gcc/nios2-elf/4.1.2/../../../../nios2-elf/lib\libc.a(lib_a-atexit.o)
 .debug_aranges
                0x00000918       0x20 d:/alalala/nios2eds/bin/gnu/h-i686-mingw32/bin/../lib/gcc/nios2-elf/4.1.2/../../../../nios2-elf/lib\libc.a(lib_a-exit.o)
 .debug_aranges
                0x00000938       0x20 d:/alalala/nios2eds/bin/gnu/h-i686-mingw32/bin/../lib/gcc/nios2-elf/4.1.2/../../../../nios2-elf/lib\libc.a(lib_a-memcmp.o)
 .debug_aranges
                0x00000958       0x20 d:/alalala/nios2eds/bin/gnu/h-i686-mingw32/bin/../lib/gcc/nios2-elf/4.1.2/../../../../nios2-elf/lib\libc.a(lib_a-__atexit.o)
 .debug_aranges
                0x00000978       0x20 d:/alalala/nios2eds/bin/gnu/h-i686-mingw32/bin/../lib/gcc/nios2-elf/4.1.2/../../../../nios2-elf/lib\libc.a(lib_a-__call_atexit.o)
 .debug_aranges
                0x00000998       0x20 ../de2_1_bsp/\libhal_bsp.a(alt_exit.o)

.debug_pubnames
                0x00000000      0xfdf
 *(.debug_pubnames)
 .debug_pubnames
                0x00000000       0x1b obj/default/hello_world.o
 .debug_pubnames
                0x0000001b       0x27 d:/alalala/nios2eds/bin/gnu/h-i686-mingw32/bin/../lib/gcc/nios2-elf/4.1.2/../../../../nios2-elf/lib\libc.a(lib_a-puts.o)
 .debug_pubnames
                0x00000042       0x1d d:/alalala/nios2eds/bin/gnu/h-i686-mingw32/bin/../lib/gcc/nios2-elf/4.1.2/../../../../nios2-elf/lib\libc.a(lib_a-strlen.o)
 .debug_pubnames
                0x0000005f       0x23 d:/alalala/nios2eds/bin/gnu/h-i686-mingw32/bin/../lib/gcc/nios2-elf/4.1.2/../../../../nios2-elf/lib\libc.a(lib_a-fvwrite.o)
 .debug_pubnames
                0x00000082       0x39 d:/alalala/nios2eds/bin/gnu/h-i686-mingw32/bin/../lib/gcc/nios2-elf/4.1.2/../../../../nios2-elf/lib\libc.a(lib_a-impure.o)
 .debug_pubnames
                0x000000bb       0xce d:/alalala/nios2eds/bin/gnu/h-i686-mingw32/bin/../lib/gcc/nios2-elf/4.1.2/../../../../nios2-elf/lib\libc.a(lib_a-mallocr.o)
 .debug_pubnames
                0x00000189       0x1d d:/alalala/nios2eds/bin/gnu/h-i686-mingw32/bin/../lib/gcc/nios2-elf/4.1.2/../../../../nios2-elf/lib\libc.a(lib_a-memchr.o)
 .debug_pubnames
                0x000001a6       0x1d d:/alalala/nios2eds/bin/gnu/h-i686-mingw32/bin/../lib/gcc/nios2-elf/4.1.2/../../../../nios2-elf/lib\libc.a(lib_a-memcpy.o)
 .debug_pubnames
                0x000001c3       0x1e d:/alalala/nios2eds/bin/gnu/h-i686-mingw32/bin/../lib/gcc/nios2-elf/4.1.2/../../../../nios2-elf/lib\libc.a(lib_a-memmove.o)
 .debug_pubnames
                0x000001e1       0x21 d:/alalala/nios2eds/bin/gnu/h-i686-mingw32/bin/../lib/gcc/nios2-elf/4.1.2/../../../../nios2-elf/lib\libc.a(lib_a-reallocr.o)
 .debug_pubnames
                0x00000202       0x1e d:/alalala/nios2eds/bin/gnu/h-i686-mingw32/bin/../lib/gcc/nios2-elf/4.1.2/../../../../nios2-elf/lib\libc.a(lib_a-sbrkr.o)
 .debug_pubnames
                0x00000220       0x22 d:/alalala/nios2eds/bin/gnu/h-i686-mingw32/bin/../lib/gcc/nios2-elf/4.1.2/../../../../nios2-elf/lib\libc.a(lib_a-wsetup.o)
 .debug_pubnames
                0x00000242       0x2b d:/alalala/nios2eds/bin/gnu/h-i686-mingw32/bin/../lib/gcc/nios2-elf/4.1.2/../../../../nios2-elf/lib\libc.a(lib_a-fflush.o)
 .debug_pubnames
                0x0000026d       0xdb d:/alalala/nios2eds/bin/gnu/h-i686-mingw32/bin/../lib/gcc/nios2-elf/4.1.2/../../../../nios2-elf/lib\libc.a(lib_a-findfp.o)
 .debug_pubnames
                0x00000348       0x31 d:/alalala/nios2eds/bin/gnu/h-i686-mingw32/bin/../lib/gcc/nios2-elf/4.1.2/../../../../nios2-elf/lib\libc.a(lib_a-freer.o)
 .debug_pubnames
                0x00000379       0x2e d:/alalala/nios2eds/bin/gnu/h-i686-mingw32/bin/../lib/gcc/nios2-elf/4.1.2/../../../../nios2-elf/lib\libc.a(lib_a-fwalk.o)
 .debug_pubnames
                0x000003a7       0x1c d:/alalala/nios2eds/bin/gnu/h-i686-mingw32/bin/../lib/gcc/nios2-elf/4.1.2/../../../../nios2-elf/lib\libc.a(lib_a-int_errno.o)
 .debug_pubnames
                0x000003c3       0x23 d:/alalala/nios2eds/bin/gnu/h-i686-mingw32/bin/../lib/gcc/nios2-elf/4.1.2/../../../../nios2-elf/lib\libc.a(lib_a-makebuf.o)
 .debug_pubnames
                0x000003e6       0x1d d:/alalala/nios2eds/bin/gnu/h-i686-mingw32/bin/../lib/gcc/nios2-elf/4.1.2/../../../../nios2-elf/lib\libc.a(lib_a-memset.o)
 .debug_pubnames
                0x00000403       0x44 d:/alalala/nios2eds/bin/gnu/h-i686-mingw32/bin/../lib/gcc/nios2-elf/4.1.2/../../../../nios2-elf/lib\libc.a(lib_a-stdio.o)
 .debug_pubnames
                0x00000447       0x1f d:/alalala/nios2eds/bin/gnu/h-i686-mingw32/bin/../lib/gcc/nios2-elf/4.1.2/../../../../nios2-elf/lib\libc.a(lib_a-writer.o)
 .debug_pubnames
                0x00000466       0x1f d:/alalala/nios2eds/bin/gnu/h-i686-mingw32/bin/../lib/gcc/nios2-elf/4.1.2/../../../../nios2-elf/lib\libc.a(lib_a-closer.o)
 .debug_pubnames
                0x00000485       0x2b d:/alalala/nios2eds/bin/gnu/h-i686-mingw32/bin/../lib/gcc/nios2-elf/4.1.2/../../../../nios2-elf/lib\libc.a(lib_a-fclose.o)
 .debug_pubnames
                0x000004b0       0x1f d:/alalala/nios2eds/bin/gnu/h-i686-mingw32/bin/../lib/gcc/nios2-elf/4.1.2/../../../../nios2-elf/lib\libc.a(lib_a-fstatr.o)
 .debug_pubnames
                0x000004cf       0x20 d:/alalala/nios2eds/bin/gnu/h-i686-mingw32/bin/../lib/gcc/nios2-elf/4.1.2/../../../../nios2-elf/lib\libc.a(lib_a-isattyr.o)
 .debug_pubnames
                0x000004ef       0x1f d:/alalala/nios2eds/bin/gnu/h-i686-mingw32/bin/../lib/gcc/nios2-elf/4.1.2/../../../../nios2-elf/lib\libc.a(lib_a-lseekr.o)
 .debug_pubnames
                0x0000050e       0x1e d:/alalala/nios2eds/bin/gnu/h-i686-mingw32/bin/../lib/gcc/nios2-elf/4.1.2/../../../../nios2-elf/lib\libc.a(lib_a-readr.o)
 .debug_pubnames
                0x0000052c       0x1c ../de2_1_bsp/\libhal_bsp.a(alt_close.o)
 .debug_pubnames
                0x00000548       0x63 ../de2_1_bsp/\libhal_bsp.a(alt_dev.o)
 .debug_pubnames
                0x000005ab       0x20 ../de2_1_bsp/\libhal_bsp.a(alt_errno.o)
 .debug_pubnames
                0x000005cb       0x1c ../de2_1_bsp/\libhal_bsp.a(alt_fstat.o)
 .debug_pubnames
                0x000005e7       0x1d ../de2_1_bsp/\libhal_bsp.a(alt_isatty.o)
 .debug_pubnames
                0x00000604       0x1f ../de2_1_bsp/\libhal_bsp.a(alt_load.o)
 .debug_pubnames
                0x00000623       0x1c ../de2_1_bsp/\libhal_bsp.a(alt_lseek.o)
 .debug_pubnames
                0x0000063f       0x46 ../de2_1_bsp/\libhal_bsp.a(alt_main.o)
 .debug_pubnames
                0x00000685       0x38 ../de2_1_bsp/\libhal_bsp.a(alt_malloc_lock.o)
 .debug_pubnames
                0x000006bd       0x1b ../de2_1_bsp/\libhal_bsp.a(alt_read.o)
 .debug_pubnames
                0x000006d8       0x25 ../de2_1_bsp/\libhal_bsp.a(alt_release_fd.o)
 .debug_pubnames
                0x000006fd       0x1b ../de2_1_bsp/\libhal_bsp.a(alt_sbrk.o)
 .debug_pubnames
                0x00000718       0x1c ../de2_1_bsp/\libhal_bsp.a(alt_write.o)
 .debug_pubnames
                0x00000734       0x34 ../de2_1_bsp/\libhal_bsp.a(alt_sys_init.o)
 .debug_pubnames
                0x00000768       0xce ../de2_1_bsp/\libhal_bsp.a(altera_avalon_dma.o)
 .debug_pubnames
                0x00000836       0xa5 ../de2_1_bsp/\libhal_bsp.a(altera_avalon_jtag_uart_fd.o)
 .debug_pubnames
                0x000008db       0x55 ../de2_1_bsp/\libhal_bsp.a(altera_avalon_jtag_uart_init.o)
 .debug_pubnames
                0x00000930       0x34 ../de2_1_bsp/\libhal_bsp.a(altera_avalon_jtag_uart_ioctl.o)
 .debug_pubnames
                0x00000964       0x33 ../de2_1_bsp/\libhal_bsp.a(altera_avalon_jtag_uart_read.o)
 .debug_pubnames
                0x00000997       0x34 ../de2_1_bsp/\libhal_bsp.a(altera_avalon_jtag_uart_write.o)
 .debug_pubnames
                0x000009cb       0x52 ../de2_1_bsp/\libhal_bsp.a(altera_avalon_timer_vars.o)
 .debug_pubnames
                0x00000a1d       0x71 ../de2_1_bsp/\libhal_bsp.a(altera_avalon_uart_fd.o)
 .debug_pubnames
                0x00000a8e       0x4b ../de2_1_bsp/\libhal_bsp.a(altera_avalon_uart_init.o)
 .debug_pubnames
                0x00000ad9       0x2e ../de2_1_bsp/\libhal_bsp.a(altera_avalon_uart_read.o)
 .debug_pubnames
                0x00000b07       0x2f ../de2_1_bsp/\libhal_bsp.a(altera_avalon_uart_write.o)
 .debug_pubnames
                0x00000b36       0x26 ../de2_1_bsp/\libhal_bsp.a(alt_alarm_start.o)
 .debug_pubnames
                0x00000b5c       0x2b ../de2_1_bsp/\libhal_bsp.a(alt_dcache_flush_all.o)
 .debug_pubnames
                0x00000b87       0x2b ../de2_1_bsp/\libhal_bsp.a(alt_dev_llist_insert.o)
 .debug_pubnames
                0x00000bb2       0x42 ../de2_1_bsp/\libhal_bsp.a(alt_dma_rxchan_open.o)
 .debug_pubnames
                0x00000bf4       0x42 ../de2_1_bsp/\libhal_bsp.a(alt_dma_txchan_open.o)
 .debug_pubnames
                0x00000c36       0x20 ../de2_1_bsp/\libhal_bsp.a(alt_do_ctors.o)
 .debug_pubnames
                0x00000c56       0x20 ../de2_1_bsp/\libhal_bsp.a(alt_do_dtors.o)
 .debug_pubnames
                0x00000c76       0x23 ../de2_1_bsp/\libhal_bsp.a(alt_find_dev.o)
 .debug_pubnames
                0x00000c99       0x2b ../de2_1_bsp/\libhal_bsp.a(alt_icache_flush_all.o)
 .debug_pubnames
                0x00000cc4       0x6e ../de2_1_bsp/\libhal_bsp.a(alt_iic.o)
 .debug_pubnames
                0x00000d32       0x2b ../de2_1_bsp/\libhal_bsp.a(alt_iic_isr_register.o)
 .debug_pubnames
                0x00000d5d       0x26 ../de2_1_bsp/\libhal_bsp.a(alt_io_redirect.o)
 .debug_pubnames
                0x00000d83       0x32 ../de2_1_bsp/\libhal_bsp.a(alt_irq_handler.o)
 .debug_pubnames
                0x00000db5       0x3b ../de2_1_bsp/\libhal_bsp.a(alt_irq_vars.o)
 .debug_pubnames
                0x00000df0       0x1b ../de2_1_bsp/\libhal_bsp.a(alt_open.o)
 .debug_pubnames
                0x00000e0b       0x68 ../de2_1_bsp/\libhal_bsp.a(alt_tick.o)
 .debug_pubnames
                0x00000e73       0x31 ../de2_1_bsp/\libhal_bsp.a(altera_nios2_qsys_irq.o)
 .debug_pubnames
                0x00000ea4       0x24 ../de2_1_bsp/\libhal_bsp.a(alt_find_file.o)
 .debug_pubnames
                0x00000ec8       0x21 ../de2_1_bsp/\libhal_bsp.a(alt_get_fd.o)
 .debug_pubnames
                0x00000ee9       0x27 ../de2_1_bsp/\libhal_bsp.a(alt_icache_flush.o)
 .debug_pubnames
                0x00000f10       0x2a d:/alalala/nios2eds/bin/gnu/h-i686-mingw32/bin/../lib/gcc/nios2-elf/4.1.2/../../../../nios2-elf/lib\libc.a(lib_a-atexit.o)
 .debug_pubnames
                0x00000f3a       0x1b d:/alalala/nios2eds/bin/gnu/h-i686-mingw32/bin/../lib/gcc/nios2-elf/4.1.2/../../../../nios2-elf/lib\libc.a(lib_a-exit.o)
 .debug_pubnames
                0x00000f55       0x1d d:/alalala/nios2eds/bin/gnu/h-i686-mingw32/bin/../lib/gcc/nios2-elf/4.1.2/../../../../nios2-elf/lib\libc.a(lib_a-memcmp.o)
 .debug_pubnames
                0x00000f72       0x2a d:/alalala/nios2eds/bin/gnu/h-i686-mingw32/bin/../lib/gcc/nios2-elf/4.1.2/../../../../nios2-elf/lib\libc.a(lib_a-__atexit.o)
 .debug_pubnames
                0x00000f9c       0x27 d:/alalala/nios2eds/bin/gnu/h-i686-mingw32/bin/../lib/gcc/nios2-elf/4.1.2/../../../../nios2-elf/lib\libc.a(lib_a-__call_atexit.o)
 .debug_pubnames
                0x00000fc3       0x1c ../de2_1_bsp/\libhal_bsp.a(alt_exit.o)

.debug_info     0x00000000    0x1c264
 *(.debug_info .gnu.linkonce.wi.*)
 .debug_info    0x00000000       0x5f ../de2_1_bsp//obj/HAL/src/crt0.o
 .debug_info    0x0000005f      0x11e obj/default/hello_world.o
 .debug_info    0x0000017d      0xa25 d:/alalala/nios2eds/bin/gnu/h-i686-mingw32/bin/../lib/gcc/nios2-elf/4.1.2/../../../../nios2-elf/lib\libc.a(lib_a-puts.o)
 .debug_info    0x00000ba2       0xdb d:/alalala/nios2eds/bin/gnu/h-i686-mingw32/bin/../lib/gcc/nios2-elf/4.1.2/../../../../nios2-elf/lib\libc.a(lib_a-strlen.o)
 .debug_info    0x00000c7d      0xa88 d:/alalala/nios2eds/bin/gnu/h-i686-mingw32/bin/../lib/gcc/nios2-elf/4.1.2/../../../../nios2-elf/lib\libc.a(lib_a-fvwrite.o)
 .debug_info    0x00001705      0x93d d:/alalala/nios2eds/bin/gnu/h-i686-mingw32/bin/../lib/gcc/nios2-elf/4.1.2/../../../../nios2-elf/lib\libc.a(lib_a-impure.o)
 .debug_info    0x00002042      0xcd0 d:/alalala/nios2eds/bin/gnu/h-i686-mingw32/bin/../lib/gcc/nios2-elf/4.1.2/../../../../nios2-elf/lib\libc.a(lib_a-mallocr.o)
 .debug_info    0x00002d12      0x138 d:/alalala/nios2eds/bin/gnu/h-i686-mingw32/bin/../lib/gcc/nios2-elf/4.1.2/../../../../nios2-elf/lib\libc.a(lib_a-memchr.o)
 .debug_info    0x00002e4a      0x106 d:/alalala/nios2eds/bin/gnu/h-i686-mingw32/bin/../lib/gcc/nios2-elf/4.1.2/../../../../nios2-elf/lib\libc.a(lib_a-memcpy.o)
 .debug_info    0x00002f50      0x13e d:/alalala/nios2eds/bin/gnu/h-i686-mingw32/bin/../lib/gcc/nios2-elf/4.1.2/../../../../nios2-elf/lib\libc.a(lib_a-memmove.o)
 .debug_info    0x0000308e      0xbd7 d:/alalala/nios2eds/bin/gnu/h-i686-mingw32/bin/../lib/gcc/nios2-elf/4.1.2/../../../../nios2-elf/lib\libc.a(lib_a-reallocr.o)
 .debug_info    0x00003c65      0x962 d:/alalala/nios2eds/bin/gnu/h-i686-mingw32/bin/../lib/gcc/nios2-elf/4.1.2/../../../../nios2-elf/lib\libc.a(lib_a-sbrkr.o)
 .debug_info    0x000045c7      0x95d d:/alalala/nios2eds/bin/gnu/h-i686-mingw32/bin/../lib/gcc/nios2-elf/4.1.2/../../../../nios2-elf/lib\libc.a(lib_a-wsetup.o)
 .debug_info    0x00004f24      0x9fe d:/alalala/nios2eds/bin/gnu/h-i686-mingw32/bin/../lib/gcc/nios2-elf/4.1.2/../../../../nios2-elf/lib\libc.a(lib_a-fflush.o)
 .debug_info    0x00005922      0xb72 d:/alalala/nios2eds/bin/gnu/h-i686-mingw32/bin/../lib/gcc/nios2-elf/4.1.2/../../../../nios2-elf/lib\libc.a(lib_a-findfp.o)
 .debug_info    0x00006494      0xbc9 d:/alalala/nios2eds/bin/gnu/h-i686-mingw32/bin/../lib/gcc/nios2-elf/4.1.2/../../../../nios2-elf/lib\libc.a(lib_a-freer.o)
 .debug_info    0x0000705d      0xaed d:/alalala/nios2eds/bin/gnu/h-i686-mingw32/bin/../lib/gcc/nios2-elf/4.1.2/../../../../nios2-elf/lib\libc.a(lib_a-fwalk.o)
 .debug_info    0x00007b4a       0x8c d:/alalala/nios2eds/bin/gnu/h-i686-mingw32/bin/../lib/gcc/nios2-elf/4.1.2/../../../../nios2-elf/lib\libc.a(lib_a-int_errno.o)
 .debug_info    0x00007bd6      0xb1a d:/alalala/nios2eds/bin/gnu/h-i686-mingw32/bin/../lib/gcc/nios2-elf/4.1.2/../../../../nios2-elf/lib\libc.a(lib_a-makebuf.o)
 .debug_info    0x000086f0      0x113 d:/alalala/nios2eds/bin/gnu/h-i686-mingw32/bin/../lib/gcc/nios2-elf/4.1.2/../../../../nios2-elf/lib\libc.a(lib_a-memset.o)
 .debug_info    0x00008803      0xaac d:/alalala/nios2eds/bin/gnu/h-i686-mingw32/bin/../lib/gcc/nios2-elf/4.1.2/../../../../nios2-elf/lib\libc.a(lib_a-stdio.o)
 .debug_info    0x000092af      0x993 d:/alalala/nios2eds/bin/gnu/h-i686-mingw32/bin/../lib/gcc/nios2-elf/4.1.2/../../../../nios2-elf/lib\libc.a(lib_a-writer.o)
 .debug_info    0x00009c42      0x958 d:/alalala/nios2eds/bin/gnu/h-i686-mingw32/bin/../lib/gcc/nios2-elf/4.1.2/../../../../nios2-elf/lib\libc.a(lib_a-closer.o)
 .debug_info    0x0000a59a      0x994 d:/alalala/nios2eds/bin/gnu/h-i686-mingw32/bin/../lib/gcc/nios2-elf/4.1.2/../../../../nios2-elf/lib\libc.a(lib_a-fclose.o)
 .debug_info    0x0000af2e      0xafc d:/alalala/nios2eds/bin/gnu/h-i686-mingw32/bin/../lib/gcc/nios2-elf/4.1.2/../../../../nios2-elf/lib\libc.a(lib_a-fstatr.o)
 .debug_info    0x0000ba2a      0x958 d:/alalala/nios2eds/bin/gnu/h-i686-mingw32/bin/../lib/gcc/nios2-elf/4.1.2/../../../../nios2-elf/lib\libc.a(lib_a-isattyr.o)
 .debug_info    0x0000c382      0x981 d:/alalala/nios2eds/bin/gnu/h-i686-mingw32/bin/../lib/gcc/nios2-elf/4.1.2/../../../../nios2-elf/lib\libc.a(lib_a-lseekr.o)
 .debug_info    0x0000cd03      0x98c d:/alalala/nios2eds/bin/gnu/h-i686-mingw32/bin/../lib/gcc/nios2-elf/4.1.2/../../../../nios2-elf/lib\libc.a(lib_a-readr.o)
 .debug_info    0x0000d68f      0x44b ../de2_1_bsp/\libhal_bsp.a(alt_close.o)
 .debug_info    0x0000dada      0x663 ../de2_1_bsp/\libhal_bsp.a(alt_dev.o)
 .debug_info    0x0000e13d      0x148 ../de2_1_bsp/\libhal_bsp.a(alt_errno.o)
 .debug_info    0x0000e285      0x644 ../de2_1_bsp/\libhal_bsp.a(alt_fstat.o)
 .debug_info    0x0000e8c9      0x64a ../de2_1_bsp/\libhal_bsp.a(alt_isatty.o)
 .debug_info    0x0000ef13      0x271 ../de2_1_bsp/\libhal_bsp.a(alt_load.o)
 .debug_info    0x0000f184      0x47e ../de2_1_bsp/\libhal_bsp.a(alt_lseek.o)
 .debug_info    0x0000f602      0x209 ../de2_1_bsp/\libhal_bsp.a(alt_main.o)
 .debug_info    0x0000f80b      0xbfc ../de2_1_bsp/\libhal_bsp.a(alt_malloc_lock.o)
 .debug_info    0x00010407      0x66e ../de2_1_bsp/\libhal_bsp.a(alt_read.o)
 .debug_info    0x00010a75      0x3d6 ../de2_1_bsp/\libhal_bsp.a(alt_release_fd.o)
 .debug_info    0x00010e4b      0x29b ../de2_1_bsp/\libhal_bsp.a(alt_sbrk.o)
 .debug_info    0x000110e6      0x677 ../de2_1_bsp/\libhal_bsp.a(alt_write.o)
 .debug_info    0x0001175d      0xd82 ../de2_1_bsp/\libhal_bsp.a(alt_sys_init.o)
 .debug_info    0x000124df      0xd89 ../de2_1_bsp/\libhal_bsp.a(altera_avalon_dma.o)
 .debug_info    0x00013268      0x7bd ../de2_1_bsp/\libhal_bsp.a(altera_avalon_jtag_uart_fd.o)
 .debug_info    0x00013a25      0x5e5 ../de2_1_bsp/\libhal_bsp.a(altera_avalon_jtag_uart_init.o)
 .debug_info    0x0001400a      0x427 ../de2_1_bsp/\libhal_bsp.a(altera_avalon_jtag_uart_ioctl.o)
 .debug_info    0x00014431      0x52a ../de2_1_bsp/\libhal_bsp.a(altera_avalon_jtag_uart_read.o)
 .debug_info    0x0001495b      0x522 ../de2_1_bsp/\libhal_bsp.a(altera_avalon_jtag_uart_write.o)
 .debug_info    0x00014e7d      0x1eb ../de2_1_bsp/\libhal_bsp.a(altera_avalon_timer_vars.o)
 .debug_info    0x00015068      0x620 ../de2_1_bsp/\libhal_bsp.a(altera_avalon_uart_fd.o)
 .debug_info    0x00015688      0x4f2 ../de2_1_bsp/\libhal_bsp.a(altera_avalon_uart_init.o)
 .debug_info    0x00015b7a      0x4a6 ../de2_1_bsp/\libhal_bsp.a(altera_avalon_uart_read.o)
 .debug_info    0x00016020      0x4a4 ../de2_1_bsp/\libhal_bsp.a(altera_avalon_uart_write.o)
 .debug_info    0x000164c4      0x426 ../de2_1_bsp/\libhal_bsp.a(alt_alarm_start.o)
 .debug_info    0x000168ea      0x153 ../de2_1_bsp/\libhal_bsp.a(alt_dcache_flush_all.o)
 .debug_info    0x00016a3d      0x29b ../de2_1_bsp/\libhal_bsp.a(alt_dev_llist_insert.o)
 .debug_info    0x00016cd8      0x395 ../de2_1_bsp/\libhal_bsp.a(alt_dma_rxchan_open.o)
 .debug_info    0x0001706d      0x3af ../de2_1_bsp/\libhal_bsp.a(alt_dma_txchan_open.o)
 .debug_info    0x0001741c       0xf3 ../de2_1_bsp/\libhal_bsp.a(alt_do_ctors.o)
 .debug_info    0x0001750f       0xf2 ../de2_1_bsp/\libhal_bsp.a(alt_do_dtors.o)
 .debug_info    0x00017601      0x3fc ../de2_1_bsp/\libhal_bsp.a(alt_find_dev.o)
 .debug_info    0x000179fd      0x140 ../de2_1_bsp/\libhal_bsp.a(alt_icache_flush_all.o)
 .debug_info    0x00017b3d      0x477 ../de2_1_bsp/\libhal_bsp.a(alt_iic.o)
 .debug_info    0x00017fb4      0x2f8 ../de2_1_bsp/\libhal_bsp.a(alt_iic_isr_register.o)
 .debug_info    0x000182ac      0x679 ../de2_1_bsp/\libhal_bsp.a(alt_io_redirect.o)
 .debug_info    0x00018925       0x68 ../de2_1_bsp/\libhal_bsp.a(alt_irq_entry.o)
 .debug_info    0x0001898d      0x259 ../de2_1_bsp/\libhal_bsp.a(alt_irq_handler.o)
 .debug_info    0x00018be6      0x14b ../de2_1_bsp/\libhal_bsp.a(alt_irq_vars.o)
 .debug_info    0x00018d31      0x509 ../de2_1_bsp/\libhal_bsp.a(alt_open.o)
 .debug_info    0x0001923a      0x3e2 ../de2_1_bsp/\libhal_bsp.a(alt_tick.o)
 .debug_info    0x0001961c      0x147 ../de2_1_bsp/\libhal_bsp.a(altera_nios2_qsys_irq.o)
 .debug_info    0x00019763       0x6e ../de2_1_bsp/\libhal_bsp.a(alt_exception_entry.o)
 .debug_info    0x000197d1      0x403 ../de2_1_bsp/\libhal_bsp.a(alt_find_file.o)
 .debug_info    0x00019bd4      0x444 ../de2_1_bsp/\libhal_bsp.a(alt_get_fd.o)
 .debug_info    0x0001a018      0x188 ../de2_1_bsp/\libhal_bsp.a(alt_icache_flush.o)
 .debug_info    0x0001a1a0      0x181 d:/alalala/nios2eds/bin/gnu/h-i686-mingw32/bin/../lib/gcc/nios2-elf/4.1.2/../../../../nios2-elf/lib\libc.a(lib_a-atexit.o)
 .debug_info    0x0001a321      0x93f d:/alalala/nios2eds/bin/gnu/h-i686-mingw32/bin/../lib/gcc/nios2-elf/4.1.2/../../../../nios2-elf/lib\libc.a(lib_a-exit.o)
 .debug_info    0x0001ac60      0x115 d:/alalala/nios2eds/bin/gnu/h-i686-mingw32/bin/../lib/gcc/nios2-elf/4.1.2/../../../../nios2-elf/lib\libc.a(lib_a-memcmp.o)
 .debug_info    0x0001ad75      0x99c d:/alalala/nios2eds/bin/gnu/h-i686-mingw32/bin/../lib/gcc/nios2-elf/4.1.2/../../../../nios2-elf/lib\libc.a(lib_a-__atexit.o)
 .debug_info    0x0001b711      0x9e2 d:/alalala/nios2eds/bin/gnu/h-i686-mingw32/bin/../lib/gcc/nios2-elf/4.1.2/../../../../nios2-elf/lib\libc.a(lib_a-__call_atexit.o)
 .debug_info    0x0001c0f3      0x171 ../de2_1_bsp/\libhal_bsp.a(alt_exit.o)

.debug_abbrev   0x00000000     0x57fa
 *(.debug_abbrev)
 .debug_abbrev  0x00000000       0x12 ../de2_1_bsp//obj/HAL/src/crt0.o
 .debug_abbrev  0x00000012       0x3f obj/default/hello_world.o
 .debug_abbrev  0x00000051      0x1ac d:/alalala/nios2eds/bin/gnu/h-i686-mingw32/bin/../lib/gcc/nios2-elf/4.1.2/../../../../nios2-elf/lib\libc.a(lib_a-puts.o)
 .debug_abbrev  0x000001fd       0x8b d:/alalala/nios2eds/bin/gnu/h-i686-mingw32/bin/../lib/gcc/nios2-elf/4.1.2/../../../../nios2-elf/lib\libc.a(lib_a-strlen.o)
 .debug_abbrev  0x00000288      0x1a3 d:/alalala/nios2eds/bin/gnu/h-i686-mingw32/bin/../lib/gcc/nios2-elf/4.1.2/../../../../nios2-elf/lib\libc.a(lib_a-fvwrite.o)
 .debug_abbrev  0x0000042b      0x157 d:/alalala/nios2eds/bin/gnu/h-i686-mingw32/bin/../lib/gcc/nios2-elf/4.1.2/../../../../nios2-elf/lib\libc.a(lib_a-impure.o)
 .debug_abbrev  0x00000582      0x216 d:/alalala/nios2eds/bin/gnu/h-i686-mingw32/bin/../lib/gcc/nios2-elf/4.1.2/../../../../nios2-elf/lib\libc.a(lib_a-mallocr.o)
 .debug_abbrev  0x00000798       0xb5 d:/alalala/nios2eds/bin/gnu/h-i686-mingw32/bin/../lib/gcc/nios2-elf/4.1.2/../../../../nios2-elf/lib\libc.a(lib_a-memchr.o)
 .debug_abbrev  0x0000084d       0xb5 d:/alalala/nios2eds/bin/gnu/h-i686-mingw32/bin/../lib/gcc/nios2-elf/4.1.2/../../../../nios2-elf/lib\libc.a(lib_a-memcpy.o)
 .debug_abbrev  0x00000902       0xb5 d:/alalala/nios2eds/bin/gnu/h-i686-mingw32/bin/../lib/gcc/nios2-elf/4.1.2/../../../../nios2-elf/lib\libc.a(lib_a-memmove.o)
 .debug_abbrev  0x000009b7      0x1c3 d:/alalala/nios2eds/bin/gnu/h-i686-mingw32/bin/../lib/gcc/nios2-elf/4.1.2/../../../../nios2-elf/lib\libc.a(lib_a-reallocr.o)
 .debug_abbrev  0x00000b7a      0x18c d:/alalala/nios2eds/bin/gnu/h-i686-mingw32/bin/../lib/gcc/nios2-elf/4.1.2/../../../../nios2-elf/lib\libc.a(lib_a-sbrkr.o)
 .debug_abbrev  0x00000d06      0x170 d:/alalala/nios2eds/bin/gnu/h-i686-mingw32/bin/../lib/gcc/nios2-elf/4.1.2/../../../../nios2-elf/lib\libc.a(lib_a-wsetup.o)
 .debug_abbrev  0x00000e76      0x1c6 d:/alalala/nios2eds/bin/gnu/h-i686-mingw32/bin/../lib/gcc/nios2-elf/4.1.2/../../../../nios2-elf/lib\libc.a(lib_a-fflush.o)
 .debug_abbrev  0x0000103c      0x24c d:/alalala/nios2eds/bin/gnu/h-i686-mingw32/bin/../lib/gcc/nios2-elf/4.1.2/../../../../nios2-elf/lib\libc.a(lib_a-findfp.o)
 .debug_abbrev  0x00001288      0x1d9 d:/alalala/nios2eds/bin/gnu/h-i686-mingw32/bin/../lib/gcc/nios2-elf/4.1.2/../../../../nios2-elf/lib\libc.a(lib_a-freer.o)
 .debug_abbrev  0x00001461      0x1e3 d:/alalala/nios2eds/bin/gnu/h-i686-mingw32/bin/../lib/gcc/nios2-elf/4.1.2/../../../../nios2-elf/lib\libc.a(lib_a-fwalk.o)
 .debug_abbrev  0x00001644       0x3b d:/alalala/nios2eds/bin/gnu/h-i686-mingw32/bin/../lib/gcc/nios2-elf/4.1.2/../../../../nios2-elf/lib\libc.a(lib_a-int_errno.o)
 .debug_abbrev  0x0000167f      0x197 d:/alalala/nios2eds/bin/gnu/h-i686-mingw32/bin/../lib/gcc/nios2-elf/4.1.2/../../../../nios2-elf/lib\libc.a(lib_a-makebuf.o)
 .debug_abbrev  0x00001816       0xb8 d:/alalala/nios2eds/bin/gnu/h-i686-mingw32/bin/../lib/gcc/nios2-elf/4.1.2/../../../../nios2-elf/lib\libc.a(lib_a-memset.o)
 .debug_abbrev  0x000018ce      0x1c9 d:/alalala/nios2eds/bin/gnu/h-i686-mingw32/bin/../lib/gcc/nios2-elf/4.1.2/../../../../nios2-elf/lib\libc.a(lib_a-stdio.o)
 .debug_abbrev  0x00001a97      0x184 d:/alalala/nios2eds/bin/gnu/h-i686-mingw32/bin/../lib/gcc/nios2-elf/4.1.2/../../../../nios2-elf/lib\libc.a(lib_a-writer.o)
 .debug_abbrev  0x00001c1b      0x17f d:/alalala/nios2eds/bin/gnu/h-i686-mingw32/bin/../lib/gcc/nios2-elf/4.1.2/../../../../nios2-elf/lib\libc.a(lib_a-closer.o)
 .debug_abbrev  0x00001d9a      0x1a7 d:/alalala/nios2eds/bin/gnu/h-i686-mingw32/bin/../lib/gcc/nios2-elf/4.1.2/../../../../nios2-elf/lib\libc.a(lib_a-fclose.o)
 .debug_abbrev  0x00001f41      0x18e d:/alalala/nios2eds/bin/gnu/h-i686-mingw32/bin/../lib/gcc/nios2-elf/4.1.2/../../../../nios2-elf/lib\libc.a(lib_a-fstatr.o)
 .debug_abbrev  0x000020cf      0x17f d:/alalala/nios2eds/bin/gnu/h-i686-mingw32/bin/../lib/gcc/nios2-elf/4.1.2/../../../../nios2-elf/lib\libc.a(lib_a-isattyr.o)
 .debug_abbrev  0x0000224e      0x18e d:/alalala/nios2eds/bin/gnu/h-i686-mingw32/bin/../lib/gcc/nios2-elf/4.1.2/../../../../nios2-elf/lib\libc.a(lib_a-lseekr.o)
 .debug_abbrev  0x000023dc      0x17f d:/alalala/nios2eds/bin/gnu/h-i686-mingw32/bin/../lib/gcc/nios2-elf/4.1.2/../../../../nios2-elf/lib\libc.a(lib_a-readr.o)
 .debug_abbrev  0x0000255b       0xfb ../de2_1_bsp/\libhal_bsp.a(alt_close.o)
 .debug_abbrev  0x00002656       0xc7 ../de2_1_bsp/\libhal_bsp.a(alt_dev.o)
 .debug_abbrev  0x0000271d       0x5e ../de2_1_bsp/\libhal_bsp.a(alt_errno.o)
 .debug_abbrev  0x0000277b       0xfb ../de2_1_bsp/\libhal_bsp.a(alt_fstat.o)
 .debug_abbrev  0x00002876       0xfb ../de2_1_bsp/\libhal_bsp.a(alt_isatty.o)
 .debug_abbrev  0x00002971       0x88 ../de2_1_bsp/\libhal_bsp.a(alt_load.o)
 .debug_abbrev  0x000029f9       0xfb ../de2_1_bsp/\libhal_bsp.a(alt_lseek.o)
 .debug_abbrev  0x00002af4       0xb7 ../de2_1_bsp/\libhal_bsp.a(alt_main.o)
 .debug_abbrev  0x00002bab      0x181 ../de2_1_bsp/\libhal_bsp.a(alt_malloc_lock.o)
 .debug_abbrev  0x00002d2c       0xfb ../de2_1_bsp/\libhal_bsp.a(alt_read.o)
 .debug_abbrev  0x00002e27       0xc1 ../de2_1_bsp/\libhal_bsp.a(alt_release_fd.o)
 .debug_abbrev  0x00002ee8      0x115 ../de2_1_bsp/\libhal_bsp.a(alt_sbrk.o)
 .debug_abbrev  0x00002ffd      0x100 ../de2_1_bsp/\libhal_bsp.a(alt_write.o)
 .debug_abbrev  0x000030fd      0x170 ../de2_1_bsp/\libhal_bsp.a(alt_sys_init.o)
 .debug_abbrev  0x0000326d      0x242 ../de2_1_bsp/\libhal_bsp.a(altera_avalon_dma.o)
 .debug_abbrev  0x000034af       0xf7 ../de2_1_bsp/\libhal_bsp.a(altera_avalon_jtag_uart_fd.o)
 .debug_abbrev  0x000035a6      0x17c ../de2_1_bsp/\libhal_bsp.a(altera_avalon_jtag_uart_init.o)
 .debug_abbrev  0x00003722       0xf0 ../de2_1_bsp/\libhal_bsp.a(altera_avalon_jtag_uart_ioctl.o)
 .debug_abbrev  0x00003812      0x191 ../de2_1_bsp/\libhal_bsp.a(altera_avalon_jtag_uart_read.o)
 .debug_abbrev  0x000039a3      0x18d ../de2_1_bsp/\libhal_bsp.a(altera_avalon_jtag_uart_write.o)
 .debug_abbrev  0x00003b30       0x87 ../de2_1_bsp/\libhal_bsp.a(altera_avalon_timer_vars.o)
 .debug_abbrev  0x00003bb7       0xe8 ../de2_1_bsp/\libhal_bsp.a(altera_avalon_uart_fd.o)
 .debug_abbrev  0x00003c9f      0x148 ../de2_1_bsp/\libhal_bsp.a(altera_avalon_uart_init.o)
 .debug_abbrev  0x00003de7      0x174 ../de2_1_bsp/\libhal_bsp.a(altera_avalon_uart_read.o)
 .debug_abbrev  0x00003f5b      0x17b ../de2_1_bsp/\libhal_bsp.a(altera_avalon_uart_write.o)
 .debug_abbrev  0x000040d6      0x172 ../de2_1_bsp/\libhal_bsp.a(alt_alarm_start.o)
 .debug_abbrev  0x00004248       0x57 ../de2_1_bsp/\libhal_bsp.a(alt_dcache_flush_all.o)
 .debug_abbrev  0x0000429f       0xf6 ../de2_1_bsp/\libhal_bsp.a(alt_dev_llist_insert.o)
 .debug_abbrev  0x00004395       0xfe ../de2_1_bsp/\libhal_bsp.a(alt_dma_rxchan_open.o)
 .debug_abbrev  0x00004493      0x103 ../de2_1_bsp/\libhal_bsp.a(alt_dma_txchan_open.o)
 .debug_abbrev  0x00004596       0x76 ../de2_1_bsp/\libhal_bsp.a(alt_do_ctors.o)
 .debug_abbrev  0x0000460c       0x76 ../de2_1_bsp/\libhal_bsp.a(alt_do_dtors.o)
 .debug_abbrev  0x00004682       0xcf ../de2_1_bsp/\libhal_bsp.a(alt_find_dev.o)
 .debug_abbrev  0x00004751       0x3f ../de2_1_bsp/\libhal_bsp.a(alt_icache_flush_all.o)
 .debug_abbrev  0x00004790      0x134 ../de2_1_bsp/\libhal_bsp.a(alt_iic.o)
 .debug_abbrev  0x000048c4      0x14e ../de2_1_bsp/\libhal_bsp.a(alt_iic_isr_register.o)
 .debug_abbrev  0x00004a12       0xf0 ../de2_1_bsp/\libhal_bsp.a(alt_io_redirect.o)
 .debug_abbrev  0x00004b02       0x12 ../de2_1_bsp/\libhal_bsp.a(alt_irq_entry.o)
 .debug_abbrev  0x00004b14      0x10c ../de2_1_bsp/\libhal_bsp.a(alt_irq_handler.o)
 .debug_abbrev  0x00004c20       0x44 ../de2_1_bsp/\libhal_bsp.a(alt_irq_vars.o)
 .debug_abbrev  0x00004c64      0x112 ../de2_1_bsp/\libhal_bsp.a(alt_open.o)
 .debug_abbrev  0x00004d76      0x150 ../de2_1_bsp/\libhal_bsp.a(alt_tick.o)
 .debug_abbrev  0x00004ec6       0x3f ../de2_1_bsp/\libhal_bsp.a(altera_nios2_qsys_irq.o)
 .debug_abbrev  0x00004f05       0x12 ../de2_1_bsp/\libhal_bsp.a(alt_exception_entry.o)
 .debug_abbrev  0x00004f17       0xcf ../de2_1_bsp/\libhal_bsp.a(alt_find_file.o)
 .debug_abbrev  0x00004fe6       0xfb ../de2_1_bsp/\libhal_bsp.a(alt_get_fd.o)
 .debug_abbrev  0x000050e1       0x7a ../de2_1_bsp/\libhal_bsp.a(alt_icache_flush.o)
 .debug_abbrev  0x0000515b       0xb7 d:/alalala/nios2eds/bin/gnu/h-i686-mingw32/bin/../lib/gcc/nios2-elf/4.1.2/../../../../nios2-elf/lib\libc.a(lib_a-atexit.o)
 .debug_abbrev  0x00005212      0x16e d:/alalala/nios2eds/bin/gnu/h-i686-mingw32/bin/../lib/gcc/nios2-elf/4.1.2/../../../../nios2-elf/lib\libc.a(lib_a-exit.o)